###############################################################################
#                                                                             #
# IAR ELF Linker V6.30.1.53127/W32 for ARM              12/Dec/2011  03:08:04 #
# Copyright 2007-2011 IAR Systems AB.                                         #
#                                                                             #
#    Output file  =  C:\temp\stm32f2x7_eth_lwip\STM32F2x7_ETH_LwIP_V1.1.0\Pro #
#                    ject\Standalone\httpserver\EWARM\STM322xG_EVAL\Exe\Proje #
#                    ct.out                                                   #
#    Map file     =  C:\temp\stm32f2x7_eth_lwip\STM32F2x7_ETH_LwIP_V1.1.0\Pro #
#                    ject\Standalone\httpserver\EWARM\STM322xG_EVAL\List\Proj #
#                    ect.map                                                  #
#    Command line =  C:\temp\stm32f2x7_eth_lwip\STM32F2x7_ETH_LwIP_V1.1.0\Pro #
#                    ject\Standalone\httpserver\EWARM\STM322xG_EVAL\Obj\api_l #
#                    ib.o C:\temp\stm32f2x7_eth_lwip\STM32F2x7_ETH_LwIP_V1.1. #
#                    0\Project\Standalone\httpserver\EWARM\STM322xG_EVAL\Obj\ #
#                    api_msg.o C:\temp\stm32f2x7_eth_lwip\STM32F2x7_ETH_LwIP_ #
#                    V1.1.0\Project\Standalone\httpserver\EWARM\STM322xG_EVAL #
#                    \Obj\autoip.o C:\temp\stm32f2x7_eth_lwip\STM32F2x7_ETH_L #
#                    wIP_V1.1.0\Project\Standalone\httpserver\EWARM\STM322xG_ #
#                    EVAL\Obj\dhcp.o C:\temp\stm32f2x7_eth_lwip\STM32F2x7_ETH #
#                    _LwIP_V1.1.0\Project\Standalone\httpserver\EWARM\STM322x #
#                    G_EVAL\Obj\dns.o C:\temp\stm32f2x7_eth_lwip\STM32F2x7_ET #
#                    H_LwIP_V1.1.0\Project\Standalone\httpserver\EWARM\STM322 #
#                    xG_EVAL\Obj\err.o C:\temp\stm32f2x7_eth_lwip\STM32F2x7_E #
#                    TH_LwIP_V1.1.0\Project\Standalone\httpserver\EWARM\STM32 #
#                    2xG_EVAL\Obj\etharp.o C:\temp\stm32f2x7_eth_lwip\STM32F2 #
#                    x7_ETH_LwIP_V1.1.0\Project\Standalone\httpserver\EWARM\S #
#                    TM322xG_EVAL\Obj\ethernetif.o                            #
#                    C:\temp\stm32f2x7_eth_lwip\STM32F2x7_ETH_LwIP_V1.1.0\Pro #
#                    ject\Standalone\httpserver\EWARM\STM322xG_EVAL\Obj\fs.o  #
#                    C:\temp\stm32f2x7_eth_lwip\STM32F2x7_ETH_LwIP_V1.1.0\Pro #
#                    ject\Standalone\httpserver\EWARM\STM322xG_EVAL\Obj\httpd #
#                    .o C:\temp\stm32f2x7_eth_lwip\STM32F2x7_ETH_LwIP_V1.1.0\ #
#                    Project\Standalone\httpserver\EWARM\STM322xG_EVAL\Obj\ht #
#                    tpd_cgi_ssi.o C:\temp\stm32f2x7_eth_lwip\STM32F2x7_ETH_L #
#                    wIP_V1.1.0\Project\Standalone\httpserver\EWARM\STM322xG_ #
#                    EVAL\Obj\icmp.o C:\temp\stm32f2x7_eth_lwip\STM32F2x7_ETH #
#                    _LwIP_V1.1.0\Project\Standalone\httpserver\EWARM\STM322x #
#                    G_EVAL\Obj\igmp.o C:\temp\stm32f2x7_eth_lwip\STM32F2x7_E #
#                    TH_LwIP_V1.1.0\Project\Standalone\httpserver\EWARM\STM32 #
#                    2xG_EVAL\Obj\inet.o C:\temp\stm32f2x7_eth_lwip\STM32F2x7 #
#                    _ETH_LwIP_V1.1.0\Project\Standalone\httpserver\EWARM\STM #
#                    322xG_EVAL\Obj\inet_chksum.o                             #
#                    C:\temp\stm32f2x7_eth_lwip\STM32F2x7_ETH_LwIP_V1.1.0\Pro #
#                    ject\Standalone\httpserver\EWARM\STM322xG_EVAL\Obj\init. #
#                    o C:\temp\stm32f2x7_eth_lwip\STM32F2x7_ETH_LwIP_V1.1.0\P #
#                    roject\Standalone\httpserver\EWARM\STM322xG_EVAL\Obj\ip. #
#                    o C:\temp\stm32f2x7_eth_lwip\STM32F2x7_ETH_LwIP_V1.1.0\P #
#                    roject\Standalone\httpserver\EWARM\STM322xG_EVAL\Obj\ip_ #
#                    addr.o C:\temp\stm32f2x7_eth_lwip\STM32F2x7_ETH_LwIP_V1. #
#                    1.0\Project\Standalone\httpserver\EWARM\STM322xG_EVAL\Ob #
#                    j\ip_frag.o C:\temp\stm32f2x7_eth_lwip\STM32F2x7_ETH_LwI #
#                    P_V1.1.0\Project\Standalone\httpserver\EWARM\STM322xG_EV #
#                    AL\Obj\main.o C:\temp\stm32f2x7_eth_lwip\STM32F2x7_ETH_L #
#                    wIP_V1.1.0\Project\Standalone\httpserver\EWARM\STM322xG_ #
#                    EVAL\Obj\mem.o C:\temp\stm32f2x7_eth_lwip\STM32F2x7_ETH_ #
#                    LwIP_V1.1.0\Project\Standalone\httpserver\EWARM\STM322xG #
#                    _EVAL\Obj\memp.o C:\temp\stm32f2x7_eth_lwip\STM32F2x7_ET #
#                    H_LwIP_V1.1.0\Project\Standalone\httpserver\EWARM\STM322 #
#                    xG_EVAL\Obj\misc.o C:\temp\stm32f2x7_eth_lwip\STM32F2x7_ #
#                    ETH_LwIP_V1.1.0\Project\Standalone\httpserver\EWARM\STM3 #
#                    22xG_EVAL\Obj\netbuf.o C:\temp\stm32f2x7_eth_lwip\STM32F #
#                    2x7_ETH_LwIP_V1.1.0\Project\Standalone\httpserver\EWARM\ #
#                    STM322xG_EVAL\Obj\netconf.o                              #
#                    C:\temp\stm32f2x7_eth_lwip\STM32F2x7_ETH_LwIP_V1.1.0\Pro #
#                    ject\Standalone\httpserver\EWARM\STM322xG_EVAL\Obj\netdb #
#                    .o C:\temp\stm32f2x7_eth_lwip\STM32F2x7_ETH_LwIP_V1.1.0\ #
#                    Project\Standalone\httpserver\EWARM\STM322xG_EVAL\Obj\ne #
#                    tif.o C:\temp\stm32f2x7_eth_lwip\STM32F2x7_ETH_LwIP_V1.1 #
#                    .0\Project\Standalone\httpserver\EWARM\STM322xG_EVAL\Obj #
#                    \netifapi.o C:\temp\stm32f2x7_eth_lwip\STM32F2x7_ETH_LwI #
#                    P_V1.1.0\Project\Standalone\httpserver\EWARM\STM322xG_EV #
#                    AL\Obj\pbuf.o C:\temp\stm32f2x7_eth_lwip\STM32F2x7_ETH_L #
#                    wIP_V1.1.0\Project\Standalone\httpserver\EWARM\STM322xG_ #
#                    EVAL\Obj\raw.o C:\temp\stm32f2x7_eth_lwip\STM32F2x7_ETH_ #
#                    LwIP_V1.1.0\Project\Standalone\httpserver\EWARM\STM322xG #
#                    _EVAL\Obj\serial_debug.o C:\temp\stm32f2x7_eth_lwip\STM3 #
#                    2F2x7_ETH_LwIP_V1.1.0\Project\Standalone\httpserver\EWAR #
#                    M\STM322xG_EVAL\Obj\sockets.o                            #
#                    C:\temp\stm32f2x7_eth_lwip\STM32F2x7_ETH_LwIP_V1.1.0\Pro #
#                    ject\Standalone\httpserver\EWARM\STM322xG_EVAL\Obj\start #
#                    up_stm32f2xx.o C:\temp\stm32f2x7_eth_lwip\STM32F2x7_ETH_ #
#                    LwIP_V1.1.0\Project\Standalone\httpserver\EWARM\STM322xG #
#                    _EVAL\Obj\stats.o C:\temp\stm32f2x7_eth_lwip\STM32F2x7_E #
#                    TH_LwIP_V1.1.0\Project\Standalone\httpserver\EWARM\STM32 #
#                    2xG_EVAL\Obj\stm322xg_eval.o                             #
#                    C:\temp\stm32f2x7_eth_lwip\STM32F2x7_ETH_LwIP_V1.1.0\Pro #
#                    ject\Standalone\httpserver\EWARM\STM322xG_EVAL\Obj\stm32 #
#                    2xg_eval_lcd.o C:\temp\stm32f2x7_eth_lwip\STM32F2x7_ETH_ #
#                    LwIP_V1.1.0\Project\Standalone\httpserver\EWARM\STM322xG #
#                    _EVAL\Obj\stm32f2x7_eth.o C:\temp\stm32f2x7_eth_lwip\STM #
#                    32F2x7_ETH_LwIP_V1.1.0\Project\Standalone\httpserver\EWA #
#                    RM\STM322xG_EVAL\Obj\stm32f2x7_eth_bsp.o                 #
#                    C:\temp\stm32f2x7_eth_lwip\STM32F2x7_ETH_LwIP_V1.1.0\Pro #
#                    ject\Standalone\httpserver\EWARM\STM322xG_EVAL\Obj\stm32 #
#                    f2xx_adc.o C:\temp\stm32f2x7_eth_lwip\STM32F2x7_ETH_LwIP #
#                    _V1.1.0\Project\Standalone\httpserver\EWARM\STM322xG_EVA #
#                    L\Obj\stm32f2xx_can.o C:\temp\stm32f2x7_eth_lwip\STM32F2 #
#                    x7_ETH_LwIP_V1.1.0\Project\Standalone\httpserver\EWARM\S #
#                    TM322xG_EVAL\Obj\stm32f2xx_dac.o                         #
#                    C:\temp\stm32f2x7_eth_lwip\STM32F2x7_ETH_LwIP_V1.1.0\Pro #
#                    ject\Standalone\httpserver\EWARM\STM322xG_EVAL\Obj\stm32 #
#                    f2xx_dma.o C:\temp\stm32f2x7_eth_lwip\STM32F2x7_ETH_LwIP #
#                    _V1.1.0\Project\Standalone\httpserver\EWARM\STM322xG_EVA #
#                    L\Obj\stm32f2xx_exti.o C:\temp\stm32f2x7_eth_lwip\STM32F #
#                    2x7_ETH_LwIP_V1.1.0\Project\Standalone\httpserver\EWARM\ #
#                    STM322xG_EVAL\Obj\stm32f2xx_flash.o                      #
#                    C:\temp\stm32f2x7_eth_lwip\STM32F2x7_ETH_LwIP_V1.1.0\Pro #
#                    ject\Standalone\httpserver\EWARM\STM322xG_EVAL\Obj\stm32 #
#                    f2xx_fsmc.o C:\temp\stm32f2x7_eth_lwip\STM32F2x7_ETH_LwI #
#                    P_V1.1.0\Project\Standalone\httpserver\EWARM\STM322xG_EV #
#                    AL\Obj\stm32f2xx_gpio.o C:\temp\stm32f2x7_eth_lwip\STM32 #
#                    F2x7_ETH_LwIP_V1.1.0\Project\Standalone\httpserver\EWARM #
#                    \STM322xG_EVAL\Obj\stm32f2xx_it.o                        #
#                    C:\temp\stm32f2x7_eth_lwip\STM32F2x7_ETH_LwIP_V1.1.0\Pro #
#                    ject\Standalone\httpserver\EWARM\STM322xG_EVAL\Obj\stm32 #
#                    f2xx_rcc.o C:\temp\stm32f2x7_eth_lwip\STM32F2x7_ETH_LwIP #
#                    _V1.1.0\Project\Standalone\httpserver\EWARM\STM322xG_EVA #
#                    L\Obj\stm32f2xx_sdio.o C:\temp\stm32f2x7_eth_lwip\STM32F #
#                    2x7_ETH_LwIP_V1.1.0\Project\Standalone\httpserver\EWARM\ #
#                    STM322xG_EVAL\Obj\stm32f2xx_syscfg.o                     #
#                    C:\temp\stm32f2x7_eth_lwip\STM32F2x7_ETH_LwIP_V1.1.0\Pro #
#                    ject\Standalone\httpserver\EWARM\STM322xG_EVAL\Obj\stm32 #
#                    f2xx_tim.o C:\temp\stm32f2x7_eth_lwip\STM32F2x7_ETH_LwIP #
#                    _V1.1.0\Project\Standalone\httpserver\EWARM\STM322xG_EVA #
#                    L\Obj\stm32f2xx_usart.o C:\temp\stm32f2x7_eth_lwip\STM32 #
#                    F2x7_ETH_LwIP_V1.1.0\Project\Standalone\httpserver\EWARM #
#                    \STM322xG_EVAL\Obj\sys.o C:\temp\stm32f2x7_eth_lwip\STM3 #
#                    2F2x7_ETH_LwIP_V1.1.0\Project\Standalone\httpserver\EWAR #
#                    M\STM322xG_EVAL\Obj\system_stm32f2xx.o                   #
#                    C:\temp\stm32f2x7_eth_lwip\STM32F2x7_ETH_LwIP_V1.1.0\Pro #
#                    ject\Standalone\httpserver\EWARM\STM322xG_EVAL\Obj\tcp.o #
#                     C:\temp\stm32f2x7_eth_lwip\STM32F2x7_ETH_LwIP_V1.1.0\Pr #
#                    oject\Standalone\httpserver\EWARM\STM322xG_EVAL\Obj\tcp_ #
#                    in.o C:\temp\stm32f2x7_eth_lwip\STM32F2x7_ETH_LwIP_V1.1. #
#                    0\Project\Standalone\httpserver\EWARM\STM322xG_EVAL\Obj\ #
#                    tcp_out.o C:\temp\stm32f2x7_eth_lwip\STM32F2x7_ETH_LwIP_ #
#                    V1.1.0\Project\Standalone\httpserver\EWARM\STM322xG_EVAL #
#                    \Obj\tcpip.o C:\temp\stm32f2x7_eth_lwip\STM32F2x7_ETH_Lw #
#                    IP_V1.1.0\Project\Standalone\httpserver\EWARM\STM322xG_E #
#                    VAL\Obj\udp.o --redirect _Printf=_PrintfFull --redirect  #
#                    _Scanf=_ScanfFull -o C:\temp\stm32f2x7_eth_lwip\STM32F2x #
#                    7_ETH_LwIP_V1.1.0\Project\Standalone\httpserver\EWARM\ST #
#                    M322xG_EVAL\Exe\Project.out --map                        #
#                    C:\temp\stm32f2x7_eth_lwip\STM32F2x7_ETH_LwIP_V1.1.0\Pro #
#                    ject\Standalone\httpserver\EWARM\STM322xG_EVAL\List\Proj #
#                    ect.map --config C:\temp\stm32f2x7_eth_lwip\STM32F2x7_ET #
#                    H_LwIP_V1.1.0\Project\Standalone\httpserver\EWARM\stm32f #
#                    2xx_flash.icf --semihosting --entry __iar_program_start  #
#                    --vfe                                                    #
#                                                                             #
#                                                                             #
###############################################################################

*******************************************************************************
*** RUNTIME MODEL ATTRIBUTES
***

CppFlavor                     = *
__Heap_Handler                = Basic
__SystemLibrary               = DLib
__dlib_dynamic_initialization = normal


*******************************************************************************
*** PLACEMENT SUMMARY
***

"A1":  place at 0x08000000 { ro section .intvec };
"P1":  place in [from 0x08000000 to 0x080fffff] { ro };
"P2":  place in [from 0x20000000 to 0x20020000] { rw, block CSTACK, block HEAP };

  Section             Kind        Address     Size  Object
  -------             ----        -------     ----  ------
"A1":                                        0x184
  .intvec             ro code  0x08000000    0x184  startup_stm32f2xx.o [1]
                             - 0x08000184    0x184

"P1":                                      0x139fc
  .rodata             const    0x08000184   0x3220  fs.o [1]
  .rodata             const    0x080033a4   0x1958  fs.o [1]
  .rodata             const    0x08004cfc   0x183c  fs.o [1]
  .text               ro code  0x08006538   0x13a4  tcp_in.o [1]
  .text               ro code  0x080078dc     0x3e  inet.o [1]
  .text               ro code  0x0800791a    0x4ce  pbuf.o [1]
  .text               ro code  0x08007de8     0x54  ip_addr.o [1]
  .text               ro code  0x08007e3c    0xb88  tcp.o [1]
  .text               ro code  0x080089c4     0xb8  memp.o [1]
  .text               ro code  0x08008a7c    0xb68  tcp_out.o [1]
  .text               ro code  0x080095e4    0x34c  mem.o [1]
  .text               ro code  0x08009930     0x16  tcp_out.o [1]
  .text               ro code  0x08009946     0x2e  copy_init3.o [5]
  .text               ro code  0x08009974     0x76  ABImemcpy.o [5]
  .text               ro code  0x080099ea     0x16  udp.o [1]
  .text               ro code  0x08009a00    0x3d4  ip.o [1]
  .text               ro code  0x08009dd4     0x66  ABImemset.o [5]
  .text               ro code  0x08009e3a     0x22  zero_init3.o [5]
  .text               ro code  0x08009e5c    0x18e  netif.o [1]
  .text               ro code  0x08009fea      0xa  xsprout.o [3]
  .text               ro code  0x08009ff4    0x644  ip_frag.o [1]
  .text               ro code  0x0800a638     0x88  raw.o [1]
  .text               ro code  0x0800a6c0    0x3ac  udp.o [1]
  .text               ro code  0x0800aa6c    0x220  icmp.o [1]
  .text               ro code  0x0800ac8c    0xb02  etharp.o [1]
  .text               ro code  0x0800b78e     0xd6  inet_chksum.o [1]
  .text               ro code  0x0800b864    0x24e  autoip.o [1]
  .rodata             const    0x0800bab2      0x2  httpd_cgi_ssi.o [1]
  .text               ro code  0x0800bab4    0x2fc  dhcp.o [1]
  .text               ro code  0x0800bdb0     0x62  memcmp.o [5]
  .rodata             const    0x0800be12      0x2  httpd_cgi_ssi.o [1]
  .text               ro code  0x0800be14   0x10aa  xprintffull.o [3]
  .text               ro code  0x0800cebe     0x20  xmbtowc.o [3]
  .rodata             const    0x0800cede      0x2  stm322xg_eval.o [1]
  .text               ro code  0x0800cee0     0x16  strchr.o [5]
  .rodata             const    0x0800cef6      0x2  stm322xg_eval.o [1]
  .text               ro code  0x0800cef8     0x36  strlen.o [5]
  .rodata             const    0x0800cf2e      0x2  stm322xg_eval.o [1]
  .text               ro code  0x0800cf30     0x58  memchr.o [5]
  .text               ro code  0x0800cf88      0xa  xmbcurmax.o [3]
  .rodata             const    0x0800cf92      0x2  stm322xg_eval.o [1]
  .text               ro code  0x0800cf94     0xbc  xxmemxmalloc.o [3]
  .text               ro code  0x0800d050     0x1a  xwctomb.o [3]
  .rodata             const    0x0800d06a      0x2  stm322xg_eval.o [1]
  .text               ro code  0x0800d06c     0x88  xxmemxfree.o [3]
  .text               ro code  0x0800d0f4     0xee  I64DivMod.o [5]
  .text               ro code  0x0800d1e2     0x44  xdnorm.o [4]
  .text               ro code  0x0800d228     0x2e  DblCmpLe.o [4]
  .text               ro code  0x0800d258     0x2e  DblCmpGe.o [4]
  .text               ro code  0x0800d288    0x11a  xdscale.o [4]
  .text               ro code  0x0800d3a4     0x58  DblToI32.o [4]
  .text               ro code  0x0800d3fc     0x30  I32ToDbl.o [4]
  .text               ro code  0x0800d42c    0x180  DblSub.o [4]
  .text               ro code  0x0800d5ac    0x1a2  DblMul.o [4]
  .text               ro code  0x0800d750    0x246  DblDiv.o [4]
  .text               ro code  0x0800d998     0x6c  localeconv.o [3]
  .text               ro code  0x0800da04      0xe  div.o [3]
  .text               ro code  0x0800da14     0x14  setlocale.o [3]
  .text               ro code  0x0800da28     0x5c  xencoding_sb.o [3]
  .text               ro code  0x0800da84    0x114  xsyslock.o [3]
  .text               ro code  0x0800db98     0x28  xgetmemchunk.o [3]
  .text               ro code  0x0800dbc0      0x2  I64DivZer.o [5]
  .text               ro code  0x0800dbc4     0xe8  DblAdd.o [4]
  .text               ro code  0x0800dcac      0x2  xtls.o [3]
  .text               ro code  0x0800dcae      0x4  xmtx2.o [3]
  .text               ro code  0x0800dcb2      0x8  xmtx.o [3]
  .text               ro code  0x0800dcbc    0xdc0  httpd.o [1]
  .text               ro code  0x0800ea7c     0x2a  strncmp.o [3]
  .text               ro code  0x0800eaa8    0x100  fs.o [1]
  .text               ro code  0x0800eba8     0x42  strcmp.o [5]
  .text               ro code  0x0800ebea     0x10  httpd.o [1]
  .text               ro code  0x0800ebfc    0x2e0  httpd_cgi_ssi.o [1]
  .text               ro code  0x0800eedc     0x2c  strstr.o [3]
  .text               ro code  0x0800ef08    0x518  stm322xg_eval.o [1]
  .text               ro code  0x0800f420     0x1e  I32ToFlt.o [4]
  .text               ro code  0x0800f440     0x4e  FltToDbl.o [4]
  .text               ro code  0x0800f490     0x90  DblToFlt.o [4]
  .text               ro code  0x0800f520     0x34  sprintf.o [3]
  .text               ro code  0x0800f554    0x304  stm32f2xx_it.o [1]
  .text               ro code  0x0800f858    0x112  stm32f2xx_gpio.o [1]
  .text               ro code  0x0800f96c    0x4d0  stm32f2xx_can.o [1]
  .text               ro code  0x0800fe3c    0x1c0  stm32f2xx_rcc.o [1]
  .text               ro code  0x0800fffc     0x7c  stm32f2xx_dac.o [1]
  .text               ro code  0x08010078     0xce  stm32f2xx_tim.o [1]
  .text               ro code  0x08010148    0x214  stm32f2xx_dma.o [1]
  .text               ro code  0x0801035c    0x1f0  stm32f2xx_adc.o [1]
  .text               ro code  0x0801054c    0x16e  stm32f2xx_usart.o [1]
  .text               ro code  0x080106bc    0x174  main.o [1]
  .text               ro code  0x08010830     0x30  stm32f2xx_exti.o [1]
  .text               ro code  0x08010860    0x304  stm32f2x7_eth_bsp.o [1]
  .text               ro code  0x08010b64     0xa8  netconf.o [1]
  .text               ro code  0x08010c0c    0x958  stm32f2x7_eth.o [1]
  .text               ro code  0x08011564     0xa0  misc.o [1]
  .text               ro code  0x08011604    0x1dc  ethernetif.o [1]
  .rodata             const    0x080117e0    0x750  fs.o [1]
  .rodata             const    0x08011f30    0x704  fs.o [1]
  .rodata             const    0x08012634    0x4b4  fs.o [1]
  .rodata             const    0x08012ae8    0x290  fs.o [1]
  .rodata             const    0x08012d78    0x1e0  fs.o [1]
  .rodata             const    0x08012f58    0x194  fs.o [1]
  .rodata             const    0x080130ec    0x190  fs.o [1]
  .text               ro code  0x0801327c    0x124  system_stm32f2xx.o [1]
  .rodata             const    0x080133a0     0xdc  fs.o [1]
  .rodata             const    0x0801347c     0xac  fs.o [1]
  .rodata             const    0x08013528     0x9c  fs.o [1]
  .text               ro code  0x080135c4     0x2c  data_init3.o [5]
  .rodata             const    0x080135f0     0x28  httpd.o [1]
  .rodata             const    0x08013618     0x28  httpd_cgi_ssi.o [1]
  .iar.init_table     const    0x08013640     0x24  - Linker created -
  .text               ro code  0x08013664     0x16  cmain.o [5]
  .text               ro code  0x0801367a      0x4  low_level_init.o [3]
  .text               ro code  0x0801367e      0x4  exit.o [3]
  .text               ro code  0x08013684      0xe  cexit.o [5]
  .text               ro code  0x08013694     0x14  exit.o [6]
  .rodata             const    0x080136a8     0x14  fs.o [1]
  .rodata             const    0x080136bc     0x14  fs.o [1]
  .rodata             const    0x080136d0     0x14  fs.o [1]
  .rodata             const    0x080136e4     0x14  fs.o [1]
  .rodata             const    0x080136f8     0x14  fs.o [1]
  .rodata             const    0x0801370c     0x14  fs.o [1]
  .rodata             const    0x08013720     0x14  fs.o [1]
  .rodata             const    0x08013734     0x14  fs.o [1]
  .rodata             const    0x08013748     0x14  fs.o [1]
  .rodata             const    0x0801375c     0x14  fs.o [1]
  .rodata             const    0x08013770     0x14  fs.o [1]
  .rodata             const    0x08013784     0x14  fs.o [1]
  .rodata             const    0x08013798     0x14  fs.o [1]
  .rodata             const    0x080137ac     0x14  httpd.o [1]
  .rodata             const    0x080137c0     0x14  memp.o [1]
  .rodata             const    0x080137d4     0x14  memp.o [1]
  .rodata             const    0x080137e8     0x10  httpd.o [1]
  .rodata             const    0x080137f8     0x10  httpd_cgi_ssi.o [1]
  .rodata             const    0x08013808     0x10  tcp.o [1]
  .text               ro code  0x08013818     0x10  startup_stm32f2xx.o [1]
  .rodata             const    0x08013828      0xc  httpd.o [1]
  .rodata             const    0x08013834      0xc  httpd.o [1]
  .rodata             const    0x08013840      0xc  httpd.o [1]
  .rodata             const    0x0801384c      0xc  httpd.o [1]
  .rodata             const    0x08013858      0xc  httpd.o [1]
  .rodata             const    0x08013864      0xc  httpd.o [1]
  .rodata             const    0x08013870      0xc  httpd.o [1]
  .rodata             const    0x0801387c      0xc  httpd_cgi_ssi.o [1]
  .rodata             const    0x08013888      0xc  httpd_cgi_ssi.o [1]
  .text               ro code  0x08013894      0xc  cstartup_M.o [5]
  .rodata             const    0x080138a0      0x8  etharp.o [1]
  .rodata             const    0x080138a8      0x8  etharp.o [1]
  .rodata             const    0x080138b0      0x8  httpd.o [1]
  .rodata             const    0x080138b8      0x8  httpd.o [1]
  .rodata             const    0x080138c0      0x8  httpd.o [1]
  .rodata             const    0x080138c8      0x8  httpd.o [1]
  .rodata             const    0x080138d0      0x8  httpd.o [1]
  .rodata             const    0x080138d8      0x8  httpd.o [1]
  .rodata             const    0x080138e0      0x8  httpd.o [1]
  .rodata             const    0x080138e8      0x8  httpd.o [1]
  .rodata             const    0x080138f0      0x8  httpd_cgi_ssi.o [1]
  .rodata             const    0x080138f8      0x8  httpd_cgi_ssi.o [1]
  .rodata             const    0x08013900      0x8  httpd_cgi_ssi.o [1]
  .rodata             const    0x08013908      0x8  httpd_cgi_ssi.o [1]
  .rodata             const    0x08013910      0x8  httpd_cgi_ssi.o [1]
  .rodata             const    0x08013918      0x8  httpd_cgi_ssi.o [1]
  .rodata             const    0x08013920      0x8  httpd_cgi_ssi.o [1]
  .rodata             const    0x08013928      0x8  httpd_cgi_ssi.o [1]
  .rodata             const    0x08013930      0x8  stm322xg_eval.o [1]
  .rodata             const    0x08013938      0x8  stm322xg_eval.o [1]
  .rodata             const    0x08013940      0x8  stm322xg_eval.o [1]
  .rodata             const    0x08013948      0x8  tcp.o [1]
  .rodata             const    0x08013950      0x4  httpd.o [1]
  .rodata             const    0x08013954      0x4  httpd.o [1]
  .rodata             const    0x08013958      0x4  httpd.o [1]
  .rodata             const    0x0801395c      0x4  ip_addr.o [1]
  .rodata             const    0x08013960      0x4  ip_addr.o [1]
  .rodata             const    0x08013964      0x4  stm322xg_eval.o [1]
  .rodata             const    0x08013968      0x4  stm322xg_eval.o [1]
  .rodata             const    0x0801396c      0x4  stm322xg_eval.o [1]
  .text               ro code  0x08013970      0x4  startup_stm32f2xx.o [1]
  .text               ro code  0x08013974      0x4  startup_stm32f2xx.o [1]
  .text               ro code  0x08013978      0x4  startup_stm32f2xx.o [1]
  .text               ro code  0x0801397c      0x4  startup_stm32f2xx.o [1]
  .text               ro code  0x08013980      0x4  startup_stm32f2xx.o [1]
  .text               ro code  0x08013984      0x4  startup_stm32f2xx.o [1]
  .text               ro code  0x08013988      0x4  startup_stm32f2xx.o [1]
  .text               ro code  0x0801398c      0x4  startup_stm32f2xx.o [1]
  .text               ro code  0x08013990      0x4  startup_stm32f2xx.o [1]
  .text               ro code  0x08013994      0x4  startup_stm32f2xx.o [1]
  .text               ro code  0x08013998      0x4  startup_stm32f2xx.o [1]
  .text               ro code  0x0801399c      0x4  startup_stm32f2xx.o [1]
  .text               ro code  0x080139a0      0x4  startup_stm32f2xx.o [1]
  .text               ro code  0x080139a4      0x4  startup_stm32f2xx.o [1]
  .text               ro code  0x080139a8      0x4  startup_stm32f2xx.o [1]
  .text               ro code  0x080139ac      0x4  startup_stm32f2xx.o [1]
  .text               ro code  0x080139b0      0x4  startup_stm32f2xx.o [1]
  .text               ro code  0x080139b4      0x4  startup_stm32f2xx.o [1]
  .text               ro code  0x080139b8      0x4  startup_stm32f2xx.o [1]
  .text               ro code  0x080139bc      0x4  startup_stm32f2xx.o [1]
  .text               ro code  0x080139c0      0x4  startup_stm32f2xx.o [1]
  .text               ro code  0x080139c4      0x4  startup_stm32f2xx.o [1]
  .text               ro code  0x080139c8      0x4  startup_stm32f2xx.o [1]
  .text               ro code  0x080139cc      0x4  startup_stm32f2xx.o [1]
  .text               ro code  0x080139d0      0x4  startup_stm32f2xx.o [1]
  .text               ro code  0x080139d4      0x4  startup_stm32f2xx.o [1]
  .text               ro code  0x080139d8      0x4  startup_stm32f2xx.o [1]
  .text               ro code  0x080139dc      0x4  startup_stm32f2xx.o [1]
  .text               ro code  0x080139e0      0x4  startup_stm32f2xx.o [1]
  .text               ro code  0x080139e4      0x4  startup_stm32f2xx.o [1]
  .text               ro code  0x080139e8      0x4  startup_stm32f2xx.o [1]
  .text               ro code  0x080139ec      0x4  startup_stm32f2xx.o [1]
  .text               ro code  0x080139f0      0x4  startup_stm32f2xx.o [1]
  .text               ro code  0x080139f4      0x4  startup_stm32f2xx.o [1]
  .text               ro code  0x080139f8      0x4  startup_stm32f2xx.o [1]
  .text               ro code  0x080139fc      0x4  startup_stm32f2xx.o [1]
  .text               ro code  0x08013a00      0x4  startup_stm32f2xx.o [1]
  .text               ro code  0x08013a04      0x4  startup_stm32f2xx.o [1]
  .text               ro code  0x08013a08      0x4  startup_stm32f2xx.o [1]
  .text               ro code  0x08013a0c      0x4  startup_stm32f2xx.o [1]
  .text               ro code  0x08013a10      0x4  startup_stm32f2xx.o [1]
  .text               ro code  0x08013a14      0x4  startup_stm32f2xx.o [1]
  .text               ro code  0x08013a18      0x4  startup_stm32f2xx.o [1]
  .text               ro code  0x08013a1c      0x4  startup_stm32f2xx.o [1]
  .text               ro code  0x08013a20      0x4  startup_stm32f2xx.o [1]
  .text               ro code  0x08013a24      0x4  startup_stm32f2xx.o [1]
  .text               ro code  0x08013a28      0x4  startup_stm32f2xx.o [1]
  .text               ro code  0x08013a2c      0x4  startup_stm32f2xx.o [1]
  .text               ro code  0x08013a30      0x4  startup_stm32f2xx.o [1]
  .text               ro code  0x08013a34      0x4  startup_stm32f2xx.o [1]
  .text               ro code  0x08013a38      0x4  startup_stm32f2xx.o [1]
  .text               ro code  0x08013a3c      0x4  startup_stm32f2xx.o [1]
  .text               ro code  0x08013a40      0x4  startup_stm32f2xx.o [1]
  .text               ro code  0x08013a44      0x4  startup_stm32f2xx.o [1]
  .text               ro code  0x08013a48      0x4  startup_stm32f2xx.o [1]
  .text               ro code  0x08013a4c      0x4  startup_stm32f2xx.o [1]
  .text               ro code  0x08013a50      0x4  startup_stm32f2xx.o [1]
  .text               ro code  0x08013a54      0x4  startup_stm32f2xx.o [1]
  .text               ro code  0x08013a58      0x4  startup_stm32f2xx.o [1]
  .text               ro code  0x08013a5c      0x4  startup_stm32f2xx.o [1]
  .text               ro code  0x08013a60      0x4  startup_stm32f2xx.o [1]
  .text               ro code  0x08013a64      0x4  startup_stm32f2xx.o [1]
  .text               ro code  0x08013a68      0x4  startup_stm32f2xx.o [1]
  .text               ro code  0x08013a6c      0x4  startup_stm32f2xx.o [1]
  .text               ro code  0x08013a70      0x4  startup_stm32f2xx.o [1]
  .text               ro code  0x08013a74      0x4  startup_stm32f2xx.o [1]
  .text               ro code  0x08013a78      0x4  startup_stm32f2xx.o [1]
  .text               ro code  0x08013a7c      0x4  startup_stm32f2xx.o [1]
  .text               ro code  0x08013a80      0x4  startup_stm32f2xx.o [1]
  .text               ro code  0x08013a84      0x4  startup_stm32f2xx.o [1]
  .text               ro code  0x08013a88      0x4  startup_stm32f2xx.o [1]
  .text               ro code  0x08013a8c      0x4  startup_stm32f2xx.o [1]
  .text               ro code  0x08013a90      0x4  startup_stm32f2xx.o [1]
  .text               ro code  0x08013a94      0x4  startup_stm32f2xx.o [1]
  .text               ro code  0x08013a98      0x4  startup_stm32f2xx.o [1]
  .text               ro code  0x08013a9c      0x4  startup_stm32f2xx.o [1]
  .text               ro code  0x08013aa0      0x4  startup_stm32f2xx.o [1]
  .text               ro code  0x08013aa4      0x4  startup_stm32f2xx.o [1]
  .text               ro code  0x08013aa8      0x4  startup_stm32f2xx.o [1]
  .text               ro code  0x08013aac      0x4  startup_stm32f2xx.o [1]
  .text               ro code  0x08013ab0      0x4  startup_stm32f2xx.o [1]
  .text               ro code  0x08013ab4      0x4  startup_stm32f2xx.o [1]
  .text               ro code  0x08013ab8      0x4  startup_stm32f2xx.o [1]
  .text               ro code  0x08013abc      0x4  startup_stm32f2xx.o [1]
  .text               ro code  0x08013ac0      0x4  startup_stm32f2xx.o [1]
  .text               ro code  0x08013ac4      0x4  startup_stm32f2xx.o [1]
  .text               ro code  0x08013ac8      0x4  startup_stm32f2xx.o [1]
  .text               ro code  0x08013acc      0x4  startup_stm32f2xx.o [1]
  .text               ro code  0x08013ad0      0x4  startup_stm32f2xx.o [1]
  .text               ro code  0x08013ad4      0x4  startup_stm32f2xx.o [1]
  .text               ro code  0x08013ad8      0x0  cstart_clearlocks.o [5]
  .rodata             const    0x08013ad8      0x0  bwt_init3c.o [5]
  Initializer bytes   ro data  0x08013ad8     0xa8  <for P2 s0>
                             - 0x08013b80  0x139fc

"P2", part 1 of 3:                            0xa8
  P2 s0                        0x20000000     0xa8  <Init block>
    __DLIB_PERTHREAD  inited   0x20000000     0x50  localeconv.o [3]
    .data             inited   0x20000050     0x10  httpd.o [1]
    .data             inited   0x20000060     0x10  stm32f2xx_rcc.o [1]
    .data             inited   0x20000070      0x8  stm322xg_eval.o [1]
    .data             inited   0x20000078      0x8  stm322xg_eval.o [1]
    .data             inited   0x20000080      0x8  stm322xg_eval.o [1]
    .data             inited   0x20000088      0x4  dhcp.o [1]
    .data             inited   0x2000008c      0x4  httpd_cgi_ssi.o [1]
    .data             inited   0x20000090      0x4  httpd_cgi_ssi.o [1]
    .data             inited   0x20000094      0x4  stm322xg_eval.o [1]
    .data             inited   0x20000098      0x4  stm32f2xx_it.o [1]
    .data             inited   0x2000009c      0x4  stm32f2xx_it.o [1]
    .data             inited   0x200000a0      0x4  tcp.o [1]
    .data             inited   0x200000a4      0x2  tcp.o [1]
                             - 0x200000a8     0xa8

"P2", part 2 of 3:                          0x8190
  .bss                zero     0x200000a8   0x2814  mem.o [1]
  .bss                zero     0x200028bc   0x2414  memp.o [1]
  .bss                zero     0x20004cd0   0x17d0  stm32f2x7_eth.o [1]
  .bss                zero     0x200064a0    0xbe8  stm32f2x7_eth.o [1]
  .bss                zero     0x20007088    0x5e0  ip_frag.o [1]
  .bss                zero     0x20007668    0x400  httpd.o [1]
  .bss                zero     0x20007a68    0x108  stm32f2xx_it.o [1]
  .bss                zero     0x20007b70    0x108  stm32f2xx_it.o [1]
  .bss                zero     0x20007c78    0x108  stm32f2xx_it.o [1]
  .bss                zero     0x20007d80     0xf0  fs.o [1]
  .bss                zero     0x20007e70     0xc8  etharp.o [1]
  .bss                zero     0x20007f38     0x80  stm32f2x7_eth.o [1]
  __DLIB_PERTHREAD    zero     0x20007fb8     0x74  setlocale.o [3]
  .bss                zero     0x2000802c     0x40  stm32f2x7_eth.o [1]
  .bss                zero     0x2000806c     0x38  netconf.o [1]
  .bss                zero     0x200080a4     0x38  xsyslock.o [3]
  .bss                zero     0x200080dc     0x24  memp.o [1]
  .bss                zero     0x20008100     0x14  httpd_cgi_ssi.o [1]
  .bss                zero     0x20008114     0x14  httpd_cgi_ssi.o [1]
  .bss                zero     0x20008128     0x14  stm32f2xx_it.o [1]
  .bss                zero     0x2000813c     0x14  stm32f2xx_it.o [1]
  .bss                zero     0x20008150     0x14  tcp_in.o [1]
  .bss                zero     0x20008164     0x10  httpd_cgi_ssi.o [1]
  .bss                zero     0x20008174      0xc  stm32f2x7_eth.o [1]
  .bss                zero     0x20008180      0x8  httpd_cgi_ssi.o [1]
  .bss                zero     0x20008188      0x8  xxmemxmalloc.o [3]
  .bss                zero     0x20008190      0x4  httpd.o [1]
  .bss                zero     0x20008194      0x4  httpd.o [1]
  .bss                zero     0x20008198      0x4  httpd.o [1]
  .bss                zero     0x2000819c      0x4  httpd.o [1]
  .bss                zero     0x200081a0      0x4  httpd.o [1]
  .bss                zero     0x200081a4      0x4  httpd_cgi_ssi.o [1]
  .bss                zero     0x200081a8      0x4  httpd_cgi_ssi.o [1]
  .bss                zero     0x200081ac      0x4  ip.o [1]
  .bss                zero     0x200081b0      0x4  ip.o [1]
  .bss                zero     0x200081b4      0x4  ip_frag.o [1]
  .bss                zero     0x200081b8      0x4  main.o [1]
  .bss                zero     0x200081bc      0x4  main.o [1]
  .bss                zero     0x200081c0      0x4  mem.o [1]
  .bss                zero     0x200081c4      0x4  mem.o [1]
  .bss                zero     0x200081c8      0x4  mem.o [1]
  .bss                zero     0x200081cc      0x4  netconf.o [1]
  .bss                zero     0x200081d0      0x4  netconf.o [1]
  .bss                zero     0x200081d4      0x4  netif.o [1]
  .bss                zero     0x200081d8      0x4  netif.o [1]
  .bss                zero     0x200081dc      0x4  raw.o [1]
  .bss                zero     0x200081e0      0x4  stm322xg_eval.o [1]
  .bss                zero     0x200081e4      0x4  stm32f2x7_eth.o [1]
  .bss                zero     0x200081e8      0x4  stm32f2x7_eth.o [1]
  .bss                zero     0x200081ec      0x4  stm32f2x7_eth.o [1]
  .bss                zero     0x200081f0      0x4  stm32f2x7_eth_bsp.o [1]
  .bss                zero     0x200081f4      0x4  tcp.o [1]
  .bss                zero     0x200081f8      0x4  tcp.o [1]
  .bss                zero     0x200081fc      0x4  tcp.o [1]
  .bss                zero     0x20008200      0x4  tcp.o [1]
  .bss                zero     0x20008204      0x4  tcp.o [1]
  .bss                zero     0x20008208      0x4  tcp.o [1]
  .bss                zero     0x2000820c      0x4  tcp_in.o [1]
  .bss                zero     0x20008210      0x4  tcp_in.o [1]
  .bss                zero     0x20008214      0x4  tcp_in.o [1]
  .bss                zero     0x20008218      0x4  tcp_in.o [1]
  .bss                zero     0x2000821c      0x4  tcp_in.o [1]
  .bss                zero     0x20008220      0x4  tcp_in.o [1]
  .bss                zero     0x20008224      0x4  udp.o [1]
  .bss                zero     0x20008228      0x4  xgetmemchunk.o [3]
  .bss                zero     0x2000822c      0x2  ip.o [1]
  .bss                zero     0x2000822e      0x2  ip_frag.o [1]
  .bss                zero     0x20008230      0x2  tcp_in.o [1]
  .bss                zero     0x20008232      0x1  etharp.o [1]
  .bss                zero     0x20008233      0x1  mem.o [1]
  .bss                zero     0x20008234      0x1  netif.o [1]
  .bss                zero     0x20008235      0x1  tcp.o [1]
  .bss                zero     0x20008236      0x1  tcp_in.o [1]
  .bss                zero     0x20008237      0x1  tcp_in.o [1]
                             - 0x20008238   0x8190

"P2", part 3 of 3:                           0x600
  CSTACK                       0x20008238    0x400  <Block>
    CSTACK            uninit   0x20008238    0x400  <Block tail>
  HEAP                         0x20008638    0x200  <Block>
    HEAP              uninit   0x20008638    0x200  <Block tail>
                             - 0x20008838    0x600


*******************************************************************************
*** INIT TABLE
***

          Address     Size
          -------     ----
Zero (__iar_zero_init3)
    1 destination range, total size 0x8190:
          0x200000a8  0x8190

Copy (__iar_copy_init3)
    1 source range, total size 0xa8 (101% of destination):
          0x08013ad8    0xa8
    1 destination range, total size 0xa6:
          0x20000000    0xa6



*******************************************************************************
*** MODULE SUMMARY
***

    Module               ro code  ro data  rw data
    ------               -------  -------  -------
C:\temp\stm32f2x7_eth_lwip\STM32F2x7_ETH_LwIP_V1.1.0\Project\Standalone\httpserver\EWARM\STM322xG_EVAL\Obj: [1]
    autoip.o                 590
    dhcp.o                   764        4        4
    etharp.o               2 818       16      201
    ethernetif.o             476
    fs.o                     256   33 144      240
    httpd.o                3 536      252    1 060
    httpd_cgi_ssi.o          736      156       80
    icmp.o                   544
    inet.o                    62
    inet_chksum.o            214
    ip.o                     980                10
    ip_addr.o                 84        8
    ip_frag.o              1 604             1 510
    main.o                   372                 8
    mem.o                    844            10 273
    memp.o                   184       40    9 272
    misc.o                   160
    netconf.o                168                64
    netif.o                  398                 9
    pbuf.o                 1 230
    raw.o                    136                 4
    startup_stm32f2xx.o      764
    stm322xg_eval.o        1 304       74       32
    stm32f2x7_eth.o        2 392             9 360
    stm32f2x7_eth_bsp.o      772                 4
    stm32f2xx_adc.o          496
    stm32f2xx_can.o        1 232
    stm32f2xx_dac.o          124
    stm32f2xx_dma.o          532
    stm32f2xx_exti.o          48
    stm32f2xx_gpio.o         274
    stm32f2xx_it.o           772        8      840
    stm32f2xx_rcc.o          448       16       16
    stm32f2xx_tim.o          206
    stm32f2xx_usart.o        366
    system_stm32f2xx.o       292
    tcp.o                  2 952       30       31
    tcp_in.o               5 028                48
    tcp_out.o              2 942
    udp.o                    962                 4
    ----------------------------------------------
    Total:                38 062   33 748   33 070

command line: [2]
    ----------------------------------------------
    Total:

dl7M_tlf.a: [3]
    div.o                     14
    exit.o                     4
    localeconv.o             108       80       80
    low_level_init.o           4
    setlocale.o               20               116
    sprintf.o                 52
    strncmp.o                 42
    strstr.o                  44
    xencoding_sb.o            92
    xgetmemchunk.o            40                 4
    xmbcurmax.o               10
    xmbtowc.o                 32
    xmtx.o                     8
    xmtx2.o                    4
    xprintffull.o          4 266
    xsprout.o                 10
    xsyslock.o               276                56
    xtls.o                     2
    xwctomb.o                 26
    xxmemxfree.o             136
    xxmemxmalloc.o           188                 8
    ----------------------------------------------
    Total:                 5 378       80      264

m7M_tl.a: [4]
    DblAdd.o                 232
    DblCmpGe.o                46
    DblCmpLe.o                46
    DblDiv.o                 582
    DblMul.o                 418
    DblSub.o                 384
    DblToFlt.o               144
    DblToI32.o                88
    FltToDbl.o                78
    I32ToDbl.o                48
    I32ToFlt.o                30
    xdnorm.o                  68
    xdscale.o                282
    ----------------------------------------------
    Total:                 2 446

rt7M_tl.a: [5]
    ABImemcpy.o              118
    ABImemset.o              102
    I64DivMod.o              238
    I64DivZer.o                2
    bwt_init3c.o
    cexit.o                   14
    cmain.o                   22
    copy_init3.o              46
    cstart_clearlocks.o
    cstartup_M.o              12
    data_init3.o              44
    memchr.o                  88
    memcmp.o                  98
    strchr.o                  22
    strcmp.o                  66
    strlen.o                  54
    zero_init3.o              34
    ----------------------------------------------
    Total:                   960

shb_l.a: [6]
    exit.o                    20
    ----------------------------------------------
    Total:                    20

    Gaps                      36                 2
    Linker created                     38    1 536
--------------------------------------------------
    Grand Total:          46 902   33 866   34 872


*******************************************************************************
*** ENTRY LIST
***

Entry                      Address    Size  Type      Object
-----                      -------    ----  ----      ------
?main                   0x08013665          Code  Gb  cmain.o [5]
ADC1_ChTempSensor_Init  0x0800efb1    0xe8  Code  Gb  stm322xg_eval.o [1]
ADCConvertedValue       0x200081e0     0x4  Data  Gb  stm322xg_eval.o [1]
ADC_Cmd                 0x080103cf    0x1a  Code  Gb  stm32f2xx_adc.o [1]
ADC_CommonInit          0x080103ad    0x22  Code  Gb  stm32f2xx_adc.o [1]
ADC_DMACmd              0x08010503    0x1c  Code  Gb  stm32f2xx_adc.o [1]
ADC_DMARequestAfterLastTransferCmd
                        0x0801051f    0x1c  Code  Gb  stm32f2xx_adc.o [1]
ADC_IRQHandler          0x080139dd          Code  Wk  startup_stm32f2xx.o [1]
ADC_Init                0x0801035d    0x50  Code  Gb  stm32f2xx_adc.o [1]
ADC_RegularChannelConfig
                        0x0801040b    0xee  Code  Gb  stm32f2xx_adc.o [1]
ADC_SoftwareStartConv   0x080104f9     0xa  Code  Gb  stm32f2xx_adc.o [1]
ADC_TempSensorVrefintCmd
                        0x080103e9    0x22  Code  Gb  stm32f2xx_adc.o [1]
APBAHBPrescTable        0x20000060    0x10  Data  Lc  stm32f2xx_rcc.o [1]
ARPTimer                0x200081d0     0x4  Data  Gb  netconf.o [1]
BusFault_Handler        0x0800f55b     0x2  Code  Gb  stm32f2xx_it.o [1]
CAN1TxMessage           0x20008100    0x14  Data  Gb  httpd_cgi_ssi.o [1]
CAN1_RX0_IRQHandler     0x0800f695    0x40  Code  Gb  stm32f2xx_it.o [1]
CAN1_RX1_IRQHandler     0x080139e9          Code  Wk  startup_stm32f2xx.o [1]
CAN1_SCE_IRQHandler     0x080139ed          Code  Wk  startup_stm32f2xx.o [1]
CAN1_TX_IRQHandler      0x080139e1          Code  Wk  startup_stm32f2xx.o [1]
CAN2TxMessage           0x20008114    0x14  Data  Gb  httpd_cgi_ssi.o [1]
CAN2_RX0_IRQHandler     0x0800f6d5     0xe  Code  Gb  stm32f2xx_it.o [1]
CAN2_RX1_IRQHandler     0x0800f6e3    0x40  Code  Gb  stm32f2xx_it.o [1]
CAN2_SCE_IRQHandler     0x08013a9d          Code  Wk  startup_stm32f2xx.o [1]
CAN2_TX_IRQHandler      0x08013a91          Code  Wk  startup_stm32f2xx.o [1]
CAN_Config              0x0800f1e5   0x1ce  Code  Gb  stm322xg_eval.o [1]
CAN_DeInit              0x0800f96d    0x38  Code  Gb  stm32f2xx_can.o [1]
CAN_FilterInit          0x0800fabd   0x112  Code  Gb  stm32f2xx_can.o [1]
CAN_ITConfig            0x0800fe0b    0x16  Code  Gb  stm32f2xx_can.o [1]
CAN_Init                0x0800f9a5   0x118  Code  Gb  stm32f2xx_can.o [1]
CAN_Receive             0x0800fd23    0xe8  Code  Gb  stm32f2xx_can.o [1]
CAN_StructInit          0x0800fbcf    0x2e  Code  Gb  stm32f2xx_can.o [1]
CAN_Transmit            0x0800fbfd   0x126  Code  Gb  stm32f2xx_can.o [1]
CGI_TAB                 0x20008164    0x10  Data  Gb  httpd_cgi_ssi.o [1]
COM_RX_AF               0x0800d06a     0x2  Data  Gb  stm322xg_eval.o [1]
COM_RX_PIN              0x0801396c     0x4  Data  Gb  stm322xg_eval.o [1]
COM_RX_PIN_SOURCE       0x0800cf2e     0x2  Data  Gb  stm322xg_eval.o [1]
COM_RX_PORT             0x20000080     0x8  Data  Gb  stm322xg_eval.o [1]
COM_RX_PORT_CLK         0x08013940     0x8  Data  Gb  stm322xg_eval.o [1]
COM_TX_AF               0x0800cf92     0x2  Data  Gb  stm322xg_eval.o [1]
COM_TX_PIN              0x08013968     0x4  Data  Gb  stm322xg_eval.o [1]
COM_TX_PIN_SOURCE       0x0800cef6     0x2  Data  Gb  stm322xg_eval.o [1]
COM_TX_PORT             0x20000078     0x8  Data  Gb  stm322xg_eval.o [1]
COM_TX_PORT_CLK         0x08013938     0x8  Data  Gb  stm322xg_eval.o [1]
COM_USART               0x20000070     0x8  Data  Gb  stm322xg_eval.o [1]
COM_USART_CLK           0x08013930     0x8  Data  Gb  stm322xg_eval.o [1]
CRYP_IRQHandler         0x08013ad1          Code  Wk  startup_stm32f2xx.o [1]
CSTACK$$Base            0x20008238           --   Gb  - Linker created -
CSTACK$$Limit           0x20008638           --   Gb  - Linker created -
DAC_Ch1_EscalatorConfig
                        0x0800ef09    0x62  Code  Gb  stm322xg_eval.o [1]
DAC_Cmd                 0x0801002f    0x26  Code  Gb  stm32f2xx_dac.o [1]
DAC_Init                0x0800fffd    0x32  Code  Gb  stm32f2xx_dac.o [1]
DAC_SetChannel1Data     0x08010055    0x1e  Code  Gb  stm32f2xx_dac.o [1]
DCMI_IRQHandler         0x08013acd          Code  Wk  startup_stm32f2xx.o [1]
DMA1_Stream0_IRQHandler
                        0x080139c1          Code  Wk  startup_stm32f2xx.o [1]
DMA1_Stream1_IRQHandler
                        0x080139c5          Code  Wk  startup_stm32f2xx.o [1]
DMA1_Stream2_IRQHandler
                        0x080139c9          Code  Wk  startup_stm32f2xx.o [1]
DMA1_Stream3_IRQHandler
                        0x080139cd          Code  Wk  startup_stm32f2xx.o [1]
DMA1_Stream4_IRQHandler
                        0x080139d1          Code  Wk  startup_stm32f2xx.o [1]
DMA1_Stream5_IRQHandler
                        0x080139d5          Code  Wk  startup_stm32f2xx.o [1]
DMA1_Stream6_IRQHandler
                        0x080139d9          Code  Wk  startup_stm32f2xx.o [1]
DMA1_Stream7_IRQHandler
                        0x08013a51          Code  Wk  startup_stm32f2xx.o [1]
DMA2_Stream0_IRQHandler
                        0x08013a75          Code  Wk  startup_stm32f2xx.o [1]
DMA2_Stream1_IRQHandler
                        0x08013a79          Code  Wk  startup_stm32f2xx.o [1]
DMA2_Stream2_IRQHandler
                        0x08013a7d          Code  Wk  startup_stm32f2xx.o [1]
DMA2_Stream3_IRQHandler
                        0x08013a81          Code  Wk  startup_stm32f2xx.o [1]
DMA2_Stream4_IRQHandler
                        0x08013a85          Code  Wk  startup_stm32f2xx.o [1]
DMA2_Stream5_IRQHandler
                        0x08013aa5          Code  Wk  startup_stm32f2xx.o [1]
DMA2_Stream6_IRQHandler
                        0x08013aa9          Code  Wk  startup_stm32f2xx.o [1]
DMA2_Stream7_IRQHandler
                        0x08013aad          Code  Wk  startup_stm32f2xx.o [1]
DMARxDescToGet          0x200081e8     0x4  Data  Gb  stm32f2x7_eth.o [1]
DMARxDscrTab            0x20007f38    0x80  Data  Gb  stm32f2x7_eth.o [1]
DMATxDescToSet          0x200081e4     0x4  Data  Gb  stm32f2x7_eth.o [1]
DMATxDscrTab            0x2000802c    0x40  Data  Gb  stm32f2x7_eth.o [1]
DMA_Cmd                 0x080102e3    0x1a  Code  Gb  stm32f2xx_dma.o [1]
DMA_DeInit              0x08010149   0x142  Code  Gb  stm32f2xx_dma.o [1]
DMA_Init                0x0801028b    0x58  Code  Gb  stm32f2xx_dma.o [1]
DMA_RX_FRAME_infos      0x200081ec     0x4  Data  Gb  stm32f2x7_eth.o [1]
DebugMon_Handler        0x0800f561     0x2  Code  Gb  stm32f2xx_it.o [1]
Delay                   0x0801070b    0x18  Code  Gb  main.o [1]
ETH_BSP_Config          0x080108b5    0x32  Code  Gb  stm32f2x7_eth_bsp.o [1]
ETH_CheckFrameReceived  0x08011275    0xda  Code  Gb  stm32f2x7_eth.o [1]
ETH_DMAReceptionCmd     0x080113fb    0x22  Code  Gb  stm32f2x7_eth.o [1]
ETH_DMARxDescChainInit  0x0801121d    0x58  Code  Gb  stm32f2x7_eth.o [1]
ETH_DMATransmissionCmd  0x080113d9    0x22  Code  Gb  stm32f2x7_eth.o [1]
ETH_DMATxDescChainInit  0x0801134f    0x48  Code  Gb  stm32f2x7_eth.o [1]
ETH_DMATxDescChecksumInsertionConfig
                        0x08011397     0x8  Code  Gb  stm32f2x7_eth.o [1]
ETH_DeInit              0x08010c2b    0x18  Code  Gb  stm32f2x7_eth.o [1]
ETH_Delay               0x08010c0d    0x1e  Code  Lc  stm32f2x7_eth.o [1]
ETH_FlushTransmitFIFO   0x080113cb     0xe  Code  Gb  stm32f2x7_eth.o [1]
ETH_GPIO_Config         0x0801097b   0x1c4  Code  Lc  stm32f2x7_eth_bsp.o [1]
ETH_GetSoftwareResetStatus
                        0x080113b1    0x1a  Code  Gb  stm32f2x7_eth.o [1]
ETH_Get_Received_Frame  0x0801109b    0x6a  Code  Gb  stm32f2x7_eth.o [1]
ETH_IRQHandler          0x08013a89          Code  Wk  startup_stm32f2xx.o [1]
ETH_Init                0x08010d31   0x2c4  Code  Gb  stm32f2x7_eth.o [1]
ETH_MACAddressConfig    0x08011069    0x32  Code  Gb  stm32f2x7_eth.o [1]
ETH_MACDMA_Config       0x080108e7    0x94  Code  Lc  stm32f2x7_eth_bsp.o [1]
ETH_MACReceptionCmd     0x0801103f    0x2a  Code  Gb  stm32f2x7_eth.o [1]
ETH_MACTransmissionCmd  0x08011015    0x2a  Code  Gb  stm32f2x7_eth.o [1]
ETH_Prepare_Transmit_Descriptors
                        0x08011105   0x118  Code  Gb  stm32f2x7_eth.o [1]
ETH_ReadPHYRegister     0x0801142d    0x6c  Code  Gb  stm32f2x7_eth.o [1]
ETH_SoftwareReset       0x0801139f    0x12  Code  Gb  stm32f2x7_eth.o [1]
ETH_Start               0x08010ff5    0x20  Code  Gb  stm32f2x7_eth.o [1]
ETH_StructInit          0x08010c43    0xee  Code  Gb  stm32f2x7_eth.o [1]
ETH_WKUP_IRQHandler     0x08013a8d          Code  Wk  startup_stm32f2xx.o [1]
ETH_WritePHYRegister    0x080114a1    0x66  Code  Gb  stm32f2x7_eth.o [1]
EXTI0_IRQHandler        0x080139ad          Code  Wk  startup_stm32f2xx.o [1]
EXTI15_10_IRQHandler    0x0800f84d     0xc  Code  Gb  stm32f2xx_it.o [1]
EXTI1_IRQHandler        0x080139b1          Code  Wk  startup_stm32f2xx.o [1]
EXTI2_IRQHandler        0x080139b5          Code  Wk  startup_stm32f2xx.o [1]
EXTI3_IRQHandler        0x080139b9          Code  Wk  startup_stm32f2xx.o [1]
EXTI4_IRQHandler        0x080139bd          Code  Wk  startup_stm32f2xx.o [1]
EXTI9_5_IRQHandler      0x080139f1          Code  Wk  startup_stm32f2xx.o [1]
EXTI_GetITStatus        0x08010831    0x28  Code  Gb  stm32f2xx_exti.o [1]
EthInitStatus           0x200081f0     0x4  Data  Gb  stm32f2x7_eth_bsp.o [1]
FLASH_IRQHandler        0x080139a5          Code  Wk  startup_stm32f2xx.o [1]
FSMC_IRQHandler         0x08013a55          Code  Wk  startup_stm32f2xx.o [1]
GPIO_CLK                0x08013964     0x4  Data  Gb  stm322xg_eval.o [1]
GPIO_Init               0x0800f859    0xaa  Code  Gb  stm32f2xx_gpio.o [1]
GPIO_PIN                0x0800cede     0x2  Data  Gb  stm322xg_eval.o [1]
GPIO_PORT               0x20000094     0x4  Data  Gb  stm322xg_eval.o [1]
GPIO_PinAFConfig        0x0800f911    0x5a  Code  Gb  stm32f2xx_gpio.o [1]
GPIO_SetBits            0x0800f903     0x4  Code  Gb  stm32f2xx_gpio.o [1]
GPIO_ToggleBits         0x0800f907     0xa  Code  Gb  stm32f2xx_gpio.o [1]
GetADCConvertedValue    0x0800f3b3     0x6  Code  Gb  stm322xg_eval.o [1]
HASH_RNG_IRQHandler     0x08013ad5          Code  Wk  startup_stm32f2xx.o [1]
HEAP$$Base              0x20008638           --   Gb  - Linker created -
HEAP$$Limit             0x20008838           --   Gb  - Linker created -
HardFault_Handler       0x0800f557     0x2  Code  Gb  stm32f2xx_it.o [1]
I2C1_ER_IRQHandler      0x08013a15          Code  Wk  startup_stm32f2xx.o [1]
I2C1_EV_IRQHandler      0x08013a11          Code  Wk  startup_stm32f2xx.o [1]
I2C2_ER_IRQHandler      0x08013a1d          Code  Wk  startup_stm32f2xx.o [1]
I2C2_EV_IRQHandler      0x08013a19          Code  Wk  startup_stm32f2xx.o [1]
I2C3_ER_IRQHandler      0x08013ab9          Code  Wk  startup_stm32f2xx.o [1]
I2C3_EV_IRQHandler      0x08013ab5          Code  Wk  startup_stm32f2xx.o [1]
LED_CGI                 0x08013928     0x8  Data  Gb  httpd_cgi_ssi.o [1]
LED_CGI_Handler         0x0800ec97    0x5a  Code  Gb  httpd_cgi_ssi.o [1]
LocalTime               0x200081b8     0x4  Data  Gb  main.o [1]
LwIP_Init               0x08010b65    0x4e  Code  Gb  netconf.o [1]
LwIP_Periodic_Handle    0x08010bbd    0x34  Code  Gb  netconf.o [1]
LwIP_Pkt_Handle         0x08010bb3     0xa  Code  Gb  netconf.o [1]
MemManage_Handler       0x0800f559     0x2  Code  Gb  stm32f2xx_it.o [1]
NMI_Handler             0x0800f555     0x2  Code  Gb  stm32f2xx_it.o [1]
NVIC_Config             0x080107b5    0x7c  Code  Gb  main.o [1]
NVIC_Init               0x08011565    0x6a  Code  Gb  misc.o [1]
NVIC_SetPriority        0x08010861    0x22  Code  Lc  stm32f2x7_eth_bsp.o [1]
OTG_FS_IRQHandler       0x08013aa1          Code  Wk  startup_stm32f2xx.o [1]
OTG_FS_WKUP_IRQHandler  0x08013a3d          Code  Wk  startup_stm32f2xx.o [1]
OTG_HS_EP1_IN_IRQHandler
                        0x08013ac1          Code  Wk  startup_stm32f2xx.o [1]
OTG_HS_EP1_OUT_IRQHandler
                        0x08013abd          Code  Wk  startup_stm32f2xx.o [1]
OTG_HS_IRQHandler       0x08013ac9          Code  Wk  startup_stm32f2xx.o [1]
OTG_HS_WKUP_IRQHandler  0x08013ac5          Code  Wk  startup_stm32f2xx.o [1]
PVD_IRQHandler          0x08013999          Code  Wk  startup_stm32f2xx.o [1]
PendSV_Handler          0x0800f563     0x2  Code  Gb  stm32f2xx_it.o [1]
RCC_AHB1PeriphClockCmd  0x0800ff3d    0x1e  Code  Gb  stm32f2xx_rcc.o [1]
RCC_AHB1PeriphResetCmd  0x0800ff97    0x1e  Code  Gb  stm32f2xx_rcc.o [1]
RCC_APB1PeriphClockCmd  0x0800ff5b    0x1e  Code  Gb  stm32f2xx_rcc.o [1]
RCC_APB1PeriphResetCmd  0x0800ffb5    0x1e  Code  Gb  stm32f2xx_rcc.o [1]
RCC_APB2PeriphClockCmd  0x0800ff79    0x1e  Code  Gb  stm32f2xx_rcc.o [1]
RCC_GetClocksFreq       0x0800fe3d   0x100  Code  Gb  stm32f2xx_rcc.o [1]
RCC_IRQHandler          0x080139a9          Code  Wk  startup_stm32f2xx.o [1]
RTC_Alarm_IRQHandler    0x08013a39          Code  Wk  startup_stm32f2xx.o [1]
RTC_WKUP_IRQHandler     0x080139a1          Code  Wk  startup_stm32f2xx.o [1]
RX_Frame_Descriptor     0x20008174     0xc  Data  Gb  stm32f2x7_eth.o [1]
Region$$Table$$Base     0x08013640           --   Gb  - Linker created -
Region$$Table$$Limit    0x08013664           --   Gb  - Linker created -
Reset_Handler           0x08013819          Code  Wk  startup_stm32f2xx.o [1]
RxMessage1              0x20008128    0x14  Data  Gb  stm32f2xx_it.o [1]
RxMessage2              0x2000813c    0x14  Data  Gb  stm32f2xx_it.o [1]
Rx_Buff                 0x20004cd0  0x17d0  Data  Gb  stm32f2x7_eth.o [1]
SDIO_IRQHandler         0x08013a59          Code  Wk  startup_stm32f2xx.o [1]
SPI1_IRQHandler         0x08013a21          Code  Wk  startup_stm32f2xx.o [1]
SPI2_IRQHandler         0x08013a25          Code  Wk  startup_stm32f2xx.o [1]
SPI3_IRQHandler         0x08013a61          Code  Wk  startup_stm32f2xx.o [1]
STM_EVAL_COMInit        0x0800f0fd    0xe8  Code  Gb  stm322xg_eval.o [1]
STM_EVAL_LEDInit        0x0800f099    0x44  Code  Gb  stm322xg_eval.o [1]
STM_EVAL_LEDToggle      0x0800f0dd    0x20  Code  Gb  stm322xg_eval.o [1]
SVC_Handler             0x0800f55f     0x2  Code  Gb  stm32f2xx_it.o [1]
SetSysClock             0x080132c3    0xb6  Code  Lc  system_stm32f2xx.o [1]
Show_Counters           0x0800ebfd    0x9a  Code  Gb  httpd_cgi_ssi.o [1]
SysTick_CLKSourceConfig
                        0x080115cf    0x20  Code  Gb  misc.o [1]
SysTick_Config          0x08010883    0x32  Code  Lc  stm32f2x7_eth_bsp.o [1]
SysTick_Handler         0x0800f565     0x8  Code  Gb  stm32f2xx_it.o [1]
SystemInit              0x0801327d    0x46  Code  Gb  system_stm32f2xx.o [1]
TAGCHAR                 0x20000090     0x4  Data  Gb  httpd_cgi_ssi.o [1]
TAGCHAR_new             0x2000008c     0x4  Data  Gb  httpd_cgi_ssi.o [1]
TAGS_new                0x20008180     0x8  Data  Gb  httpd_cgi_ssi.o [1]
TAMP_STAMP_IRQHandler   0x0801399d          Code  Wk  startup_stm32f2xx.o [1]
TCPTimer                0x200081cc     0x4  Data  Gb  netconf.o [1]
TIM1_BRK_TIM9_IRQHandler
                        0x080139f5          Code  Wk  startup_stm32f2xx.o [1]
TIM1_CC_IRQHandler      0x08013a01          Code  Wk  startup_stm32f2xx.o [1]
TIM1_TRG_COM_TIM11_IRQHandler
                        0x080139fd          Code  Wk  startup_stm32f2xx.o [1]
TIM1_UP_TIM10_IRQHandler
                        0x080139f9          Code  Wk  startup_stm32f2xx.o [1]
TIM2_IRQHandler         0x08013a05          Code  Wk  startup_stm32f2xx.o [1]
TIM3_IRQHandler         0x08013a09          Code  Wk  startup_stm32f2xx.o [1]
TIM4_IRQHandler         0x08013a0d          Code  Wk  startup_stm32f2xx.o [1]
TIM5_IRQHandler         0x08013a5d          Code  Wk  startup_stm32f2xx.o [1]
TIM6_Config             0x0800ef6b    0x46  Code  Gb  stm322xg_eval.o [1]
TIM6_DAC_IRQHandler     0x08013a6d          Code  Wk  startup_stm32f2xx.o [1]
TIM7_IRQHandler         0x08013a71          Code  Wk  startup_stm32f2xx.o [1]
TIM8_BRK_TIM12_IRQHandler
                        0x08013a41          Code  Wk  startup_stm32f2xx.o [1]
TIM8_CC_IRQHandler      0x08013a4d          Code  Wk  startup_stm32f2xx.o [1]
TIM8_TRG_COM_TIM14_IRQHandler
                        0x08013a49          Code  Wk  startup_stm32f2xx.o [1]
TIM8_UP_TIM13_IRQHandler
                        0x08013a45          Code  Wk  startup_stm32f2xx.o [1]
TIM_Cmd                 0x080100fb    0x1c  Code  Gb  stm32f2xx_tim.o [1]
TIM_SelectOutputTrigger
                        0x08010135    0x12  Code  Gb  stm32f2xx_tim.o [1]
TIM_TimeBaseInit        0x08010079    0x6a  Code  Gb  stm32f2xx_tim.o [1]
TIM_TimeBaseStructInit  0x080100e3    0x18  Code  Gb  stm32f2xx_tim.o [1]
TRANSMIT_CGI            0x08013920     0x8  Data  Gb  httpd_cgi_ssi.o [1]
TRANSMIT_CGI_Handler    0x0800ecf1   0x136  Code  Gb  httpd_cgi_ssi.o [1]
Time_Update             0x08010723     0xc  Code  Gb  main.o [1]
Tx_Buff                 0x200064a0   0xbe8  Data  Gb  stm32f2x7_eth.o [1]
UART4_IRQHandler        0x08013a65          Code  Wk  startup_stm32f2xx.o [1]
UART5_IRQHandler        0x08013a69          Code  Wk  startup_stm32f2xx.o [1]
USART1_IRQHandler       0x08013a29          Code  Wk  startup_stm32f2xx.o [1]
USART2_IRQHandler       0x0800f56d    0x94  Code  Gb  stm32f2xx_it.o [1]
USART2_SendChar         0x0800f79f    0x4a  Code  Gb  stm32f2xx_it.o [1]
USART3_GetKey           0x0800f7e9    0x26  Code  Gb  stm32f2xx_it.o [1]
USART3_IRQHandler       0x0800f601    0x94  Code  Gb  stm32f2xx_it.o [1]
USART3_SendChar         0x0800f755    0x4a  Code  Gb  stm32f2xx_it.o [1]
USART3_buffer_Init      0x0800f723    0x32  Code  Gb  stm32f2xx_it.o [1]
USART6_IRQHandler       0x08013ab1          Code  Wk  startup_stm32f2xx.o [1]
USART_Cmd               0x08010649    0x1c  Code  Gb  stm32f2xx_usart.o [1]
USART_Configuration     0x0801072f    0x70  Code  Gb  main.o [1]
USART_ITConfig          0x08010665    0x56  Code  Gb  stm32f2xx_usart.o [1]
USART_Init              0x0801054d    0xee  Code  Gb  stm32f2xx_usart.o [1]
UsageFault_Handler      0x0800f55d     0x2  Code  Gb  stm32f2xx_it.o [1]
WWDG_IRQHandler         0x08013995          Code  Wk  startup_stm32f2xx.o [1]
_EncodingSb_Mbtowc      0x0800da45    0x30  Code  Gb  xencoding_sb.o [3]
_EncodingSb_Wctomb      0x0800da29    0x1c  Code  Gb  xencoding_sb.o [3]
_GenldFull              0x0800cc1d   0x258  Code  Lc  xprintffull.o [3]
_IsdstStr               0x20007fbc     0x4  Data  Gb  setlocale.o [3]
_LdtobFull              0x0800c80d   0x400  Code  Lc  xprintffull.o [3]
_LitobFull              0x0800c6e7   0x126  Code  Lc  xprintffull.o [3]
_LocaleEncoding         0x0800da15     0xe  Code  Gb  setlocale.o [3]
_LocaleReturnString     0x20007fdc    0x50  Data  Lc  setlocale.o [3]
_Locale_Profile         0x20007fc0    0x1c  Data  Gb  setlocale.o [3]
_Locale_lconv           0x20000000    0x50  Data  Gb  localeconv.o [3]
_Mbtowc                 0x0800cebf    0x20  Code  Gb  xmbtowc.o [3]
_PrintfFull             0x0800be15   0x5e6  Code  Gb  xprintffull.o [3]
_PutcharsFull           0x0800ce75    0x2e  Code  Lc  xprintffull.o [3]
_PutstrFull             0x0800c40d   0x2da  Code  Lc  xprintffull.o [3]
_SProut                 0x08009feb     0xa  Code  Gb  xsprout.o [3]
_TzoneStr               0x20007fb8     0x4  Data  Gb  setlocale.o [3]
_Wctomb                 0x0800d051    0x1a  Code  Gb  xwctomb.o [3]
__aeabi_cdcmple         0x0800d229          Code  Gb  DblCmpLe.o [4]
__aeabi_cdrcmple        0x0800d259          Code  Gb  DblCmpGe.o [4]
__aeabi_d2f             0x0800f491          Code  Gb  DblToFlt.o [4]
__aeabi_d2iz            0x0800d3a5          Code  Gb  DblToI32.o [4]
__aeabi_d2uiz           0x0800d3d1          Code  Gb  DblToI32.o [4]
__aeabi_dadd            0x0800dbc5          Code  Gb  DblAdd.o [4]
__aeabi_ddiv            0x0800d751          Code  Gb  DblDiv.o [4]
__aeabi_dmul            0x0800d5ad          Code  Gb  DblMul.o [4]
__aeabi_dsub            0x0800d42d          Code  Gb  DblSub.o [4]
__aeabi_f2d             0x0800f441          Code  Gb  FltToDbl.o [4]
__aeabi_i2d             0x0800d3fd          Code  Gb  I32ToDbl.o [4]
__aeabi_ldiv0           0x0800dbc1          Code  Gb  I64DivZer.o [5]
__aeabi_memcpy          0x08009975          Code  Gb  ABImemcpy.o [5]
__aeabi_memcpy4         0x08009995          Code  Gb  ABImemcpy.o [5]
__aeabi_memcpy8         0x08009995          Code  Gb  ABImemcpy.o [5]
__aeabi_memset          0x08009dd5          Code  Gb  ABImemset.o [5]
__aeabi_ui2d            0x0800d411          Code  Gb  I32ToDbl.o [4]
__aeabi_ui2f            0x0800f421          Code  Gb  I32ToFlt.o [4]
__aeabi_uldivmod        0x0800d0f5          Code  Gb  I64DivMod.o [5]
__cexit_clearlocks      0x08013687          Code  Gb  cexit.o [5]
__cmain                 0x08013665          Code  Gb  cmain.o [5]
__cstart_clearlocks     0x08013ad8          Data  Gb  cstart_clearlocks.o [5]
__data_Aldata           0x20008188     0x8  Data  Gb  xxmemxmalloc.o [3]
__data_GetMemChunk      0x0800db99    0x28  Code  Gb  xgetmemchunk.o [3]
__exit                  0x08013695    0x14  Code  Gb  exit.o [6]
__iar_Dnorm             0x0800d1e3    0x44  Code  Gb  xdnorm.o [4]
__iar_Dscale            0x0800d289   0x106  Code  Gb  xdscale.o [4]
__iar_Locale_lconv_init
                        0x0800d999    0x3a  Code  Gb  localeconv.o [3]
__iar_Locksyslock       0x0800daf9    0x88  Code  Gb  xsyslock.o [3]
__iar_Mbcurmax          0x0800cf89     0xa  Code  Gb  xmbcurmax.o [3]
__iar_Memchr            0x0800cf31          Code  Gb  memchr.o [5]
__iar_Memset            0x08009dd5          Code  Gb  ABImemset.o [5]
__iar_Memset_word       0x08009ddd          Code  Gb  ABImemset.o [5]
__iar_SB                0x08013ad8          Data  Gb  bwt_init3c.o [5]
__iar_Strchr            0x0800cee1          Code  Gb  strchr.o [5]
__iar_Strstr            0x0800eedd    0x2c  Code  Gb  strstr.o [3]
__iar_Unlocksyslock     0x0800db81    0x12  Code  Gb  xsyslock.o [3]
__iar_clearlocks        0x0800da85    0x74  Code  Gb  xsyslock.o [3]
__iar_copy_init3        0x08009947    0x2e  Code  Gb  copy_init3.o [5]
__iar_d2uiz             0x0800d3dd          Code  Gb  DblToI32.o [4]
__iar_dadd              0x0800dbd9          Code  Gb  DblAdd.o [4]
__iar_data_init3        0x080135c5    0x2c  Code  Gb  data_init3.o [5]
__iar_default_requirements$$_Printf<unknown>sprintf {Abs}
                        0x00000000           --   Gb  sprintf.o [3]
__iar_dlib_perthread_access
                        0x0800dcad     0x2  Code  Gb  xtls.o [3]
__iar_dsub              0x0800d441          Code  Gb  DblSub.o [4]
__iar_dsubStart         0x0800d453          Code  Gb  DblSub.o [4]
__iar_file_Mtxdst       0x0800dcb1     0x2  Code  Gb  xmtx2.o [3]
__iar_file_Mtxinit      0x0800dcaf     0x2  Code  Gb  xmtx2.o [3]
__iar_program_start     0x08013895          Code  Gb  cstartup_M.o [5]
__iar_provide$$_Printf<flags,floats,hex_floats,int_specials,long_longs,multibytes,n_formatters,qualifiers,widths>_PrintfFull {Abs}
                        0x00000000           --   Gb  xprintffull.o [3]
__iar_strcmp            0x0800eba9          Code  Gb  strcmp.o [5]
__iar_system_Mtxdst     0x0800dcb5     0x2  Code  Gb  xmtx.o [3]
__iar_system_Mtxinit    0x0800dcb3     0x2  Code  Gb  xmtx.o [3]
__iar_system_Mtxlock    0x0800dcb7     0x2  Code  Gb  xmtx.o [3]
__iar_system_Mtxunlock  0x0800dcb9     0x2  Code  Gb  xmtx.o [3]
__iar_ui2d              0x0800d415          Code  Gb  I32ToDbl.o [4]
__iar_ui2f              0x0800f425          Code  Gb  I32ToFlt.o [4]
__iar_zero_init3        0x08009e3b    0x22  Code  Gb  zero_init3.o [5]
__low_level_init        0x0801367b     0x4  Code  Gb  low_level_init.o [3]
__vector_table          0x08000000          Data  Gb  startup_stm32f2xx.o [1]
_call_main              0x08013671          Code  Gb  cmain.o [5]
_exit                   0x08013685          Code  Gb  cexit.o [5]
_main                   0x08013677          Code  Gb  cmain.o [5]
ackno                   0x20008218     0x4  Data  Lc  tcp_in.o [1]
arp_table               0x20007e70    0xc8  Data  Lc  etharp.o [1]
autoip_arp_announce     0x0800b8e3    0x28  Code  Lc  autoip.o [1]
autoip_arp_reply        0x0800b9ed    0xc6  Code  Gb  autoip.o [1]
autoip_create_addr      0x0800b897    0x4c  Code  Lc  autoip.o [1]
autoip_handle_arp_conflict
                        0x0800b865    0x32  Code  Lc  autoip.o [1]
autoip_start            0x0800b90b    0x7c  Code  Gb  autoip.o [1]
autoip_start_probing    0x0800b987    0x54  Code  Lc  autoip.o [1]
buf                     0x20007088   0x5e0  Data  Lc  ip_frag.o [1]
current_header          0x200081b0     0x4  Data  Gb  ip.o [1]
current_netif           0x200081ac     0x4  Data  Gb  ip.o [1]
data__404_html          0x080133a0    0xdc  Data  Lc  fs.o [1]
data__about_html        0x08012ae8   0x290  Data  Lc  fs.o [1]
data__control_html      0x08012d78   0x1e0  Data  Lc  fs.o [1]
data__img_bg_png        0x08012634   0x4b4  Data  Lc  fs.o [1]
data__img_logo2_gif     0x08004cfc  0x183c  Data  Lc  fs.o [1]
data__img_logo_gif      0x08000184  0x3220  Data  Lc  fs.o [1]
data__img_logo_info1_gif
                        0x080033a4  0x1958  Data  Lc  fs.o [1]
data__index_html        0x08012f58   0x194  Data  Lc  fs.o [1]
data__test1_html        0x080130ec   0x190  Data  Lc  fs.o [1]
data__test_footer_plain
                        0x08013528    0x9c  Data  Lc  fs.o [1]
data__test_header_html  0x0801347c    0xac  Data  Lc  fs.o [1]
data__test_resive_shtml
                        0x080117e0   0x750  Data  Lc  fs.o [1]
data__test_shtml        0x08011f30   0x704  Data  Lc  fs.o [1]
dhcp_arp_reply          0x0800bab5    0x2a  Code  Gb  dhcp.o [1]
dhcp_create_request     0x0800bc09   0x13e  Code  Lc  dhcp.o [1]
dhcp_decline            0x0800badf    0x94  Code  Lc  dhcp.o [1]
dhcp_delete_request     0x0800bd51    0x26  Code  Lc  dhcp.o [1]
dhcp_option             0x0800bb89    0x26  Code  Lc  dhcp.o [1]
dhcp_option_byte        0x0800bbaf    0x12  Code  Lc  dhcp.o [1]
dhcp_option_long        0x0800bbc1    0x48  Code  Lc  dhcp.o [1]
dhcp_option_trailer     0x0800bd77    0x3a  Code  Lc  dhcp.o [1]
dhcp_set_state          0x0800bb79    0x10  Code  Lc  dhcp.o [1]
div                     0x0800da05     0xe  Code  Gb  div.o [3]
etharp_arp_input        0x0800b19f   0x1ae  Code  Gb  etharp.o [1]
etharp_cached_entry     0x20008232     0x1  Data  Lc  etharp.o [1]
etharp_ip_input         0x0800b16b    0x34  Code  Gb  etharp.o [1]
etharp_output           0x0800b34d    0xce  Code  Gb  etharp.o [1]
etharp_query            0x0800b41b   0x1bc  Code  Gb  etharp.o [1]
etharp_raw              0x0800b5d7   0x10e  Code  Gb  etharp.o [1]
etharp_request          0x0800b6e5    0x2a  Code  Gb  etharp.o [1]
etharp_send_ip          0x0800afe3    0x5e  Code  Lc  etharp.o [1]
etharp_tmr              0x0800acab    0xbc  Code  Gb  etharp.o [1]
ethbroadcast            0x080138a0     0x8  Data  Gb  etharp.o [1]
ethernet_input          0x0800b721    0x6e  Code  Gb  etharp.o [1]
ethernetif_init         0x08011795    0x22  Code  Gb  ethernetif.o [1]
ethernetif_input        0x0801175f    0x36  Code  Gb  ethernetif.o [1]
ethzero                 0x080138a8     0x8  Data  Gb  etharp.o [1]
exit                    0x0801367f     0x4  Code  Gb  exit.o [3]
extract_uri_parameters  0x0800de1f    0x90  Code  Lc  httpd.o [1]
file__404_html          0x080136f8    0x14  Data  Gb  fs.o [1]
file__about_html        0x0801370c    0x14  Data  Gb  fs.o [1]
file__control_html      0x08013720    0x14  Data  Gb  fs.o [1]
file__img_bg_png        0x080136a8    0x14  Data  Gb  fs.o [1]
file__img_logo2_gif     0x080136d0    0x14  Data  Gb  fs.o [1]
file__img_logo_gif      0x080136bc    0x14  Data  Gb  fs.o [1]
file__img_logo_info1_gif
                        0x080136e4    0x14  Data  Gb  fs.o [1]
file__index_html        0x08013734    0x14  Data  Gb  fs.o [1]
file__test1_html        0x0801375c    0x14  Data  Gb  fs.o [1]
file__test_footer_plain
                        0x08013770    0x14  Data  Gb  fs.o [1]
file__test_header_html  0x08013784    0x14  Data  Gb  fs.o [1]
file__test_resive_shtml
                        0x08013798    0x14  Data  Gb  fs.o [1]
file__test_shtml        0x08013748    0x14  Data  Gb  fs.o [1]
file_mtx                0x200080a8    0x20  Data  Lc  xsyslock.o [3]
find_entry              0x0800ad67   0x27c  Code  Lc  etharp.o [1]
flags                   0x20008236     0x1  Data  Lc  tcp_in.o [1]
free                    0x0800d06d    0x82  Code  Gb  xxmemxfree.o [3]
free_etharp_q           0x0800ac8d    0x1e  Code  Lc  etharp.o [1]
fs_bytes_left           0x0800eba1     0x8  Code  Gb  fs.o [1]
fs_close                0x0800eb59     0xc  Code  Gb  fs.o [1]
fs_free                 0x0800eadd    0x28  Code  Lc  fs.o [1]
fs_malloc               0x0800eaa9    0x34  Code  Lc  fs.o [1]
fs_memory               0x20007d80    0xf0  Data  Gb  fs.o [1]
fs_open                 0x0800eb05    0x4c  Code  Gb  fs.o [1]
fs_read                 0x0800eb65    0x3c  Code  Gb  fs.o [1]
g_iNumCGIs              0x200081a0     0x4  Data  Gb  httpd.o [1]
g_iNumTags              0x20008194     0x4  Data  Gb  httpd.o [1]
g_pCGIs                 0x2000819c     0x4  Data  Gb  httpd.o [1]
g_pcSSIExtensions       0x20000050    0x10  Data  Gb  httpd.o [1]
g_pcTagLeadIn           0x08013954     0x4  Data  Gb  httpd.o [1]
g_pcTagLeadOut          0x08013958     0x4  Data  Gb  httpd.o [1]
g_pfnSSIHandler         0x20008190     0x4  Data  Gb  httpd.o [1]
g_ppcTags               0x20008198     0x4  Data  Gb  httpd.o [1]
g_psDefaultFilenames    0x080135f0    0x28  Data  Gb  httpd.o [1]
get_tag_insert          0x0800deaf    0xb8  Code  Lc  httpd.o [1]
htonl                   0x080078f7    0x18  Code  Gb  inet.o [1]
htons                   0x080078dd     0xc  Code  Gb  inet.o [1]
http_accept             0x0800e967    0x54  Code  Lc  httpd.o [1]
http_close_conn         0x0800ddcd    0x52  Code  Lc  httpd.o [1]
http_err                0x0800e835    0x14  Code  Lc  httpd.o [1]
http_find_file          0x0800e661   0x158  Code  Lc  httpd.o [1]
http_get_404_file       0x0800e4d9    0x42  Code  Lc  httpd.o [1]
http_init_file          0x0800e7b9    0x74  Code  Lc  httpd.o [1]
http_parse_request      0x0800e51b   0x146  Code  Lc  httpd.o [1]
http_poll               0x0800e86d    0x50  Code  Lc  httpd.o [1]
http_recv               0x0800e8bd    0xaa  Code  Lc  httpd.o [1]
http_send_data          0x0800df67   0x572  Code  Lc  httpd.o [1]
http_sent               0x0800e849    0x22  Code  Lc  httpd.o [1]
http_set_cgi_handlers   0x0800ea15     0xa  Code  Gb  httpd.o [1]
http_set_ssi_handler    0x0800ea07     0xe  Code  Gb  httpd.o [1]
http_state_alloc        0x0800dd0d    0x20  Code  Lc  httpd.o [1]
http_state_free         0x0800dd2d    0x30  Code  Lc  httpd.o [1]
http_write              0x0800dd5d    0x70  Code  Lc  httpd.o [1]
httpd_cgi_init          0x0800ee45    0x24  Code  Gb  httpd_cgi_ssi.o [1]
httpd_init              0x0800e9f5    0x12  Code  Gb  httpd.o [1]
httpd_init_addr         0x0800e9bb    0x3a  Code  Lc  httpd.o [1]
httpd_req_buf           0x20007668   0x400  Data  Lc  httpd.o [1]
httpd_ssi_init          0x0800ee27    0x1e  Code  Gb  httpd_cgi_ssi.o [1]
icmp_dest_unreach       0x0800abef    0x14  Code  Gb  icmp.o [1]
icmp_input              0x0800aa6d   0x182  Code  Gb  icmp.o [1]
icmp_send_response      0x0800ac17    0x76  Code  Lc  icmp.o [1]
icmp_time_exceeded      0x0800ac03    0x14  Code  Gb  icmp.o [1]
inet_chksum             0x0800b7f3    0x16  Code  Gb  inet_chksum.o [1]
inet_chksum_pbuf        0x0800b809    0x5c  Code  Gb  inet_chksum.o [1]
inseg                   0x20008150    0x14  Data  Lc  tcp_in.o [1]
ip_addr_any             0x0801395c     0x4  Data  Gb  ip_addr.o [1]
ip_addr_broadcast       0x08013960     0x4  Data  Gb  ip_addr.o [1]
ip_addr_isbroadcast     0x08007de9    0x54  Code  Gb  ip_addr.o [1]
ip_frag                 0x0800a4b1   0x17a  Code  Gb  ip_frag.o [1]
ip_input                0x08009a51   0x1fc  Code  Gb  ip.o [1]
ip_output               0x08009d91    0x44  Code  Gb  ip.o [1]
ip_output_if            0x08009c4d   0x12e  Code  Gb  ip.o [1]
ip_reass                0x0800a2f1   0x1c0  Code  Gb  ip_frag.o [1]
ip_reass_chain_frag_into_datagram_and_validate
                        0x0800a18b   0x166  Code  Lc  ip_frag.o [1]
ip_reass_dequeue_datagram
                        0x0800a163    0x28  Code  Lc  ip_frag.o [1]
ip_reass_enqueue_new_datagram
                        0x0800a109    0x5a  Code  Lc  ip_frag.o [1]
ip_reass_free_complete_datagram
                        0x08009ff5    0x8a  Code  Lc  ip_frag.o [1]
ip_reass_pbufcount      0x2000822e     0x2  Data  Lc  ip_frag.o [1]
ip_reass_remove_oldest_datagram
                        0x0800a07f    0x8a  Code  Lc  ip_frag.o [1]
ip_route                0x08009a01    0x50  Code  Gb  ip.o [1]
iphdr                   0x20008210     0x4  Data  Lc  tcp_in.o [1]
led_off_count           0x200081a8     0x4  Data  Gb  httpd_cgi_ssi.o [1]
led_on_count            0x200081a4     0x4  Data  Gb  httpd_cgi_ssi.o [1]
lfree                   0x200081c8     0x4  Data  Lc  mem.o [1]
localeconv              0x0800d9d3    0x16  Code  Gb  localeconv.o [3]
low_level_init          0x08011605    0x78  Code  Lc  ethernetif.o [1]
low_level_input         0x080116b7    0xa8  Code  Lc  ethernetif.o [1]
low_level_output        0x0801167d    0x3a  Code  Lc  ethernetif.o [1]
lwip_standard_chksum    0x0800b78f    0x64  Code  Lc  inet_chksum.o [1]
main                    0x080106bd    0x4e  Code  Gb  main.o [1]
malloc                  0x0800cf95    0xb6  Code  Gb  xxmemxmalloc.o [3]
mem_free                0x080096b1    0x38  Code  Gb  mem.o [1]
mem_init                0x0800965b    0x56  Code  Gb  mem.o [1]
mem_malloc              0x08009827    0xf4  Code  Gb  mem.o [1]
mem_realloc             0x080096e9   0x13e  Code  Gb  mem.o [1]
mem_sem                 0x20008233     0x1  Data  Lc  mem.o [1]
memchr                  0x0800cf31          Code  Gb  memchr.o [5]
memcmp                  0x0800bdb1          Code  Gb  memcmp.o [5]
memcpy                  0x08009931    0x16  Code  Gb  tcp_out.o [1]
memp_free               0x08008a53    0x1a  Code  Gb  memp.o [1]
memp_init               0x080089c5    0x66  Code  Gb  memp.o [1]
memp_malloc             0x08008a2b    0x28  Code  Gb  memp.o [1]
memp_memory             0x200028bc  0x2414  Data  Lc  memp.o [1]
memp_num                0x080137d4    0x14  Data  Lc  memp.o [1]
memp_sizes              0x080137c0    0x14  Data  Lc  memp.o [1]
memp_tab                0x200080dc    0x24  Data  Lc  memp.o [1]
memset                  0x080099eb    0x16  Code  Gb  udp.o [1]
mtx                     0x200080c8    0x14  Data  Lc  xsyslock.o [3]
netif                   0x2000806c    0x38  Data  Gb  netconf.o [1]
netif_add               0x08009e5d    0x74  Code  Gb  netif.o [1]
netif_default           0x200081d8     0x4  Data  Gb  netif.o [1]
netif_is_up             0x08009fe1     0xa  Code  Gb  netif.o [1]
netif_list              0x200081d4     0x4  Data  Gb  netif.o [1]
netif_set_addr          0x08009ed1    0x24  Code  Gb  netif.o [1]
netif_set_default       0x08009f83     0x6  Code  Gb  netif.o [1]
netif_set_down          0x08009fcb    0x16  Code  Gb  netif.o [1]
netif_set_gw            0x08009f67     0xe  Code  Gb  netif.o [1]
netif_set_ipaddr        0x08009ef5    0x72  Code  Gb  netif.o [1]
netif_set_netmask       0x08009f75     0xe  Code  Gb  netif.o [1]
netif_set_up            0x08009fa1    0x2a  Code  Gb  netif.o [1]
ntohl                   0x0800790f     0xc  Code  Gb  inet.o [1]
ntohs                   0x080078e9     0xe  Code  Gb  inet.o [1]
pbuf_alloc              0x0800791b   0x192  Code  Gb  pbuf.o [1]
pbuf_cat                0x08007c45    0x2e  Code  Gb  pbuf.o [1]
pbuf_chain              0x08007c73    0x16  Code  Gb  pbuf.o [1]
pbuf_clen               0x08007c25    0x14  Code  Gb  pbuf.o [1]
pbuf_copy               0x08007c89    0xbe  Code  Gb  pbuf.o [1]
pbuf_copy_partial       0x08007d47    0xa2  Code  Gb  pbuf.o [1]
pbuf_free               0x08007bb5    0x70  Code  Gb  pbuf.o [1]
pbuf_header             0x08007b19    0x9c  Code  Gb  pbuf.o [1]
pbuf_realloc            0x08007aad    0x6c  Code  Gb  pbuf.o [1]
pbuf_ref                0x08007c39     0xc  Code  Gb  pbuf.o [1]
plug_holes              0x080095e5    0x76  Code  Lc  mem.o [1]
ram                     0x200081c0     0x4  Data  Lc  mem.o [1]
ram_end                 0x200081c4     0x4  Data  Lc  mem.o [1]
ram_heap                0x200000a8  0x2814  Data  Lc  mem.o [1]
raw_input               0x0800a639    0x82  Code  Gb  raw.o [1]
raw_pcbs                0x200081dc     0x4  Data  Lc  raw.o [1]
rbuf                    0x20007a68   0x108  Data  Lc  stm32f2xx_it.o [1]
reassdatagrams          0x200081b4     0x4  Data  Lc  ip_frag.o [1]
recv_data               0x2000821c     0x4  Data  Lc  tcp_in.o [1]
recv_flags              0x20008237     0x1  Data  Lc  tcp_in.o [1]
seqno                   0x20008214     0x4  Data  Lc  tcp_in.o [1]
sprintf                 0x0800f521    0x34  Code  Gb  sprintf.o [3]
strchr                  0x0800cee1          Code  Gb  strchr.o [5]
strcmp                  0x0800eba9          Code  Gb  strcmp.o [5]
strlen                  0x0800cef9          Code  Gb  strlen.o [5]
strncmp                 0x0800ea7d    0x2a  Code  Gb  strncmp.o [3]
strnstr                 0x0800dcbd    0x50  Code  Lc  httpd.o [1]
strstr                  0x0800ebeb    0x10  Code  Gb  httpd.o [1]
syslock_o               0x200080a4     0x4  Data  Lc  xsyslock.o [3]
tbuf                    0x20007b70   0x108  Data  Lc  stm32f2xx_it.o [1]
tbuf1                   0x20007c78   0x108  Data  Lc  stm32f2xx_it.o [1]
tcp_abandon             0x08007f81    0xb6  Code  Gb  tcp.o [1]
tcp_accept              0x0800887f     0x4  Code  Gb  tcp.o [1]
tcp_accept_null         0x08008153     0x8  Code  Lc  tcp.o [1]
tcp_active_pcbs         0x20008200     0x4  Data  Gb  tcp.o [1]
tcp_alloc               0x080087a7    0xb8  Code  Gb  tcp.o [1]
tcp_arg                 0x08008869     0x4  Code  Gb  tcp.o [1]
tcp_backoff             0x08013808    0x10  Data  Gb  tcp.o [1]
tcp_bind                0x08008037   0x11c  Code  Gb  tcp.o [1]
tcp_bound_pcbs          0x200081f8     0x4  Data  Gb  tcp.o [1]
tcp_close               0x08007e5b   0x126  Code  Gb  tcp.o [1]
tcp_eff_send_mss        0x08008957    0x2e  Code  Gb  tcp.o [1]
tcp_enqueue             0x08008b7f   0x460  Code  Gb  tcp_out.o [1]
tcp_err                 0x08008879     0x6  Code  Gb  tcp.o [1]
tcp_fasttmr             0x0800861d    0x72  Code  Gb  tcp.o [1]
tcp_input               0x08006539   0x4ea  Code  Gb  tcp_in.o [1]
tcp_input_pcb           0x20008220     0x4  Data  Gb  tcp_in.o [1]
tcp_keepalive           0x080094eb    0x46  Code  Gb  tcp_out.o [1]
tcp_kill_prio           0x0800870b    0x5e  Code  Lc  tcp.o [1]
tcp_kill_timewait       0x08008769    0x3e  Code  Lc  tcp.o [1]
tcp_listen_input        0x08006a23   0x146  Code  Lc  tcp_in.o [1]
tcp_listen_pcbs         0x200081fc     0x4  Data  Gb  tcp.o [1]
tcp_listen_with_backlog
                        0x0800815b    0xd2  Code  Gb  tcp.o [1]
tcp_new                 0x0800885f     0xa  Code  Gb  tcp.o [1]
tcp_new_port            0x080082b7    0x7c  Code  Lc  tcp.o [1]
tcp_next_iss            0x08008943    0x14  Code  Gb  tcp.o [1]
tcp_output              0x08009043   0x208  Code  Gb  tcp_out.o [1]
tcp_output_segment      0x0800924b    0xcc  Code  Lc  tcp_out.o [1]
tcp_output_set_header   0x08008a7d    0x96  Code  Lc  tcp_out.o [1]
tcp_parseopt            0x080077e5    0xd0  Code  Lc  tcp_in.o [1]
tcp_pcb_purge           0x0800888d    0x3a  Code  Gb  tcp.o [1]
tcp_pcb_remove          0x080088c7    0x7c  Code  Gb  tcp.o [1]
tcp_persist_backoff     0x08013948     0x8  Data  Gb  tcp.o [1]
tcp_poll                0x08008883     0xa  Code  Gb  tcp.o [1]
tcp_process             0x08006c1d   0x550  Code  Lc  tcp_in.o [1]
tcp_receive             0x080071a1   0x644  Code  Lc  tcp_in.o [1]
tcp_recv                0x0800886d     0x6  Code  Gb  tcp.o [1]
tcp_recv_null           0x080086db    0x30  Code  Gb  tcp.o [1]
tcp_recved              0x08008277    0x40  Code  Gb  tcp.o [1]
tcp_rexmit              0x08009423    0x52  Code  Gb  tcp_out.o [1]
tcp_rexmit_fast         0x08009475    0x76  Code  Gb  tcp_out.o [1]
tcp_rexmit_rto          0x080093e9    0x3a  Code  Gb  tcp_out.o [1]
tcp_rst                 0x08009325    0xc4  Code  Gb  tcp_out.o [1]
tcp_seg_free            0x080086b1    0x26  Code  Gb  tcp.o [1]
tcp_segs_free           0x0800868f    0x22  Code  Gb  tcp.o [1]
tcp_send_ctrl           0x08008b13    0x20  Code  Gb  tcp_out.o [1]
tcp_send_empty_ack      0x08008fdf    0x64  Code  Gb  tcp_out.o [1]
tcp_sent                0x08008873     0x6  Code  Gb  tcp.o [1]
tcp_setprio             0x080086d7     0x4  Code  Gb  tcp.o [1]
tcp_slowtmr             0x08008333   0x2ea  Code  Gb  tcp.o [1]
tcp_ticks               0x200081f4     0x4  Data  Gb  tcp.o [1]
tcp_timer               0x20008235     0x1  Data  Lc  tcp.o [1]
tcp_timewait_input      0x08006b69    0xb4  Code  Lc  tcp_in.o [1]
tcp_tmp_pcb             0x20008208     0x4  Data  Gb  tcp.o [1]
tcp_tmr                 0x08007e3d    0x1e  Code  Gb  tcp.o [1]
tcp_tw_pcbs             0x20008204     0x4  Data  Gb  tcp.o [1]
tcp_update_rcv_ann_wnd  0x0800822d    0x4a  Code  Gb  tcp.o [1]
tcp_write               0x08008b33    0x4c  Code  Gb  tcp_out.o [1]
tcp_zero_window_probe   0x08009531    0xb4  Code  Gb  tcp_out.o [1]
tcphdr                  0x2000820c     0x4  Data  Lc  tcp_in.o [1]
tcplen                  0x20008230     0x2  Data  Lc  tcp_in.o [1]
timingdelay             0x200081bc     0x4  Data  Gb  main.o [1]
tx_restart              0x20000098     0x4  Data  Lc  stm32f2xx_it.o [1]
tx_restart1             0x2000009c     0x4  Data  Lc  stm32f2xx_it.o [1]
udp_bind                0x0800a9e7    0x82  Code  Gb  udp.o [1]
udp_input               0x0800a6c1   0x23a  Code  Gb  udp.o [1]
udp_pcbs                0x20008224     0x4  Data  Gb  udp.o [1]
udp_sendto_if           0x0800a8fb    0xec  Code  Gb  udp.o [1]
update_arp_entry        0x0800b041   0x12a  Code  Lc  etharp.o [1]


[1] = C:\temp\stm32f2x7_eth_lwip\STM32F2x7_ETH_LwIP_V1.1.0\Project\Standalone\httpserver\EWARM\STM322xG_EVAL\Obj
[2] = command line
[3] = dl7M_tlf.a
[4] = m7M_tl.a
[5] = rt7M_tl.a
[6] = shb_l.a

  46 902 bytes of readonly  code memory
  33 866 bytes of readonly  data memory
  34 872 bytes of readwrite data memory

Errors: none
Warnings: none
