Archive member included because of file (symbol)

./../../lib/libuip-1.0.a(uip_handler.o)
                              main.o (uip_handler_recv)
./../../lib/libuip-1.0.a(uip_timer.o)
                              ./../../lib/libuip-1.0.a(uip_handler.o) (timer_reset)
./../../lib/libuip-1.0.a(dhcpc.o)
                              ./../../lib/libuip-1.0.a(uip_handler.o) (dhcpc_init)
./../../lib/libuip-1.0.a(httpd.o)
                              ./../../lib/libuip-1.0.a(uip_handler.o) (httpd_appcall)
./../../lib/libuip-1.0.a(httpd-cgi.o)
                              ./../../lib/libuip-1.0.a(httpd.o) (httpd_cgi)
./../../lib/libuip-1.0.a(httpd-fs.o)
                              ./../../lib/libuip-1.0.a(httpd.o) (httpd_fs_open)
./../../lib/libuip-1.0.a(http-strings.o)
                              ./../../lib/libuip-1.0.a(httpd.o) (http_get)
./../../lib/libuip-1.0.a(psock.o)
                              ./../../lib/libuip-1.0.a(httpd.o) (psock_send)
./../../lib/libuip-1.0.a(sntp.o)
                              ./../../lib/libuip-1.0.a(uip_handler.o) (sntpSync)
./../../lib/libuip-1.0.a(telnetd.o)
                              ./../../lib/libuip-1.0.a(uip_handler.o) (telnetd_init)
./../../lib/libuip-1.0.a(uip_arp.o)
                              ./../../lib/libuip-1.0.a(uip_handler.o) (uip_arp_init)
./../../lib/libuip-1.0.a(uip.o)
                              ./../../lib/libuip-1.0.a(uip_handler.o) (uip_conn)
./../../lib/libuip-1.0.a(memb.o)
                              ./../../lib/libuip-1.0.a(telnetd.o) (memb_init)
./../../lib/libuip-1.0.a(shell.o)
                              ./../../lib/libuip-1.0.a(telnetd.o) (shell_init)
./../../lib/libuip-1.0.a(uip_arch.o)
                              ./../../lib/libuip-1.0.a(uip.o) (uip_add32)
./../../lib/libethernet.a(stm32_eth.o)
                              sys_init.o (ETH_DeInit)
./../../lib/libfreertos-6.0.2.a(port.o)
                              crt.o (vPortSVCHandler)
./../../lib/libfreertos-6.0.2.a(queue.o)
                              main.o (xQueueCreate)
./../../lib/libfreertos-6.0.2.a(tasks.o)
                              main.o (xTaskGenericCreate)
./../../lib/libfreertos-6.0.2.a(list.o)
                              ./../../lib/libfreertos-6.0.2.a(queue.o) (vListInitialise)
./../../lib/libfreertos-6.0.2.a(mmgr.o)
                              ./../../lib/libfreertos-6.0.2.a(queue.o) (pvPortMalloc)
./../../lib/libhardware.a(misc.o)
                              can_test.o (NVIC_PriorityGroupConfig)
./../../lib/libhardware.a(stm32f10x_can.o)
                              can_test.o (CAN_DeInit)
./../../lib/libhardware.a(stm32f10x_flash.o)
                              sys_init.o (FLASH_SetLatency)
./../../lib/libhardware.a(stm32f10x_gpio.o)
                              can_test.o (GPIO_Init)
./../../lib/libhardware.a(stm32f10x_rcc.o)
                              sys_init.o (RCC_DeInit)
./../../lib/libhardware.a(stm32f10x_tim.o)
                              timer.o (TIM_DeInit)
./../../lib/libcmsis.a(system_stm32f10x.o)
                              sys_init.o (SystemInit)
/opt/kgp_arm_eabi/lib/gcc/arm-kgp-eabi/4.5.0/../../../../arm-kgp-eabi/lib/thumb/cortex-m3/libc.a(lib_a-atoi.o)
                              ./../../lib/libuip-1.0.a(shell.o) (atoi)
/opt/kgp_arm_eabi/lib/gcc/arm-kgp-eabi/4.5.0/../../../../arm-kgp-eabi/lib/thumb/cortex-m3/libc.a(lib_a-memcmp.o)
                              ./../../lib/libuip-1.0.a(dhcpc.o) (memcmp)
/opt/kgp_arm_eabi/lib/gcc/arm-kgp-eabi/4.5.0/../../../../arm-kgp-eabi/lib/thumb/cortex-m3/libc.a(lib_a-memcpy.o)
                              ./../../lib/libuip-1.0.a(dhcpc.o) (memcpy)
/opt/kgp_arm_eabi/lib/gcc/arm-kgp-eabi/4.5.0/../../../../arm-kgp-eabi/lib/thumb/cortex-m3/libc.a(lib_a-memset.o)
                              ./../../lib/libuip-1.0.a(dhcpc.o) (memset)
/opt/kgp_arm_eabi/lib/gcc/arm-kgp-eabi/4.5.0/../../../../arm-kgp-eabi/lib/thumb/cortex-m3/libc.a(lib_a-printf.o)
                              ./../../lib/libuip-1.0.a(uip.o) (printf)
/opt/kgp_arm_eabi/lib/gcc/arm-kgp-eabi/4.5.0/../../../../arm-kgp-eabi/lib/thumb/cortex-m3/libc.a(lib_a-snprintf.o)
                              ./../../lib/libuip-1.0.a(httpd-cgi.o) (snprintf)
/opt/kgp_arm_eabi/lib/gcc/arm-kgp-eabi/4.5.0/../../../../arm-kgp-eabi/lib/thumb/cortex-m3/libc.a(lib_a-sprintf.o)
                              ./../../lib/libuip-1.0.a(shell.o) (sprintf)
/opt/kgp_arm_eabi/lib/gcc/arm-kgp-eabi/4.5.0/../../../../arm-kgp-eabi/lib/thumb/cortex-m3/libc.a(lib_a-strcat.o)
                              ./../../lib/libfreertos-6.0.2.a(tasks.o) (strcat)
/opt/kgp_arm_eabi/lib/gcc/arm-kgp-eabi/4.5.0/../../../../arm-kgp-eabi/lib/thumb/cortex-m3/libc.a(lib_a-strchr.o)
                              ./../../lib/libuip-1.0.a(httpd.o) (strchr)
/opt/kgp_arm_eabi/lib/gcc/arm-kgp-eabi/4.5.0/../../../../arm-kgp-eabi/lib/thumb/cortex-m3/libc.a(lib_a-strcpy.o)
                              ./../../lib/libuip-1.0.a(httpd.o) (strcpy)
[...]
Memory Configuration

Name             Origin             Length             Attributes
flash            0x0000000008000000 0x0000000000040000 xr
ram              0x0000000020000000 0x0000000000010000 xrw
*default*        0x0000000000000000 0xffffffffffffffff

Linker script and memory map

LOAD can_test.o
LOAD crt.o
LOAD main.o
LOAD rtl8201cp.o
LOAD stm32f10x_it.o
LOAD syscalls.o
LOAD sys_init.o
LOAD timer.o
LOAD ./../../lib/libuip-1.0.a
LOAD ./../../lib/libethernet.a
LOAD ./../../lib/libfreertos-6.0.2.a
LOAD ./../../lib/libhardware.a
LOAD ./../../lib/libcmsis.a
LOAD /opt/kgp_arm_eabi/lib/gcc/arm-kgp-eabi/4.5.0/../../../../arm-kgp-eabi/lib/thumb/cortex-m3/libm.a
START GROUP
LOAD /opt/kgp_arm_eabi/lib/gcc/arm-kgp-eabi/4.5.0/thumb/cortex-m3/libgcc.a
LOAD /opt/kgp_arm_eabi/lib/gcc/arm-kgp-eabi/4.5.0/../../../../arm-kgp-eabi/lib/thumb/cortex-m3/libc.a
END GROUP
                0x000000002000ffff                _stack_end_ = 0x2000ffff
                0x0000000000000000                . = 0x0

.text           0x0000000008000000    0x26934
                0x0000000008000000                . = ALIGN (0x4)
 *(.flash_vec_table)
 .flash_vec_table
                0x0000000008000000      0x1e4 crt.o
                0x0000000008000000                flash_vec_table
 *(.text)
 .text          0x00000000080001e4      0x370 /opt/kgp_arm_eabi/lib/gcc/arm-kgp-eabi/4.5.0/thumb/cortex-m3/libgcc.a(_arm_addsubdf3.o)
                0x00000000080001e4                __aeabi_drsub
                0x00000000080001ec                __aeabi_dsub
                0x00000000080001ec                __subdf3
                0x00000000080001f0                __adddf3
                0x00000000080001f0                __aeabi_dadd
                0x0000000008000468                __aeabi_ui2d
                0x0000000008000468                __floatunsidf
                0x0000000008000488                __floatsidf
                0x0000000008000488                __aeabi_i2d
                0x00000000080004ac                __extendsfdf2
                0x00000000080004ac                __aeabi_f2d
                0x00000000080004e8                __aeabi_ul2d
                0x00000000080004e8                __floatundidf
                0x00000000080004f8                __floatdidf
                0x00000000080004f8                __aeabi_l2d
 .text          0x0000000008000554      0x424 /opt/kgp_arm_eabi/lib/gcc/arm-kgp-eabi/4.5.0/thumb/cortex-m3/libgcc.a(_arm_muldivdf3.o)
                0x0000000008000554                __aeabi_dmul
                0x0000000008000554                __muldf3
                0x00000000080007a8                __aeabi_ddiv
                0x00000000080007a8                __divdf3
 .text          0x0000000008000978      0x110 /opt/kgp_arm_eabi/lib/gcc/arm-kgp-eabi/4.5.0/thumb/cortex-m3/libgcc.a(_arm_cmpdf2.o)
                0x0000000008000978                __gtdf2
                0x0000000008000978                __gedf2
                0x0000000008000980                __ltdf2
                0x0000000008000980                __ledf2
                0x0000000008000988                __cmpdf2
                0x0000000008000988                __eqdf2
                0x0000000008000988                __nedf2
                0x0000000008000a04                __aeabi_cdrcmple
                0x0000000008000a14                __aeabi_cdcmple
                0x0000000008000a14                __aeabi_cdcmpeq
                0x0000000008000a24                __aeabi_dcmpeq
                0x0000000008000a38                __aeabi_dcmplt
                0x0000000008000a4c                __aeabi_dcmple
                0x0000000008000a60                __aeabi_dcmpge
                0x0000000008000a74                __aeabi_dcmpgt
 .text          0x0000000008000a88       0x50 /opt/kgp_arm_eabi/lib/gcc/arm-kgp-eabi/4.5.0/thumb/cortex-m3/libgcc.a(_arm_fixdfsi.o)
                0x0000000008000a88                __fixdfsi
                0x0000000008000a88                __aeabi_d2iz
 *(.text*)
 .text.can_deinit
                0x0000000008000ad8       0x6c can_test.o
                0x0000000008000ad8                can_deinit
 .text.can_init
                0x0000000008000b44      0x158 can_test.o
                0x0000000008000b44                can_init
 .text.can_tx   0x0000000008000c9c       0x5c can_test.o
                0x0000000008000c9c                can_tx
 .text.can_test
                0x0000000008000cf8       0x68 can_test.o
                0x0000000008000cf8                can_test
 .text.crt_init
                0x0000000008000d60       0x68 crt.o
                0x0000000008000d60                crt_init
 .text.Reset_Handler
                0x0000000008000dc8       0x28 crt.o
                0x0000000008000dc8                Reset_Handler
 .text.uip_periodic_task
                0x0000000008000df0       0x44 main.o
                0x0000000008000df0                uip_periodic_task
 .text.uip_recv_task
                0x0000000008000e34       0x54 main.o
                0x0000000008000e34                uip_recv_task
 .text.vApplicationIdleHook
                0x0000000008000e88       0x2c main.o
                0x0000000008000e88                vApplicationIdleHook
 .text.vApplicationTickHook
                0x0000000008000eb4        0x2 main.o
                0x0000000008000eb4                vApplicationTickHook
 .text.vApplicationStackOverflowHook
                0x0000000008000eb6        0x6 main.o
                0x0000000008000eb6                vApplicationStackOverflowHook
 .text.main     0x0000000008000ebc       0x68 main.o
                0x0000000008000ebc                main
 .text.rtl8201cp_read_regs
                0x0000000008000f24      0x108 rtl8201cp.o
                0x0000000008000f24                rtl8201cp_read_regs
 .text.NMIExceptionHandler
                0x000000000800102c        0x2 stm32f10x_it.o
                0x000000000800102c                NMIExceptionHandler
 .text.HardFaultExceptionHandler
                0x000000000800102e       0x16 stm32f10x_it.o
                0x000000000800102e                HardFaultExceptionHandler
 .text.MemManageExceptionHandler
                0x0000000008001044        0x4 stm32f10x_it.o
                0x0000000008001044                MemManageExceptionHandler
 .text.BusFaultExceptionHandler
                0x0000000008001048        0x4 stm32f10x_it.o
                0x0000000008001048                BusFaultExceptionHandler
 .text.UsageFaultExceptionHandler
                0x000000000800104c        0x4 stm32f10x_it.o
                0x000000000800104c                UsageFaultExceptionHandler
 .text.DebugMonitorHandler
                0x0000000008001050        0x0 stm32f10x_it.o
                0x0000000008001050                DebugMonitorHandler
 .text.WWDG_IRQHandler
                0x0000000008001050        0x2 stm32f10x_it.o
                0x0000000008001050                WWDG_IRQHandler
 .text.PVD_IRQHandler
                0x0000000008001052        0x2 stm32f10x_it.o
                0x0000000008001052                PVD_IRQHandler
 .text.TAMPER_IRQHandler
                0x0000000008001054        0x2 stm32f10x_it.o
                0x0000000008001054                TAMPER_IRQHandler
 .text.RTC_IRQHandler
                0x0000000008001056        0x2 stm32f10x_it.o
                0x0000000008001056                RTC_IRQHandler
 .text.FLASH_IRQHandler
                0x0000000008001058        0x2 stm32f10x_it.o
                0x0000000008001058                FLASH_IRQHandler
 .text.RCC_IRQHandler
                0x000000000800105a        0x2 stm32f10x_it.o
                0x000000000800105a                RCC_IRQHandler
 .text.EXTI0_IRQHandler
                0x000000000800105c        0x2 stm32f10x_it.o
                0x000000000800105c                EXTI0_IRQHandler
 .text.EXTI1_IRQHandler
                0x000000000800105e        0x2 stm32f10x_it.o
                0x000000000800105e                EXTI1_IRQHandler
 .text.EXTI2_IRQHandler
                0x0000000008001060        0x2 stm32f10x_it.o
                0x0000000008001060                EXTI2_IRQHandler
 .text.EXTI3_IRQHandler
                0x0000000008001062        0x2 stm32f10x_it.o
                0x0000000008001062                EXTI3_IRQHandler
 .text.EXTI4_IRQHandler
                0x0000000008001064        0x2 stm32f10x_it.o
                0x0000000008001064                EXTI4_IRQHandler
 .text.DMA1_Channel1_IRQHandler
                0x0000000008001066        0x2 stm32f10x_it.o
                0x0000000008001066                DMA1_Channel1_IRQHandler
 .text.DMA1_Channel2_IRQHandler
                0x0000000008001068        0x2 stm32f10x_it.o
                0x0000000008001068                DMA1_Channel2_IRQHandler
 .text.DMA1_Channel3_IRQHandler
                0x000000000800106a        0x2 stm32f10x_it.o
                0x000000000800106a                DMA1_Channel3_IRQHandler
 .text.DMA1_Channel4_IRQHandler
                0x000000000800106c        0x2 stm32f10x_it.o
                0x000000000800106c                DMA1_Channel4_IRQHandler
 .text.DMA1_Channel5_IRQHandler
                0x000000000800106e        0x2 stm32f10x_it.o
                0x000000000800106e                DMA1_Channel5_IRQHandler
 .text.DMA1_Channel6_IRQHandler
                0x0000000008001070        0x2 stm32f10x_it.o
                0x0000000008001070                DMA1_Channel6_IRQHandler
 .text.DMA1_Channel7_IRQHandler
                0x0000000008001072        0x2 stm32f10x_it.o
                0x0000000008001072                DMA1_Channel7_IRQHandler
 .text.ADC1_2_IRQHandler
                0x0000000008001074        0x2 stm32f10x_it.o
                0x0000000008001074                ADC1_2_IRQHandler
 .text.CAN1_TX_IRQHandler
                0x0000000008001076        0x2 stm32f10x_it.o
                0x0000000008001076                CAN1_TX_IRQHandler
 .text.CAN1_RX0_IRQHandler
                0x0000000008001078       0x44 stm32f10x_it.o
                0x0000000008001078                CAN1_RX0_IRQHandler
 .text.CAN1_RX1_IRQHandler
                0x00000000080010bc        0x2 stm32f10x_it.o
                0x00000000080010bc                CAN1_RX1_IRQHandler
 .text.CAN1_SCE_IRQHandler
                0x00000000080010be        0x2 stm32f10x_it.o
                0x00000000080010be                CAN1_SCE_IRQHandler
 .text.EXTI9_5_IRQHandler
                0x00000000080010c0        0x2 stm32f10x_it.o
                0x00000000080010c0                EXTI9_5_IRQHandler
 .text.TIM1_BRK_IRQHandler
                0x00000000080010c2        0x2 stm32f10x_it.o
                0x00000000080010c2                TIM1_BRK_IRQHandler
 .text.TIM1_UP_IRQHandler
                0x00000000080010c4        0x2 stm32f10x_it.o
                0x00000000080010c4                TIM1_UP_IRQHandler
 .text.TIM1_TRG_COM_IRQHandler
                0x00000000080010c6        0x2 stm32f10x_it.o
                0x00000000080010c6                TIM1_TRG_COM_IRQHandler
 .text.TIM1_CC_IRQHandler
                0x00000000080010c8        0x2 stm32f10x_it.o
                0x00000000080010c8                TIM1_CC_IRQHandler
 .text.TIM3_IRQHandler
                0x00000000080010ca        0x2 stm32f10x_it.o
                0x00000000080010ca                TIM3_IRQHandler
 .text.TIM4_IRQHandler
                0x00000000080010cc        0x2 stm32f10x_it.o
                0x00000000080010cc                TIM4_IRQHandler
 .text.I2C1_EV_IRQHandler
                0x00000000080010ce        0x2 stm32f10x_it.o
                0x00000000080010ce                I2C1_EV_IRQHandler
 .text.I2C1_ER_IRQHandler
                0x00000000080010d0        0x2 stm32f10x_it.o
                0x00000000080010d0                I2C1_ER_IRQHandler
 .text.I2C2_EV_IRQHandler
                0x00000000080010d2        0x2 stm32f10x_it.o
                0x00000000080010d2                I2C2_EV_IRQHandler
 .text.I2C2_ER_IRQHandler
                0x00000000080010d4        0x2 stm32f10x_it.o
                0x00000000080010d4                I2C2_ER_IRQHandler
 .text.SPI1_IRQHandler
                0x00000000080010d6        0x2 stm32f10x_it.o
                0x00000000080010d6                SPI1_IRQHandler
 .text.SPI2_IRQHandler
                0x00000000080010d8        0x2 stm32f10x_it.o
                0x00000000080010d8                SPI2_IRQHandler
 .text.USART1_IRQHandler
                0x00000000080010da        0x2 stm32f10x_it.o
                0x00000000080010da                USART1_IRQHandler
 .text.USART2_IRQHandler
                0x00000000080010dc        0x2 stm32f10x_it.o
                0x00000000080010dc                USART2_IRQHandler
 .text.USART3_IRQHandler
                0x00000000080010de        0x2 stm32f10x_it.o
                0x00000000080010de                USART3_IRQHandler
 .text.EXTI15_10_IRQHandler
                0x00000000080010e0        0x2 stm32f10x_it.o
                0x00000000080010e0                EXTI15_10_IRQHandler
 .text.RTCAlarm_IRQHandler
                0x00000000080010e2        0x2 stm32f10x_it.o
                0x00000000080010e2                RTCAlarm_IRQHandler
 .text.OTG_FS_WKUP_IRQHandler
                0x00000000080010e4        0x2 stm32f10x_it.o
                0x00000000080010e4                OTG_FS_WKUP_IRQHandler
 .text.TIM5_IRQHandler
                0x00000000080010e6        0x2 stm32f10x_it.o
                0x00000000080010e6                TIM5_IRQHandler
 .text.SPI3_IRQHandler
                0x00000000080010e8        0x2 stm32f10x_it.o
                0x00000000080010e8                SPI3_IRQHandler
 .text.UART4_IRQHandler
                0x00000000080010ea        0x2 stm32f10x_it.o
                0x00000000080010ea                UART4_IRQHandler
 .text.UART5_IRQHandler
                0x00000000080010ec        0x2 stm32f10x_it.o
                0x00000000080010ec                UART5_IRQHandler
 .text.TIM6_IRQHandler
                0x00000000080010ee        0x2 stm32f10x_it.o
                0x00000000080010ee                TIM6_IRQHandler
 .text.TIM7_IRQHandler
                0x00000000080010f0        0x2 stm32f10x_it.o
                0x00000000080010f0                TIM7_IRQHandler
 .text.DMA2_Channel1_IRQHandler
                0x00000000080010f2        0x2 stm32f10x_it.o
                0x00000000080010f2                DMA2_Channel1_IRQHandler
 .text.DMA2_Channel2_IRQHandler
                0x00000000080010f4        0x2 stm32f10x_it.o
                0x00000000080010f4                DMA2_Channel2_IRQHandler
 .text.DMA2_Channel3_IRQHandler
                0x00000000080010f6        0x2 stm32f10x_it.o
                0x00000000080010f6                DMA2_Channel3_IRQHandler
 .text.DMA2_Channel4_IRQHandler
                0x00000000080010f8        0x2 stm32f10x_it.o
                0x00000000080010f8                DMA2_Channel4_IRQHandler
 .text.DMA2_Channel5_IRQHandler
                0x00000000080010fa        0x2 stm32f10x_it.o
                0x00000000080010fa                DMA2_Channel5_IRQHandler
 .text.ETH_IRQHandler
                0x00000000080010fc       0x20 stm32f10x_it.o
                0x00000000080010fc                ETH_IRQHandler
 .text.ETH_WKUP_IRQHandler
                0x000000000800111c        0x2 stm32f10x_it.o
                0x000000000800111c                ETH_WKUP_IRQHandler
 .text.CAN2_TX_IRQHandler
                0x000000000800111e        0x2 stm32f10x_it.o
                0x000000000800111e                CAN2_TX_IRQHandler
 .text.CAN2_RX0_IRQHandler
                0x0000000008001120       0x44 stm32f10x_it.o
                0x0000000008001120                CAN2_RX0_IRQHandler
 .text.CAN2_RX1_IRQHandler
                0x0000000008001164        0x2 stm32f10x_it.o
                0x0000000008001164                CAN2_RX1_IRQHandler
 .text.CAN2_SCE_IRQHandler
                0x0000000008001166        0x2 stm32f10x_it.o
                0x0000000008001166                CAN2_SCE_IRQHandler
 .text.OTG_FS_IRQHandler
                0x0000000008001168        0x2 stm32f10x_it.o
                0x0000000008001168                OTG_FS_IRQHandler
 .text.BootRAM  0x000000000800116a        0x2 stm32f10x_it.o
                0x000000000800116a                BootRAM
 .text._sbrk_r  0x000000000800116c        0x4 syscalls.o
                0x000000000800116c                _sbrk_r
 .text.sys_init
                0x0000000008001170      0x1e4 sys_init.o
                0x0000000008001170                sys_init
 .text.vSetupHighFrequencyTimer
                0x0000000008001354       0xac timer.o
                0x0000000008001354                vSetupHighFrequencyTimer
 .text.TIM2_IRQHandler
                0x0000000008001400       0x64 timer.o
                0x0000000008001400                TIM2_IRQHandler
 .text.uipAutoSNTPTimeSynced
                0x0000000008001464        0x2 ./../../lib/libuip-1.0.a(uip_handler.o)
 *fill*         0x0000000008001466        0x2 00
 .text.TransmitPacket
                0x0000000008001468       0x4c ./../../lib/libuip-1.0.a(uip_handler.o)
                0x0000000008001468                TransmitPacket
 .text.uip_handler_recv
                0x00000000080014b4       0x68 ./../../lib/libuip-1.0.a(uip_handler.o)
                0x00000000080014b4                uip_handler_recv
 .text.uip_handler_periodic
                0x000000000800151c       0x80 ./../../lib/libuip-1.0.a(uip_handler.o)
                0x000000000800151c                uip_handler_periodic
 .text.dispatch_tcp_appcall
                0x000000000800159c       0x28 ./../../lib/libuip-1.0.a(uip_handler.o)
                0x000000000800159c                dispatch_tcp_appcall
 .text.dispatch_udp_appcall
                0x00000000080015c4       0x2c ./../../lib/libuip-1.0.a(uip_handler.o)
                0x00000000080015c4                dispatch_udp_appcall
 .text.dhcpc_configured
                0x00000000080015f0       0xa8 ./../../lib/libuip-1.0.a(uip_handler.o)
                0x00000000080015f0                dhcpc_configured
 .text.uip_startup
                0x0000000008001698       0x34 ./../../lib/libuip-1.0.a(uip_handler.o)
                0x0000000008001698                uip_startup
 .text.timer_set
                0x00000000080016cc        0xe ./../../lib/libuip-1.0.a(uip_timer.o)
                0x00000000080016cc                timer_set
 .text.timer_reset
                0x00000000080016da        0xa ./../../lib/libuip-1.0.a(uip_timer.o)
                0x00000000080016da                timer_reset
 .text.timer_expired
                0x00000000080016e4       0x18 ./../../lib/libuip-1.0.a(uip_timer.o)
                0x00000000080016e4                timer_expired
 .text.create_msg
                0x00000000080016fc       0xb4 ./../../lib/libuip-1.0.a(dhcpc.o)
 .text.parse_msg
                0x00000000080017b0       0xf0 ./../../lib/libuip-1.0.a(dhcpc.o)
 .text.dhcpc_init
                0x00000000080018a0       0x44 ./../../lib/libuip-1.0.a(dhcpc.o)
                0x00000000080018a0                dhcpc_init
 .text.dhcpc_appcall
                0x00000000080018e4      0x208 ./../../lib/libuip-1.0.a(dhcpc.o)
                0x00000000080018e4                dhcpc_appcall
 .text.dhcpc_request
                0x0000000008001aec       0x18 ./../../lib/libuip-1.0.a(dhcpc.o)
                0x0000000008001aec                dhcpc_request
 .text.send_headers
                0x0000000008001b04      0x17c ./../../lib/libuip-1.0.a(httpd.o)
 .text.send_file
                0x0000000008001c80       0x48 ./../../lib/libuip-1.0.a(httpd.o)
 .text.handle_connection
                0x0000000008001cc8      0x2e8 ./../../lib/libuip-1.0.a(httpd.o)
 .text.generate_part_of_file
                0x0000000008001fb0       0x34 ./../../lib/libuip-1.0.a(httpd.o)
 .text.httpd_appcall
                0x0000000008001fe4       0x7c ./../../lib/libuip-1.0.a(httpd.o)
                0x0000000008001fe4                httpd_appcall
 .text.httpd_init
                0x0000000008002060        0xc ./../../lib/libuip-1.0.a(httpd.o)
                0x0000000008002060                httpd_init
 .text.nullfunction
                0x000000000800206c        0x8 ./../../lib/libuip-1.0.a(httpd-cgi.o)
 .text.generate_io_state
                0x0000000008002074        0x4 ./../../lib/libuip-1.0.a(httpd-cgi.o)
 .text.led_io   0x0000000008002078       0x2c ./../../lib/libuip-1.0.a(httpd-cgi.o)
 .text.net_stats
                0x00000000080020a4       0x40 ./../../lib/libuip-1.0.a(httpd-cgi.o)
 .text.tcp_stats
                0x00000000080020e4       0x54 ./../../lib/libuip-1.0.a(httpd-cgi.o)
 .text.generate_net_stats
                0x0000000008002138       0x2c ./../../lib/libuip-1.0.a(httpd-cgi.o)
 .text.generate_tcp_stats
                0x0000000008002164       0xc4 ./../../lib/libuip-1.0.a(httpd-cgi.o)
 .text.file_stats
                0x0000000008002228       0x38 ./../../lib/libuip-1.0.a(httpd-cgi.o)
 .text.generate_file_stats
                0x0000000008002260       0x24 ./../../lib/libuip-1.0.a(httpd-cgi.o)
 .text.httpd_cgi
                0x0000000008002284       0x34 ./../../lib/libuip-1.0.a(httpd-cgi.o)
                0x0000000008002284                httpd_cgi
 .text.httpd_fs_strcmp
                0x00000000080022b8       0x2c ./../../lib/libuip-1.0.a(httpd-fs.o)
 .text.httpd_fs_open
                0x00000000080022e4       0x44 ./../../lib/libuip-1.0.a(httpd-fs.o)
                0x00000000080022e4                httpd_fs_open
 .text.httpd_fs_count
                0x0000000008002328       0x34 ./../../lib/libuip-1.0.a(httpd-fs.o)
                0x0000000008002328                httpd_fs_count
 .text.send_data
                0x000000000800235c       0x40 ./../../lib/libuip-1.0.a(psock.o)
 .text.psock_send
                0x000000000800239c       0x84 ./../../lib/libuip-1.0.a(psock.o)
                0x000000000800239c                psock_send
 .text.psock_generator_send
                0x0000000008002420       0xa0 ./../../lib/libuip-1.0.a(psock.o)
                0x0000000008002420                psock_generator_send
 .text.psock_datalen
                0x00000000080024c0        0xa ./../../lib/libuip-1.0.a(psock.o)
                0x00000000080024c0                psock_datalen
 *fill*         0x00000000080024ca        0x2 00
 .text.psock_newdata
                0x00000000080024cc       0x28 ./../../lib/libuip-1.0.a(psock.o)
                0x00000000080024cc                psock_newdata
 .text.psock_readto
                0x00000000080024f4       0xc0 ./../../lib/libuip-1.0.a(psock.o)
                0x00000000080024f4                psock_readto
 .text.psock_init
                0x00000000080025b4       0x16 ./../../lib/libuip-1.0.a(psock.o)
                0x00000000080025b4                psock_init
 *fill*         0x00000000080025ca        0x2 00
 .text.sntpSync
                0x00000000080025cc       0x38 ./../../lib/libuip-1.0.a(sntp.o)
                0x00000000080025cc                sntpSync
 .text.sntp_appcall
                0x0000000008002604      0x128 ./../../lib/libuip-1.0.a(sntp.o)
                0x0000000008002604                sntp_appcall
 .text.dealloc_line
                0x000000000800272c       0x10 ./../../lib/libuip-1.0.a(telnetd.o)
 .text.sendline
                0x000000000800273c       0x3c ./../../lib/libuip-1.0.a(telnetd.o)
 .text.sendopt  0x0000000008002778       0x24 ./../../lib/libuip-1.0.a(telnetd.o)
 .text.get_char
                0x000000000800279c       0x48 ./../../lib/libuip-1.0.a(telnetd.o)
 .text.shell_quit
                0x00000000080027e4       0x10 ./../../lib/libuip-1.0.a(telnetd.o)
                0x00000000080027e4                shell_quit
 .text.shell_prompt
                0x00000000080027f4       0x24 ./../../lib/libuip-1.0.a(telnetd.o)
                0x00000000080027f4                shell_prompt
 .text.shell_output
                0x0000000008002818       0x64 ./../../lib/libuip-1.0.a(telnetd.o)
                0x0000000008002818                shell_output
 .text.telnetd_init
                0x000000000800287c       0x1c ./../../lib/libuip-1.0.a(telnetd.o)
                0x000000000800287c                telnetd_init
 .text.telnetd_appcall
                0x0000000008002898      0x22c ./../../lib/libuip-1.0.a(telnetd.o)
                0x0000000008002898                telnetd_appcall
 .text.uip_arp_update
                0x0000000008002ac4      0x10c ./../../lib/libuip-1.0.a(uip_arp.o)
 .text.uip_arp_init
                0x0000000008002bd0       0x30 ./../../lib/libuip-1.0.a(uip_arp.o)
                0x0000000008002bd0                uip_arp_init
 .text.uip_arp_timer
                0x0000000008002c00       0x6c ./../../lib/libuip-1.0.a(uip_arp.o)
                0x0000000008002c00                uip_arp_timer
 .text.uip_arp_ipin
                0x0000000008002c6c       0x58 ./../../lib/libuip-1.0.a(uip_arp.o)
                0x0000000008002c6c                uip_arp_ipin
 .text.uip_arp_arpin
                0x0000000008002cc4       0xf4 ./../../lib/libuip-1.0.a(uip_arp.o)
                0x0000000008002cc4                uip_arp_arpin
 .text.uip_arp_out
                0x0000000008002db8      0x164 ./../../lib/libuip-1.0.a(uip_arp.o)
                0x0000000008002db8                uip_arp_out
 .text.uip_add_rcv_nxt
                0x0000000008002f1c       0x2c ./../../lib/libuip-1.0.a(uip.o)
 .text.uip_init
                0x0000000008002f48       0x84 ./../../lib/libuip-1.0.a(uip.o)
                0x0000000008002f48                uip_init
 .text.uip_udp_new
                0x0000000008002fcc       0xac ./../../lib/libuip-1.0.a(uip.o)
                0x0000000008002fcc                uip_udp_new
 .text.uip_listen
                0x0000000008003078       0x34 ./../../lib/libuip-1.0.a(uip.o)
                0x0000000008003078                uip_listen
 .text.uip_process
                0x00000000080030ac      0xcd0 ./../../lib/libuip-1.0.a(uip.o)
                0x00000000080030ac                uip_process
 .text.htons    0x0000000008003d7c        0xa ./../../lib/libuip-1.0.a(uip.o)
                0x0000000008003d7c                htons
 .text.htonl    0x0000000008003d86       0x18 ./../../lib/libuip-1.0.a(uip.o)
                0x0000000008003d86                htonl
 .text.uip_iszeroaddr
                0x0000000008003d9e       0x14 ./../../lib/libuip-1.0.a(uip.o)
                0x0000000008003d9e                uip_iszeroaddr
 *fill*         0x0000000008003db2        0x2 00
 .text.uip_send
                0x0000000008003db4       0x28 ./../../lib/libuip-1.0.a(uip.o)
                0x0000000008003db4                uip_send
 .text.memb_init
                0x0000000008003ddc       0x1e ./../../lib/libuip-1.0.a(memb.o)
                0x0000000008003ddc                memb_init
 .text.memb_alloc
                0x0000000008003dfa       0x28 ./../../lib/libuip-1.0.a(memb.o)
                0x0000000008003dfa                memb_alloc
 .text.memb_free
                0x0000000008003e22       0x2e ./../../lib/libuip-1.0.a(memb.o)
                0x0000000008003e22                memb_free
 .text.unknown  0x0000000008003e50       0x14 ./../../lib/libuip-1.0.a(shell.o)
 .text.help     0x0000000008003e64       0x48 ./../../lib/libuip-1.0.a(shell.o)
 .text.can      0x0000000008003eac       0x24 ./../../lib/libuip-1.0.a(shell.o)
 .text.ifconfig
                0x0000000008003ed0       0xe0 ./../../lib/libuip-1.0.a(shell.o)
 .text.itoa     0x0000000008003fb0       0x3c ./../../lib/libuip-1.0.a(shell.o)
 .text.stats    0x0000000008003fec      0x11c ./../../lib/libuip-1.0.a(shell.o)
 .text.itoah.clone.0
                0x0000000008004108       0x30 ./../../lib/libuip-1.0.a(shell.o)
 .text.phy      0x0000000008004138      0x8b4 ./../../lib/libuip-1.0.a(shell.o)
 .text.shell_init
                0x00000000080049ec        0x2 ./../../lib/libuip-1.0.a(shell.o)
                0x00000000080049ec                shell_init
 *fill*         0x00000000080049ee        0x2 00
 .text.shell_start
                0x00000000080049f0       0x2c ./../../lib/libuip-1.0.a(shell.o)
                0x00000000080049f0                shell_start
 .text.shell_input
                0x0000000008004a1c       0x40 ./../../lib/libuip-1.0.a(shell.o)
                0x0000000008004a1c                shell_input
 .text.chksum   0x0000000008004a5c       0x38 ./../../lib/libuip-1.0.a(uip_arch.o)
 .text.uip_add32
                0x0000000008004a94       0x5c ./../../lib/libuip-1.0.a(uip_arch.o)
                0x0000000008004a94                uip_add32
 .text.uip_chksum
                0x0000000008004af0       0x5a ./../../lib/libuip-1.0.a(uip_arch.o)
                0x0000000008004af0                uip_chksum
 *fill*         0x0000000008004b4a        0x2 00
 .text.uip_ipchksum
                0x0000000008004b4c       0x10 ./../../lib/libuip-1.0.a(uip_arch.o)
                0x0000000008004b4c                uip_ipchksum
 .text.uip_tcpchksum
                0x0000000008004b5c       0xc4 ./../../lib/libuip-1.0.a(uip_arch.o)
                0x0000000008004b5c                uip_tcpchksum
 .text.uip_udpchksum
                0x0000000008004c20       0x3c ./../../lib/libuip-1.0.a(uip_arch.o)
                0x0000000008004c20                uip_udpchksum
 .text.ETH_Delay
                0x0000000008004c5c       0x1c ./../../lib/libethernet.a(stm32_eth.o)
 .text.ETH_DeInit
                0x0000000008004c78       0x18 ./../../lib/libethernet.a(stm32_eth.o)
                0x0000000008004c78                ETH_DeInit
 .text.ETH_StructInit
                0x0000000008004c90       0x9e ./../../lib/libethernet.a(stm32_eth.o)
                0x0000000008004c90                ETH_StructInit
 *fill*         0x0000000008004d2e        0x2 00
 .text.ETH_HandleTxPkt
                0x0000000008004d30       0x98 ./../../lib/libethernet.a(stm32_eth.o)
                0x0000000008004d30                ETH_HandleTxPkt
 .text.ETH_HandleRxPkt
                0x0000000008004dc8       0xa8 ./../../lib/libethernet.a(stm32_eth.o)
                0x0000000008004dc8                ETH_HandleRxPkt
 .text.ETH_ReadPHYRegister
                0x0000000008004e70       0x5c ./../../lib/libethernet.a(stm32_eth.o)
                0x0000000008004e70                ETH_ReadPHYRegister
 .text.ETH_WritePHYRegister
                0x0000000008004ecc       0x5c ./../../lib/libethernet.a(stm32_eth.o)
                0x0000000008004ecc                ETH_WritePHYRegister
 .text.ETH_Init
                0x0000000008004f28      0x264 ./../../lib/libethernet.a(stm32_eth.o)
                0x0000000008004f28                ETH_Init
 .text.ETH_MACTransmissionCmd
                0x000000000800518c       0x1c ./../../lib/libethernet.a(stm32_eth.o)
                0x000000000800518c                ETH_MACTransmissionCmd
 .text.ETH_MACReceptionCmd
                0x00000000080051a8       0x1c ./../../lib/libethernet.a(stm32_eth.o)
                0x00000000080051a8                ETH_MACReceptionCmd
 .text.ETH_DMATxDescChainInit
                0x00000000080051c4       0x4c ./../../lib/libethernet.a(stm32_eth.o)
                0x00000000080051c4                ETH_DMATxDescChainInit
 .text.ETH_DMARxDescChainInit
                0x0000000008005210       0x54 ./../../lib/libethernet.a(stm32_eth.o)
                0x0000000008005210                ETH_DMARxDescChainInit
 .text.ETH_SoftwareReset
                0x0000000008005264       0x10 ./../../lib/libethernet.a(stm32_eth.o)
                0x0000000008005264                ETH_SoftwareReset
 .text.ETH_GetSoftwareResetStatus
                0x0000000008005274       0x10 ./../../lib/libethernet.a(stm32_eth.o)
                0x0000000008005274                ETH_GetSoftwareResetStatus
 .text.ETH_DMAClearITPendingBit
                0x0000000008005284       0x10 ./../../lib/libethernet.a(stm32_eth.o)
                0x0000000008005284                ETH_DMAClearITPendingBit
 .text.ETH_FlushTransmitFIFO
                0x0000000008005294       0x14 ./../../lib/libethernet.a(stm32_eth.o)
                0x0000000008005294                ETH_FlushTransmitFIFO
 .text.ETH_DMATransmissionCmd
                0x00000000080052a8       0x24 ./../../lib/libethernet.a(stm32_eth.o)
                0x00000000080052a8                ETH_DMATransmissionCmd
 .text.ETH_DMAReceptionCmd
                0x00000000080052cc       0x24 ./../../lib/libethernet.a(stm32_eth.o)
                0x00000000080052cc                ETH_DMAReceptionCmd
 .text.ETH_Start
                0x00000000080052f0       0x20 ./../../lib/libethernet.a(stm32_eth.o)
                0x00000000080052f0                ETH_Start
 .text.ETH_DMAITConfig
                0x0000000008005310       0x24 ./../../lib/libethernet.a(stm32_eth.o)
                0x0000000008005310                ETH_DMAITConfig
 .text.pxPortInitialiseStack
                0x0000000008005334       0x20 ./../../lib/libfreertos-6.0.2.a(port.o)
                0x0000000008005334                pxPortInitialiseStack
 .text.vPortSVCHandler
                0x0000000008005354       0x20 ./../../lib/libfreertos-6.0.2.a(port.o)
                0x0000000008005354                vPortSVCHandler
 .text.vPortStartFirstTask
                0x0000000008005374       0x10 ./../../lib/libfreertos-6.0.2.a(port.o)
                0x0000000008005374                vPortStartFirstTask
 .text.xPortStartScheduler
                0x0000000008005384       0x40 ./../../lib/libfreertos-6.0.2.a(port.o)
                0x0000000008005384                xPortStartScheduler
 .text.vPortYieldFromISR
                0x00000000080053c4       0x10 ./../../lib/libfreertos-6.0.2.a(port.o)
                0x00000000080053c4                vPortYieldFromISR
 .text.vPortEnterCritical
                0x00000000080053d4       0x18 ./../../lib/libfreertos-6.0.2.a(port.o)
                0x00000000080053d4                vPortEnterCritical
 .text.vPortExitCritical
                0x00000000080053ec       0x18 ./../../lib/libfreertos-6.0.2.a(port.o)
                0x00000000080053ec                vPortExitCritical
 .text.xPortPendSVHandler
                0x0000000008005404       0x3c ./../../lib/libfreertos-6.0.2.a(port.o)
                0x0000000008005404                xPortPendSVHandler
 .text.xPortSysTickHandler
                0x0000000008005440       0x24 ./../../lib/libfreertos-6.0.2.a(port.o)
                0x0000000008005440                xPortSysTickHandler
 .text.prvUnlockQueue
                0x0000000008005464       0x66 ./../../lib/libfreertos-6.0.2.a(queue.o)
 .text.prvCopyDataToQueue
                0x00000000080054ca       0x58 ./../../lib/libfreertos-6.0.2.a(queue.o)
 .text.xQueueCreate
                0x0000000008005522       0x64 ./../../lib/libfreertos-6.0.2.a(queue.o)
                0x0000000008005522                xQueueCreate
 .text.xQueueGenericSend
                0x0000000008005586       0xe8 ./../../lib/libfreertos-6.0.2.a(queue.o)
                0x0000000008005586                xQueueGenericSend
 .text.xQueueGenericReceive
                0x000000000800566e      0x128 ./../../lib/libfreertos-6.0.2.a(queue.o)
                0x000000000800566e                xQueueGenericReceive
 *fill*         0x0000000008005796        0x2 00
 .text.xTaskGenericCreate
                0x0000000008005798      0x198 ./../../lib/libfreertos-6.0.2.a(tasks.o)
                0x0000000008005798                xTaskGenericCreate
 .text.vTaskSuspend
                0x0000000008005930       0x4c ./../../lib/libfreertos-6.0.2.a(tasks.o)
                0x0000000008005930                vTaskSuspend
 .text.xTaskIsTaskSuspended
                0x000000000800597c       0x28 ./../../lib/libfreertos-6.0.2.a(tasks.o)
                0x000000000800597c                xTaskIsTaskSuspended
 .text.xTaskResumeFromISR
                0x00000000080059a4       0x6c ./../../lib/libfreertos-6.0.2.a(tasks.o)
                0x00000000080059a4                xTaskResumeFromISR
 .text.vTaskStartScheduler
                0x0000000008005a10       0x4c ./../../lib/libfreertos-6.0.2.a(tasks.o)
                0x0000000008005a10                vTaskStartScheduler
 .text.vTaskSuspendAll
                0x0000000008005a5c       0x10 ./../../lib/libfreertos-6.0.2.a(tasks.o)
                0x0000000008005a5c                vTaskSuspendAll
 .text.xTaskGetTickCount
                0x0000000008005a6c       0x18 ./../../lib/libfreertos-6.0.2.a(tasks.o)
                0x0000000008005a6c                xTaskGetTickCount
 .text.vTaskIncrementTick
                0x0000000008005a84       0xbc ./../../lib/libfreertos-6.0.2.a(tasks.o)
                0x0000000008005a84                vTaskIncrementTick
 .text.xTaskResumeAll
                0x0000000008005b40       0xc8 ./../../lib/libfreertos-6.0.2.a(tasks.o)
                0x0000000008005b40                xTaskResumeAll
 .text.prvIdleTask
                0x0000000008005c08       0x68 ./../../lib/libfreertos-6.0.2.a(tasks.o)
 .text.vTaskDelay
                0x0000000008005c70       0x50 ./../../lib/libfreertos-6.0.2.a(tasks.o)
                0x0000000008005c70                vTaskDelay
 .text.vTaskSwitchContext
                0x0000000008005cc0      0x134 ./../../lib/libfreertos-6.0.2.a(tasks.o)
                0x0000000008005cc0                vTaskSwitchContext
 .text.vTaskPlaceOnEventList
                0x0000000008005df4       0x5c ./../../lib/libfreertos-6.0.2.a(tasks.o)
                0x0000000008005df4                vTaskPlaceOnEventList
 .text.xTaskRemoveFromEventList
                0x0000000008005e50       0x64 ./../../lib/libfreertos-6.0.2.a(tasks.o)
                0x0000000008005e50                xTaskRemoveFromEventList
 .text.vTaskSetTimeOutState
                0x0000000008005eb4       0x18 ./../../lib/libfreertos-6.0.2.a(tasks.o)
                0x0000000008005eb4                vTaskSetTimeOutState
 .text.xTaskCheckForTimeOut
                0x0000000008005ecc       0x5c ./../../lib/libfreertos-6.0.2.a(tasks.o)
                0x0000000008005ecc                xTaskCheckForTimeOut
 .text.vTaskMissedYield
                0x0000000008005f28        0xc ./../../lib/libfreertos-6.0.2.a(tasks.o)
                0x0000000008005f28                vTaskMissedYield
 .text.uxTaskGetStackHighWaterMark
                0x0000000008005f34       0x20 ./../../lib/libfreertos-6.0.2.a(tasks.o)
                0x0000000008005f34                uxTaskGetStackHighWaterMark
 .text.xTaskGetCurrentTaskHandle
                0x0000000008005f54        0xc ./../../lib/libfreertos-6.0.2.a(tasks.o)
                0x0000000008005f54                xTaskGetCurrentTaskHandle
 .text.vTaskPriorityInherit
                0x0000000008005f60       0x64 ./../../lib/libfreertos-6.0.2.a(tasks.o)
                0x0000000008005f60                vTaskPriorityInherit
 .text.vTaskPriorityDisinherit
                0x0000000008005fc4       0x44 ./../../lib/libfreertos-6.0.2.a(tasks.o)
                0x0000000008005fc4                vTaskPriorityDisinherit
 .text.vListInitialise
                0x0000000008006008       0x16 ./../../lib/libfreertos-6.0.2.a(list.o)
                0x0000000008006008                vListInitialise
 .text.vListInitialiseItem
                0x000000000800601e        0x6 ./../../lib/libfreertos-6.0.2.a(list.o)
                0x000000000800601e                vListInitialiseItem
 .text.vListInsertEnd
                0x0000000008006024       0x1a ./../../lib/libfreertos-6.0.2.a(list.o)
                0x0000000008006024                vListInsertEnd
 .text.vListInsert
                0x000000000800603e       0x34 ./../../lib/libfreertos-6.0.2.a(list.o)
                0x000000000800603e                vListInsert
 .text.vListRemove
                0x0000000008006072       0x20 ./../../lib/libfreertos-6.0.2.a(list.o)
                0x0000000008006072                vListRemove
 *fill*         0x0000000008006092        0x2 00
 .text.HeapMalloc
                0x0000000008006094       0xbc ./../../lib/libfreertos-6.0.2.a(mmgr.o)
                0x0000000008006094                pvPortMalloc
                0x0000000008006094                HeapMalloc
 .text.HeapFree
                0x0000000008006150       0x30 ./../../lib/libfreertos-6.0.2.a(mmgr.o)
                0x0000000008006150                vPortFree
                0x0000000008006150                HeapFree
 .text.NVIC_PriorityGroupConfig
                0x0000000008006180       0x14 ./../../lib/libhardware.a(misc.o)
                0x0000000008006180                NVIC_PriorityGroupConfig
 .text.NVIC_Init
                0x0000000008006194       0x60 ./../../lib/libhardware.a(misc.o)
                0x0000000008006194                NVIC_Init
 .text.NVIC_SetVectorTable
                0x00000000080061f4       0x18 ./../../lib/libhardware.a(misc.o)
                0x00000000080061f4                NVIC_SetVectorTable
 .text.CAN_DeInit
                0x000000000800620c       0x34 ./../../lib/libhardware.a(stm32f10x_can.o)
                0x000000000800620c                CAN_DeInit
 .text.CAN_Init
                0x0000000008006240       0xf6 ./../../lib/libhardware.a(stm32f10x_can.o)
                0x0000000008006240                CAN_Init
 *fill*         0x0000000008006336        0x2 00
 .text.CAN_FilterInit
                0x0000000008006338      0x100 ./../../lib/libhardware.a(stm32f10x_can.o)
                0x0000000008006338                CAN_FilterInit
 .text.CAN_StructInit
                0x0000000008006438       0x20 ./../../lib/libhardware.a(stm32f10x_can.o)
                0x0000000008006438                CAN_StructInit
 .text.CAN_ITConfig
                0x0000000008006458       0x12 ./../../lib/libhardware.a(stm32f10x_can.o)
                0x0000000008006458                CAN_ITConfig
 .text.CAN_Transmit
                0x000000000800646a       0xc4 ./../../lib/libhardware.a(stm32f10x_can.o)
                0x000000000800646a                CAN_Transmit
 *fill*         0x000000000800652e        0x2 00
 .text.CAN_TransmitStatus
                0x0000000008006530       0x68 ./../../lib/libhardware.a(stm32f10x_can.o)
                0x0000000008006530                CAN_TransmitStatus
 .text.CAN_Receive
                0x0000000008006598       0xb2 ./../../lib/libhardware.a(stm32f10x_can.o)
                0x0000000008006598                CAN_Receive
 .text.CAN_ClearITPendingBit
                0x000000000800664a       0x92 ./../../lib/libhardware.a(stm32f10x_can.o)
                0x000000000800664a                CAN_ClearITPendingBit
 .text.FLASH_SetLatency
                0x00000000080066dc       0x14 ./../../lib/libhardware.a(stm32f10x_flash.o)
                0x00000000080066dc                FLASH_SetLatency
 .text.FLASH_PrefetchBufferCmd
                0x00000000080066f0       0x18 ./../../lib/libhardware.a(stm32f10x_flash.o)
                0x00000000080066f0                FLASH_PrefetchBufferCmd
 .text.GPIO_Init
                0x0000000008006708       0xb2 ./../../lib/libhardware.a(stm32f10x_gpio.o)
                0x0000000008006708                GPIO_Init
 *fill*         0x00000000080067ba        0x2 00
 .text.GPIO_PinRemapConfig
                0x00000000080067bc       0x64 ./../../lib/libhardware.a(stm32f10x_gpio.o)
                0x00000000080067bc                GPIO_PinRemapConfig
 .text.GPIO_ETH_MediaInterfaceConfig
                0x0000000008006820        0xc ./../../lib/libhardware.a(stm32f10x_gpio.o)
                0x0000000008006820                GPIO_ETH_MediaInterfaceConfig
 .text.RCC_DeInit
                0x000000000800682c       0x50 ./../../lib/libhardware.a(stm32f10x_rcc.o)
                0x000000000800682c                RCC_DeInit
 .text.RCC_HSEConfig
                0x000000000800687c       0x38 ./../../lib/libhardware.a(stm32f10x_rcc.o)
                0x000000000800687c                RCC_HSEConfig
 .text.RCC_PLLConfig
                0x00000000080068b4       0x14 ./../../lib/libhardware.a(stm32f10x_rcc.o)
                0x00000000080068b4                RCC_PLLConfig
 .text.RCC_PLLCmd
                0x00000000080068c8        0xc ./../../lib/libhardware.a(stm32f10x_rcc.o)
                0x00000000080068c8                RCC_PLLCmd
 .text.RCC_PREDIV1Config
                0x00000000080068d4       0x1c ./../../lib/libhardware.a(stm32f10x_rcc.o)
                0x00000000080068d4                RCC_PREDIV1Config
 .text.RCC_PREDIV2Config
                0x00000000080068f0       0x14 ./../../lib/libhardware.a(stm32f10x_rcc.o)
                0x00000000080068f0                RCC_PREDIV2Config
 .text.RCC_PLL2Config
                0x0000000008006904       0x14 ./../../lib/libhardware.a(stm32f10x_rcc.o)
                0x0000000008006904                RCC_PLL2Config
 .text.RCC_PLL2Cmd
                0x0000000008006918        0xc ./../../lib/libhardware.a(stm32f10x_rcc.o)
                0x0000000008006918                RCC_PLL2Cmd
 .text.RCC_SYSCLKConfig
                0x0000000008006924       0x14 ./../../lib/libhardware.a(stm32f10x_rcc.o)
                0x0000000008006924                RCC_SYSCLKConfig
 .text.RCC_GetSYSCLKSource
                0x0000000008006938       0x10 ./../../lib/libhardware.a(stm32f10x_rcc.o)
                0x0000000008006938                RCC_GetSYSCLKSource
 .text.RCC_HCLKConfig
                0x0000000008006948       0x14 ./../../lib/libhardware.a(stm32f10x_rcc.o)
                0x0000000008006948                RCC_HCLKConfig
 .text.RCC_PCLK1Config
                0x000000000800695c       0x14 ./../../lib/libhardware.a(stm32f10x_rcc.o)
                0x000000000800695c                RCC_PCLK1Config
 .text.RCC_PCLK2Config
                0x0000000008006970       0x14 ./../../lib/libhardware.a(stm32f10x_rcc.o)
                0x0000000008006970                RCC_PCLK2Config
 .text.RCC_ADCCLKConfig
                0x0000000008006984       0x14 ./../../lib/libhardware.a(stm32f10x_rcc.o)
                0x0000000008006984                RCC_ADCCLKConfig
 .text.RCC_GetClocksFreq
                0x0000000008006998       0xdc ./../../lib/libhardware.a(stm32f10x_rcc.o)
                0x0000000008006998                RCC_GetClocksFreq
 .text.RCC_AHBPeriphClockCmd
                0x0000000008006a74       0x1c ./../../lib/libhardware.a(stm32f10x_rcc.o)
                0x0000000008006a74                RCC_AHBPeriphClockCmd
 .text.RCC_APB2PeriphClockCmd
                0x0000000008006a90       0x1c ./../../lib/libhardware.a(stm32f10x_rcc.o)
                0x0000000008006a90                RCC_APB2PeriphClockCmd
 .text.RCC_APB1PeriphClockCmd
                0x0000000008006aac       0x1c ./../../lib/libhardware.a(stm32f10x_rcc.o)
                0x0000000008006aac                RCC_APB1PeriphClockCmd
 .text.RCC_AHBPeriphResetCmd
                0x0000000008006ac8       0x1c ./../../lib/libhardware.a(stm32f10x_rcc.o)
                0x0000000008006ac8                RCC_AHBPeriphResetCmd
 .text.RCC_APB2PeriphResetCmd
                0x0000000008006ae4       0x1c ./../../lib/libhardware.a(stm32f10x_rcc.o)
                0x0000000008006ae4                RCC_APB2PeriphResetCmd
 .text.RCC_APB1PeriphResetCmd
                0x0000000008006b00       0x1c ./../../lib/libhardware.a(stm32f10x_rcc.o)
                0x0000000008006b00                RCC_APB1PeriphResetCmd
 .text.RCC_GetFlagStatus
                0x0000000008006b1c       0x2c ./../../lib/libhardware.a(stm32f10x_rcc.o)
                0x0000000008006b1c                RCC_GetFlagStatus
 .text.RCC_WaitForHSEStartUp
                0x0000000008006b48       0x2c ./../../lib/libhardware.a(stm32f10x_rcc.o)
                0x0000000008006b48                RCC_WaitForHSEStartUp
 .text.TIM_DeInit
                0x0000000008006b74       0xc4 ./../../lib/libhardware.a(stm32f10x_tim.o)
                0x0000000008006b74                TIM_DeInit
 .text.TIM_TimeBaseInit
                0x0000000008006c38       0x48 ./../../lib/libhardware.a(stm32f10x_tim.o)
                0x0000000008006c38                TIM_TimeBaseInit
 .text.TIM_TimeBaseStructInit
                0x0000000008006c80       0x12 ./../../lib/libhardware.a(stm32f10x_tim.o)
                0x0000000008006c80                TIM_TimeBaseStructInit
 .text.TIM_Cmd  0x0000000008006c92       0x1a ./../../lib/libhardware.a(stm32f10x_tim.o)
                0x0000000008006c92                TIM_Cmd
 .text.TIM_ITConfig
                0x0000000008006cac       0x16 ./../../lib/libhardware.a(stm32f10x_tim.o)
                0x0000000008006cac                TIM_ITConfig
 .text.TIM_ARRPreloadConfig
                0x0000000008006cc2       0x1a ./../../lib/libhardware.a(stm32f10x_tim.o)
                0x0000000008006cc2                TIM_ARRPreloadConfig
 .text.TIM_ClearITPendingBit
                0x0000000008006cdc        0x8 ./../../lib/libhardware.a(stm32f10x_tim.o)
                0x0000000008006cdc                TIM_ClearITPendingBit
 .text.SystemInit
                0x0000000008006ce4      0x12c ./../../lib/libcmsis.a(system_stm32f10x.o)
                0x0000000008006ce4                SystemInit
 .text.atoi     0x0000000008006e10        0xc /opt/kgp_arm_eabi/lib/gcc/arm-kgp-eabi/4.5.0/../../../../arm-kgp-eabi/lib/thumb/cortex-m3/libc.a(lib_a-atoi.o)
                0x0000000008006e10                atoi
 .text.memcmp   0x0000000008006e1c       0x22 /opt/kgp_arm_eabi/lib/gcc/arm-kgp-eabi/4.5.0/../../../../arm-kgp-eabi/lib/thumb/cortex-m3/libc.a(lib_a-memcmp.o)
                0x0000000008006e1c                memcmp
 .text.memcpy   0x0000000008006e3e       0x14 /opt/kgp_arm_eabi/lib/gcc/arm-kgp-eabi/4.5.0/../../../../arm-kgp-eabi/lib/thumb/cortex-m3/libc.a(lib_a-memcpy.o)
                0x0000000008006e3e                memcpy
 .text.memset   0x0000000008006e52        0xe /opt/kgp_arm_eabi/lib/gcc/arm-kgp-eabi/4.5.0/../../../../arm-kgp-eabi/lib/thumb/cortex-m3/libc.a(lib_a-memset.o)
                0x0000000008006e52                memset
 .text.snprintf
                0x0000000008006e60       0x6c /opt/kgp_arm_eabi/lib/gcc/arm-kgp-eabi/4.5.0/../../../../arm-kgp-eabi/lib/thumb/cortex-m3/libc.a(lib_a-snprintf.o)
                0x0000000008006e60                snprintf
 .text.sprintf  0x0000000008006ecc       0x4c /opt/kgp_arm_eabi/lib/gcc/arm-kgp-eabi/4.5.0/../../../../arm-kgp-eabi/lib/thumb/cortex-m3/libc.a(lib_a-sprintf.o)
                0x0000000008006ecc                sprintf
 .text.strchr   0x0000000008006f18       0x1a /opt/kgp_arm_eabi/lib/gcc/arm-kgp-eabi/4.5.0/../../../../arm-kgp-eabi/lib/thumb/cortex-m3/libc.a(lib_a-strchr.o)
                0x0000000008006f18                strchr
 .text.strcpy   0x0000000008006f32       0x12 /opt/kgp_arm_eabi/lib/gcc/arm-kgp-eabi/4.5.0/../../../../arm-kgp-eabi/lib/thumb/cortex-m3/libc.a(lib_a-strcpy.o)
                0x0000000008006f32                strcpy
 .text.strlen   0x0000000008006f44       0x10 /opt/kgp_arm_eabi/lib/gcc/arm-kgp-eabi/4.5.0/../../../../arm-kgp-eabi/lib/thumb/cortex-m3/libc.a(lib_a-strlen.o)
                0x0000000008006f44                strlen
 .text.strncmp  0x0000000008006f54       0x2e /opt/kgp_arm_eabi/lib/gcc/arm-kgp-eabi/4.5.0/../../../../arm-kgp-eabi/lib/thumb/cortex-m3/libc.a(lib_a-strncmp.o)
                0x0000000008006f54                strncmp
 .text.strncpy  0x0000000008006f82       0x28 /opt/kgp_arm_eabi/lib/gcc/arm-kgp-eabi/4.5.0/../../../../arm-kgp-eabi/lib/thumb/cortex-m3/libc.a(lib_a-strncpy.o)
                0x0000000008006f82                strncpy
 .text.strrchr  0x0000000008006faa       0x26 /opt/kgp_arm_eabi/lib/gcc/arm-kgp-eabi/4.5.0/../../../../arm-kgp-eabi/lib/thumb/cortex-m3/libc.a(lib_a-strrchr.o)
                0x0000000008006faa                strrchr
 .text._strtol_r
                0x0000000008006fd0      0x12c /opt/kgp_arm_eabi/lib/gcc/arm-kgp-eabi/4.5.0/../../../../arm-kgp-eabi/lib/thumb/cortex-m3/libc.a(lib_a-strtol.o)
                0x0000000008006fd0                _strtol_r
 .text.strtol   0x00000000080070fc       0x1c /opt/kgp_arm_eabi/lib/gcc/arm-kgp-eabi/4.5.0/../../../../arm-kgp-eabi/lib/thumb/cortex-m3/libc.a(lib_a-strtol.o)
                0x00000000080070fc                strtol
 .text._svfprintf_r
                0x0000000008007118     0x1148 /opt/kgp_arm_eabi/lib/gcc/arm-kgp-eabi/4.5.0/../../../../arm-kgp-eabi/lib/thumb/cortex-m3/libc.a(lib_a-svfprintf.o)
                0x0000000008007118                _svfprintf_r
 .text.quorem   0x0000000008008260      0x13c /opt/kgp_arm_eabi/lib/gcc/arm-kgp-eabi/4.5.0/../../../../arm-kgp-eabi/lib/thumb/cortex-m3/libc.a(lib_a-dtoa.o)
 *fill*         0x000000000800839c        0x4 00
 .text._dtoa_r  0x00000000080083a0      0xe78 /opt/kgp_arm_eabi/lib/gcc/arm-kgp-eabi/4.5.0/../../../../arm-kgp-eabi/lib/thumb/cortex-m3/libc.a(lib_a-dtoa.o)
                0x00000000080083a0                _dtoa_r
 .text._malloc_trim_r
                0x0000000008009218       0xa8 /opt/kgp_arm_eabi/lib/gcc/arm-kgp-eabi/4.5.0/../../../../arm-kgp-eabi/lib/thumb/cortex-m3/libc.a(lib_a-freer.o)
                0x0000000008009218                _malloc_trim_r
 .text._free_r  0x00000000080092c0      0x1c4 /opt/kgp_arm_eabi/lib/gcc/arm-kgp-eabi/4.5.0/../../../../arm-kgp-eabi/lib/thumb/cortex-m3/libc.a(lib_a-freer.o)
                0x00000000080092c0                _free_r
 .text._localeconv_r
                0x0000000008009484        0x8 /opt/kgp_arm_eabi/lib/gcc/arm-kgp-eabi/4.5.0/../../../../arm-kgp-eabi/lib/thumb/cortex-m3/libc.a(lib_a-locale.o)
                0x0000000008009484                _localeconv_r
 .text._malloc_r
                0x000000000800948c      0x484 /opt/kgp_arm_eabi/lib/gcc/arm-kgp-eabi/4.5.0/../../../../arm-kgp-eabi/lib/thumb/cortex-m3/libc.a(lib_a-mallocr.o)
                0x000000000800948c                _malloc_r
 .text.memchr   0x0000000008009910       0x1c /opt/kgp_arm_eabi/lib/gcc/arm-kgp-eabi/4.5.0/../../../../arm-kgp-eabi/lib/thumb/cortex-m3/libc.a(lib_a-memchr.o)
                0x0000000008009910                memchr
 .text.__malloc_lock
                0x000000000800992c        0x2 /opt/kgp_arm_eabi/lib/gcc/arm-kgp-eabi/4.5.0/../../../../arm-kgp-eabi/lib/thumb/cortex-m3/libc.a(lib_a-mlock.o)
                0x000000000800992c                __malloc_lock
 .text.__malloc_unlock
                0x000000000800992e        0x2 /opt/kgp_arm_eabi/lib/gcc/arm-kgp-eabi/4.5.0/../../../../arm-kgp-eabi/lib/thumb/cortex-m3/libc.a(lib_a-mlock.o)
                0x000000000800992e                __malloc_unlock
 .text._Balloc  0x0000000008009930       0x44 /opt/kgp_arm_eabi/lib/gcc/arm-kgp-eabi/4.5.0/../../../../arm-kgp-eabi/lib/thumb/cortex-m3/libc.a(lib_a-mprec.o)
                0x0000000008009930                _Balloc
 .text._Bfree   0x0000000008009974       0x12 /opt/kgp_arm_eabi/lib/gcc/arm-kgp-eabi/4.5.0/../../../../arm-kgp-eabi/lib/thumb/cortex-m3/libc.a(lib_a-mprec.o)
                0x0000000008009974                _Bfree
 .text.__multadd
                0x0000000008009986       0x80 /opt/kgp_arm_eabi/lib/gcc/arm-kgp-eabi/4.5.0/../../../../arm-kgp-eabi/lib/thumb/cortex-m3/libc.a(lib_a-mprec.o)
                0x0000000008009986                __multadd
 .text.__hi0bits
                0x0000000008009a06       0x40 /opt/kgp_arm_eabi/lib/gcc/arm-kgp-eabi/4.5.0/../../../../arm-kgp-eabi/lib/thumb/cortex-m3/libc.a(lib_a-mprec.o)
                0x0000000008009a06                __hi0bits
 .text.__lo0bits
                0x0000000008009a46       0x66 /opt/kgp_arm_eabi/lib/gcc/arm-kgp-eabi/4.5.0/../../../../arm-kgp-eabi/lib/thumb/cortex-m3/libc.a(lib_a-mprec.o)
                0x0000000008009a46                __lo0bits
 .text.__i2b    0x0000000008009aac       0x12 /opt/kgp_arm_eabi/lib/gcc/arm-kgp-eabi/4.5.0/../../../../arm-kgp-eabi/lib/thumb/cortex-m3/libc.a(lib_a-mprec.o)
                0x0000000008009aac                __i2b
 .text.__multiply
                0x0000000008009abe      0x12e /opt/kgp_arm_eabi/lib/gcc/arm-kgp-eabi/4.5.0/../../../../arm-kgp-eabi/lib/thumb/cortex-m3/libc.a(lib_a-mprec.o)
                0x0000000008009abe                __multiply
 .text.__pow5mult
                0x0000000008009bec       0x88 /opt/kgp_arm_eabi/lib/gcc/arm-kgp-eabi/4.5.0/../../../../arm-kgp-eabi/lib/thumb/cortex-m3/libc.a(lib_a-mprec.o)
                0x0000000008009bec                __pow5mult
 .text.__lshift
                0x0000000008009c74       0x9c /opt/kgp_arm_eabi/lib/gcc/arm-kgp-eabi/4.5.0/../../../../arm-kgp-eabi/lib/thumb/cortex-m3/libc.a(lib_a-mprec.o)
                0x0000000008009c74                __lshift
 .text.__mcmp   0x0000000008009d10       0x3c /opt/kgp_arm_eabi/lib/gcc/arm-kgp-eabi/4.5.0/../../../../arm-kgp-eabi/lib/thumb/cortex-m3/libc.a(lib_a-mprec.o)
                0x0000000008009d10                __mcmp
 .text.__mdiff  0x0000000008009d4c       0xde /opt/kgp_arm_eabi/lib/gcc/arm-kgp-eabi/4.5.0/../../../../arm-kgp-eabi/lib/thumb/cortex-m3/libc.a(lib_a-mprec.o)
                0x0000000008009d4c                __mdiff
 .text.__d2b    0x0000000008009e2a       0xb6 /opt/kgp_arm_eabi/lib/gcc/arm-kgp-eabi/4.5.0/../../../../arm-kgp-eabi/lib/thumb/cortex-m3/libc.a(lib_a-mprec.o)
                0x0000000008009e2a                __d2b
 .text.__fpclassifyd
                0x0000000008009ee0       0x90 /opt/kgp_arm_eabi/lib/gcc/arm-kgp-eabi/4.5.0/../../../../arm-kgp-eabi/lib/thumb/cortex-m3/libc.a(lib_a-s_fpclassify.o)
                0x0000000008009ee0                __fpclassifyd
 .text.__ssprint_r
                0x0000000008009f70      0x122 /opt/kgp_arm_eabi/lib/gcc/arm-kgp-eabi/4.5.0/../../../../arm-kgp-eabi/lib/thumb/cortex-m3/libc.a(lib_a-svfiprintf.o)
                0x0000000008009f70                __ssprint_r
 .text._calloc_r
                0x000000000800a092       0x5e /opt/kgp_arm_eabi/lib/gcc/arm-kgp-eabi/4.5.0/../../../../arm-kgp-eabi/lib/thumb/cortex-m3/libc.a(lib_a-callocr.o)
                0x000000000800a092                _calloc_r
 .text.memmove  0x000000000800a0f0       0x38 /opt/kgp_arm_eabi/lib/gcc/arm-kgp-eabi/4.5.0/../../../../arm-kgp-eabi/lib/thumb/cortex-m3/libc.a(lib_a-memmove.o)
                0x000000000800a0f0                memmove
 .text._realloc_r
                0x000000000800a128      0x354 /opt/kgp_arm_eabi/lib/gcc/arm-kgp-eabi/4.5.0/../../../../arm-kgp-eabi/lib/thumb/cortex-m3/libc.a(lib_a-reallocr.o)
                0x000000000800a128                _realloc_r
 *(.rodata)
 *(.rodata*)
 .rodata.str1.1
                0x000000000800a47c       0x16 main.o
 *fill*         0x000000000800a492        0x2 00
 .rodata.xid    0x000000000800a494        0x4 ./../../lib/libuip-1.0.a(dhcpc.o)
 .rodata.magic_cookie
                0x000000000800a498        0x4 ./../../lib/libuip-1.0.a(dhcpc.o)
 .rodata.net    0x000000000800a49c        0x8 ./../../lib/libuip-1.0.a(httpd-cgi.o)
 .rodata.established
                0x000000000800a4a4        0xc ./../../lib/libuip-1.0.a(httpd-cgi.o)
 .rodata.fin_wait_1
                0x000000000800a4b0        0xc ./../../lib/libuip-1.0.a(httpd-cgi.o)
 .rodata.fin_wait_2
                0x000000000800a4bc        0xc ./../../lib/libuip-1.0.a(httpd-cgi.o)
 .rodata.last_ack
                0x000000000800a4c8        0xc ./../../lib/libuip-1.0.a(httpd-cgi.o)
 .rodata.tcp    0x000000000800a4d4        0x8 ./../../lib/libuip-1.0.a(httpd-cgi.o)
 .rodata.file   0x000000000800a4dc        0x8 ./../../lib/libuip-1.0.a(httpd-cgi.o)
 .rodata.str1.1
                0x000000000800a4e4       0x92 ./../../lib/libuip-1.0.a(httpd-cgi.o)
 *fill*         0x000000000800a576        0x2 00
 .rodata.closed
                0x000000000800a578        0x8 ./../../lib/libuip-1.0.a(httpd-cgi.o)
 .rodata.syn_sent
                0x000000000800a580        0xc ./../../lib/libuip-1.0.a(httpd-cgi.o)
 .rodata.time_wait
                0x000000000800a58c        0xc ./../../lib/libuip-1.0.a(httpd-cgi.o)
 .rodata.syn_rcvd
                0x000000000800a598        0xc ./../../lib/libuip-1.0.a(httpd-cgi.o)
 .rodata.closing
                0x000000000800a5a4        0x8 ./../../lib/libuip-1.0.a(httpd-cgi.o)
 .rodata.led    0x000000000800a5ac        0x8 ./../../lib/libuip-1.0.a(httpd-cgi.o)
 .rodata.states
                0x000000000800a5b4       0x24 ./../../lib/libuip-1.0.a(httpd-cgi.o)
 .rodata.data_header_html
                0x000000000800a5d8      0x51c ./../../lib/libuip-1.0.a(httpd-fs.o)
 .rodata.file_index_html
                0x000000000800aaf4       0x14 ./../../lib/libuip-1.0.a(httpd-fs.o)
                0x000000000800aaf4                file_index_html
 .rodata.file_klen_jpg
                0x000000000800ab08       0x14 ./../../lib/libuip-1.0.a(httpd-fs.o)
                0x000000000800ab08                file_klen_jpg
 .rodata.data_sics_jpg
                0x000000000800ab1c      0xd00 ./../../lib/libuip-1.0.a(httpd-fs.o)
 .rodata.data_gcc_jpg
                0x000000000800b81c      0x6ac ./../../lib/libuip-1.0.a(httpd-fs.o)
 .rodata.data_freertos_jpg
                0x000000000800bec8      0x930 ./../../lib/libuip-1.0.a(httpd-fs.o)
 .rodata.file_files_shtml
                0x000000000800c7f8       0x14 ./../../lib/libuip-1.0.a(httpd-fs.o)
                0x000000000800c7f8                file_files_shtml
 .rodata.file_tcp_shtml
                0x000000000800c80c       0x14 ./../../lib/libuip-1.0.a(httpd-fs.o)
                0x000000000800c80c                file_tcp_shtml
 .rodata.file_style_css
                0x000000000800c820       0x14 ./../../lib/libuip-1.0.a(httpd-fs.o)
                0x000000000800c820                file_style_css
 .rodata.data_te_jpg
                0x000000000800c834      0x888 ./../../lib/libuip-1.0.a(httpd-fs.o)
 .rodata.file_newlib_jpg
                0x000000000800d0bc       0x14 ./../../lib/libuip-1.0.a(httpd-fs.o)
                0x000000000800d0bc                file_newlib_jpg
 .rodata.data_404_html
                0x000000000800d0d0       0xac ./../../lib/libuip-1.0.a(httpd-fs.o)
 .rodata.data_gdb_jpg
                0x000000000800d17c      0x990 ./../../lib/libuip-1.0.a(httpd-fs.o)
 .rodata.data_klen_jpg
                0x000000000800db0c      0x930 ./../../lib/libuip-1.0.a(httpd-fs.o)
 .rodata.file_gdb_jpg
                0x000000000800e43c       0x14 ./../../lib/libuip-1.0.a(httpd-fs.o)
                0x000000000800e43c                file_gdb_jpg
 .rodata.data_files_shtml
                0x000000000800e450      0x728 ./../../lib/libuip-1.0.a(httpd-fs.o)
 .rodata.file_led_shtml
                0x000000000800eb78       0x14 ./../../lib/libuip-1.0.a(httpd-fs.o)
                0x000000000800eb78                file_led_shtml
 .rodata.file_gcc_jpg
                0x000000000800eb8c       0x14 ./../../lib/libuip-1.0.a(httpd-fs.o)
                0x000000000800eb8c                file_gcc_jpg
 .rodata.data_style_css
                0x000000000800eba0      0x3fc ./../../lib/libuip-1.0.a(httpd-fs.o)
 .rodata.file_eclipse_jpg
                0x000000000800ef9c       0x14 ./../../lib/libuip-1.0.a(httpd-fs.o)
                0x000000000800ef9c                file_eclipse_jpg
 .rodata.file_stats_shtml
                0x000000000800efb0       0x14 ./../../lib/libuip-1.0.a(httpd-fs.o)
                0x000000000800efb0                file_stats_shtml
 .rodata.data_eclipse_jpg
                0x000000000800efc4      0x7a0 ./../../lib/libuip-1.0.a(httpd-fs.o)
 .rodata.data_newlib_jpg
                0x000000000800f764      0x940 ./../../lib/libuip-1.0.a(httpd-fs.o)
 .rodata.data_index_html
                0x00000000080100a4     0x3838 ./../../lib/libuip-1.0.a(httpd-fs.o)
 .rodata.file_oocd_jpg
                0x00000000080138dc       0x14 ./../../lib/libuip-1.0.a(httpd-fs.o)
                0x00000000080138dc                file_oocd_jpg
 .rodata.file_footer_html
                0x00000000080138f0       0x14 ./../../lib/libuip-1.0.a(httpd-fs.o)
                0x00000000080138f0                file_footer_html
 .rodata.data_led_shtml
                0x0000000008013904       0xb0 ./../../lib/libuip-1.0.a(httpd-fs.o)
 .rodata.file_java_jpg
                0x00000000080139b4       0x14 ./../../lib/libuip-1.0.a(httpd-fs.o)
                0x00000000080139b4                file_java_jpg
 .rodata.file_freertos_jpg
                0x00000000080139c8       0x14 ./../../lib/libuip-1.0.a(httpd-fs.o)
                0x00000000080139c8                file_freertos_jpg
 .rodata.data_footer_html
                0x00000000080139dc       0x20 ./../../lib/libuip-1.0.a(httpd-fs.o)
 .rodata.file_fade_png
                0x00000000080139fc       0x14 ./../../lib/libuip-1.0.a(httpd-fs.o)
                0x00000000080139fc                file_fade_png
 .rodata.file_te_jpg
                0x0000000008013a10       0x14 ./../../lib/libuip-1.0.a(httpd-fs.o)
                0x0000000008013a10                file_te_jpg
 .rodata.data_oocd_jpg
                0x0000000008013a24      0x6d0 ./../../lib/libuip-1.0.a(httpd-fs.o)
 .rodata.data_stats_shtml
                0x00000000080140f4      0x3b4 ./../../lib/libuip-1.0.a(httpd-fs.o)
 .rodata.file_stm_jpg
                0x00000000080144a8       0x14 ./../../lib/libuip-1.0.a(httpd-fs.o)
                0x00000000080144a8                file_stm_jpg
 .rodata.file_realtek_jpg
                0x00000000080144bc       0x14 ./../../lib/libuip-1.0.a(httpd-fs.o)
                0x00000000080144bc                file_realtek_jpg
 .rodata.data_java_jpg
                0x00000000080144d0      0x4a0 ./../../lib/libuip-1.0.a(httpd-fs.o)
 .rodata.file_te_stm32f107_jpg
                0x0000000008014970       0x14 ./../../lib/libuip-1.0.a(httpd-fs.o)
                0x0000000008014970                file_te_stm32f107_jpg
 .rodata.data_realtek_jpg
                0x0000000008014984      0xc70 ./../../lib/libuip-1.0.a(httpd-fs.o)
 .rodata.data_fade_png
                0x00000000080155f4       0xd0 ./../../lib/libuip-1.0.a(httpd-fs.o)
 .rodata.file_sics_jpg
                0x00000000080156c4       0x14 ./../../lib/libuip-1.0.a(httpd-fs.o)
                0x00000000080156c4                file_sics_jpg
 .rodata.data_stm_jpg
                0x00000000080156d8      0x698 ./../../lib/libuip-1.0.a(httpd-fs.o)
 .rodata.data_te_stm32f107_jpg
                0x0000000008015d70     0xfc8c ./../../lib/libuip-1.0.a(httpd-fs.o)
 .rodata.data_tcp_shtml
                0x00000000080259fc       0xe0 ./../../lib/libuip-1.0.a(httpd-fs.o)
 .rodata.file_header_html
                0x0000000008025adc       0x14 ./../../lib/libuip-1.0.a(httpd-fs.o)
                0x0000000008025adc                file_header_html
 .rodata.file_404_html
                0x0000000008025af0       0x14 ./../../lib/libuip-1.0.a(httpd-fs.o)
                0x0000000008025af0                file_404_html
 .rodata.http_shtml
                0x0000000008025b04        0x8 ./../../lib/libuip-1.0.a(http-strings.o)
                0x0000000008025b04                http_shtml
 .rodata.http_content_type_plain
                0x0000000008025b0c       0x20 ./../../lib/libuip-1.0.a(http-strings.o)
                0x0000000008025b0c                http_content_type_plain
 .rodata.http_referer
                0x0000000008025b2c        0xc ./../../lib/libuip-1.0.a(http-strings.o)
                0x0000000008025b2c                http_referer
 .rodata.http_content_type_jpg
                0x0000000008025b38       0x20 ./../../lib/libuip-1.0.a(http-strings.o)
                0x0000000008025b38                http_content_type_jpg
 .rodata.http_html
                0x0000000008025b58        0x8 ./../../lib/libuip-1.0.a(http-strings.o)
                0x0000000008025b58                http_html
 .rodata.http_png
                0x0000000008025b60        0x8 ./../../lib/libuip-1.0.a(http-strings.o)
                0x0000000008025b60                http_png
 .rodata.http_content_type_binary
                0x0000000008025b68       0x2c ./../../lib/libuip-1.0.a(http-strings.o)
                0x0000000008025b68                http_content_type_binary
 .rodata.http_gif
                0x0000000008025b94        0x8 ./../../lib/libuip-1.0.a(http-strings.o)
                0x0000000008025b94                http_gif
 .rodata.http_css
                0x0000000008025b9c        0x8 ./../../lib/libuip-1.0.a(http-strings.o)
                0x0000000008025b9c                http_css
 .rodata.http_404_html
                0x0000000008025ba4        0xc ./../../lib/libuip-1.0.a(http-strings.o)
                0x0000000008025ba4                http_404_html
 .rodata.http_content_type_html
                0x0000000008025bb0       0x1c ./../../lib/libuip-1.0.a(http-strings.o)
                0x0000000008025bb0                http_content_type_html
 .rodata.http_content_type_png
                0x0000000008025bcc       0x1c ./../../lib/libuip-1.0.a(http-strings.o)
                0x0000000008025bcc                http_content_type_png
 .rodata.http_content_type_css
                0x0000000008025be8       0x1c ./../../lib/libuip-1.0.a(http-strings.o)
                0x0000000008025be8                http_content_type_css
 .rodata.http_content_type_gif
                0x0000000008025c04       0x1c ./../../lib/libuip-1.0.a(http-strings.o)
                0x0000000008025c04                http_content_type_gif
 .rodata.http_header_404
                0x0000000008025c20       0x5c ./../../lib/libuip-1.0.a(http-strings.o)
                0x0000000008025c20                http_header_404
 .rodata.http_header_200
                0x0000000008025c7c       0x54 ./../../lib/libuip-1.0.a(http-strings.o)
                0x0000000008025c7c                http_header_200
 .rodata.http_jpg
                0x0000000008025cd0        0x8 ./../../lib/libuip-1.0.a(http-strings.o)
                0x0000000008025cd0                http_jpg
 .rodata.http_get
                0x0000000008025cd8        0x8 ./../../lib/libuip-1.0.a(http-strings.o)
                0x0000000008025cd8                http_get
 .rodata.http_index_html
                0x0000000008025ce0        0xc ./../../lib/libuip-1.0.a(http-strings.o)
                0x0000000008025ce0                http_index_html
 .rodata.broadcast_ethaddr
                0x0000000008025cec        0x8 ./../../lib/libuip-1.0.a(uip_arp.o)
 .rodata.parsetab
                0x0000000008025cf4       0x40 ./../../lib/libuip-1.0.a(shell.o)
 .rodata.table.4017
                0x0000000008025d34       0x10 ./../../lib/libuip-1.0.a(shell.o)
 .rodata.str1.1
                0x0000000008025d44      0x918 ./../../lib/libuip-1.0.a(shell.o)
                                        0x924 (size before relaxing)
 .rodata.table.4007
                0x000000000802665c        0xc ./../../lib/libuip-1.0.a(shell.o)
 .rodata.str1.1
                0x0000000008026668       0x42 ./../../lib/libfreertos-6.0.2.a(tasks.o)
                                         0x45 (size before relaxing)
 *fill*         0x00000000080266aa        0x2 00
 .rodata.ucExpectedStackBytes.3063
                0x00000000080266ac       0x14 ./../../lib/libfreertos-6.0.2.a(tasks.o)
 .rodata.CSWTCH.2
                0x00000000080266c0        0x8 ./../../lib/libhardware.a(stm32f10x_can.o)
 .rodata.zeroes.3914
                0x00000000080266c8       0x10 /opt/kgp_arm_eabi/lib/gcc/arm-kgp-eabi/4.5.0/../../../../arm-kgp-eabi/lib/thumb/cortex-m3/libc.a(lib_a-svfprintf.o)
 .rodata.blanks.3913
                0x00000000080266d8       0x10 /opt/kgp_arm_eabi/lib/gcc/arm-kgp-eabi/4.5.0/../../../../arm-kgp-eabi/lib/thumb/cortex-m3/libc.a(lib_a-svfprintf.o)
 .rodata.str1.1
                0x00000000080266e8       0x32 /opt/kgp_arm_eabi/lib/gcc/arm-kgp-eabi/4.5.0/../../../../arm-kgp-eabi/lib/thumb/cortex-m3/libc.a(lib_a-svfprintf.o)
                                         0x34 (size before relaxing)
 *fill*         0x000000000802671a        0x2 00
 .rodata._ctype_
                0x000000000802671c      0x104 /opt/kgp_arm_eabi/lib/gcc/arm-kgp-eabi/4.5.0/../../../../arm-kgp-eabi/lib/thumb/cortex-m3/libc.a(lib_a-ctype_.o)
                0x000000000802671c                _ctype_
 .rodata.str1.1
                0x0000000008026820        0xd /opt/kgp_arm_eabi/lib/gcc/arm-kgp-eabi/4.5.0/../../../../arm-kgp-eabi/lib/thumb/cortex-m3/libc.a(lib_a-dtoa.o)
                                          0xf (size before relaxing)
 .rodata.str1.1
                0x0000000000000000        0xd /opt/kgp_arm_eabi/lib/gcc/arm-kgp-eabi/4.5.0/../../../../arm-kgp-eabi/lib/thumb/cortex-m3/libc.a(lib_a-impure.o)
                                          0x2 (size before relaxing)
 .rodata.str1.1
                0x000000000802682d        0x8 /opt/kgp_arm_eabi/lib/gcc/arm-kgp-eabi/4.5.0/../../../../arm-kgp-eabi/lib/thumb/cortex-m3/libc.a(lib_a-locale.o)
                                          0xb (size before relaxing)
 *fill*         0x0000000008026835        0x3 00
 .rodata.__mprec_tens
                0x0000000008026838       0xc8 /opt/kgp_arm_eabi/lib/gcc/arm-kgp-eabi/4.5.0/../../../../arm-kgp-eabi/lib/thumb/cortex-m3/libc.a(lib_a-mprec.o)
                0x0000000008026838                __mprec_tens
 .rodata.__mprec_bigtens
                0x0000000008026900       0x28 /opt/kgp_arm_eabi/lib/gcc/arm-kgp-eabi/4.5.0/../../../../arm-kgp-eabi/lib/thumb/cortex-m3/libc.a(lib_a-mprec.o)
                0x0000000008026900                __mprec_bigtens
 .rodata.p05.2435
                0x0000000008026928        0xc /opt/kgp_arm_eabi/lib/gcc/arm-kgp-eabi/4.5.0/../../../../arm-kgp-eabi/lib/thumb/cortex-m3/libc.a(lib_a-mprec.o)
 *(.glue_7)
 .glue_7        0x0000000000000000        0x0 linker stubs
 *(.glue_7t)
 .glue_7t       0x0000000000000000        0x0 linker stubs
 *(.gnu*)
 *(.gcc*)
                0x0000000008026934                . = ALIGN (0x4)
                0x0000000008026934                _text_end_ = .
                0x0000000008026934                _ram_vec_load_start_ = _text_end_

.vfp11_veneer   0x0000000008026934        0x0
 .vfp11_veneer  0x0000000000000000        0x0 linker stubs

.v4_bx          0x0000000008026934        0x0
 .v4_bx         0x0000000000000000        0x0 linker stubs

.ram_vec        0x0000000020000000        0x0 load address 0x0000000008026934
                0x0000000020000000                . = ALIGN (0x4)
                0x0000000020000000                _ram_vec_start_ = .
 *(.ram_vec)
                0x0000000020000000                _ram_vec_end_ = (. ALIGN 0x4)
                0x0000000008026934                _ram_vec_load_end_ = (_ram_vec_load_start_ + SIZEOF (.ram_vec))
                0x0000000008026934                _data_load_start_ = _ram_vec_load_end_

.data           0x0000000020000000      0x8c4 load address 0x0000000008026934
                0x0000000020000000                . = ALIGN (0x4)
                0x0000000020000000                _data_start_ = .
 *(.data)
 *(.data*)
 .data.uip_semaphore
                0x0000000020000000        0x4 main.o
                0x0000000020000000                uip_semaphore
 .data.arp_timer.4393
                0x0000000020000004        0x8 ./../../lib/libuip-1.0.a(uip_handler.o)
 .data.calls    0x000000002000000c       0x14 ./../../lib/libuip-1.0.a(httpd-cgi.o)
 .data.linemem  0x0000000020000020        0xc ./../../lib/libuip-1.0.a(telnetd.o)
 .data.uxCriticalNesting
                0x000000002000002c        0x4 ./../../lib/libfreertos-6.0.2.a(port.o)
 .data.uxPreviousTask
                0x0000000020000030        0x4 ./../../lib/libfreertos-6.0.2.a(tasks.o)
 .data.ADCPrescTable
                0x0000000020000034        0x4 ./../../lib/libhardware.a(stm32f10x_rcc.o)
 .data.APBAHBPrescTable
                0x0000000020000038       0x10 ./../../lib/libhardware.a(stm32f10x_rcc.o)
 .data.__ctype_ptr__
                0x0000000020000048        0x4 /opt/kgp_arm_eabi/lib/gcc/arm-kgp-eabi/4.5.0/../../../../arm-kgp-eabi/lib/thumb/cortex-m3/libc.a(lib_a-ctype_.o)
                0x0000000020000048                __ctype_ptr__
 *fill*         0x000000002000004c        0x4 00
 .data.impure_data
                0x0000000020000050      0x428 /opt/kgp_arm_eabi/lib/gcc/arm-kgp-eabi/4.5.0/../../../../arm-kgp-eabi/lib/thumb/cortex-m3/libc.a(lib_a-impure.o)
 .data._impure_ptr
                0x0000000020000478        0x4 /opt/kgp_arm_eabi/lib/gcc/arm-kgp-eabi/4.5.0/../../../../arm-kgp-eabi/lib/thumb/cortex-m3/libc.a(lib_a-impure.o)
                0x0000000020000478                _impure_ptr
 .data.lconv    0x000000002000047c       0x38 /opt/kgp_arm_eabi/lib/gcc/arm-kgp-eabi/4.5.0/../../../../arm-kgp-eabi/lib/thumb/cortex-m3/libc.a(lib_a-locale.o)
 .data.__malloc_av_
                0x00000000200004b4      0x408 /opt/kgp_arm_eabi/lib/gcc/arm-kgp-eabi/4.5.0/../../../../arm-kgp-eabi/lib/thumb/cortex-m3/libc.a(lib_a-mallocr.o)
                0x00000000200004b4                __malloc_av_
 .data.__malloc_trim_threshold
                0x00000000200008bc        0x4 /opt/kgp_arm_eabi/lib/gcc/arm-kgp-eabi/4.5.0/../../../../arm-kgp-eabi/lib/thumb/cortex-m3/libc.a(lib_a-mallocr.o)
                0x00000000200008bc                __malloc_trim_threshold
 .data.__malloc_sbrk_base
                0x00000000200008c0        0x4 /opt/kgp_arm_eabi/lib/gcc/arm-kgp-eabi/4.5.0/../../../../arm-kgp-eabi/lib/thumb/cortex-m3/libc.a(lib_a-mallocr.o)
                0x00000000200008c0                __malloc_sbrk_base
                0x00000000200008c4                _data_end_ = (. ALIGN 0x4)
                0x00000000080271f8                _data_load_end_ = (_data_load_start_ + SIZEOF (.data))
                0x00000000080271f8                _fast_load_start_ = _data_load_end_

.fast           0x00000000200008c4        0x0 load address 0x00000000080271f8
                0x00000000200008c4                . = ALIGN (0x4)
                0x00000000200008c4                _fast_start_ = .
 *(.fast)
 *(.fast*)
                0x00000000200008c4                _fast_end_ = (. ALIGN 0x4)
                0x00000000080271f8                _fast_load_end_ = (_fast_load_start_ + SIZEOF (.fast))
                0x00000000080271f8                _flash_end_ = _fast_load_end_

.bss            0x00000000200008c4     0xc510 load address 0x00000000080271f8
                0x00000000200008c4                . = ALIGN (0x4)
                0x00000000200008c4                _bss_start_ = .
 *(.bss)
 *(.bss*)
 .bss.uip_task_recv_stack_free
                0x00000000200008c4        0x4 main.o
                0x00000000200008c4                uip_task_recv_stack_free
 .bss.uip_task_periodic_stack_free
                0x00000000200008c8        0x4 main.o
                0x00000000200008c8                uip_task_periodic_stack_free
 .bss.usMaxDifference.3409
                0x00000000200008cc        0x2 timer.o
 *fill*         0x00000000200008ce        0x2 00
 .bss.ulRunTimeStatsClock
                0x00000000200008d0        0x4 timer.o
                0x00000000200008d0                ulRunTimeStatsClock
 .bss.usMaxJitter
                0x00000000200008d4        0x2 timer.o
                0x00000000200008d4                usMaxJitter
 .bss.usSettleCount.3408
                0x00000000200008d6        0x2 timer.o
 .bss.usLastCount.3407
                0x00000000200008d8        0x2 timer.o
 *fill*         0x00000000200008da        0x2 00
 .bss.dhcpcState
                0x00000000200008dc        0x4 ./../../lib/libuip-1.0.a(dhcpc.o)
 .bss.count     0x00000000200008e0       0x30 ./../../lib/libuip-1.0.a(httpd-fs.o)
 .bss.sntpState
                0x0000000020000910        0x4 ./../../lib/libuip-1.0.a(sntp.o)
 .bss.linemem_memb_mem
                0x0000000020000914     0x2000 ./../../lib/libuip-1.0.a(telnetd.o)
 .bss.i.2420    0x0000000020002914        0x4 ./../../lib/libuip-1.0.a(telnetd.o)
 .bss.i.2383    0x0000000020002918        0x4 ./../../lib/libuip-1.0.a(telnetd.o)
 .bss.s         0x000000002000291c      0x184 ./../../lib/libuip-1.0.a(telnetd.o)
 .bss.linemem_memb_count
                0x0000000020002aa0       0x40 ./../../lib/libuip-1.0.a(telnetd.o)
 .bss.len.2355  0x0000000020002ae0        0x4 ./../../lib/libuip-1.0.a(telnetd.o)
 .bss.i.2343    0x0000000020002ae4        0x4 ./../../lib/libuip-1.0.a(telnetd.o)
 .bss.buflen.2375
                0x0000000020002ae8        0x4 ./../../lib/libuip-1.0.a(telnetd.o)
 .bss.lineptr.2374
                0x0000000020002aec        0x4 ./../../lib/libuip-1.0.a(telnetd.o)
 .bss.linelen.2376
                0x0000000020002af0        0x4 ./../../lib/libuip-1.0.a(telnetd.o)
 .bss.bufptr.2373
                0x0000000020002af4        0x4 ./../../lib/libuip-1.0.a(telnetd.o)
 .bss.i.2363    0x0000000020002af8        0x4 ./../../lib/libuip-1.0.a(telnetd.o)
 .bss.i         0x0000000020002afc        0x1 ./../../lib/libuip-1.0.a(uip_arp.o)
 .bss.tmpage    0x0000000020002afd        0x1 ./../../lib/libuip-1.0.a(uip_arp.o)
 *fill*         0x0000000020002afe        0x2 00
 .bss.arp_table
                0x0000000020002b00       0x58 ./../../lib/libuip-1.0.a(uip_arp.o)
 .bss.c         0x0000000020002b58        0x1 ./../../lib/libuip-1.0.a(uip_arp.o)
 .bss.arptime   0x0000000020002b59        0x1 ./../../lib/libuip-1.0.a(uip_arp.o)
 *fill*         0x0000000020002b5a        0x2 00
 .bss.ipaddr    0x0000000020002b5c        0x4 ./../../lib/libuip-1.0.a(uip_arp.o)
 .bss.tmp16     0x0000000020002b60        0x2 ./../../lib/libuip-1.0.a(uip.o)
 .bss.ipid      0x0000000020002b62        0x2 ./../../lib/libuip-1.0.a(uip.o)
 .bss.uip_timeoffset
                0x0000000020002b64        0x4 ./../../lib/libuip-1.0.a(uip.o)
                0x0000000020002b64                uip_timeoffset
 .bss.iss       0x0000000020002b68        0x4 ./../../lib/libuip-1.0.a(uip.o)
 .bss.lastport  0x0000000020002b6c        0x2 ./../../lib/libuip-1.0.a(uip.o)
 .bss.c         0x0000000020002b6e        0x1 ./../../lib/libuip-1.0.a(uip.o)
 *fill*         0x0000000020002b6f        0x1 00
 .bss.uip_ethaddr
                0x0000000020002b70        0x8 ./../../lib/libuip-1.0.a(uip.o)
                0x0000000020002b70                uip_ethaddr
 .bss.opt       0x0000000020002b78        0x1 ./../../lib/libuip-1.0.a(uip.o)
 *fill*         0x0000000020002b79        0x3 00
 .bss.buf.4006  0x0000000020002b7c       0x20 ./../../lib/libuip-1.0.a(shell.o)
 .bss.buf.4016  0x0000000020002b9c       0x20 ./../../lib/libuip-1.0.a(shell.o)
 .bss.xPendingReadyList
                0x0000000020002bbc       0x14 ./../../lib/libfreertos-6.0.2.a(tasks.o)
 .bss.uxTopReadyPriority
                0x0000000020002bd0        0x4 ./../../lib/libfreertos-6.0.2.a(tasks.o)
 .bss.uxTasksDeleted
                0x0000000020002bd4        0x4 ./../../lib/libfreertos-6.0.2.a(tasks.o)
 .bss.xTickCount
                0x0000000020002bd8        0x4 ./../../lib/libfreertos-6.0.2.a(tasks.o)
 .bss.pxReadyTasksLists
                0x0000000020002bdc       0x64 ./../../lib/libfreertos-6.0.2.a(tasks.o)
 .bss.pxOverflowDelayedTaskList
                0x0000000020002c40        0x4 ./../../lib/libfreertos-6.0.2.a(tasks.o)
 .bss.xTasksWaitingTermination
                0x0000000020002c44       0x14 ./../../lib/libfreertos-6.0.2.a(tasks.o)
 .bss.xTracing  0x0000000020002c58        0x4 ./../../lib/libfreertos-6.0.2.a(tasks.o)
 .bss.pxDelayedTaskList
                0x0000000020002c5c        0x4 ./../../lib/libfreertos-6.0.2.a(tasks.o)
 .bss.xSchedulerRunning
                0x0000000020002c60        0x4 ./../../lib/libfreertos-6.0.2.a(tasks.o)
 .bss.ulTaskSwitchedInTime
                0x0000000020002c64        0x4 ./../../lib/libfreertos-6.0.2.a(tasks.o)
 .bss.xMissedYield
                0x0000000020002c68        0x4 ./../../lib/libfreertos-6.0.2.a(tasks.o)
 .bss.pcTraceBuffer
                0x0000000020002c6c        0x4 ./../../lib/libfreertos-6.0.2.a(tasks.o)
 .bss.pxCurrentTCB
                0x0000000020002c70        0x4 ./../../lib/libfreertos-6.0.2.a(tasks.o)
                0x0000000020002c70                pxCurrentTCB
 .bss.xSuspendedTaskList
                0x0000000020002c74       0x14 ./../../lib/libfreertos-6.0.2.a(tasks.o)
 .bss.uxCurrentNumberOfTasks
                0x0000000020002c88        0x4 ./../../lib/libfreertos-6.0.2.a(tasks.o)
 .bss.xDelayedTaskList1
                0x0000000020002c8c       0x14 ./../../lib/libfreertos-6.0.2.a(tasks.o)
 .bss.xDelayedTaskList2
                0x0000000020002ca0       0x14 ./../../lib/libfreertos-6.0.2.a(tasks.o)
 .bss.uxTaskNumber
                0x0000000020002cb4        0x4 ./../../lib/libfreertos-6.0.2.a(tasks.o)
 .bss.uxSchedulerSuspended
                0x0000000020002cb8        0x4 ./../../lib/libfreertos-6.0.2.a(tasks.o)
 .bss.uxMissedTicks
                0x0000000020002cbc        0x4 ./../../lib/libfreertos-6.0.2.a(tasks.o)
 .bss.pcTraceBufferEnd
                0x0000000020002cc0        0x4 ./../../lib/libfreertos-6.0.2.a(tasks.o)
 .bss.xNumOfOverflows
                0x0000000020002cc4        0x4 ./../../lib/libfreertos-6.0.2.a(tasks.o)
 .bss.uxTopUsedPriority
                0x0000000020002cc8        0x4 ./../../lib/libfreertos-6.0.2.a(tasks.o)
 .bss.HeapHasBeenInitialised.2043
                0x0000000020002ccc        0x4 ./../../lib/libfreertos-6.0.2.a(mmgr.o)
 .bss.End       0x0000000020002cd0        0x8 ./../../lib/libfreertos-6.0.2.a(mmgr.o)
 .bss.Heap      0x0000000020002cd8     0x4004 ./../../lib/libfreertos-6.0.2.a(mmgr.o)
 .bss.Start     0x0000000020006cdc        0x8 ./../../lib/libfreertos-6.0.2.a(mmgr.o)
 .bss.AllocFails
                0x0000000020006ce4        0x4 ./../../lib/libfreertos-6.0.2.a(mmgr.o)
 .bss.__malloc_max_total_mem
                0x0000000020006ce8        0x4 /opt/kgp_arm_eabi/lib/gcc/arm-kgp-eabi/4.5.0/../../../../arm-kgp-eabi/lib/thumb/cortex-m3/libc.a(lib_a-mallocr.o)
                0x0000000020006ce8                __malloc_max_total_mem
 .bss.__malloc_max_sbrked_mem
                0x0000000020006cec        0x4 /opt/kgp_arm_eabi/lib/gcc/arm-kgp-eabi/4.5.0/../../../../arm-kgp-eabi/lib/thumb/cortex-m3/libc.a(lib_a-mallocr.o)
                0x0000000020006cec                __malloc_max_sbrked_mem
 .bss.__malloc_top_pad
                0x0000000020006cf0        0x4 /opt/kgp_arm_eabi/lib/gcc/arm-kgp-eabi/4.5.0/../../../../arm-kgp-eabi/lib/thumb/cortex-m3/libc.a(lib_a-mallocr.o)
                0x0000000020006cf0                __malloc_top_pad
 .bss.__malloc_current_mallinfo
                0x0000000020006cf4       0x28 /opt/kgp_arm_eabi/lib/gcc/arm-kgp-eabi/4.5.0/../../../../arm-kgp-eabi/lib/thumb/cortex-m3/libc.a(lib_a-mallocr.o)
                0x0000000020006cf4                __malloc_current_mallinfo
                0x0000000020006d1c                _bss_end_ = .
 COMMON         0x0000000020006d1c        0x4 can_test.o
                0x0000000020006d1c                can_test_result
 COMMON         0x0000000020006d20        0x8 main.o
                0x0000000020006d20                uip_recv_task_handle
                0x0000000020006d24                uip_periodic_task_handle
 COMMON         0x0000000020006d28       0x22 rtl8201cp.o
                0x0000000020006d28                phy_nwsr
                0x0000000020006d2c                phy_aner
                0x0000000020006d30                phy_bmcr
                0x0000000020006d34                phy_lpremr
                0x0000000020006d36                phy_id1r
                0x0000000020006d38                phy_snrdr
                0x0000000020006d3c                phy_anar
                0x0000000020006d3e                phy_id2r
                0x0000000020006d40                phy_bmsr
                0x0000000020006d44                phy_tr
                0x0000000020006d46                phy_rxercr
                0x0000000020006d48                phy_anlpar
 *fill*         0x0000000020006d4a        0x2 00
 COMMON         0x0000000020006d4c     0x48bc sys_init.o
                0x0000000020006d4c                ETH_InitStructure
                0x0000000020006e08                DMATxDscrTab
                0x0000000020006e48                Rx_Buff
                0x0000000020009dc8                DMARxDscrTab
                0x0000000020009e48                Tx_Buff
 COMMON         0x000000002000b608     0x17bc ./../../lib/libuip-1.0.a(uip.o)
                0x000000002000b608                uip_len
                0x000000002000b60c                uip_sappdata
                0x000000002000b610                uip_acc32
                0x000000002000b614                uip_flags
                0x000000002000b618                uip_udp_conn
                0x000000002000b61c                uip_appdata
                0x000000002000b620                uip_conn
                0x000000002000b624                uip_conns
                0x000000002000c664                uip_sntpaddr
                0x000000002000c668                uip_listenports
                0x000000002000c67c                uip_draddr
                0x000000002000c680                uip_stat
                0x000000002000c6b4                uip_netmask
                0x000000002000c6b8                uip_hostaddr
                0x000000002000c6bc                uip_buf
                0x000000002000cca0                uip_slen
                0x000000002000cca4                uip_udp_conns
 COMMON         0x000000002000cdc4       0x10 ./../../lib/libethernet.a(stm32_eth.o)
                0x000000002000cdc4                DMAPTPRxDescToGet
                0x000000002000cdc8                DMARxDescToGet
                0x000000002000cdcc                DMATxDescToSet
                0x000000002000cdd0                DMAPTPTxDescToSet

DISCARD
 libc.a(*)
 libm.a(*)
 libgcc.a(*)

.stab
 *(.stab)

.stabstr
 *(.stabstr)

.stab.excl
 *(.stab.excl)

.stab.exclstr
 *(.stab.exclstr)

.stab.index
 *(.stab.index)

.stab.indexstr
 *(.stab.indexstr)

.ARM.attributes
                0x0000000000000000       0x31
 .ARM.attributes
                0x0000000000000000       0x31 can_test.o
 .ARM.attributes
                0x0000000000000031       0x31 crt.o
 .ARM.attributes
                0x0000000000000062       0x31 main.o
 .ARM.attributes
                0x0000000000000093       0x31 rtl8201cp.o
 .ARM.attributes
                0x00000000000000c4       0x31 stm32f10x_it.o
 .ARM.attributes
                0x00000000000000f5       0x31 syscalls.o
 .ARM.attributes
                0x0000000000000126       0x31 sys_init.o
 .ARM.attributes
                0x0000000000000157       0x31 timer.o
 .ARM.attributes
                0x0000000000000188       0x31 ./../../lib/libuip-1.0.a(uip_handler.o)
 .ARM.attributes
                0x00000000000001b9       0x31 ./../../lib/libuip-1.0.a(uip_timer.o)
 .ARM.attributes
                0x00000000000001ea       0x31 ./../../lib/libuip-1.0.a(dhcpc.o)
 .ARM.attributes
                0x000000000000021b       0x31 ./../../lib/libuip-1.0.a(httpd.o)
 .ARM.attributes
                0x000000000000024c       0x31 ./../../lib/libuip-1.0.a(httpd-cgi.o)
 .ARM.attributes
                0x000000000000027d       0x31 ./../../lib/libuip-1.0.a(httpd-fs.o)
 .ARM.attributes
                0x00000000000002ae       0x31 ./../../lib/libuip-1.0.a(http-strings.o)
 .ARM.attributes
                0x00000000000002df       0x31 ./../../lib/libuip-1.0.a(psock.o)
 .ARM.attributes
                0x0000000000000310       0x31 ./../../lib/libuip-1.0.a(sntp.o)
 .ARM.attributes
                0x0000000000000341       0x31 ./../../lib/libuip-1.0.a(telnetd.o)
 .ARM.attributes
                0x0000000000000372       0x31 ./../../lib/libuip-1.0.a(uip_arp.o)
 .ARM.attributes
                0x00000000000003a3       0x31 ./../../lib/libuip-1.0.a(uip.o)
 .ARM.attributes
                0x00000000000003d4       0x31 ./../../lib/libuip-1.0.a(memb.o)
 .ARM.attributes
                0x0000000000000405       0x31 ./../../lib/libuip-1.0.a(shell.o)
 .ARM.attributes
                0x0000000000000436       0x31 ./../../lib/libuip-1.0.a(uip_arch.o)
 .ARM.attributes
                0x0000000000000467       0x31 ./../../lib/libethernet.a(stm32_eth.o)
 .ARM.attributes
                0x0000000000000498       0x31 ./../../lib/libfreertos-6.0.2.a(port.o)
 .ARM.attributes
                0x00000000000004c9       0x31 ./../../lib/libfreertos-6.0.2.a(queue.o)
 .ARM.attributes
                0x00000000000004fa       0x31 ./../../lib/libfreertos-6.0.2.a(tasks.o)
 .ARM.attributes
                0x000000000000052b       0x31 ./../../lib/libfreertos-6.0.2.a(list.o)
 .ARM.attributes
                0x000000000000055c       0x31 ./../../lib/libfreertos-6.0.2.a(mmgr.o)
 .ARM.attributes
                0x000000000000058d       0x31 ./../../lib/libhardware.a(misc.o)
 .ARM.attributes
                0x00000000000005be       0x31 ./../../lib/libhardware.a(stm32f10x_can.o)
 .ARM.attributes
                0x00000000000005ef       0x31 ./../../lib/libhardware.a(stm32f10x_flash.o)
 .ARM.attributes
                0x0000000000000620       0x31 ./../../lib/libhardware.a(stm32f10x_gpio.o)
 .ARM.attributes
                0x0000000000000651       0x31 ./../../lib/libhardware.a(stm32f10x_rcc.o)
 .ARM.attributes
                0x0000000000000682       0x31 ./../../lib/libhardware.a(stm32f10x_tim.o)
 .ARM.attributes
                0x00000000000006b3       0x31 ./../../lib/libcmsis.a(system_stm32f10x.o)
 .ARM.attributes
                0x00000000000006e4       0x31 /opt/kgp_arm_eabi/lib/gcc/arm-kgp-eabi/4.5.0/../../../../arm-kgp-eabi/lib/thumb/cortex-m3/libc.a(lib_a-atoi.o)
 .ARM.attributes
                0x0000000000000715       0x31 /opt/kgp_arm_eabi/lib/gcc/arm-kgp-eabi/4.5.0/../../../../arm-kgp-eabi/lib/thumb/cortex-m3/libc.a(lib_a-memcmp.o)
 .ARM.attributes
                0x0000000000000746       0x31 /opt/kgp_arm_eabi/lib/gcc/arm-kgp-eabi/4.5.0/../../../../arm-kgp-eabi/lib/thumb/cortex-m3/libc.a(lib_a-memcpy.o)
 .ARM.attributes
                0x0000000000000777       0x31 /opt/kgp_arm_eabi/lib/gcc/arm-kgp-eabi/4.5.0/../../../../arm-kgp-eabi/lib/thumb/cortex-m3/libc.a(lib_a-memset.o)
 .ARM.attributes
                0x00000000000007a8       0x31 /opt/kgp_arm_eabi/lib/gcc/arm-kgp-eabi/4.5.0/../../../../arm-kgp-eabi/lib/thumb/cortex-m3/libc.a(lib_a-printf.o)
 .ARM.attributes
                0x00000000000007d9       0x31 /opt/kgp_arm_eabi/lib/gcc/arm-kgp-eabi/4.5.0/../../../../arm-kgp-eabi/lib/thumb/cortex-m3/libc.a(lib_a-snprintf.o)
 .ARM.attributes
                0x000000000000080a       0x31 /opt/kgp_arm_eabi/lib/gcc/arm-kgp-eabi/4.5.0/../../../../arm-kgp-eabi/lib/thumb/cortex-m3/libc.a(lib_a-sprintf.o)
 .ARM.attributes
                0x000000000000083b       0x31 /opt/kgp_arm_eabi/lib/gcc/arm-kgp-eabi/4.5.0/../../../../arm-kgp-eabi/lib/thumb/cortex-m3/libc.a(lib_a-strcat.o)
 .ARM.attributes
                0x000000000000086c       0x31 /opt/kgp_arm_eabi/lib/gcc/arm-kgp-eabi/4.5.0/../../../../arm-kgp-eabi/lib/thumb/cortex-m3/libc.a(lib_a-strchr.o)
 .ARM.attributes