###############################################################################
#                                                                             #
# IAR ELF Linker V6.60.1.5097/W32 for ARM               01/Nov/2013  12:38:18 #
# Copyright 2007-2013 IAR Systems AB.                                         #
#                                                                             #
#    Output file  =  D:\TE-TM4C123-DEMO\sine_demo\ewarm\Exe\sine_demo.out     #
#    Map file     =  D:\TE-TM4C123-DEMO\sine_demo\ewarm\List\sine_demo.map    #
#    Command line =  D:\TE-TM4C123-DEMO\grlib\ewarm\Exe\grlib.a               #
#                    D:\TE-TM4C123-DEMO\sine_demo\ewarm\Obj\nokia128x160.o    #
#                    D:\TE-TM4C123-DEMO\sine_demo\ewarm\Obj\sine_demo.o       #
#                    D:\TE-TM4C123-DEMO\sine_demo\ewarm\Obj\startup_ewarm.o   #
#                    D:\TE-TM4C123-DEMO\sine_demo\ewarm\Obj\stripchartwidget. #
#                    o D:\TE-TM4C123-DEMO\usblib\ewarm\Exe\usblib.a           #
#                    --redirect _Printf=_PrintfTiny --redirect                #
#                    _Scanf=_ScanfSmall -o D:\TE-TM4C123-DEMO\sine_demo\ewarm #
#                    \Exe\sine_demo.out --map D:\TE-TM4C123-DEMO\sine_demo\ew #
#                    arm\List\sine_demo.map --config                          #
#                    D:\TE-TM4C123-DEMO\sine_demo\sine_demo.icf               #
#                    --semihosting --entry __iar_program_start --vfe          #
#                                                                             #
#                                                                             #
###############################################################################

*******************************************************************************
*** RUNTIME MODEL ATTRIBUTES
***

CppFlavor       = *
__SystemLibrary = DLib


*******************************************************************************
*** PLACEMENT SUMMARY
***

"A1":  place at start of [0x00000000-0x0003ffff] { ro section .intvec };
"P1":  place in [from 0x00000000 to 0x0003ffff] { ro };
"P2":  place in [from 0x20000000 to 0x20007fff] { rw, block HEAP };

  Section             Kind        Address    Size  Object
  -------             ----        -------    ----  ------
"A1":                                       0x26c
  .intvec             const    0x00000000   0x26c  startup_ewarm.o [1]
                             - 0x0000026c   0x26c

"P1":                                      0x2af4
  .text               ro code  0x0000026c   0x5ba  image.o [4]
  .text               ro code  0x00000826    0x22  zero_init3.o [6]
  .text               ro code  0x00000848   0x520  string.o [4]
  .text               ro code  0x00000d68   0x464  offscr4bpp.o [4]
  .text               ro code  0x000011cc   0x3dc  nokia128x160.o [1]
  .rodata             const    0x000015a8   0x3c0  fontfixed6x8.o [4]
  .text               ro code  0x00001968   0x2f0  stripchartwidget.o [1]
  .text               ro code  0x00001c58   0x11a  rectangle.o [4]
  .text               ro code  0x00001d72    0x90  line.o [4]
  .text               ro code  0x00001e04    0xdc  context.o [4]
  .text               ro code  0x00001ee0   0x244  widget.o [4]
  .text               ro code  0x00002124   0x1a2  DblMul.o [5]
  .text               ro code  0x000022c8   0x16c  xfsin.o [5]
  .text               ro code  0x00002434     0xc  errno.o [3]
  .text               ro code  0x00002440    0xec  xfquad.o [5]
  .text               ro code  0x0000252c     0x2  xtls.o [3]
  .text               ro code  0x0000252e    0x50  xfdint.o [5]
  .text               ro code  0x00002580   0x13c  fmodf.o [5]
  .text               ro code  0x000026bc     0xc  iarEdom.o [6]
  .text               ro code  0x000026c8   0x148  sine_demo.o [1]
  .text               ro code  0x00002810    0x4e  FltToDbl.o [5]
  .text               ro code  0x00002860    0x90  DblToFlt.o [5]
  .text               ro code  0x000028f0    0x4c  DblToI32.o [5]
  .text               ro code  0x0000293c    0x78  ABImemmove_unaligned.o [6]
  .text               ro code  0x000029b4    0x76  ABImemcpy_unaligned.o [6]
  .text               ro code  0x00002a2a    0xd4  packbits_init.o [6]
  .text               ro code  0x00002afe     0x6  abort.o [3]
  .text               ro code  0x00002b04    0x14  exit.o [7]
  .rodata             const    0x00002b18    0x2c  sine_demo.o [1]
  .rodata             const    0x00002b44    0x28  nokia128x160.o [1]
  .text               ro code  0x00002b6c    0x28  data_init.o [6]
  .iar.init_table     const    0x00002b94    0x2c  - Linker created -
  .text               ro code  0x00002bc0    0x1a  startup_ewarm.o [1]
  .text               ro code  0x00002bda     0xc  cstartup_M.o [6]
  .text               ro code  0x00002be8    0x1a  fpinit_M.o [5]
  .text               ro code  0x00002c04    0x1a  cmain.o [6]
  .text               ro code  0x00002c1e     0x4  low_level_init.o [3]
  .text               ro code  0x00002c22     0x4  exit.o [3]
  .text               ro code  0x00002c28     0xa  cexit.o [6]
  .text               ro code  0x00002c34     0x8  charmap.o [4]
  .rodata             const    0x00002c3c     0x0  zero_init3.o [6]
  .rodata             const    0x00002c3c     0x0  packbits_init.o [6]
  Initializer bytes   ro data  0x00002c3c   0x124  <for P2 s0>
                             - 0x00002d60  0x2af4

"P2", part 1 of 3:                         0x29a8
  P2 s0                        0x20000000  0x29a8  <Init block>
    .data             inited   0x20000000  0x2950  sine_demo.o [1]
    .data             inited   0x20002950    0x24  widget.o [4]
    .data             inited   0x20002974    0x18  sine_demo.o [1]
    .data             inited   0x2000298c    0x18  sine_demo.o [1]
    __DLIB_PERTHREAD  inited   0x200029a4     0x4  errno.o [3]
                             - 0x200029a8  0x29a8

"P2", part 2 of 3:                          0x174
  .bss                zero     0x200029a8   0x140  widget.o [4]
  .bss                zero     0x20002ae8    0x20  image.o [4]
  .bss                zero     0x20002b08     0xc  widget.o [4]
  .bss                zero     0x20002b14     0x4  sine_demo.o [1]
  .bss                zero     0x20002b18     0x4  context.o [4]
                             - 0x20002b1c   0x174

"P2", part 3 of 3:                          0x400
  .noinit             uninit   0x20002b1c   0x400  startup_ewarm.o [1]
                             - 0x20002f1c   0x400


*******************************************************************************
*** INIT TABLE
***

          Address     Size
          -------     ----
Zero (__iar_zero_init3)
    1 destination range, total size 0x174:
          0x200029a8   0x174

Copy/packbits (__iar_packbits_init3)
    1 source range, total size 0x124 (2% of destination):
          0x00002c3c   0x124
    1 destination range, total size 0x29a8:
          0x20000000  0x29a8



*******************************************************************************
*** MODULE SUMMARY
***

    Module                  ro code  ro data  rw data
    ------                  -------  -------  -------
D:\TE-TM4C123-DEMO\sine_demo\ewarm\Obj: [1]
    nokia128x160.o              988       40
    sine_demo.o                 328      334   10 628
    startup_ewarm.o              26      620    1 024
    stripchartwidget.o          752
    -------------------------------------------------
    Total:                    2 094      994   11 652

command line: [2]
    -------------------------------------------------
    Total:

dl7M_tln.a: [3]
    abort.o                       6
    errno.o                      12        1        4
    exit.o                        4
    low_level_init.o              4
    xtls.o                        2
    -------------------------------------------------
    Total:                       28        1        4

grlib.a: [4]
    charmap.o                     8
    context.o                   220                 4
    fontfixed6x8.o                       960
    image.o                   1 466                32
    line.o                      144
    offscr4bpp.o              1 124
    rectangle.o                 282
    string.o                  1 312
    widget.o                    580        1      368
    -------------------------------------------------
    Total:                    5 136      961      404

m7M_tlv.a: [5]
    DblMul.o                    418
    DblToFlt.o                  144
    DblToI32.o                   76
    FltToDbl.o                   78
    fmodf.o                     316
    fpinit_M.o                   26
    xfdint.o                     80
    xfquad.o                    236
    xfsin.o                     364
    -------------------------------------------------
    Total:                    1 738

rt7M_tl.a: [6]
    ABImemcpy_unaligned.o       118
    ABImemmove_unaligned.o      120
    cexit.o                      10
    cmain.o                      26
    cstartup_M.o                 12
    data_init.o                  40
    iarEdom.o                    12
    packbits_init.o             212
    zero_init3.o                 34
    -------------------------------------------------
    Total:                      584

shb_l.a: [7]
    exit.o                       20
    -------------------------------------------------
    Total:                       20

    Gaps                         16
    Linker created                        44
-----------------------------------------------------
    Grand Total:              9 616    2 000   12 060


*******************************************************************************
*** ENTRY LIST
***

Entry                      Address    Size  Type      Object
-----                      -------    ----  ----      ------
?main                   0x00002c05          Code  Gb  cmain.o [6]
FaultISR                0x00002bd7     0x2  Code  Lc  startup_ewarm.o [1]
GrContextClipRegionSet  0x00001e71    0x5e  Code  Gb  context.o [4]
GrContextFontSet        0x00000d65     0x4  Code  Gb  string.o [4]
GrContextInit           0x00001e05    0x62  Code  Gb  context.o [4]
GrDefaultStringRenderer
                        0x000008c9    0xb2  Code  Gb  string.o [4]
GrFontBaselineGet       0x00000c17    0x18  Code  Gb  string.o [4]
GrFontCodepageGet       0x00000d07    0x1c  Code  Gb  string.o [4]
GrFontGlyphDataGet      0x00000c7d    0x8a  Code  Gb  string.o [4]
GrFontGlyphRender       0x000009a7   0x238  Code  Gb  string.o [4]
GrFontHeightGet         0x00000c2f    0x16  Code  Gb  string.o [4]
GrFontInfoGet           0x00000bed    0x2a  Code  Gb  string.o [4]
GrFontMaxWidthGet       0x00000c5b    0x22  Code  Gb  string.o [4]
GrImageDraw             0x00000819     0x6  Code  Gb  image.o [4]
GrLineDrawH             0x00001d73    0x48  Code  Gb  line.o [4]
GrLineDrawV             0x00001dbb    0x48  Code  Gb  line.o [4]
GrMapISO8859_1_Unicode  0x00002c35     0x8  Code  Gb  charmap.o [4]
GrOffScreen4BPPColorTranslate
                        0x00000d69    0x4a  Code  Lc  offscr4bpp.o [4]
GrOffScreen4BPPFlush    0x00001145     0x2  Code  Lc  offscr4bpp.o [4]
GrOffScreen4BPPInit     0x00001147    0x3a  Code  Gb  offscr4bpp.o [4]
GrOffScreen4BPPLineDrawH
                        0x00000f03    0xa6  Code  Lc  offscr4bpp.o [4]
GrOffScreen4BPPLineDrawV
                        0x00000fa9    0x4e  Code  Lc  offscr4bpp.o [4]
GrOffScreen4BPPPaletteSet
                        0x0000119d    0x30  Code  Gb  offscr4bpp.o [4]
GrOffScreen4BPPPixelDraw
                        0x00000db3    0x3a  Code  Lc  offscr4bpp.o [4]
GrOffScreen4BPPPixelDrawMultiple
                        0x00000ded   0x108  Code  Lc  offscr4bpp.o [4]
GrOffScreen4BPPRectFill
                        0x00000ff7   0x14e  Code  Lc  offscr4bpp.o [4]
GrRectDraw              0x00001c59    0x68  Code  Gb  rectangle.o [4]
GrRectFill              0x00001cc1    0xb2  Code  Gb  rectangle.o [4]
GrStringDraw            0x000008b3    0x16  Code  Gb  string.o [4]
GrStringNextCharGet     0x0000097b    0x2c  Code  Gb  string.o [4]
GrStringWidthGet        0x00000849    0x6a  Code  Gb  string.o [4]
InStream_Read           0x00002a2b    0x22  Code  Lc  packbits_init.o [6]
IntDefaultHandler       0x00002bd9     0x2  Code  Lc  startup_ewarm.o [1]
InternalImageDraw       0x000004bd   0x356  Code  Lc  image.o [4]
NOKIA128X160ColorTranslate
                        0x0000143d    0x16  Code  Lc  nokia128x160.o [1]
NOKIA128X160Flush       0x00001453     0x2  Code  Lc  nokia128x160.o [1]
NOKIA128X160Init        0x00001455   0x11c  Code  Gb  nokia128x160.o [1]
NOKIA128X160LineDrawH   0x0000136d    0x3c  Code  Lc  nokia128x160.o [1]
NOKIA128X160LineDrawV   0x000013bf    0x34  Code  Lc  nokia128x160.o [1]
NOKIA128X160PixelDraw   0x00001219    0x40  Code  Lc  nokia128x160.o [1]
NOKIA128X160PixelDrawMultiple
                        0x00001259    0xf0  Code  Lc  nokia128x160.o [1]
NOKIA128X160RectFill    0x00001411    0x2c  Code  Lc  nokia128x160.o [1]
NOKIA128X160WriteCommand
                        0x000011cd    0x22  Code  Lc  nokia128x160.o [1]
NOKIA128X160WriteData   0x000011ef    0x22  Code  Lc  nokia128x160.o [1]
NmiSR                   0x00002bd5     0x2  Code  Lc  startup_ewarm.o [1]
PixelTransparentDraw    0x0000026d   0x22c  Code  Lc  image.o [4]
Region$$Table$$Base     0x00002b94           --   Gb  - Linker created -
Region$$Table$$Limit    0x00002bc0           --   Gb  - Linker created -
ResetISR                0x00002bc1     0xe  Code  Gb  startup_ewarm.o [1]
StripChartAdvance       0x00001bcf    0x16  Code  Gb  stripchartwidget.o [1]
StripChartDraw          0x00001969   0x23c  Code  Gb  stripchartwidget.o [1]
StripChartMsgProc       0x00001c01    0x58  Code  Gb  stripchartwidget.o [1]
StripChartSeriesAdd     0x00001be5    0x16  Code  Gb  stripchartwidget.o [1]
SysTickHandler          0x000026c9     0xa  Code  Gb  sine_demo.o [1]
UpdateContextCharMapping
                        0x00000d23    0x42  Code  Lc  string.o [4]
WidgetAdd               0x00001f27    0x1e  Code  Gb  widget.o [4]
WidgetDefaultMsgProc    0x00001f23     0x4  Code  Gb  widget.o [4]
WidgetIsInTree          0x00001ef5    0x2e  Code  Lc  widget.o [4]
WidgetMessageQueueAdd   0x0000202d    0xaa  Code  Gb  widget.o [4]
WidgetMessageQueueProcess
                        0x000020d7    0x42  Code  Gb  widget.o [4]
WidgetMessageSendPostOrder
                        0x00001f9b    0x92  Code  Gb  widget.o [4]
WidgetMessageSendPreOrder
                        0x00001f45    0x56  Code  Gb  widget.o [4]
WidgetMutexGet          0x00001ee1    0x14  Code  Gb  widget.o [4]
__aeabi_d2f             0x00002861          Code  Gb  DblToFlt.o [5]
__aeabi_d2iz            0x000028f1          Code  Gb  DblToI32.o [5]
__aeabi_dmul            0x00002125          Code  Gb  DblMul.o [5]
__aeabi_errno_addr      0x00002435     0x6  Code  Gb  errno.o [3]
__aeabi_f2d             0x00002811          Code  Gb  FltToDbl.o [5]
__cmain                 0x00002c05          Code  Gb  cmain.o [6]
__exit                  0x00002b05    0x14  Code  Gb  exit.o [7]
__iar_Errno             0x200029a4     0x4  Data  Gb  errno.o [3]
__iar_FDint             0x0000252f    0x50  Code  Gb  xfdint.o [5]
__iar_FQuad             0x00002441    0xc2  Code  Gb  xfquad.o [5]
__iar_FSin              0x000022c9   0x12a  Code  Gb  xfsin.o [5]
__iar_d2uiz             0x0000291d          Code  Gb  DblToI32.o [5]
__iar_data_init3        0x00002b6d    0x28  Code  Gb  data_init.o [6]
__iar_dlib_perthread_access
                        0x0000252d     0x2  Code  Gb  xtls.o [3]
__iar_edom              0x000026bd          Code  Gb  iarEdom.o [6]
__iar_init_vfp          0x00002be9          Code  Gb  fpinit_M.o [5]
__iar_packbits_init3    0x00002a4d    0xb2  Code  Gb  packbits_init.o [6]
__iar_program_start     0x00002bdb          Code  Gb  cstartup_M.o [6]
__iar_unaligned___aeabi_memcpy
                        0x000029b5          Code  Gb  ABImemcpy_unaligned.o [6]
__iar_unaligned___aeabi_memcpy4
                        0x000029d5          Code  Gb  ABImemcpy_unaligned.o [6]
__iar_unaligned___aeabi_memcpy8
                        0x000029d5          Code  Gb  ABImemcpy_unaligned.o [6]
__iar_unaligned___aeabi_memmove
                        0x0000293d          Code  Gb  ABImemmove_unaligned.o [6]
__iar_unaligned___aeabi_memmove4
                        0x0000293d          Code  Gb  ABImemmove_unaligned.o [6]
__iar_unaligned___aeabi_memmove8
                        0x0000293d          Code  Gb  ABImemmove_unaligned.o [6]
__iar_vfp_fmodf         0x00002581          Code  Gb  fmodf.o [5]
__iar_zero_init3        0x00000827    0x22  Code  Gb  zero_init3.o [6]
__low_level_init        0x00002c1f     0x4  Code  Gb  low_level_init.o [3]
__vector_table          0x00000000   0x26c  Data  Gb  startup_ewarm.o [1]
_call_main              0x00002c11          Code  Gb  cmain.o [6]
_exit                   0x00002c29          Code  Gb  cexit.o [6]
_main                   0x00002c1b          Code  Gb  cmain.o [6]
abort                   0x00002aff     0x6  Code  Gb  abort.o [3]
exit                    0x00002c23     0x4  Code  Gb  exit.o [3]
fmodf                   0x00002589          Code  Gb  fmodf.o [5]
g_i8SeriesData          0x20000000    0x80  Data  Lc  sine_demo.o [1]
g_psDefaultCodePointMapTable
                        0x00001ed0    0x10  Data  Gb  context.o [4]
g_psGrLibDefaults       0x20002b18     0x4  Data  Lc  context.o [4]
g_psMQ                  0x200029a8   0x140  Data  Lc  widget.o [4]
g_psPointerWidget       0x20002950     0x4  Data  Lc  widget.o [4]
g_pui32Palette          0x200028f4    0x10  Data  Gb  sine_demo.o [1]
g_pui8Dictionary        0x20002ae8    0x20  Data  Lc  image.o [4]
g_pui8FontFixed6x8Data  0x000015a8   0x2f8  Data  Lc  fontfixed6x8.o [4]
g_pui8OffscreenBuf      0x20000094  0x2838  Data  Gb  sine_demo.o [1]
g_sFontFixed6x8         0x000018a0    0xc8  Data  Gb  fontfixed6x8.o [4]
g_sNOKIA128X160         0x00002b44    0x28  Data  Gb  nokia128x160.o [1]
g_sOffscreenDisplay     0x200028cc    0x28  Data  Gb  sine_demo.o [1]
g_sRoot                 0x20002954    0x20  Data  Gb  widget.o [4]
g_sSeries               0x20000080    0x14  Data  Lc  sine_demo.o [1]
g_sStripChart           0x20002904    0x4c  Data  Gb  sine_demo.o [1]
g_ui32MQRead            0x20002b0c     0x4  Data  Lc  widget.o [4]
g_ui32MQWrite           0x20002b10     0x4  Data  Lc  widget.o [4]
g_ui32TickCount         0x20002b14     0x4  Data  Lc  sine_demo.o [1]
g_ui8MQMutex            0x20002b08     0x1  Data  Lc  widget.o [4]
i16Axis16X              0x20002974    0x18  Data  Lc  sine_demo.o [1]
i16Axis16Y              0x2000298c    0x18  Data  Lc  sine_demo.o [1]
main                    0x000026d5   0x114  Code  Gb  sine_demo.o [1]
pui32Stack              0x20002b1c   0x400  Data  Lc  startup_ewarm.o [1]


[1] = D:\TE-TM4C123-DEMO\sine_demo\ewarm\Obj
[2] = command line
[3] = dl7M_tln.a
[4] = grlib.a
[5] = m7M_tlv.a
[6] = rt7M_tl.a
[7] = shb_l.a

   9 616 bytes of readonly  code memory
   2 000 bytes of readonly  data memory
  12 060 bytes of readwrite data memory

Errors: none
Warnings: none
