###############################################################################
#                                                                             #
# IAR ELF Linker V6.60.1.5097/W32 for ARM               01/Nov/2013  12:26:01 #
# Copyright 2007-2013 IAR Systems AB.                                         #
#                                                                             #
#    Output file  =  D:\TE-TM4C123-DEMO\adc_pe7\ewarm\Exe\blinky.out          #
#    Map file     =  D:\TE-TM4C123-DEMO\adc_pe7\ewarm\List\blinky.map         #
#    Command line =  D:\TE-TM4C123-DEMO\adc_pe7\ewarm\Obj\adc_pe7.o           #
#                    D:\TE-TM4C123-DEMO\driverlib\ewarm\Exe\driverlib.a       #
#                    D:\TE-TM4C123-DEMO\grlib\ewarm\Exe\grlib.a               #
#                    D:\TE-TM4C123-DEMO\adc_pe7\ewarm\Obj\nokia128x160.o      #
#                    D:\TE-TM4C123-DEMO\adc_pe7\ewarm\Obj\slidemenuwidget.o   #
#                    D:\TE-TM4C123-DEMO\adc_pe7\ewarm\Obj\startup_ewarm.o     #
#                    D:\TE-TM4C123-DEMO\adc_pe7\ewarm\Obj\uartstdio.o         #
#                    D:\TE-TM4C123-DEMO\adc_pe7\ewarm\Obj\ustdlib.o           #
#                    --redirect _Printf=_PrintfTiny --redirect                #
#                    _Scanf=_ScanfSmall -o D:\TE-TM4C123-DEMO\adc_pe7\ewarm\E #
#                    xe\blinky.out --map D:\TE-TM4C123-DEMO\adc_pe7\ewarm\Lis #
#                    t\blinky.map --config D:\TE-TM4C123-DEMO\adc_pe7\adc_pe7 #
#                    .icf --semihosting --entry __iar_program_start --vfe     #
#                                                                             #
#                                                                             #
###############################################################################

*******************************************************************************
*** MESSAGES
***

Error[Li005]: no definition for "ROM_SSIBusy" [referenced from
          D:\TE-TM4C123-DEMO\adc_pe7\ewarm\Obj\nokia128x160.o]
Error[Li005]: no definition for "ROM_SSIDataPut" [referenced from
          D:\TE-TM4C123-DEMO\adc_pe7\ewarm\Obj\nokia128x160.o]
Error[Li005]: no definition for "ROM_SysCtlPeripheralEnable" [referenced from
          D:\TE-TM4C123-DEMO\adc_pe7\ewarm\Obj\nokia128x160.o]
Error[Li005]: no definition for "ROM_GPIOPinConfigure" [referenced from
          D:\TE-TM4C123-DEMO\adc_pe7\ewarm\Obj\nokia128x160.o]
Error[Li005]: no definition for "ROM_GPIOPinTypeSSI" [referenced from
          D:\TE-TM4C123-DEMO\adc_pe7\ewarm\Obj\nokia128x160.o]
Error[Li005]: no definition for "ROM_GPIOPinTypeGPIOOutput" [referenced from
          D:\TE-TM4C123-DEMO\adc_pe7\ewarm\Obj\nokia128x160.o]
Error[Li005]: no definition for "ROM_SSIDisable" [referenced from
          D:\TE-TM4C123-DEMO\adc_pe7\ewarm\Obj\nokia128x160.o]
Error[Li005]: no definition for "ROM_SysCtlClockGet" [referenced from
          D:\TE-TM4C123-DEMO\adc_pe7\ewarm\Obj\nokia128x160.o]
Error[Li005]: no definition for "ROM_SSIConfigSetExpClk" [referenced from
          D:\TE-TM4C123-DEMO\adc_pe7\ewarm\Obj\nokia128x160.o]
Error[Li005]: no definition for "ROM_SSIEnable" [referenced from
          D:\TE-TM4C123-DEMO\adc_pe7\ewarm\Obj\nokia128x160.o]
Error[Li005]: no definition for "ROM_SysCtlDelay" [referenced from
          D:\TE-TM4C123-DEMO\adc_pe7\ewarm\Obj\nokia128x160.o]
Error[Li005]: no definition for "ROM_GPIOPinWrite" [referenced from
          D:\TE-TM4C123-DEMO\adc_pe7\ewarm\Obj\nokia128x160.o]


*******************************************************************************
*** RUNTIME MODEL ATTRIBUTES
***

CppFlavor       = *
__SystemLibrary = DLib


*******************************************************************************
*** PLACEMENT SUMMARY
***

"A1":  place at start of [0x00000000-0x0003ffff] { ro section .intvec };
"P1":  place in [from 0x00000000 to 0x0003ffff] { ro };
"P2":  place in [from 0x20000000 to 0x20007fff] { rw, block HEAP };

  Section          Kind        Address    Size  Object
  -------          ----        -------    ----  ------
"A1":                                    0x26c
  .intvec          const    0x00000000   0x26c  startup_ewarm.o [1]
                          - 0x0000026c   0x26c

"P1":                                   0x23a8
  .rodata          const    0x0000026c   0x5dc  fontcmss12.o [5]
  .text            ro code  0x00000848   0x4e8  string.o [5]
  .text            ro code  0x00000d30   0x478  adc_pe7.o [1]
  .text            ro code  0x000011a8   0x294  sysctl.o [4]
  .text            ro code  0x0000143c   0x1b0  gpio.o [4]
  .text            ro code  0x000015ec    0x9c  uart.o [4]
  .text            ro code  0x00001688   0x24c  uartstdio.o [1]
  .text            ro code  0x000018d4   0x398  nokia128x160.o [1]
  .text            ro code  0x00001c6c    0x7c  context.o [5]
  .text            ro code  0x00001ce8   0x136  adc.o [4]
  .text            ro code  0x00001e1e    0x22  zero_init3.o [7]
  .text            ro code  0x00001e40    0x4e  FltToDbl.o [6]
  .text            ro code  0x00001e8e     0xa  xsprout.o [3]
  .text            ro code  0x00001e98    0x34  sprintf.o [3]
  .text            ro code  0x00001ecc    0xb2  rectangle.o [5]
  .text            ro code  0x00001f80    0x66  ABImemset.o [7]
  .text            ro code  0x00001fe6   0x144  xprintftiny.o [3]
  .text            ro code  0x0000212c    0x36  strlen.o [7]
  .rodata          const    0x00002164   0x3c0  fontfixed6x8.o [5]
  .rodata          const    0x00002524    0x28  nokia128x160.o [1]
  .text            ro code  0x0000254c    0x28  data_init.o [7]
  .iar.init_table  const    0x00002574    0x10  - Linker created -
  .text            ro code  0x00002584    0x1a  startup_ewarm.o [1]
  .text            ro code  0x0000259e     0xc  cstartup_M.o [7]
  .text            ro code  0x000025ac    0x1a  fpinit_M.o [6]
  .text            ro code  0x000025c8    0x1a  cmain.o [7]
  .text            ro code  0x000025e2     0x4  low_level_init.o [3]
  .text            ro code  0x000025e6     0x4  exit.o [3]
  .text            ro code  0x000025ec     0xa  cexit.o [7]
  .text            ro code  0x000025f8    0x14  exit.o [8]
  .text            ro code  0x0000260c     0x8  charmap.o [5]
  .rodata          const    0x00002614     0x0  zero_init3.o [7]
                          - 0x00002614  0x23a8

"P2", part 1 of 2:                         0xc
  .bss             zero     0x20000000     0x8  uartstdio.o [1]
  .bss             zero     0x20000008     0x4  context.o [5]
                          - 0x2000000c     0xc

"P2", part 2 of 2:                       0x100
  .noinit          uninit   0x2000000c   0x100  startup_ewarm.o [1]
                          - 0x2000010c   0x100


*******************************************************************************
*** INIT TABLE
***

          Address     Size
          -------     ----
Zero (__iar_zero_init3)
    1 destination range, total size 0xc:
          0x20000000   0xc



*******************************************************************************
*** MODULE SUMMARY
***

    Module            ro code  ro data  rw data
    ------            -------  -------  -------
D:\TE-TM4C123-DEMO\adc_pe7\ewarm\Obj: [1]
    adc_pe7.o           1 144
    nokia128x160.o        920       40
    startup_ewarm.o        26      620      256
    uartstdio.o           588                 8
    -------------------------------------------
    Total:              2 678      660      264

command line: [2]
    -------------------------------------------
    Total:

dl7M_tln.a: [3]
    exit.o                  4
    low_level_init.o        4
    sprintf.o              52
    xprintftiny.o         324
    xsprout.o              10
    -------------------------------------------
    Total:                394

driverlib.a: [4]
    adc.o                 310
    gpio.o                432
    sysctl.o              660
    uart.o                156
    -------------------------------------------
    Total:              1 558

grlib.a: [5]
    charmap.o               8
    context.o             124                 4
    fontcmss12.o                 1 500
    fontfixed6x8.o                 960
    rectangle.o           178
    string.o            1 256
    -------------------------------------------
    Total:              1 566    2 460        4

m7M_tlv.a: [6]
    FltToDbl.o             78
    fpinit_M.o             26
    -------------------------------------------
    Total:                104

rt7M_tl.a: [7]
    ABImemset.o           102
    cexit.o                10
    cmain.o                26
    cstartup_M.o           12
    data_init.o            40
    strlen.o               54
    zero_init3.o           34
    -------------------------------------------
    Total:                278

shb_l.a: [8]
    exit.o                 20
    -------------------------------------------
    Total:                 20

    Gaps                   12        2
    Linker created                  16
-----------------------------------------------
    Grand Total:        6 610    3 138      268


*******************************************************************************
*** ENTRY LIST
***

Entry                      Address   Size  Type      Object
-----                      -------   ----  ----      ------
?main                   0x000025c9         Code  Gb  cmain.o [7]
ADCHardwareOversampleConfigure
                        0x00001e07    0xe  Code  Gb  adc.o [4]
ADCIntClear             0x00001d13    0xa  Code  Gb  adc.o [4]
ADCIntStatus            0x00001ce9   0x2a  Code  Gb  adc.o [4]
ADCProcessorTrigger     0x00001deb   0x1c  Code  Gb  adc.o [4]
ADCSequenceConfigure    0x00001d23   0x30  Code  Gb  adc.o [4]
ADCSequenceDataGet      0x00001dcd   0x1e  Code  Gb  adc.o [4]
ADCSequenceEnable       0x00001d1d    0x6  Code  Gb  adc.o [4]
ADCSequenceStepConfigure
                        0x00001d53   0x70  Code  Gb  adc.o [4]
FaultISR                0x0000259b    0x2  Code  Lc  startup_ewarm.o [1]
GPIODirModeSet          0x0000143d   0x28  Code  Gb  gpio.o [4]
GPIOPadConfigSet        0x00001465   0x98  Code  Gb  gpio.o [4]
GPIOPinConfigure        0x00001537   0x38  Code  Gb  gpio.o [4]
GPIOPinTypeADC          0x000014fd    0x4  Code  Gb  gpio.o [4]
GPIOPinTypeUART         0x00001523   0x14  Code  Gb  gpio.o [4]
GrContextFontSet        0x00000d2d    0x4  Code  Gb  string.o [5]
GrContextInit           0x00001c6d   0x62  Code  Gb  context.o [5]
GrDefaultStringRenderer
                        0x000008c9   0xb2  Code  Gb  string.o [5]
GrFontBaselineGet       0x00000c17   0x18  Code  Gb  string.o [5]
GrFontCodepageGet       0x00000ccf   0x1c  Code  Gb  string.o [5]
GrFontGlyphDataGet      0x00000c45   0x8a  Code  Gb  string.o [5]
GrFontGlyphRender       0x000009a7  0x238  Code  Gb  string.o [5]
GrFontInfoGet           0x00000bed   0x2a  Code  Gb  string.o [5]
GrMapISO8859_1_Unicode  0x0000260d    0x8  Code  Gb  charmap.o [5]
GrRectFill              0x00001ecd   0xb2  Code  Gb  rectangle.o [5]
GrStringDraw            0x000008b3   0x16  Code  Gb  string.o [5]
GrStringNextCharGet     0x0000097b   0x2c  Code  Gb  string.o [5]
GrStringWidthGet        0x00000849   0x6a  Code  Gb  string.o [5]
InitConsole             0x00000d31   0x3e  Code  Gb  adc_pe7.o [1]
IntDefaultHandler       0x0000259d    0x2  Code  Lc  startup_ewarm.o [1]
NOKIA128X160ColorTranslate
                        0x00001b35   0x16  Code  Lc  nokia128x160.o [1]
NOKIA128X160Flush       0x00001b4b    0x2  Code  Lc  nokia128x160.o [1]
NOKIA128X160Init        0x00001b4d   0xe6  Code  Gb  nokia128x160.o [1]
NOKIA128X160LineDrawH   0x00001a65   0x3c  Code  Lc  nokia128x160.o [1]
NOKIA128X160LineDrawV   0x00001ab7   0x34  Code  Lc  nokia128x160.o [1]
NOKIA128X160PixelDraw   0x00001911   0x40  Code  Lc  nokia128x160.o [1]
NOKIA128X160PixelDrawMultiple
                        0x00001951   0xf0  Code  Lc  nokia128x160.o [1]
NOKIA128X160RectFill    0x00001b09   0x2c  Code  Lc  nokia128x160.o [1]
NOKIA128X160WriteCommand
                        0x000018d5   0x1e  Code  Lc  nokia128x160.o [1]
NOKIA128X160WriteData   0x000018f3   0x1e  Code  Lc  nokia128x160.o [1]
NmiSR                   0x00002599    0x2  Code  Lc  startup_ewarm.o [1]
Region$$Table$$Base     0x00002574          --   Gb  - Linker created -
Region$$Table$$Limit    0x00002584          --   Gb  - Linker created -
ResetISR                0x00002585    0xe  Code  Gb  startup_ewarm.o [1]
SysCtlClockGet          0x000012d5   0xc6  Code  Gb  sysctl.o [4]
SysCtlClockSet          0x000011f1   0xe4  Code  Gb  sysctl.o [4]
SysCtlDelay             0x000011e9    0x8  Code  Gb  sysctl.o [4]
SysCtlPeripheralEnable  0x000011cb    0x8  Code  Gb  sysctl.o [4]
SysCtlPeripheralPresent
                        0x000011a9    0xa  Code  Gb  sysctl.o [4]
UARTCharPut             0x00001679    0xa  Code  Gb  uart.o [4]
UARTClockSourceSet      0x00001683    0x6  Code  Gb  uart.o [4]
UARTConfigSetExpClk     0x000015ed   0x4c  Code  Gb  uart.o [4]
UARTDisable             0x00001653   0x1e  Code  Gb  uart.o [4]
UARTEnable              0x00001639   0x1a  Code  Gb  uart.o [4]
UARTStdioConfig         0x00001689   0x46  Code  Gb  uartstdio.o [1]
UARTprintf              0x00001893    0xe  Code  Gb  uartstdio.o [1]
UARTvprintf             0x000016fb  0x184  Code  Gb  uartstdio.o [1]
UARTwrite               0x000016cf   0x2c  Code  Gb  uartstdio.o [1]
UpdateContextCharMapping
                        0x00000ceb   0x42  Code  Lc  string.o [5]
_PrintfTiny             0x00001fff  0x12c  Code  Gb  xprintftiny.o [3]
_SProut                 0x00001e8f    0xa  Code  Gb  xsprout.o [3]
__aeabi_f2d             0x00001e41         Code  Gb  FltToDbl.o [6]
__aeabi_memset          0x00001f81         Code  Gb  ABImemset.o [7]
__cmain                 0x000025c9         Code  Gb  cmain.o [7]
__exit                  0x000025f9   0x14  Code  Gb  exit.o [8]
__iar_Memset            0x00001f81         Code  Gb  ABImemset.o [7]
__iar_Memset_word       0x00001f89         Code  Gb  ABImemset.o [7]
__iar_data_init3        0x0000254d   0x28  Code  Gb  data_init.o [7]
__iar_init_vfp          0x000025ad         Code  Gb  fpinit_M.o [6]
__iar_program_start     0x0000259f         Code  Gb  cstartup_M.o [7]
__iar_zero_init3        0x00001e1f   0x22  Code  Gb  zero_init3.o [7]
__low_level_init        0x000025e3    0x4  Code  Gb  low_level_init.o [3]
__vector_table          0x00000000  0x26c  Data  Gb  startup_ewarm.o [1]
_call_main              0x000025d5         Code  Gb  cmain.o [7]
_exit                   0x000025ed         Code  Gb  cexit.o [7]
_main                   0x000025df         Code  Gb  cmain.o [7]
exit                    0x000025e7    0x4  Code  Gb  exit.o [3]
g_psDefaultCodePointMapTable
                        0x00001cd8   0x10  Data  Gb  context.o [5]
g_psGrLibDefaults       0x20000008    0x4  Data  Lc  context.o [5]
g_pui32GPIOBaseAddrs    0x00001574   0x78  Data  Lc  gpio.o [4]
g_pui32Xtals            0x000013d0   0x6c  Data  Lc  sysctl.o [4]
g_pui8Cmss12Data        0x0000026c  0x514  Data  Lc  fontcmss12.o [5]
g_pui8FontFixed6x8Data  0x00002164  0x2f8  Data  Lc  fontfixed6x8.o [5]
g_sFontCmss12           0x00000780   0xc8  Data  Gb  fontcmss12.o [5]
g_sFontFixed6x8         0x0000245c   0xc8  Data  Gb  fontfixed6x8.o [5]
g_sNOKIA128X160         0x00002524   0x28  Data  Gb  nokia128x160.o [1]
g_ui32Base              0x20000004    0x4  Data  Lc  uartstdio.o [1]
g_ui32UARTBase          0x000018bc    0xc  Data  Lc  uartstdio.o [1]
g_ui32UARTPeriph        0x000018c8    0xc  Data  Lc  uartstdio.o [1]
main                    0x00000d71  0x2b4  Code  Gb  adc_pe7.o [1]
out                     0x00001fe7   0x18  Code  Lc  xprintftiny.o [3]
pui32Stack              0x2000000c  0x100  Data  Lc  startup_ewarm.o [1]
sprintf                 0x00001e99   0x34  Code  Gb  sprintf.o [3]
strlen                  0x0000212d         Code  Gb  strlen.o [7]


[1] = D:\TE-TM4C123-DEMO\adc_pe7\ewarm\Obj
[2] = command line
[3] = dl7M_tln.a
[4] = driverlib.a
[5] = grlib.a
[6] = m7M_tlv.a
[7] = rt7M_tl.a
[8] = shb_l.a

  6 610 bytes of readonly  code memory
  3 138 bytes of readonly  data memory
    268 bytes of readwrite data memory

Errors: 12
Warnings: none
