###############################################################################
#                                                                             #
# IAR ELF Linker V6.60.1.5097/W32 for ARM               01/Nov/2013  12:38:36 #
# Copyright 2007-2013 IAR Systems AB.                                         #
#                                                                             #
#    Output file  =  D:\TE-TM4C123-DEMO\usb_host_mouse\ewarm\Exe\usb_host_mou #
#                    se.out                                                   #
#    Map file     =  D:\TE-TM4C123-DEMO\usb_host_mouse\ewarm\List\usb_host_mo #
#                    use.map                                                  #
#    Command line =  D:\TE-TM4C123-DEMO\driverlib\ewarm\Exe\driverlib.a       #
#                    D:\TE-TM4C123-DEMO\grlib\ewarm\Exe\grlib.a               #
#                    D:\TE-TM4C123-DEMO\usb_host_mouse\ewarm\Obj\nokia128x160 #
#                    .o D:\TE-TM4C123-DEMO\usb_host_mouse\ewarm\Obj\startup_e #
#                    warm.o D:\TE-TM4C123-DEMO\usb_host_mouse\ewarm\Obj\uarts #
#                    tdio.o D:\TE-TM4C123-DEMO\usb_host_mouse\ewarm\Obj\usb_h #
#                    ost_mouse.o D:\TE-TM4C123-DEMO\usblib\ewarm\Exe\usblib.a #
#                     D:\TE-TM4C123-DEMO\usb_host_mouse\ewarm\Obj\ustdlib.o   #
#                    --redirect _Printf=_PrintfTiny --redirect                #
#                    _Scanf=_ScanfSmall -o D:\TE-TM4C123-DEMO\usb_host_mouse\ #
#                    ewarm\Exe\usb_host_mouse.out --map                       #
#                    D:\TE-TM4C123-DEMO\usb_host_mouse\ewarm\List\usb_host_mo #
#                    use.map --config D:\TE-TM4C123-DEMO\usb_host_mouse\usb_h #
#                    ost_mouse.icf --semihosting --entry __iar_program_start  #
#                    --vfe                                                    #
#                                                                             #
#                                                                             #
###############################################################################

*******************************************************************************
*** RUNTIME MODEL ATTRIBUTES
***

CppFlavor       = *
__SystemLibrary = DLib


*******************************************************************************
*** PLACEMENT SUMMARY
***

"A1":  place at start of [0x00000000-0x0003ffff] { ro section .intvec };
"P1":  place in [from 0x00000000 to 0x0003ffff] { ro };
"P2":  place in [from 0x20000000 to 0x20007fff] { rw, block HEAP };

  Section            Kind        Address    Size  Object
  -------            ----        -------    ----  ------
"A1":                                      0x26c
  .intvec            const    0x00000000   0x26c  startup_ewarm.o [1]
                            - 0x0000026c   0x26c

"P1":                                     0x4f50
  .text              ro code  0x0000026c  0x122e  usbhostenum.o [9]
  .text              ro code  0x0000149a    0x2e  copy_init3.o [7]
  .text              ro code  0x000014c8   0x5fa  usb.o [4]
  .text              ro code  0x00001ac2    0x22  zero_init3.o [7]
  .text              ro code  0x00001ae4   0x274  usbhhub.o [9]
  .text              ro code  0x00001d58   0x478  usbdma.o [9]
  .text              ro code  0x000021d0    0x48  usbtick.o [9]
  .text              ro code  0x00002218   0x13c  interrupt.o [4]
  .text              ro code  0x00002354   0x1c4  sysctl.o [4]
  .text              ro code  0x00002518    0xac  usbdesc.o [9]
  .text              ro code  0x000025c4   0x240  usbmode.o [9]
  .text              ro code  0x00002804   0x11c  udma.o [4]
  .text              ro code  0x00002920   0x87c  usbdenum.o [9]
  .text              ro code  0x0000319c   0x14c  usbdcdesc.o [9]
  .text              ro code  0x000032e8   0x224  usbdconfig.o [9]
  .text              ro code  0x0000350c    0x76  ABImemcpy_unaligned.o [7]
  .text              ro code  0x00003584   0x704  usb_host_mouse.o [1]
  .text              ro code  0x00003c88   0x4e8  string.o [5]
  .text              ro code  0x00004170   0x240  ustdlib.o [1]
  .text              ro code  0x000043b0   0x3dc  nokia128x160.o [1]
  .text              ro code  0x0000478c    0x7c  context.o [5]
  .text              ro code  0x00004808    0xfc  usbhhidmouse.o [9]
  .text              ro code  0x00004904   0x11a  rectangle.o [5]
  .text              ro code  0x00004a20   0x1d2  usbhhid.o [9]
  .text              ro code  0x00004bf2    0x90  line.o [5]
  .rodata            const    0x00004c84   0x3c0  fontfixed6x8.o [5]
  .rodata            const    0x00005044    0x28  nokia128x160.o [1]
  .text              ro code  0x0000506c    0x28  data_init.o [7]
  .iar.init_table    const    0x00005094    0x24  - Linker created -
  .text              ro code  0x000050b8    0x1a  startup_ewarm.o [1]
  .text              ro code  0x000050d2     0xc  cstartup_M.o [7]
  .text              ro code  0x000050e0    0x1a  fpinit_M.o [6]
  .text              ro code  0x000050fc    0x1a  cmain.o [7]
  .text              ro code  0x00005116     0x4  low_level_init.o [3]
  .text              ro code  0x0000511a     0x4  exit.o [3]
  .text              ro code  0x00005120     0xa  cexit.o [7]
  .text              ro code  0x0000512c    0x14  exit.o [8]
  .rodata            const    0x00005140    0x10  usb_host_mouse.o [1]
  .rodata            const    0x00005150    0x10  usbhhid.o [9]
  .text              ro code  0x00005160     0x8  charmap.o [5]
  .rodata            const    0x00005168     0x0  zero_init3.o [7]
  .rodata            const    0x00005168     0x0  copy_init3.o [7]
  Initializer bytes  ro data  0x00005168    0x54  <for P2 s0>
                            - 0x000051bc  0x4f50

"P2", part 1 of 3:                          0x54
  P2 s0                       0x20000000    0x54  <Init block>
    .data            inited   0x20000000    0x44  usbhostenum.o [9]
    .data            inited   0x20000044    0x10  usbmode.o [9]
                            - 0x20000054    0x54

"P2", part 2 of 3:                         0xa64
  .bss               zero     0x20000054   0x620  usbhostenum.o [9]
  .bss               zero     0x20000674   0x140  usb_host_mouse.o [1]
  .bss               zero     0x200007b4   0x110  usbdma.o [9]
  .bss               zero     0x200008c4    0x7c  usbhhub.o [9]
  .bss               zero     0x20000940    0x64  usbhhid.o [9]
  .bss               zero     0x200009a4    0x50  usbdenum.o [9]
  .bss               zero     0x200009f4    0x40  usbdenum.o [9]
  .bss               zero     0x20000a34    0x38  usbtick.o [9]
  .bss               zero     0x20000a6c    0x1c  usbhhidmouse.o [9]
  .bss               zero     0x20000a88    0x18  usbhostenum.o [9]
  .bss               zero     0x20000aa0     0x8  usb_host_mouse.o [1]
  .bss               zero     0x20000aa8     0x4  context.o [5]
  .bss               zero     0x20000aac     0x4  usbhostenum.o [9]
  .bss               zero     0x20000ab0     0x4  usbtick.o [9]
  .bss               zero     0x20000ab4     0x1  usb_host_mouse.o [1]
                            - 0x20000ab5   0xa61

"P2", part 3 of 3:                         0x400
  .noinit            uninit   0x20000ab8   0x400  startup_ewarm.o [1]
                            - 0x20000eb8   0x400


*******************************************************************************
*** INIT TABLE
***

          Address     Size
          -------     ----
Zero (__iar_zero_init3)
    1 destination range, total size 0xa61:
          0x20000054  0xa61

Copy (__iar_copy_init3)
    1 source range, total size 0x54:
          0x00005168   0x54
    1 destination range, total size 0x54:
          0x20000000   0x54



*******************************************************************************
*** MODULE SUMMARY
***

    Module                 ro code  ro data  rw data
    ------                 -------  -------  -------
D:\TE-TM4C123-DEMO\usb_host_mouse\ewarm\Obj: [1]
    nokia128x160.o             988       40
    startup_ewarm.o             26      620    1 024
    usb_host_mouse.o         1 796       16      329
    ustdlib.o                  576
    ------------------------------------------------
    Total:                   3 386      676    1 353

command line: [2]
    ------------------------------------------------
    Total:

dl7M_tln.a: [3]
    exit.o                       4
    low_level_init.o             4
    ------------------------------------------------
    Total:                       8

driverlib.a: [4]
    interrupt.o                316
    sysctl.o                   452
    udma.o                     284
    usb.o                    1 530
    ------------------------------------------------
    Total:                   2 582

grlib.a: [5]
    charmap.o                    8
    context.o                  124                 4
    fontfixed6x8.o                      960
    line.o                     144
    rectangle.o                282
    string.o                 1 256
    ------------------------------------------------
    Total:                   1 814      960        4

m7M_tlv.a: [6]
    fpinit_M.o                  26
    ------------------------------------------------
    Total:                      26

rt7M_tl.a: [7]
    ABImemcpy_unaligned.o      118
    cexit.o                     10
    cmain.o                     26
    copy_init3.o                46
    cstartup_M.o                12
    data_init.o                 40
    zero_init3.o                34
    ------------------------------------------------
    Total:                     286

shb_l.a: [8]
    exit.o                      20
    ------------------------------------------------
    Total:                      20

usblib.a: [9]
    usbdcdesc.o                332
    usbdconfig.o               548
    usbdenum.o               2 172               144
    usbdesc.o                  172
    usbdma.o                 1 144               272
    usbhhid.o                  466       16      100
    usbhhidmouse.o             252                28
    usbhhub.o                  628               124
    usbhostenum.o            4 654       68    1 664
    usbmode.o                  576       16       16
    usbtick.o                   72                60
    ------------------------------------------------
    Total:                  11 016      100    2 408

    Gaps                        12        2
    Linker created                       36
----------------------------------------------------
    Grand Total:            19 150    1 774    3 765


*******************************************************************************
*** ENTRY LIST
***

Entry                      Address   Size  Type      Object
-----                      -------   ----  ----      ------
?main                   0x000050fd         Code  Gb  cmain.o [7]
ConfigDescAlloc         0x0000026d   0x5a  Code  Gb  usbhostenum.o [9]
ConfigDescFree          0x000002c7   0x34  Code  Gb  usbhostenum.o [9]
DMAUSBIntHandler        0x00001db3   0x30  Code  Lc  usbdma.o [9]
DMAUSBIntStatusClear    0x00001da5    0xe  Code  Lc  usbdma.o [9]
DMAUSBStatus            0x000020ff    0x4  Code  Lc  usbdma.o [9]
FIFOAlloc               0x00000349   0x7e  Code  Lc  usbhostenum.o [9]
FIFOFree                0x0000031b   0x2e  Code  Lc  usbhostenum.o [9]
FaultISR                0x000050cf    0x2  Code  Lc  startup_ewarm.o [1]
GetEPDescriptorType     0x00003305   0x46  Code  Lc  usbdconfig.o [9]
GetEndpointFIFOSize     0x000032e9   0x1c  Code  Lc  usbdconfig.o [9]
GetTickms               0x00003751   0x16  Code  Gb  usb_host_mouse.o [1]
GrContextFontSet        0x0000416d    0x4  Code  Gb  string.o [5]
GrContextInit           0x0000478d   0x62  Code  Gb  context.o [5]
GrDefaultStringRenderer
                        0x00003d09   0xb2  Code  Gb  string.o [5]
GrFontBaselineGet       0x00004057   0x18  Code  Gb  string.o [5]
GrFontCodepageGet       0x0000410f   0x1c  Code  Gb  string.o [5]
GrFontGlyphDataGet      0x00004085   0x8a  Code  Gb  string.o [5]
GrFontGlyphRender       0x00003de7  0x238  Code  Gb  string.o [5]
GrFontInfoGet           0x0000402d   0x2a  Code  Gb  string.o [5]
GrLineDrawH             0x00004bf3   0x48  Code  Gb  line.o [5]
GrLineDrawV             0x00004c3b   0x48  Code  Gb  line.o [5]
GrMapISO8859_1_Unicode  0x00005161    0x8  Code  Gb  charmap.o [5]
GrRectDraw              0x00004905   0x68  Code  Gb  rectangle.o [5]
GrRectFill              0x0000496d   0xb2  Code  Gb  rectangle.o [5]
GrStringDraw            0x00003cf3   0x16  Code  Gb  string.o [5]
GrStringNextCharGet     0x00003dbb   0x2c  Code  Gb  string.o [5]
GrStringWidthGet        0x00003c89   0x6a  Code  Gb  string.o [5]
HCDInstanceToDevIndex   0x000002fb    0xa  Code  Lc  usbhostenum.o [9]
HIDDriverClose          0x00004b29   0x22  Code  Lc  usbhhid.o [9]
HIDDriverOpen           0x00004a81   0x9e  Code  Lc  usbhhid.o [9]
HIDIntINCallback        0x00004a45   0x3c  Code  Lc  usbhhid.o [9]
HubClearPortFeature     0x00001af3    0xc  Code  Lc  usbhhub.o [9]
HubGetPortStatus        0x00001b31   0x4e  Code  Lc  usbhhub.o [9]
HubSetPortFeature       0x00001ae5    0xe  Code  Lc  usbhhub.o [9]
IntDefaultHandler       0x000050d1    0x2  Code  Lc  startup_ewarm.o [1]
IntDisable              0x00002271   0x58  Code  Gb  interrupt.o [4]
IntEnable               0x00002219   0x58  Code  Gb  interrupt.o [4]
IntIsEnabled            0x000022c9   0x5c  Code  Gb  interrupt.o [4]
InternalUSBHCDSendEvent
                        0x00000e85   0x2a  Code  Gb  usbhostenum.o [9]
InternalUSBStartOfFrameTick
                        0x000021ed   0x26  Code  Gb  usbtick.o [9]
InternalUSBTickInit     0x000021d1   0x1c  Code  Gb  usbtick.o [9]
ModeCallback            0x00003767    0x6  Code  Gb  usb_host_mouse.o [1]
MouseCallback           0x0000376d   0xf0  Code  Gb  usb_host_mouse.o [1]
NOKIA128X160ColorTranslate
                        0x00004621   0x16  Code  Lc  nokia128x160.o [1]
NOKIA128X160Flush       0x00004637    0x2  Code  Lc  nokia128x160.o [1]
NOKIA128X160Init        0x00004639  0x11c  Code  Gb  nokia128x160.o [1]
NOKIA128X160LineDrawH   0x00004551   0x3c  Code  Lc  nokia128x160.o [1]
NOKIA128X160LineDrawV   0x000045a3   0x34  Code  Lc  nokia128x160.o [1]
NOKIA128X160PixelDraw   0x000043fd   0x40  Code  Lc  nokia128x160.o [1]
NOKIA128X160PixelDrawMultiple
                        0x0000443d   0xf0  Code  Lc  nokia128x160.o [1]
NOKIA128X160RectFill    0x000045f5   0x2c  Code  Lc  nokia128x160.o [1]
NOKIA128X160WriteCommand
                        0x000043b1   0x22  Code  Lc  nokia128x160.o [1]
NOKIA128X160WriteData   0x000043d3   0x22  Code  Lc  nokia128x160.o [1]
NextConfigDescGet       0x0000319d   0x2e  Code  Lc  usbdcdesc.o [9]
NmiSR                   0x000050cd    0x2  Code  Lc  startup_ewarm.o [1]
OTGDeviceDisconnect     0x00002787   0x14  Code  Gb  usbmode.o [9]
ProcessUSBDeviceStateMachine
                        0x00000ff1  0x1de  Code  Lc  usbhostenum.o [9]
Region$$Table$$Base     0x00005094          --   Gb  - Linker created -
Region$$Table$$Limit    0x000050b8          --   Gb  - Linker created -
ResetISR                0x000050b9    0xe  Code  Gb  startup_ewarm.o [1]
SendUnknownConnect      0x00000305   0x16  Code  Lc  usbhostenum.o [9]
SysCtlClockGet          0x000023b9   0xc6  Code  Gb  sysctl.o [4]
SysCtlDelay             0x000023b1    0x8  Code  Gb  sysctl.o [4]
SysCtlPeripheralEnable  0x00002395    0x8  Code  Gb  sysctl.o [4]
SysCtlPeripheralReset   0x00002355   0x40  Code  Gb  sysctl.o [4]
SysCtlUSBPLLEnable      0x0000247f    0xc  Code  Gb  sysctl.o [4]
SysTickIntHandler       0x00003747    0xa  Code  Gb  usb_host_mouse.o [1]
USB0OTGModeIntHandler   0x000026e1   0xa6  Code  Gb  usbmode.o [9]
USBDCDConfigDescGet     0x00003213   0x44  Code  Gb  usbdcdesc.o [9]
USBDCDConfigDescGetNum  0x000031e9   0x2a  Code  Gb  usbdcdesc.o [9]
USBDCDConfigDescGetSize
                        0x000031cb   0x1e  Code  Gb  usbdcdesc.o [9]
USBDCDConfigGetInterface
                        0x00003265   0x4a  Code  Gb  usbdcdesc.o [9]
USBDCDConfigGetInterfaceEndpoint
                        0x000032b7   0x32  Code  Gb  usbdcdesc.o [9]
USBDCDStallEP0          0x00002925   0x18  Code  Gb  usbdenum.o [9]
USBDClearFeature        0x00002b37   0x76  Code  Lc  usbdenum.o [9]
USBDEP0StateTx          0x00002eed   0x66  Code  Lc  usbdenum.o [9]
USBDEP0StateTxConfig    0x00002f53  0x13e  Code  Lc  usbdenum.o [9]
USBDGetConfiguration    0x00002d61   0x22  Code  Lc  usbdenum.o [9]
USBDGetDescriptor       0x00002c33  0x128  Code  Lc  usbdenum.o [9]
USBDGetInterface        0x00002e19   0x24  Code  Lc  usbdenum.o [9]
USBDGetStatus           0x00002ae7   0x50  Code  Lc  usbdenum.o [9]
USBDReadAndDispatchRequest
                        0x00002987   0x56  Code  Lc  usbdenum.o [9]
USBDSetAddress          0x00002c19   0x1a  Code  Lc  usbdenum.o [9]
USBDSetConfiguration    0x00002d93   0x7e  Code  Lc  usbdenum.o [9]
USBDSetDescriptor       0x00002d5b    0x6  Code  Lc  usbdenum.o [9]
USBDSetFeature          0x00002bb7   0x62  Code  Lc  usbdenum.o [9]
USBDSetInterface        0x00002e55   0x88  Code  Lc  usbdenum.o [9]
USBDSyncFrame           0x00002edd    0x4  Code  Lc  usbdenum.o [9]
USBDescGet              0x0000253f   0x2e  Code  Gb  usbdesc.o [9]
USBDescGetInterface     0x0000256d   0x3e  Code  Gb  usbdesc.o [9]
USBDescGetInterfaceEndpoint
                        0x000025ab   0x1a  Code  Gb  usbdesc.o [9]
USBDescGetNum           0x00002519   0x26  Code  Gb  usbdesc.o [9]
USBDevAddrSet           0x0000169d    0x4  Code  Gb  usb.o [4]
USBDevDisconnect        0x00001691    0xc  Code  Gb  usb.o [4]
USBDevEndpointConfigSet
                        0x00001759   0x74  Code  Gb  usb.o [4]
USBDevEndpointDataAck   0x000018db   0x20  Code  Gb  usb.o [4]
USBDevEndpointStall     0x00001621   0x30  Code  Gb  usb.o [4]
USBDevEndpointStallClear
                        0x00001651   0x40  Code  Gb  usb.o [4]
USBDevEndpointStatusClear
                        0x000015d3   0x4e  Code  Gb  usb.o [4]
USBDeviceConfig         0x0000334b  0x132  Code  Gb  usbdconfig.o [9]
USBDeviceConfigAlternate
                        0x00003489   0x7e  Code  Gb  usbdconfig.o [9]
USBDeviceEnumHandler    0x000029e1   0xca  Code  Gb  usbdenum.o [9]
USBDeviceEnumResetHandler
                        0x00002aab   0x3c  Code  Gb  usbdenum.o [9]
USBDeviceIntHandlerInternal
                        0x00003091   0xc8  Code  Gb  usbdenum.o [9]
USBDeviceResumeTickHandler
                        0x0000293d   0x4a  Code  Gb  usbdenum.o [9]
USBEndpointDMAChannel   0x00001a7b   0x1a  Code  Gb  usb.o [4]
USBEndpointDMAConfigSet
                        0x0000180f   0x48  Code  Gb  usb.o [4]
USBEndpointDMADisable   0x00001877   0x20  Code  Gb  usb.o [4]
USBEndpointDMAEnable    0x00001857   0x20  Code  Gb  usb.o [4]
USBEndpointDataGet      0x00001897   0x44  Code  Gb  usb.o [4]
USBEndpointDataPut      0x0000190d   0x30  Code  Gb  usb.o [4]
USBEndpointDataSend     0x00001943   0x2c  Code  Gb  usb.o [4]
USBEndpointPacketCountSet
                        0x00001aab    0xe  Code  Gb  usb.o [4]
USBEndpointStatus       0x00001595    0xe  Code  Gb  usb.o [4]
USBFIFOAddrGet          0x00001a69    0x8  Code  Gb  usb.o [4]
USBFIFOConfigSet        0x000017cd   0x3c  Code  Gb  usb.o [4]
USBFIFOFlush            0x0000196f   0x42  Code  Gb  usb.o [4]
USBHCDControlTransfer   0x000011f1   0xc2  Code  Gb  usbhostenum.o [9]
USBHCDDevClass          0x0000142d   0x1a  Code  Gb  usbhostenum.o [9]
USBHCDDevProtocol       0x00001481   0x1a  Code  Gb  usbhostenum.o [9]
USBHCDDeviceDisconnected
                        0x00000eaf   0x86  Code  Lc  usbhostenum.o [9]
USBHCDEnumHandler       0x00001309  0x112  Code  Lc  usbhostenum.o [9]
USBHCDEvents            0x00003585  0x13e  Code  Gb  usb_host_mouse.o [1]
USBHCDHubDeviceConnected
                        0x000012b3   0x46  Code  Gb  usbhostenum.o [9]
USBHCDHubDeviceDisconnected
                        0x000012f9    0xc  Code  Gb  usbhostenum.o [9]
USBHCDInit              0x00000937   0x84  Code  Gb  usbhostenum.o [9]
USBHCDInitInternal      0x000007a3  0x132  Code  Lc  usbhostenum.o [9]
USBHCDMain              0x00000f35   0xb0  Code  Gb  usbhostenum.o [9]
USBHCDOpenDriver        0x00000dfd   0x84  Code  Lc  usbhostenum.o [9]
USBHCDPipeAlloc         0x0000052f    0xc  Code  Gb  usbhostenum.o [9]
USBHCDPipeAllocSize     0x000003c7  0x12e  Code  Gb  usbhostenum.o [9]
USBHCDPipeConfig        0x0000053b   0xc8  Code  Gb  usbhostenum.o [9]
USBHCDPipeFree          0x000006e7   0xa8  Code  Gb  usbhostenum.o [9]
USBHCDPipeReadNonBlocking
                        0x000006b3   0x34  Code  Gb  usbhostenum.o [9]
USBHCDPipeSchedule      0x0000060f   0xa4  Code  Gb  usbhostenum.o [9]
USBHCDPowerAutomatic    0x00000925   0x12  Code  Gb  usbhostenum.o [9]
USBHCDPowerConfigGet    0x000008dd    0x8  Code  Gb  usbhostenum.o [9]
USBHCDPowerConfigInit   0x000008d5    0x8  Code  Gb  usbhostenum.o [9]
USBHCDPowerConfigSet    0x000008e5   0x40  Code  Gb  usbhostenum.o [9]
USBHCDRegisterDrivers   0x000009bb    0xc  Code  Gb  usbhostenum.o [9]
USBHCDReset             0x000009c7   0x30  Code  Gb  usbhostenum.o [9]
USBHCDSetAddress        0x000009f7   0x3e  Code  Gb  usbhostenum.o [9]
USBHCDSetConfig         0x00000a41   0x28  Code  Gb  usbhostenum.o [9]
USBHHIDGetReport        0x00004be9    0xa  Code  Gb  usbhhid.o [9]
USBHHIDGetReportDescriptor
                        0x00004b79   0x32  Code  Gb  usbhhid.o [9]
USBHHIDOpen             0x00004a21   0x24  Code  Gb  usbhhid.o [9]
USBHHIDSetIdle          0x00004b4b   0x2e  Code  Gb  usbhhid.o [9]
USBHHIDSetProtocol      0x00004bb3   0x36  Code  Gb  usbhhid.o [9]
USBHHubEnumerationComplete
                        0x00001d25    0xa  Code  Gb  usbhhub.o [9]
USBHHubEnumerationError
                        0x00001d2f    0x8  Code  Gb  usbhhub.o [9]
USBHHubInit             0x00001d41   0x12  Code  Gb  usbhhub.o [9]
USBHHubMain             0x00001b7f  0x18c  Code  Gb  usbhhub.o [9]
USBHMouseCallback       0x000048c5   0x40  Code  Lc  usbhhidmouse.o [9]
USBHMouseInit           0x0000482d   0x24  Code  Gb  usbhhidmouse.o [9]
USBHMouseOpen           0x00004809   0x20  Code  Gb  usbhhidmouse.o [9]
USBHostAddrSet          0x000019e5   0x14  Code  Gb  usb.o [4]
USBHostCheckPipes       0x00000a71   0x5c  Code  Gb  usbhostenum.o [9]
USBHostEndpointConfig   0x000016a1   0xb8  Code  Gb  usb.o [4]
USBHostEndpointDataAck  0x000018fb   0x12  Code  Gb  usb.o [4]
USBHostEndpointStatusClear
                        0x000015a9   0x2a  Code  Gb  usb.o [4]
USBHostHubAddrSet       0x000019f9   0x24  Code  Gb  usb.o [4]
USBHostIntHandlerInternal
                        0x00000add  0x314  Code  Gb  usbhostenum.o [9]
USBHostMode             0x00001a95    0x4  Code  Gb  usb.o [4]
USBHostPwrConfig        0x00001a1d   0x1a  Code  Gb  usb.o [4]
USBHostPwrDisable       0x00001a45    0x8  Code  Gb  usb.o [4]
USBHostPwrEnable        0x00001a37    0xe  Code  Gb  usb.o [4]
USBHostRequestIN        0x000019b1   0x12  Code  Gb  usb.o [4]
USBHostRequestINClear   0x000019c3   0x18  Code  Gb  usb.o [4]
USBHostRequestStatus    0x000019db    0xa  Code  Gb  usb.o [4]
USBHostReset            0x000014ef   0x14  Code  Gb  usb.o [4]
USBHostResume           0x00001503   0x14  Code  Gb  usb.o [4]
USBHostSuspend          0x000014e3    0xc  Code  Gb  usb.o [4]
USBIntEnableControl     0x00001517   0x26  Code  Gb  usb.o [4]
USBIntEnableEndpoint    0x0000156d   0x1a  Code  Gb  usb.o [4]
USBIntStatusControl     0x0000153d   0x30  Code  Gb  usb.o [4]
USBIntStatusEndpoint    0x00001587    0x6  Code  Gb  usb.o [4]
USBLibDMAInit           0x00002103   0x84  Code  Gb  usbdma.o [9]
USBModeGet              0x00001a71    0xa  Code  Gb  usb.o [4]
USBNumEndpointsGet      0x00001ab9    0xa  Code  Gb  usb.o [4]
USBOTGMain              0x0000279f   0x58  Code  Gb  usbmode.o [9]
USBOTGMode              0x00001a9f    0x4  Code  Gb  usb.o [4]
USBOTGModeInit          0x00002659   0x66  Code  Gb  usbmode.o [9]
USBOTGSessionRequest    0x00001a55   0x14  Code  Gb  usb.o [4]
USBOTGSetMode           0x000025c5   0x6c  Code  Lc  usbmode.o [9]
USBStackModeSet         0x00002641   0x18  Code  Gb  usbmode.o [9]
UpdateContextCharMapping
                        0x0000412b   0x42  Code  Lc  string.o [5]
UpdateMouseState        0x00004851   0x72  Code  Lc  usbhhidmouse.o [9]
_USBIndexWrite          0x000014c9   0x1a  Code  Lc  usb.o [4]
__cmain                 0x000050fd         Code  Gb  cmain.o [7]
__exit                  0x0000512d   0x14  Code  Gb  exit.o [8]
__iar_copy_init3        0x0000149b   0x2e  Code  Gb  copy_init3.o [7]
__iar_data_init3        0x0000506d   0x28  Code  Gb  data_init.o [7]
__iar_init_vfp          0x000050e1         Code  Gb  fpinit_M.o [6]
__iar_program_start     0x000050d3         Code  Gb  cstartup_M.o [7]
__iar_unaligned___aeabi_memcpy
                        0x0000350d         Code  Gb  ABImemcpy_unaligned.o [7]
__iar_unaligned___aeabi_memcpy4
                        0x0000352d         Code  Gb  ABImemcpy_unaligned.o [7]
__iar_unaligned___aeabi_memcpy8
                        0x0000352d         Code  Gb  ABImemcpy_unaligned.o [7]
__iar_zero_init3        0x00001ac3   0x22  Code  Gb  zero_init3.o [7]
__low_level_init        0x00005117    0x4  Code  Gb  low_level_init.o [3]
__vector_table          0x00000000  0x26c  Data  Gb  startup_ewarm.o [1]
_call_main              0x00005109         Code  Gb  cmain.o [7]
_exit                   0x00005121         Code  Gb  cexit.o [7]
_main                   0x00005113         Code  Gb  cmain.o [7]
exit                    0x0000511b    0x4  Code  Gb  exit.o [3]
g_bUSBTimerInitialized  0x20000a34    0x1  Data  Gb  usbtick.o [9]
g_eCurrentUSBMode       0x20000ab4    0x1  Data  Gb  usb_host_mouse.o [1]
g_eOTGModeState         0x20000045    0x1  Data  Gb  usbmode.o [9]
g_eUSBState             0x20000674    0x1  Data  Gb  usb_host_mouse.o [1]
g_i32CursorX            0x200006ac    0x4  Data  Lc  usb_host_mouse.o [1]
g_i32CursorY            0x200006b0    0x4  Data  Lc  usb_host_mouse.o [1]
g_iDualMode             0x20000046    0x1  Data  Lc  usbmode.o [9]
g_iUSBMode              0x20000044    0x1  Data  Gb  usbmode.o [9]
g_pfnTickHandlers       0x20000a38   0x18  Data  Gb  usbtick.o [9]
g_pfnUSBModeCallback    0x20000050    0x4  Data  Lc  usbmode.o [9]
g_pi32USBHActiveDriver  0x20000010   0x18  Data  Lc  usbhostenum.o [9]
g_ppHostClassDrivers    0x00003c80    0x8  Data  Lc  usb_host_mouse.o [1]
g_ppsDevInfo            0x200009ec    0x4  Data  Gb  usbdenum.o [9]
g_ppvDriverInstance     0x20000028   0x18  Data  Lc  usbhostenum.o [9]
g_psDCDInst             0x200009a4   0x48  Data  Gb  usbdenum.o [9]
g_psDefaultCodePointMapTable
                        0x000047f8   0x10  Data  Gb  context.o [5]
g_psGrLibDefaults       0x20000aa8    0x4  Data  Lc  context.o [5]
g_psHIDDevice           0x20000940   0x64  Data  Lc  usbhhid.o [9]
g_psMouseInstance       0x200006a4    0x4  Data  Lc  usb_host_mouse.o [1]
g_psUSBDMAInst          0x200007b4  0x110  Data  Lc  usbdma.o [9]
g_psUSBDStdRequests     0x00003168   0x34  Data  Lc  usbdenum.o [9]
g_pui32Alloc            0x20000000    0x8  Data  Lc  usbhostenum.o [9]
g_pui32Dii16Regs        0x00002340   0x14  Data  Lc  interrupt.o [4]
g_pui32EnRegs           0x0000232c   0x14  Data  Lc  interrupt.o [4]
g_pui32Xtals            0x000024ac   0x6c  Data  Lc  sysctl.o [4]
g_pui8Buffer            0x20000734   0x80  Data  Gb  usb_host_mouse.o [1]
g_pui8DataBufferIn      0x200009f4   0x40  Data  Lc  usbdenum.o [9]
g_pui8FontFixed6x8Data  0x00004c84  0x2f8  Data  Lc  fontfixed6x8.o [5]
g_pui8HCDPool           0x200006b4   0x80  Data  Gb  usb_host_mouse.o [1]
g_pvTickInstance        0x20000a50   0x18  Data  Gb  usbtick.o [9]
g_sContext              0x20000678   0x2c  Data  Gb  usb_host_mouse.o [1]
g_sFontFixed6x8         0x00004f7c   0xc8  Data  Gb  fontfixed6x8.o [5]
g_sNOKIA128X160         0x00005044   0x28  Data  Gb  nokia128x160.o [1]
g_sRootHub              0x200008c4   0x74  Data  Lc  usbhhub.o [9]
g_sUSBEventDriver       0x00005140   0x10  Data  Gb  usb_host_mouse.o [1]
g_sUSBHCD               0x20000054  0x620  Data  Lc  usbhostenum.o [9]
g_sUSBHEP0State         0x20000a88   0x18  Data  Lc  usbhostenum.o [9]
g_sUSBHIDClassDriver    0x00005150   0x10  Data  Gb  usbhhid.o [9]
g_sUSBHMouse            0x20000a6c   0x1c  Data  Lc  usbhhidmouse.o [9]
g_ui32Buttons           0x200006a8    0x4  Data  Lc  usb_host_mouse.o [1]
g_ui32ChangeFlags       0x20000938    0x4  Data  Lc  usbhhub.o [9]
g_ui32CurrentTick       0x20000aac    0x4  Data  Lc  usbhostenum.o [9]
g_ui32CurrentUSBTick    0x20000a68    0x4  Data  Gb  usbtick.o [9]
g_ui32HubChanges        0x2000093c    0x4  Data  Lc  usbhhub.o [9]
g_ui32LastTick          0x20000aa4    0x4  Data  Gb  usb_host_mouse.o [1]
g_ui32PollRate          0x20000048    0x4  Data  Gb  usbmode.o [9]
g_ui32PowerConfig       0x20000008    0x4  Data  Lc  usbhostenum.o [9]
g_ui32SysTickCount      0x20000aa0    0x4  Data  Gb  usb_host_mouse.o [1]
g_ui32Tickms            0x2000000c    0x4  Data  Lc  usbhostenum.o [9]
g_ui32USBSOFCount       0x20000ab0    0x4  Data  Gb  usbtick.o [9]
g_ui32WaitTicks         0x2000004c    0x4  Data  Gb  usbmode.o [9]
main                    0x000038bd  0x216  Code  Gb  usb_host_mouse.o [1]
pui32Stack              0x20000ab8  0x400  Data  Lc  startup_ewarm.o [1]
uDMAChannelAttributeDisable
                        0x00002825   0x26  Code  Gb  udma.o [4]
uDMAChannelControlSet   0x0000284b   0x18  Code  Gb  udma.o [4]
uDMAChannelDisable      0x00002815   0x10  Code  Gb  udma.o [4]
uDMAChannelEnable       0x00002805   0x10  Code  Gb  udma.o [4]
uDMAChannelModeGet      0x000028e1   0x28  Code  Gb  udma.o [4]
uDMAChannelTransferSet  0x00002863   0x7e  Code  Gb  udma.o [4]
uDMAUSBArbSizeSet       0x00002097   0x60  Code  Lc  usbdma.o [9]
uDMAUSBChannelAllocate  0x00001f4d   0xa6  Code  Lc  usbdma.o [9]
uDMAUSBChannelDisable   0x00001e35   0x46  Code  Lc  usbdma.o [9]
uDMAUSBChannelEnable    0x00001de3   0x52  Code  Lc  usbdma.o [9]
uDMAUSBChannelIntDisable
                        0x00001e89    0x2  Code  Lc  usbdma.o [9]
uDMAUSBChannelIntEnable
                        0x00001e87    0x2  Code  Lc  usbdma.o [9]
uDMAUSBChannelRelease   0x00001ff3   0x5a  Code  Lc  usbdma.o [9]
uDMAUSBChannelStatus    0x00001d59   0x22  Code  Lc  usbdma.o [9]
uDMAUSBIntStatus        0x00001d7b   0x2a  Code  Lc  usbdma.o [9]
uDMAUSBTransfer         0x00001e8b   0xa6  Code  Lc  usbdma.o [9]
uDMAUSBUnitSizeSet      0x0000204d   0x4a  Code  Lc  usbdma.o [9]
usprintf                0x0000437f   0x16  Code  Gb  ustdlib.o [1]
ustrncpy                0x00004171   0x20  Code  Gb  ustdlib.o [1]
uvsnprintf              0x00004191  0x1e8  Code  Gb  ustdlib.o [1]


[1] = D:\TE-TM4C123-DEMO\usb_host_mouse\ewarm\Obj
[2] = command line
[3] = dl7M_tln.a
[4] = driverlib.a
[5] = grlib.a
[6] = m7M_tlv.a
[7] = rt7M_tl.a
[8] = shb_l.a
[9] = usblib.a

  19 150 bytes of readonly  code memory
   1 774 bytes of readonly  data memory
   3 765 bytes of readwrite data memory

Errors: none
Warnings: none
