###############################################################################
#                                                                             #
# IAR ELF Linker V6.60.1.5097/W32 for ARM               05/Nov/2013  09:26:14 #
# Copyright 2007-2013 IAR Systems AB.                                         #
#                                                                             #
#    Output file  =  D:\TE-TM4C123-DEMO\motion_sensor\ewarm\Exe\motion_sensor #
#                    .out                                                     #
#    Map file     =  D:\TE-TM4C123-DEMO\motion_sensor\ewarm\List\motion_senso #
#                    r.map                                                    #
#    Command line =  D:\TE-TM4C123-DEMO\driverlib\ewarm\Exe\driverlib.a       #
#                    D:\TE-TM4C123-DEMO\grlib\ewarm\Exe\grlib.a               #
#                    D:\TE-TM4C123-DEMO\motion_sensor\ewarm\Obj\LIS302DL.o    #
#                    D:\TE-TM4C123-DEMO\motion_sensor\ewarm\Obj\motion_sensor #
#                    .o D:\TE-TM4C123-DEMO\motion_sensor\ewarm\Obj\nokia128x1 #
#                    60.o D:\TE-TM4C123-DEMO\motion_sensor\ewarm\Obj\startup_ #
#                    ewarm.o D:\TE-TM4C123-DEMO\motion_sensor\ewarm\Obj\strip #
#                    chartwidget.o D:\TE-TM4C123-DEMO\motion_sensor\ewarm\Obj #
#                    \ustdlib.o --redirect _Printf=_PrintfLarge --redirect    #
#                    _Scanf=_ScanfSmall -o D:\TE-TM4C123-DEMO\motion_sensor\e #
#                    warm\Exe\motion_sensor.out --map                         #
#                    D:\TE-TM4C123-DEMO\motion_sensor\ewarm\List\motion_senso #
#                    r.map --config D:\TE-TM4C123-DEMO\motion_sensor\motion_s #
#                    ensor.icf --semihosting --entry __iar_program_start      #
#                    --vfe                                                    #
#                                                                             #
#                                                                             #
###############################################################################

*******************************************************************************
*** RUNTIME MODEL ATTRIBUTES
***

CppFlavor       = *
__SystemLibrary = DLib


*******************************************************************************
*** PLACEMENT SUMMARY
***

"A1":  place at start of [0x00000000-0x0003ffff] { ro section .intvec };
"P1":  place in [from 0x00000000 to 0x0003ffff] { ro };
"P2":  place in [from 0x20000000 to 0x20007fff] { rw, block HEAP };

  Section          Kind        Address    Size  Object
  -------          ----        -------    ----  ------
"A1":                                    0x26c
  .intvec          const    0x00000000   0x26c  startup_ewarm.o [1]
                          - 0x0000026c   0x26c

"P1":                                   0x1bbc
  .rodata          const    0x0000026c   0x5dc  fontcmss12.o [5]
  .text            ro code  0x00000848   0x4e8  string.o [5]
  .text            ro code  0x00000d30   0x3dc  nokia128x160.o [1]
  .rodata          const    0x0000110c   0x3c0  fontfixed6x8.o [5]
  .text            ro code  0x000014cc   0x258  motion_sensor.o [1]
  .text            ro code  0x00001724    0x20  fpu.o [4]
  .text            ro code  0x00001744    0x7c  context.o [5]
  .text            ro code  0x000017c0   0x100  LIS302DL.o [1]
  .text            ro code  0x000018c0   0x240  ustdlib.o [1]
  .text            ro code  0x00001b00   0x150  sysctl.o [4]
  .text            ro code  0x00001c50    0xb2  rectangle.o [5]
  .text            ro code  0x00001d02    0x22  zero_init3.o [7]
  .text            ro code  0x00001d24    0x12  ssi.o [4]
  .rodata          const    0x00001d38    0x28  nokia128x160.o [1]
  .text            ro code  0x00001d60    0x28  data_init.o [7]
  .iar.init_table  const    0x00001d88    0x10  - Linker created -
  .text            ro code  0x00001d98    0x1a  startup_ewarm.o [1]
  .text            ro code  0x00001db2     0xc  cstartup_M.o [7]
  .text            ro code  0x00001dc0    0x1a  fpinit_M.o [6]
  .text            ro code  0x00001ddc    0x1a  cmain.o [7]
  .text            ro code  0x00001df6     0x4  low_level_init.o [3]
  .text            ro code  0x00001dfa     0x4  exit.o [3]
  .text            ro code  0x00001e00     0xa  cexit.o [7]
  .text            ro code  0x00001e0c    0x14  exit.o [8]
  .text            ro code  0x00001e20     0x8  charmap.o [5]
  .rodata          const    0x00001e28     0x0  zero_init3.o [7]
                          - 0x00001e28  0x1bbc

"P2", part 1 of 2:                         0x4
  .bss             zero     0x20000000     0x4  context.o [5]
                          - 0x20000004     0x4

"P2", part 2 of 2:                      0x1000
  .noinit          uninit   0x20000004  0x1000  startup_ewarm.o [1]
                          - 0x20001004  0x1000


*******************************************************************************
*** INIT TABLE
***

          Address     Size
          -------     ----
Zero (__iar_zero_init3)
    1 destination range, total size 0x4:
          0x20000000   0x4



*******************************************************************************
*** MODULE SUMMARY
***

    Module            ro code  ro data  rw data
    ------            -------  -------  -------
D:\TE-TM4C123-DEMO\motion_sensor\ewarm\Obj: [1]
    LIS302DL.o            256
    motion_sensor.o       600
    nokia128x160.o        988       40
    startup_ewarm.o        26      620    4 096
    ustdlib.o             576
    -------------------------------------------
    Total:              2 446      660    4 096

command line: [2]
    -------------------------------------------
    Total:

dl7M_tlf.a: [3]
    exit.o                  4
    low_level_init.o        4
    -------------------------------------------
    Total:                  8

driverlib.a: [4]
    fpu.o                  32
    ssi.o                  18
    sysctl.o              336
    -------------------------------------------
    Total:                386

grlib.a: [5]
    charmap.o               8
    context.o             124                 4
    fontcmss12.o                 1 500
    fontfixed6x8.o                 960
    rectangle.o           178
    string.o            1 256
    -------------------------------------------
    Total:              1 566    2 460        4

m7M_tlv.a: [6]
    fpinit_M.o             26
    -------------------------------------------
    Total:                 26

rt7M_tl.a: [7]
    cexit.o                10
    cmain.o                26
    cstartup_M.o           12
    data_init.o            40
    zero_init3.o           34
    -------------------------------------------
    Total:                122

shb_l.a: [8]
    exit.o                 20
    -------------------------------------------
    Total:                 20

    Gaps                    8        2
    Linker created                  16
-----------------------------------------------
    Grand Total:        4 582    3 138    4 100


*******************************************************************************
*** ENTRY LIST
***

Entry                      Address    Size  Type      Object
-----                      -------    ----  ----      ------
?main                   0x00001ddd          Code  Gb  cmain.o [7]
FPUEnable               0x00001725     0xc  Code  Gb  fpu.o [4]
FPULazyStackingEnable   0x00001731     0xc  Code  Gb  fpu.o [4]
FaultISR                0x00001daf     0x2  Code  Lc  startup_ewarm.o [1]
GrContextFontSet        0x00000d2d     0x4  Code  Gb  string.o [5]
GrContextInit           0x00001745    0x62  Code  Gb  context.o [5]
GrDefaultStringRenderer
                        0x000008c9    0xb2  Code  Gb  string.o [5]
GrFontBaselineGet       0x00000c17    0x18  Code  Gb  string.o [5]
GrFontCodepageGet       0x00000ccf    0x1c  Code  Gb  string.o [5]
GrFontGlyphDataGet      0x00000c45    0x8a  Code  Gb  string.o [5]
GrFontGlyphRender       0x000009a7   0x238  Code  Gb  string.o [5]
GrFontInfoGet           0x00000bed    0x2a  Code  Gb  string.o [5]
GrMapISO8859_1_Unicode  0x00001e21     0x8  Code  Gb  charmap.o [5]
GrRectFill              0x00001c51    0xb2  Code  Gb  rectangle.o [5]
GrStringDraw            0x000008b3    0x16  Code  Gb  string.o [5]
GrStringNextCharGet     0x0000097b    0x2c  Code  Gb  string.o [5]
GrStringWidthGet        0x00000849    0x6a  Code  Gb  string.o [5]
IntDefaultHandler       0x00001db1     0x2  Code  Lc  startup_ewarm.o [1]
LIS302DL_Init           0x00001827    0x70  Code  Gb  LIS302DL.o [1]
LIS302DL_Read_Reg       0x000017e7    0x40  Code  Gb  LIS302DL.o [1]
LIS302DL_Write_Reg      0x000017c1    0x26  Code  Gb  LIS302DL.o [1]
NOKIA128X160ColorTranslate
                        0x00000fa1    0x16  Code  Lc  nokia128x160.o [1]
NOKIA128X160Flush       0x00000fb7     0x2  Code  Lc  nokia128x160.o [1]
NOKIA128X160Init        0x00000fb9   0x11c  Code  Gb  nokia128x160.o [1]
NOKIA128X160LineDrawH   0x00000ed1    0x3c  Code  Lc  nokia128x160.o [1]
NOKIA128X160LineDrawV   0x00000f23    0x34  Code  Lc  nokia128x160.o [1]
NOKIA128X160PixelDraw   0x00000d7d    0x40  Code  Lc  nokia128x160.o [1]
NOKIA128X160PixelDrawMultiple
                        0x00000dbd    0xf0  Code  Lc  nokia128x160.o [1]
NOKIA128X160RectFill    0x00000f75    0x2c  Code  Lc  nokia128x160.o [1]
NOKIA128X160WriteCommand
                        0x00000d31    0x22  Code  Lc  nokia128x160.o [1]
NOKIA128X160WriteData   0x00000d53    0x22  Code  Lc  nokia128x160.o [1]
NmiSR                   0x00001dad     0x2  Code  Lc  startup_ewarm.o [1]
Region$$Table$$Base     0x00001d88           --   Gb  - Linker created -
Region$$Table$$Limit    0x00001d98           --   Gb  - Linker created -
ResetISR                0x00001d99     0xe  Code  Gb  startup_ewarm.o [1]
SSIDataGetNonBlocking   0x00001d25    0x12  Code  Gb  ssi.o [4]
SysCtlClockGet          0x00001b09    0xc6  Code  Gb  sysctl.o [4]
SysCtlDelay             0x00001b01     0x8  Code  Gb  sysctl.o [4]
UpdateContextCharMapping
                        0x00000ceb    0x42  Code  Lc  string.o [5]
__cmain                 0x00001ddd          Code  Gb  cmain.o [7]
__exit                  0x00001e0d    0x14  Code  Gb  exit.o [8]
__iar_data_init3        0x00001d61    0x28  Code  Gb  data_init.o [7]
__iar_init_vfp          0x00001dc1          Code  Gb  fpinit_M.o [6]
__iar_program_start     0x00001db3          Code  Gb  cstartup_M.o [7]
__iar_zero_init3        0x00001d03    0x22  Code  Gb  zero_init3.o [7]
__low_level_init        0x00001df7     0x4  Code  Gb  low_level_init.o [3]
__vector_table          0x00000000   0x26c  Data  Gb  startup_ewarm.o [1]
_call_main              0x00001de9          Code  Gb  cmain.o [7]
_exit                   0x00001e01          Code  Gb  cexit.o [7]
_main                   0x00001df3          Code  Gb  cmain.o [7]
exit                    0x00001dfb     0x4  Code  Gb  exit.o [3]
g_psDefaultCodePointMapTable
                        0x000017b0    0x10  Data  Gb  context.o [5]
g_psGrLibDefaults       0x20000000     0x4  Data  Lc  context.o [5]
g_pui32Xtals            0x00001be4    0x6c  Data  Lc  sysctl.o [4]
g_pui8Cmss12Data        0x0000026c   0x514  Data  Lc  fontcmss12.o [5]
g_pui8FontFixed6x8Data  0x0000110c   0x2f8  Data  Lc  fontfixed6x8.o [5]
g_sFontCmss12           0x00000780    0xc8  Data  Gb  fontcmss12.o [5]
g_sFontFixed6x8         0x00001404    0xc8  Data  Gb  fontfixed6x8.o [5]
g_sNOKIA128X160         0x00001d38    0x28  Data  Gb  nokia128x160.o [1]
main                    0x000014cd   0x1c2  Code  Gb  motion_sensor.o [1]
pui32Stack              0x20000004  0x1000  Data  Lc  startup_ewarm.o [1]
usprintf                0x00001acf    0x16  Code  Gb  ustdlib.o [1]
ustrncpy                0x000018c1    0x20  Code  Gb  ustdlib.o [1]
uvsnprintf              0x000018e1   0x1e8  Code  Gb  ustdlib.o [1]


[1] = D:\TE-TM4C123-DEMO\motion_sensor\ewarm\Obj
[2] = command line
[3] = dl7M_tlf.a
[4] = driverlib.a
[5] = grlib.a
[6] = m7M_tlv.a
[7] = rt7M_tl.a
[8] = shb_l.a

  4 582 bytes of readonly  code memory
  3 138 bytes of readonly  data memory
  4 100 bytes of readwrite data memory

Errors: none
Warnings: none
