###############################################################################
#                                                                             #
# IAR ELF Linker V6.70.2.6274/W32 for ARM               07/Feb/2014  14:43:15 #
# Copyright 2007-2013 IAR Systems AB.                                         #
#                                                                             #
#    Output file  =  D:\STM32F439\STM32F4xx_DSP_StdPeriph_Lib_V1.2.0RC2\Proje #
#                    ct\STM32F4xx_LCD_touch\EWARM\STM324x9I_EVAL\Exe\Project. #
#                    out                                                      #
#    Map file     =  D:\STM32F439\STM32F4xx_DSP_StdPeriph_Lib_V1.2.0RC2\Proje #
#                    ct\STM32F4xx_LCD_touch\EWARM\STM324x9I_EVAL\List\Project #
#                    .map                                                     #
#    Command line =  D:\STM32F439\STM32F4xx_DSP_StdPeriph_Lib_V1.2.0RC2\Proje #
#                    ct\STM32F4xx_LCD_touch\EWARM\STM324x9I_EVAL\Obj\main.o   #
#                    D:\STM32F439\STM32F4xx_DSP_StdPeriph_Lib_V1.2.0RC2\Proje #
#                    ct\STM32F4xx_LCD_touch\EWARM\STM324x9I_EVAL\Obj\misc.o   #
#                    D:\STM32F439\STM32F4xx_DSP_StdPeriph_Lib_V1.2.0RC2\Proje #
#                    ct\STM32F4xx_LCD_touch\EWARM\STM324x9I_EVAL\Obj\startup_ #
#                    stm32f429x.o D:\STM32F439\STM32F4xx_DSP_StdPeriph_Lib_V1 #
#                    .2.0RC2\Project\STM32F4xx_LCD_touch\EWARM\STM324x9I_EVAL #
#                    \Obj\stm324x9i_eval.o D:\STM32F439\STM32F4xx_DSP_StdPeri #
#                    ph_Lib_V1.2.0RC2\Project\STM32F4xx_LCD_touch\EWARM\STM32 #
#                    4x9I_EVAL\Obj\stm324x9i_eval_fmc_sdram.o                 #
#                    D:\STM32F439\STM32F4xx_DSP_StdPeriph_Lib_V1.2.0RC2\Proje #
#                    ct\STM32F4xx_LCD_touch\EWARM\STM324x9I_EVAL\Obj\stm324x9 #
#                    i_eval_ioe8.o D:\STM32F439\STM32F4xx_DSP_StdPeriph_Lib_V #
#                    1.2.0RC2\Project\STM32F4xx_LCD_touch\EWARM\STM324x9I_EVA #
#                    L\Obj\stm324x9i_eval_lcd.o D:\STM32F439\STM32F4xx_DSP_St #
#                    dPeriph_Lib_V1.2.0RC2\Project\STM32F4xx_LCD_touch\EWARM\ #
#                    STM324x9I_EVAL\Obj\stm32f4xx_adc.o                       #
#                    D:\STM32F439\STM32F4xx_DSP_StdPeriph_Lib_V1.2.0RC2\Proje #
#                    ct\STM32F4xx_LCD_touch\EWARM\STM324x9I_EVAL\Obj\stm32f4x #
#                    x_can.o D:\STM32F439\STM32F4xx_DSP_StdPeriph_Lib_V1.2.0R #
#                    C2\Project\STM32F4xx_LCD_touch\EWARM\STM324x9I_EVAL\Obj\ #
#                    stm32f4xx_crc.o D:\STM32F439\STM32F4xx_DSP_StdPeriph_Lib #
#                    _V1.2.0RC2\Project\STM32F4xx_LCD_touch\EWARM\STM324x9I_E #
#                    VAL\Obj\stm32f4xx_cryp.o D:\STM32F439\STM32F4xx_DSP_StdP #
#                    eriph_Lib_V1.2.0RC2\Project\STM32F4xx_LCD_touch\EWARM\ST #
#                    M324x9I_EVAL\Obj\stm32f4xx_cryp_aes.o                    #
#                    D:\STM32F439\STM32F4xx_DSP_StdPeriph_Lib_V1.2.0RC2\Proje #
#                    ct\STM32F4xx_LCD_touch\EWARM\STM324x9I_EVAL\Obj\stm32f4x #
#                    x_cryp_des.o D:\STM32F439\STM32F4xx_DSP_StdPeriph_Lib_V1 #
#                    .2.0RC2\Project\STM32F4xx_LCD_touch\EWARM\STM324x9I_EVAL #
#                    \Obj\stm32f4xx_cryp_tdes.o D:\STM32F439\STM32F4xx_DSP_St #
#                    dPeriph_Lib_V1.2.0RC2\Project\STM32F4xx_LCD_touch\EWARM\ #
#                    STM324x9I_EVAL\Obj\stm32f4xx_dac.o                       #
#                    D:\STM32F439\STM32F4xx_DSP_StdPeriph_Lib_V1.2.0RC2\Proje #
#                    ct\STM32F4xx_LCD_touch\EWARM\STM324x9I_EVAL\Obj\stm32f4x #
#                    x_dbgmcu.o D:\STM32F439\STM32F4xx_DSP_StdPeriph_Lib_V1.2 #
#                    .0RC2\Project\STM32F4xx_LCD_touch\EWARM\STM324x9I_EVAL\O #
#                    bj\stm32f4xx_dcmi.o D:\STM32F439\STM32F4xx_DSP_StdPeriph #
#                    _Lib_V1.2.0RC2\Project\STM32F4xx_LCD_touch\EWARM\STM324x #
#                    9I_EVAL\Obj\stm32f4xx_dma.o                              #
#                    D:\STM32F439\STM32F4xx_DSP_StdPeriph_Lib_V1.2.0RC2\Proje #
#                    ct\STM32F4xx_LCD_touch\EWARM\STM324x9I_EVAL\Obj\stm32f4x #
#                    x_dma2d.o D:\STM32F439\STM32F4xx_DSP_StdPeriph_Lib_V1.2. #
#                    0RC2\Project\STM32F4xx_LCD_touch\EWARM\STM324x9I_EVAL\Ob #
#                    j\stm32f4xx_exti.o D:\STM32F439\STM32F4xx_DSP_StdPeriph_ #
#                    Lib_V1.2.0RC2\Project\STM32F4xx_LCD_touch\EWARM\STM324x9 #
#                    I_EVAL\Obj\stm32f4xx_flash.o                             #
#                    D:\STM32F439\STM32F4xx_DSP_StdPeriph_Lib_V1.2.0RC2\Proje #
#                    ct\STM32F4xx_LCD_touch\EWARM\STM324x9I_EVAL\Obj\stm32f4x #
#                    x_fmc.o D:\STM32F439\STM32F4xx_DSP_StdPeriph_Lib_V1.2.0R #
#                    C2\Project\STM32F4xx_LCD_touch\EWARM\STM324x9I_EVAL\Obj\ #
#                    stm32f4xx_gpio.o D:\STM32F439\STM32F4xx_DSP_StdPeriph_Li #
#                    b_V1.2.0RC2\Project\STM32F4xx_LCD_touch\EWARM\STM324x9I_ #
#                    EVAL\Obj\stm32f4xx_hash.o D:\STM32F439\STM32F4xx_DSP_Std #
#                    Periph_Lib_V1.2.0RC2\Project\STM32F4xx_LCD_touch\EWARM\S #
#                    TM324x9I_EVAL\Obj\stm32f4xx_hash_md5.o                   #
#                    D:\STM32F439\STM32F4xx_DSP_StdPeriph_Lib_V1.2.0RC2\Proje #
#                    ct\STM32F4xx_LCD_touch\EWARM\STM324x9I_EVAL\Obj\stm32f4x #
#                    x_hash_sha1.o D:\STM32F439\STM32F4xx_DSP_StdPeriph_Lib_V #
#                    1.2.0RC2\Project\STM32F4xx_LCD_touch\EWARM\STM324x9I_EVA #
#                    L\Obj\stm32f4xx_i2c.o D:\STM32F439\STM32F4xx_DSP_StdPeri #
#                    ph_Lib_V1.2.0RC2\Project\STM32F4xx_LCD_touch\EWARM\STM32 #
#                    4x9I_EVAL\Obj\stm32f4xx_it.o                             #
#                    D:\STM32F439\STM32F4xx_DSP_StdPeriph_Lib_V1.2.0RC2\Proje #
#                    ct\STM32F4xx_LCD_touch\EWARM\STM324x9I_EVAL\Obj\stm32f4x #
#                    x_iwdg.o D:\STM32F439\STM32F4xx_DSP_StdPeriph_Lib_V1.2.0 #
#                    RC2\Project\STM32F4xx_LCD_touch\EWARM\STM324x9I_EVAL\Obj #
#                    \stm32f4xx_ltdc.o D:\STM32F439\STM32F4xx_DSP_StdPeriph_L #
#                    ib_V1.2.0RC2\Project\STM32F4xx_LCD_touch\EWARM\STM324x9I #
#                    _EVAL\Obj\stm32f4xx_pwr.o D:\STM32F439\STM32F4xx_DSP_Std #
#                    Periph_Lib_V1.2.0RC2\Project\STM32F4xx_LCD_touch\EWARM\S #
#                    TM324x9I_EVAL\Obj\stm32f4xx_rcc.o                        #
#                    D:\STM32F439\STM32F4xx_DSP_StdPeriph_Lib_V1.2.0RC2\Proje #
#                    ct\STM32F4xx_LCD_touch\EWARM\STM324x9I_EVAL\Obj\stm32f4x #
#                    x_rng.o D:\STM32F439\STM32F4xx_DSP_StdPeriph_Lib_V1.2.0R #
#                    C2\Project\STM32F4xx_LCD_touch\EWARM\STM324x9I_EVAL\Obj\ #
#                    stm32f4xx_rtc.o D:\STM32F439\STM32F4xx_DSP_StdPeriph_Lib #
#                    _V1.2.0RC2\Project\STM32F4xx_LCD_touch\EWARM\STM324x9I_E #
#                    VAL\Obj\stm32f4xx_sai.o D:\STM32F439\STM32F4xx_DSP_StdPe #
#                    riph_Lib_V1.2.0RC2\Project\STM32F4xx_LCD_touch\EWARM\STM #
#                    324x9I_EVAL\Obj\stm32f4xx_sdio.o                         #
#                    D:\STM32F439\STM32F4xx_DSP_StdPeriph_Lib_V1.2.0RC2\Proje #
#                    ct\STM32F4xx_LCD_touch\EWARM\STM324x9I_EVAL\Obj\stm32f4x #
#                    x_spi.o D:\STM32F439\STM32F4xx_DSP_StdPeriph_Lib_V1.2.0R #
#                    C2\Project\STM32F4xx_LCD_touch\EWARM\STM324x9I_EVAL\Obj\ #
#                    stm32f4xx_syscfg.o D:\STM32F439\STM32F4xx_DSP_StdPeriph_ #
#                    Lib_V1.2.0RC2\Project\STM32F4xx_LCD_touch\EWARM\STM324x9 #
#                    I_EVAL\Obj\stm32f4xx_tim.o D:\STM32F439\STM32F4xx_DSP_St #
#                    dPeriph_Lib_V1.2.0RC2\Project\STM32F4xx_LCD_touch\EWARM\ #
#                    STM324x9I_EVAL\Obj\stm32f4xx_usart.o                     #
#                    D:\STM32F439\STM32F4xx_DSP_StdPeriph_Lib_V1.2.0RC2\Proje #
#                    ct\STM32F4xx_LCD_touch\EWARM\STM324x9I_EVAL\Obj\stm32f4x #
#                    x_wwdg.o D:\STM32F439\STM32F4xx_DSP_StdPeriph_Lib_V1.2.0 #
#                    RC2\Project\STM32F4xx_LCD_touch\EWARM\STM324x9I_EVAL\Obj #
#                    \system_stm32f4xx.o --redirect _Printf=_PrintfSmall      #
#                    --redirect _Scanf=_ScanfSmall -o                         #
#                    D:\STM32F439\STM32F4xx_DSP_StdPeriph_Lib_V1.2.0RC2\Proje #
#                    ct\STM32F4xx_LCD_touch\EWARM\STM324x9I_EVAL\Exe\Project. #
#                    out --map D:\STM32F439\STM32F4xx_DSP_StdPeriph_Lib_V1.2. #
#                    0RC2\Project\STM32F4xx_LCD_touch\EWARM\STM324x9I_EVAL\Li #
#                    st\Project.map --config D:\STM32F439\STM32F4xx_DSP_StdPe #
#                    riph_Lib_V1.2.0RC2\Project\STM32F4xx_LCD_touch\EWARM\stm #
#                    32f4xx_flash.icf --semihosting --entry                   #
#                    __iar_program_start --vfe                                #
#                                                                             #
#                                                                             #
###############################################################################

*******************************************************************************
*** RUNTIME MODEL ATTRIBUTES
***

CppFlavor                     = *
__Heap_Handler                = Basic
__SystemLibrary               = DLib
__dlib_dynamic_initialization = normal


*******************************************************************************
*** PLACEMENT SUMMARY
***

"A1":  place at 0x08000000 { ro section .intvec };
"P1":  place in [from 0x08000000 to 0x081fffff] { ro };
"P2":  place in [from 0x20000000 to 0x2002ffff] { rw, block CSTACK, block HEAP };

  Section             Kind        Address    Size  Object
  -------             ----        -------    ----  ------
"A1":                                       0x1ac
  .intvec             ro code  0x08000000   0x1ac  startup_stm32f429x.o [1]
                             - 0x080001ac   0x1ac

"P1":                                      0x38e4
  .rodata             const    0x080001ac   0x900  stm324x9i_eval_lcd.o [1]
  .text               ro code  0x08000aac   0x8f4  stm324x9i_eval_ioe8.o [1]
  .text               ro code  0x080013a0   0x25c  stm32f4xx_rcc.o [1]
  .text               ro code  0x080015fc   0x108  stm32f4xx_gpio.o [1]
  .text               ro code  0x08001704   0x274  stm32f4xx_i2c.o [1]
  .text               ro code  0x08001978   0x7a0  xprintfsmall.o [3]
  .text               ro code  0x08002118    0x20  xmbtowc.o [3]
  .text               ro code  0x08002138    0x16  strchr.o [5]
  .text               ro code  0x0800214e    0x2e  copy_init3.o [5]
  .text               ro code  0x0800217c    0x36  strlen.o [5]
  .text               ro code  0x080021b2    0x22  zero_init3.o [5]
  .text               ro code  0x080021d4    0x58  memchr.o [5]
  .text               ro code  0x0800222c     0xa  xmbcurmax.o [3]
  .text               ro code  0x08002236     0xa  xsprout.o [3]
  .text               ro code  0x08002240    0xb0  xxmemxmalloc.o [3]
  .text               ro code  0x080022f0    0x1a  xwctomb.o [3]
  .text               ro code  0x0800230c    0x76  ABImemcpy_unaligned.o [5]
  .text               ro code  0x08002384    0x80  xxmemxfree.o [3]
  .text               ro code  0x08002404    0x14  setlocale.o [3]
  .text               ro code  0x08002418    0x60  xencoding_sb.o [3]
  .text               ro code  0x08002478    0x2c  xgetmemchunk.o [3]
  .text               ro code  0x080024a4     0x2  xtls.o [3]
  .text               ro code  0x080024a8   0x624  stm324x9i_eval_lcd.o [1]
  .text               ro code  0x08002acc   0x310  stm32f4xx_ltdc.o [1]
  .text               ro code  0x08002ddc   0x330  stm324x9i_eval_fmc_sdram.o [1]
  .text               ro code  0x0800310c   0x198  stm32f4xx_fmc.o [1]
  .text               ro code  0x080032a4   0x294  main.o [1]
  .text               ro code  0x08003538    0x6c  stm324x9i_eval.o [1]
  .text               ro code  0x080035a4    0x34  sprintf.o [3]
  .text               ro code  0x080035d8   0x154  system_stm32f4xx.o [1]
  .text               ro code  0x0800372c    0x28  data_init.o [5]
  .iar.init_table     const    0x08003754    0x24  - Linker created -
  .text               ro code  0x08003778    0x1e  stm32f4xx_it.o [1]
  .rodata             const    0x08003798    0x1c  main.o [1]
  .rodata             const    0x080037b4    0x1c  main.o [1]
  .text               ro code  0x080037d0    0x1a  fpinit_M.o [4]
  .text               ro code  0x080037ec    0x1a  cmain.o [5]
  .text               ro code  0x08003806     0x4  low_level_init.o [3]
  .text               ro code  0x0800380a     0x4  exit.o [3]
  .text               ro code  0x08003810     0xa  cexit.o [5]
  .text               ro code  0x0800381c    0x14  exit.o [6]
  .rodata             const    0x08003830    0x10  stm324x9i_eval.o [1]
  .text               ro code  0x08003840    0x10  startup_stm32f429x.o [1]
  .rodata             const    0x08003850     0xc  main.o [1]
  .rodata             const    0x0800385c     0xc  main.o [1]
  .rodata             const    0x08003868     0xc  main.o [1]
  .text               ro code  0x08003874     0xc  cstartup_M.o [5]
  .rodata             const    0x08003880     0x8  stm324x9i_eval.o [1]
  .text               ro code  0x08003888     0x4  startup_stm32f429x.o [1]
  .text               ro code  0x0800388c     0x4  startup_stm32f429x.o [1]
  .text               ro code  0x08003890     0x4  startup_stm32f429x.o [1]
  .text               ro code  0x08003894     0x4  startup_stm32f429x.o [1]
  .text               ro code  0x08003898     0x4  startup_stm32f429x.o [1]
  .text               ro code  0x0800389c     0x4  startup_stm32f429x.o [1]
  .text               ro code  0x080038a0     0x4  startup_stm32f429x.o [1]
  .text               ro code  0x080038a4     0x4  startup_stm32f429x.o [1]
  .text               ro code  0x080038a8     0x4  startup_stm32f429x.o [1]
  .text               ro code  0x080038ac     0x4  startup_stm32f429x.o [1]
  .text               ro code  0x080038b0     0x4  startup_stm32f429x.o [1]
  .text               ro code  0x080038b4     0x4  startup_stm32f429x.o [1]
  .text               ro code  0x080038b8     0x4  startup_stm32f429x.o [1]
  .text               ro code  0x080038bc     0x4  startup_stm32f429x.o [1]
  .text               ro code  0x080038c0     0x4  startup_stm32f429x.o [1]
  .text               ro code  0x080038c4     0x4  startup_stm32f429x.o [1]
  .text               ro code  0x080038c8     0x4  startup_stm32f429x.o [1]
  .text               ro code  0x080038cc     0x4  startup_stm32f429x.o [1]
  .text               ro code  0x080038d0     0x4  startup_stm32f429x.o [1]
  .text               ro code  0x080038d4     0x4  startup_stm32f429x.o [1]
  .text               ro code  0x080038d8     0x4  startup_stm32f429x.o [1]
  .text               ro code  0x080038dc     0x4  startup_stm32f429x.o [1]
  .text               ro code  0x080038e0     0x4  startup_stm32f429x.o [1]
  .text               ro code  0x080038e4     0x4  startup_stm32f429x.o [1]
  .text               ro code  0x080038e8     0x4  startup_stm32f429x.o [1]
  .text               ro code  0x080038ec     0x4  startup_stm32f429x.o [1]
  .text               ro code  0x080038f0     0x4  startup_stm32f429x.o [1]
  .text               ro code  0x080038f4     0x4  startup_stm32f429x.o [1]
  .text               ro code  0x080038f8     0x4  startup_stm32f429x.o [1]
  .text               ro code  0x080038fc     0x4  startup_stm32f429x.o [1]
  .text               ro code  0x08003900     0x4  startup_stm32f429x.o [1]
  .text               ro code  0x08003904     0x4  startup_stm32f429x.o [1]
  .text               ro code  0x08003908     0x4  startup_stm32f429x.o [1]
  .text               ro code  0x0800390c     0x4  startup_stm32f429x.o [1]
  .text               ro code  0x08003910     0x4  startup_stm32f429x.o [1]
  .text               ro code  0x08003914     0x4  startup_stm32f429x.o [1]
  .text               ro code  0x08003918     0x4  startup_stm32f429x.o [1]
  .text               ro code  0x0800391c     0x4  startup_stm32f429x.o [1]
  .text               ro code  0x08003920     0x4  startup_stm32f429x.o [1]
  .text               ro code  0x08003924     0x4  startup_stm32f429x.o [1]
  .text               ro code  0x08003928     0x4  startup_stm32f429x.o [1]
  .text               ro code  0x0800392c     0x4  startup_stm32f429x.o [1]
  .text               ro code  0x08003930     0x4  startup_stm32f429x.o [1]
  .text               ro code  0x08003934     0x4  startup_stm32f429x.o [1]
  .text               ro code  0x08003938     0x4  startup_stm32f429x.o [1]
  .text               ro code  0x0800393c     0x4  startup_stm32f429x.o [1]
  .text               ro code  0x08003940     0x4  startup_stm32f429x.o [1]
  .text               ro code  0x08003944     0x4  startup_stm32f429x.o [1]
  .text               ro code  0x08003948     0x4  startup_stm32f429x.o [1]
  .text               ro code  0x0800394c     0x4  startup_stm32f429x.o [1]
  .text               ro code  0x08003950     0x4  startup_stm32f429x.o [1]
  .text               ro code  0x08003954     0x4  startup_stm32f429x.o [1]
  .text               ro code  0x08003958     0x4  startup_stm32f429x.o [1]
  .text               ro code  0x0800395c     0x4  startup_stm32f429x.o [1]
  .text               ro code  0x08003960     0x4  startup_stm32f429x.o [1]
  .text               ro code  0x08003964     0x4  startup_stm32f429x.o [1]
  .text               ro code  0x08003968     0x4  startup_stm32f429x.o [1]
  .text               ro code  0x0800396c     0x4  startup_stm32f429x.o [1]
  .text               ro code  0x08003970     0x4  startup_stm32f429x.o [1]
  .text               ro code  0x08003974     0x4  startup_stm32f429x.o [1]
  .text               ro code  0x08003978     0x4  startup_stm32f429x.o [1]
  .text               ro code  0x0800397c     0x4  startup_stm32f429x.o [1]
  .text               ro code  0x08003980     0x4  startup_stm32f429x.o [1]
  .text               ro code  0x08003984     0x4  startup_stm32f429x.o [1]
  .text               ro code  0x08003988     0x4  startup_stm32f429x.o [1]
  .text               ro code  0x0800398c     0x4  startup_stm32f429x.o [1]
  .text               ro code  0x08003990     0x4  startup_stm32f429x.o [1]
  .text               ro code  0x08003994     0x4  startup_stm32f429x.o [1]
  .text               ro code  0x08003998     0x4  startup_stm32f429x.o [1]
  .text               ro code  0x0800399c     0x4  startup_stm32f429x.o [1]
  .text               ro code  0x080039a0     0x4  startup_stm32f429x.o [1]
  .text               ro code  0x080039a4     0x4  startup_stm32f429x.o [1]
  .text               ro code  0x080039a8     0x4  startup_stm32f429x.o [1]
  .text               ro code  0x080039ac     0x4  startup_stm32f429x.o [1]
  .text               ro code  0x080039b0     0x4  startup_stm32f429x.o [1]
  .text               ro code  0x080039b4     0x4  startup_stm32f429x.o [1]
  .text               ro code  0x080039b8     0x4  startup_stm32f429x.o [1]
  .text               ro code  0x080039bc     0x4  startup_stm32f429x.o [1]
  .text               ro code  0x080039c0     0x4  startup_stm32f429x.o [1]
  .text               ro code  0x080039c4     0x4  startup_stm32f429x.o [1]
  .text               ro code  0x080039c8     0x4  startup_stm32f429x.o [1]
  .text               ro code  0x080039cc     0x4  startup_stm32f429x.o [1]
  .text               ro code  0x080039d0     0x4  startup_stm32f429x.o [1]
  .text               ro code  0x080039d4     0x4  startup_stm32f429x.o [1]
  .text               ro code  0x080039d8     0x4  startup_stm32f429x.o [1]
  .text               ro code  0x080039dc     0x4  startup_stm32f429x.o [1]
  .text               ro code  0x080039e0     0x4  startup_stm32f429x.o [1]
  .text               ro code  0x080039e4     0x4  startup_stm32f429x.o [1]
  .rodata             const    0x080039e8     0x0  zero_init3.o [5]
  .rodata             const    0x080039e8     0x0  copy_init3.o [5]
  Initializer bytes   ro data  0x080039e8    0xa8  <for P2 s0>
                             - 0x08003a90  0x38e4

"P2", part 1 of 3:                           0xa8
  P2 s0                        0x20000000    0xa8  <Init block>
    __DLIB_PERTHREAD  inited   0x20000000    0x74  setlocale.o [3]
    .data             inited   0x20000074    0x10  stm324x9i_eval.o [1]
    .data             inited   0x20000084    0x10  stm32f4xx_rcc.o [1]
    .data             inited   0x20000094     0x8  stm324x9i_eval_lcd.o [1]
    .data             inited   0x2000009c     0x4  stm324x9i_eval_ioe8.o [1]
    .data             inited   0x200000a0     0x4  stm324x9i_eval_lcd.o [1]
    .data             inited   0x200000a4     0x2  stm324x9i_eval_lcd.o [1]
                             - 0x200000a8    0xa8

"P2", part 2 of 3:                           0x40
  .bss                zero     0x200000a8    0x10  main.o [1]
  .bss                zero     0x200000b8     0x8  stm324x9i_eval_ioe8.o [1]
  .bss                zero     0x200000c0     0x8  xxmemxmalloc.o [3]
  .bss                zero     0x200000c8     0x4  main.o [1]
  .bss                zero     0x200000cc     0x4  main.o [1]
  .bss                zero     0x200000d0     0x4  stm324x9i_eval_ioe8.o [1]
  .bss                zero     0x200000d4     0x4  stm324x9i_eval_ioe8.o [1]
  .bss                zero     0x200000d8     0x4  stm324x9i_eval_lcd.o [1]
  .bss                zero     0x200000dc     0x4  stm324x9i_eval_lcd.o [1]
  .bss                zero     0x200000e0     0x4  xgetmemchunk.o [3]
  .bss                zero     0x200000e4     0x2  stm324x9i_eval_lcd.o [1]
                             - 0x200000e6    0x3e

"P2", part 3 of 3:                          0x600
  CSTACK                       0x200000e8   0x400  <Block>
    CSTACK            uninit   0x200000e8   0x400  <Block tail>
  HEAP                         0x200004e8   0x200  <Block>
    HEAP              uninit   0x200004e8   0x200  <Block tail>
                             - 0x200006e8   0x600


*******************************************************************************
*** INIT TABLE
***

          Address     Size
          -------     ----
Zero (__iar_zero_init3)
    1 destination range, total size 0x3e:
          0x200000a8  0x3e

Copy (__iar_copy_init3)
    1 source range, total size 0xa8 (101% of destination):
          0x080039e8  0xa8
    1 destination range, total size 0xa6:
          0x20000000  0xa6



*******************************************************************************
*** MODULE SUMMARY
***

    Module                      ro code  ro data  rw data
    ------                      -------  -------  -------
D:\STM32F439\STM32F4xx_DSP_StdPeriph_Lib_V1.2.0RC2\Project\STM32F4xx_LCD_touch\EWARM\STM324x9I_EVAL\Obj: [1]
    main.o                          660       92       24
    startup_stm32f429x.o            796
    stm324x9i_eval.o                108       40       16
    stm324x9i_eval_fmc_sdram.o      816
    stm324x9i_eval_ioe8.o         2 292        4       20
    stm324x9i_eval_lcd.o          1 572    2 318       24
    stm32f4xx_fmc.o                 408
    stm32f4xx_gpio.o                264
    stm32f4xx_i2c.o                 628
    stm32f4xx_it.o                   30
    stm32f4xx_ltdc.o                784
    stm32f4xx_rcc.o                 604       16       16
    system_stm32f4xx.o              340
    -----------------------------------------------------
    Total:                        9 302    2 470      100

command line: [2]
    -----------------------------------------------------
    Total:

dl7M_tlf.a: [3]
    exit.o                            4
    low_level_init.o                  4
    setlocale.o                      20      116      116
    sprintf.o                        52
    xencoding_sb.o                   96
    xgetmemchunk.o                   44                 4
    xmbcurmax.o                      10
    xmbtowc.o                        32
    xprintfsmall.o                1 952
    xsprout.o                        10
    xtls.o                            2
    xwctomb.o                        26
    xxmemxfree.o                    128
    xxmemxmalloc.o                  176                 8
    -----------------------------------------------------
    Total:                        2 556      116      128

m7M_tlv.a: [4]
    fpinit_M.o                       26
    -----------------------------------------------------
    Total:                           26

rt7M_tl.a: [5]
    ABImemcpy_unaligned.o           118
    cexit.o                          10
    cmain.o                          26
    copy_init3.o                     46
    cstartup_M.o                     12
    data_init.o                      40
    memchr.o                         88
    strchr.o                         22
    strlen.o                         54
    zero_init3.o                     34
    -----------------------------------------------------
    Total:                          450

shb_l.a: [6]
    exit.o                           20
    -----------------------------------------------------
    Total:                           20

    Gaps                             12        2
    Linker created                            38    1 536
---------------------------------------------------------
    Grand Total:                 12 366    2 626    1 764


*******************************************************************************
*** ENTRY LIST
***

Entry                      Address   Size  Type      Object
-----                      -------   ----  ----      ------
?main                   0x080037ed         Code  Gb  cmain.o [5]
APBAHBPrescTable        0x20000084   0x10  Data  Lc  stm32f4xx_rcc.o [1]
ASCII12x12_Table        0x080001ac  0x900  Data  Gb  stm324x9i_eval_lcd.o [1]
BusFault_Handler        0x0800377f    0x2  Code  Gb  stm32f4xx_it.o [1]
CSTACK$$Base            0x200000e8          --   Gb  - Linker created -
CSTACK$$Limit           0x200004e8          --   Gb  - Linker created -
CurrentBackColor        0x200000a4    0x2  Data  Lc  stm324x9i_eval_lcd.o [1]
CurrentFrameBuffer      0x200000a0    0x4  Data  Lc  stm324x9i_eval_lcd.o [1]
CurrentLayer            0x200000dc    0x4  Data  Lc  stm324x9i_eval_lcd.o [1]
CurrentTextColor        0x200000e4    0x2  Data  Lc  stm324x9i_eval_lcd.o [1]
DebugMon_Handler        0x08003785    0x2  Code  Gb  stm32f4xx_it.o [1]
Delay                   0x080034e1    0xe  Code  Gb  main.o [1]
EXTI0_IRQHandler        0x08003791    0x2  Code  Gb  stm32f4xx_it.o [1]
EXTI15_10_IRQHandler    0x08003795    0x2  Code  Gb  stm32f4xx_it.o [1]
EXTI9_5_IRQHandler      0x08003793    0x2  Code  Gb  stm32f4xx_it.o [1]
FMC_GetFlagStatus       0x08003237   0x4e  Code  Gb  stm32f4xx_fmc.o [1]
FMC_SDRAMCmdConfig      0x0800320b   0x1e  Code  Gb  stm32f4xx_fmc.o [1]
FMC_SDRAMInit           0x0800310d   0xfe  Code  Gb  stm32f4xx_fmc.o [1]
FMC_SetRefreshCount     0x08003229    0xe  Code  Gb  stm32f4xx_fmc.o [1]
Font12x12               0x20000094    0x8  Data  Gb  stm324x9i_eval_lcd.o [1]
GPIO_CLK                0x08003830   0x10  Data  Gb  stm324x9i_eval.o [1]
GPIO_Init               0x080015fd   0xaa  Code  Gb  stm32f4xx_gpio.o [1]
GPIO_PIN                0x08003880    0x8  Data  Gb  stm324x9i_eval.o [1]
GPIO_PORT               0x20000074   0x10  Data  Gb  stm324x9i_eval.o [1]
GPIO_PinAFConfig        0x080016ab   0x5a  Code  Gb  stm32f4xx_gpio.o [1]
GPIO_ResetBits          0x080016a7    0x4  Code  Gb  stm32f4xx_gpio.o [1]
HEAP$$Base              0x200004e8          --   Gb  - Linker created -
HEAP$$Limit             0x200006e8          --   Gb  - Linker created -
HardFault_Handler       0x0800377b    0x2  Code  Gb  stm32f4xx_it.o [1]
I2C_AcknowledgeConfig   0x080018d3   0x1c  Code  Gb  stm32f4xx_i2c.o [1]
I2C_Cmd                 0x08001869   0x1c  Code  Gb  stm32f4xx_i2c.o [1]
I2C_DeInit              0x08001705   0x58  Code  Gb  stm32f4xx_i2c.o [1]
I2C_GenerateSTART       0x08001885   0x1c  Code  Gb  stm32f4xx_i2c.o [1]
I2C_GenerateSTOP        0x080018a1   0x1c  Code  Gb  stm32f4xx_i2c.o [1]
I2C_GetFlagStatus       0x08001933   0x46  Code  Gb  stm32f4xx_i2c.o [1]
I2C_Init                0x0800175d   0xf2  Code  Gb  stm32f4xx_i2c.o [1]
I2C_NACKPositionConfig  0x08001909   0x1e  Code  Gb  stm32f4xx_i2c.o [1]
I2C_ReadDataBuffer      0x08001161  0x18e  Code  Gb  stm324x9i_eval_ioe8.o [1]
I2C_ReadDeviceRegister  0x08000fa7  0x1ac  Code  Gb  stm324x9i_eval_ioe8.o [1]
I2C_ReceiveData         0x0800192d    0x6  Code  Gb  stm32f4xx_i2c.o [1]
I2C_Send7bitAddress     0x080018bd   0x16  Code  Gb  stm32f4xx_i2c.o [1]
I2C_SendData            0x08001927    0x6  Code  Gb  stm32f4xx_i2c.o [1]
I2C_SoftwareResetCmd    0x080018ef   0x1a  Code  Gb  stm32f4xx_i2c.o [1]
I2C_WriteDeviceRegister
                        0x08000e51  0x156  Code  Gb  stm324x9i_eval_ioe8.o [1]
IOE_Config              0x08000aad   0x2a  Code  Gb  stm324x9i_eval_ioe8.o [1]
IOE_FnctCmd             0x08000bfb   0x2a  Code  Gb  stm324x9i_eval_ioe8.o [1]
IOE_GITCmd              0x08000c25   0x2c  Code  Gb  stm324x9i_eval_ioe8.o [1]
IOE_GITConfig           0x08000c51   0x2a  Code  Gb  stm324x9i_eval_ioe8.o [1]
IOE_GPIO_Config         0x08000d87   0x84  Code  Lc  stm324x9i_eval_ioe8.o [1]
IOE_I2C_Config          0x08000e0b   0x46  Code  Lc  stm324x9i_eval_ioe8.o [1]
IOE_IOAFConfig          0x08000d01   0x2a  Code  Gb  stm324x9i_eval_ioe8.o [1]
IOE_IsOperational       0x08000b9b   0x26  Code  Gb  stm324x9i_eval_ioe8.o [1]
IOE_ReadID              0x08000bdd   0x1e  Code  Gb  stm324x9i_eval_ioe8.o [1]
IOE_Reset               0x08000bc1   0x1c  Code  Gb  stm324x9i_eval_ioe8.o [1]
IOE_TSITConfig          0x08000ad7   0x1a  Code  Gb  stm324x9i_eval_ioe8.o [1]
IOE_TS_Config           0x08000c7b   0x86  Code  Gb  stm324x9i_eval_ioe8.o [1]
IOE_TS_GetState         0x08000af1   0xaa  Code  Gb  stm324x9i_eval_ioe8.o [1]
IOE_TS_Read_X           0x08000d2b   0x22  Code  Lc  stm324x9i_eval_ioe8.o [1]
IOE_TS_Read_Y           0x08000d4d   0x22  Code  Lc  stm324x9i_eval_ioe8.o [1]
IOE_TS_Read_Z           0x08000d6f   0x18  Code  Lc  stm324x9i_eval_ioe8.o [1]
IOE_TimeOut             0x2000009c    0x4  Data  Gb  stm324x9i_eval_ioe8.o [1]
IOE_TimeoutUserCallback
                        0x080012ef   0x64  Code  Gb  stm324x9i_eval_ioe8.o [1]
LCD_AF_GPIOConfig       0x080028c5  0x1e8  Code  Lc  stm324x9i_eval_lcd.o [1]
LCD_Clear               0x0800262d   0x1c  Code  Gb  stm324x9i_eval_lcd.o [1]
LCD_Currentfonts        0x200000d8    0x4  Data  Lc  stm324x9i_eval_lcd.o [1]
LCD_DisplayChar         0x08002731   0x32  Code  Gb  stm324x9i_eval_lcd.o [1]
LCD_DisplayOn           0x080028b1   0x14  Code  Gb  stm324x9i_eval_lcd.o [1]
LCD_DisplayStringLine   0x08002763   0x56  Code  Gb  stm324x9i_eval_lcd.o [1]
LCD_DrawChar            0x08002649   0xe8  Code  Gb  stm324x9i_eval_lcd.o [1]
LCD_DrawCircle          0x080027b9   0xd2  Code  Gb  stm324x9i_eval_lcd.o [1]
LCD_GetFont             0x08002625    0x8  Code  Gb  stm324x9i_eval_lcd.o [1]
LCD_Init                0x080024a9  0x122  Code  Gb  stm324x9i_eval_lcd.o [1]
LCD_SetBackColor        0x0800260d   0x10  Code  Gb  stm324x9i_eval_lcd.o [1]
LCD_SetFont             0x0800261d    0x8  Code  Gb  stm324x9i_eval_lcd.o [1]
LCD_SetLayer            0x080025cb   0x32  Code  Gb  stm324x9i_eval_lcd.o [1]
LCD_SetTextColor        0x080025fd   0x10  Code  Gb  stm324x9i_eval_lcd.o [1]
LTDC_Cmd                0x08002c35   0x2a  Code  Gb  stm32f4xx_ltdc.o [1]
LTDC_Init               0x08002acd  0x168  Code  Gb  stm32f4xx_ltdc.o [1]
LTDC_LayerCmd           0x08002d9b   0x1a  Code  Gb  stm32f4xx_ltdc.o [1]
LTDC_LayerInit          0x08002c67  0x134  Code  Gb  stm32f4xx_ltdc.o [1]
LTDC_ReloadConfig       0x08002c5f    0x8  Code  Gb  stm32f4xx_ltdc.o [1]
MemManage_Handler       0x0800377d    0x2  Code  Gb  stm32f4xx_it.o [1]
NMI_Handler             0x08003779    0x2  Code  Gb  stm32f4xx_it.o [1]
NVIC_SetPriority        0x080032a5   0x22  Code  Lc  main.o [1]
PendSV_Handler          0x08003787    0x2  Code  Gb  stm32f4xx_it.o [1]
RCC_AHB1PeriphClockCmd  0x080014d7   0x1e  Code  Gb  stm32f4xx_rcc.o [1]
RCC_AHB3PeriphClockCmd  0x080014f5   0x1e  Code  Gb  stm32f4xx_rcc.o [1]
RCC_APB1PeriphClockCmd  0x08001513   0x1e  Code  Gb  stm32f4xx_rcc.o [1]
RCC_APB1PeriphResetCmd  0x0800154f   0x1e  Code  Gb  stm32f4xx_rcc.o [1]
RCC_APB2PeriphClockCmd  0x08001531   0x1e  Code  Gb  stm32f4xx_rcc.o [1]
RCC_Clocks              0x200000a8   0x10  Data  Gb  main.o [1]
RCC_GetClocksFreq       0x080013c1  0x102  Code  Gb  stm32f4xx_rcc.o [1]
RCC_GetFlagStatus       0x0800156d   0x50  Code  Gb  stm32f4xx_rcc.o [1]
RCC_LTDCCLKDivConfig    0x080014c3   0x14  Code  Gb  stm32f4xx_rcc.o [1]
RCC_PLLSAICmd           0x080013b7    0xa  Code  Gb  stm32f4xx_rcc.o [1]
RCC_PLLSAIConfig        0x080013a1   0x16  Code  Gb  stm32f4xx_rcc.o [1]
Region$$Table$$Base     0x08003754          --   Gb  - Linker created -
Region$$Table$$Limit    0x08003778          --   Gb  - Linker created -
SDRAM_GPIOConfig        0x08002e49  0x196  Code  Gb  stm324x9i_eval_fmc_sdram.o [1]
SDRAM_Init              0x08002ddd   0x6c  Code  Gb  stm324x9i_eval_fmc_sdram.o [1]
SDRAM_InitSequence      0x08002fdf   0xf4  Code  Gb  stm324x9i_eval_fmc_sdram.o [1]
STM_EVAL_LEDInit        0x08003539   0x60  Code  Gb  stm324x9i_eval.o [1]
SVC_Handler             0x08003783    0x2  Code  Gb  stm32f4xx_it.o [1]
SetSysClock             0x0800362b   0xce  Code  Lc  system_stm32f4xx.o [1]
SysTick_Config          0x080032c7   0x30  Code  Lc  main.o [1]
SysTick_Handler         0x08003789    0x8  Code  Gb  stm32f4xx_it.o [1]
SystemInit              0x080035d9   0x52  Code  Gb  system_stm32f4xx.o [1]
TS_State                0x200000b8    0x8  Data  Gb  stm324x9i_eval_ioe8.o [1]
TimingDelay             0x200000c8    0x4  Data  Lc  main.o [1]
TimingDelay_Decrement   0x080034ef   0x14  Code  Gb  main.o [1]
UsageFault_Handler      0x08003781    0x2  Code  Gb  stm32f4xx_it.o [1]
_EncodingSb_Mbtowc      0x08002433   0x30  Code  Gb  xencoding_sb.o [3]
_EncodingSb_Wctomb      0x08002419   0x1a  Code  Gb  xencoding_sb.o [3]
_IsdstStr               0x20000004    0x4  Data  Gb  setlocale.o [3]
_LitobSmall             0x08002003   0xce  Code  Lc  xprintfsmall.o [3]
_LocaleEncoding         0x08002405    0xe  Code  Gb  setlocale.o [3]
_LocaleReturnString     0x20000024   0x50  Data  Lc  setlocale.o [3]
_Locale_Profile         0x20000008   0x1c  Data  Gb  setlocale.o [3]
_Mbtowc                 0x08002119   0x20  Code  Gb  xmbtowc.o [3]
_PrintfSmall            0x08001979  0x430  Code  Gb  xprintfsmall.o [3]
_PutcharsSmall          0x080020d1   0x2e  Code  Lc  xprintfsmall.o [3]
_PutstrSmall            0x08001db3  0x250  Code  Lc  xprintfsmall.o [3]
_SProut                 0x08002237    0xa  Code  Gb  xsprout.o [3]
_TzoneStr               0x20000000    0x4  Data  Gb  setlocale.o [3]
_Wctomb                 0x080022f1   0x1a  Code  Gb  xwctomb.o [3]
__cmain                 0x080037ed         Code  Gb  cmain.o [5]
__data_Aldata           0x200000c0    0x8  Data  Gb  xxmemxmalloc.o [3]
__data_GetMemChunk      0x08002479   0x2c  Code  Gb  xgetmemchunk.o [3]
__exit                  0x0800381d   0x14  Code  Gb  exit.o [6]
__iar_Mbcurmax          0x0800222d    0xa  Code  Gb  xmbcurmax.o [3]
__iar_Memchr            0x080021d5         Code  Gb  memchr.o [5]
__iar_Strchr            0x08002139         Code  Gb  strchr.o [5]
__iar_copy_init3        0x0800214f   0x2e  Code  Gb  copy_init3.o [5]
__iar_data_init3        0x0800372d   0x28  Code  Gb  data_init.o [5]
__iar_dlib_perthread_access
                        0x080024a5    0x2  Code  Gb  xtls.o [3]
__iar_init_vfp          0x080037d1         Code  Gb  fpinit_M.o [4]
__iar_program_start     0x08003875         Code  Gb  cstartup_M.o [5]
__iar_unaligned___aeabi_memcpy
                        0x0800230d         Code  Gb  ABImemcpy_unaligned.o [5]
__iar_unaligned___aeabi_memcpy4
                        0x0800232d         Code  Gb  ABImemcpy_unaligned.o [5]
__iar_unaligned___aeabi_memcpy8
                        0x0800232d         Code  Gb  ABImemcpy_unaligned.o [5]
__iar_zero_init3        0x080021b3   0x22  Code  Gb  zero_init3.o [5]
__low_level_init        0x08003807    0x4  Code  Gb  low_level_init.o [3]
__vector_table          0x08000000         Data  Gb  startup_stm32f429x.o [1]
_call_main              0x080037f9         Code  Gb  cmain.o [5]
_exit                   0x08003811         Code  Gb  cexit.o [5]
_main                   0x08003803         Code  Gb  cmain.o [5]
delay                   0x080030d3   0x22  Code  Lc  stm324x9i_eval_fmc_sdram.o [1]
delay                   0x08001359   0x22  Code  Lc  stm324x9i_eval_ioe8.o [1]
exit                    0x0800380b    0x4  Code  Gb  exit.o [3]
free                    0x08002385   0x7a  Code  Gb  xxmemxfree.o [3]
main                    0x080032f7  0x1ea  Code  Gb  main.o [1]
malloc                  0x08002241   0xac  Code  Gb  xxmemxmalloc.o [3]
memchr                  0x080021d5         Code  Gb  memchr.o [5]
sprintf                 0x080035a5   0x34  Code  Gb  sprintf.o [3]
strchr                  0x08002139         Code  Gb  strchr.o [5]
strlen                  0x0800217d         Code  Gb  strlen.o [5]


[1] = D:\STM32F439\STM32F4xx_DSP_StdPeriph_Lib_V1.2.0RC2\Project\STM32F4xx_LCD_touch\EWARM\STM324x9I_EVAL\Obj
[2] = command line
[3] = dl7M_tlf.a
[4] = m7M_tlv.a
[5] = rt7M_tl.a
[6] = shb_l.a

  12 366 bytes of readonly  code memory
   2 626 bytes of readonly  data memory
   1 764 bytes of readwrite data memory

Errors: none
Warnings: none
