###############################################################################
#                                                                             #
# IAR ELF Linker V6.60.1.5097/W32 for ARM               01/Nov/2013  12:38:13 #
# Copyright 2007-2013 IAR Systems AB.                                         #
#                                                                             #
#    Output file  =  D:\TE-TM4C123-DEMO\sd_card\ewarm\Exe\sd_card.out         #
#    Map file     =  D:\TE-TM4C123-DEMO\sd_card\ewarm\List\sd_card.map        #
#    Command line =  D:\TE-TM4C123-DEMO\sd_card\ewarm\Obj\cc932.o             #
#                    D:\TE-TM4C123-DEMO\sd_card\ewarm\Obj\cmdline.o           #
#                    D:\TE-TM4C123-DEMO\driverlib\ewarm\Exe\driverlib.a       #
#                    D:\TE-TM4C123-DEMO\sd_card\ewarm\Obj\ff.o                #
#                    D:\TE-TM4C123-DEMO\grlib\ewarm\Exe\grlib.a               #
#                    D:\TE-TM4C123-DEMO\sd_card\ewarm\Obj\mmc-ek-lm4f232h5qd. #
#                    o D:\TE-TM4C123-DEMO\sd_card\ewarm\Obj\nokia128x160.o    #
#                    D:\TE-TM4C123-DEMO\sd_card\ewarm\Obj\sd_card.o           #
#                    D:\TE-TM4C123-DEMO\sd_card\ewarm\Obj\startup_ewarm.o     #
#                    D:\TE-TM4C123-DEMO\sd_card\ewarm\Obj\uartstdio.o         #
#                    --redirect _Printf=_PrintfTiny --redirect                #
#                    _Scanf=_ScanfSmall -o D:\TE-TM4C123-DEMO\sd_card\ewarm\E #
#                    xe\sd_card.out --map D:\TE-TM4C123-DEMO\sd_card\ewarm\Li #
#                    st\sd_card.map --config D:\TE-TM4C123-DEMO\sd_card\sd_ca #
#                    rd.icf --semihosting --entry __iar_program_start --vfe   #
#                                                                             #
#                                                                             #
###############################################################################

*******************************************************************************
*** RUNTIME MODEL ATTRIBUTES
***

CppFlavor       = *
__SystemLibrary = DLib


*******************************************************************************
*** PLACEMENT SUMMARY
***

"A1":  place at start of [0x00000000-0x0003ffff] { ro section .intvec };
"P1":  place in [from 0x00000000 to 0x0003ffff] { ro };
"P2":  place in [from 0x20000000 to 0x20007fff] { rw, block HEAP };

  Section            Kind        Address    Size  Object
  -------            ----        -------    ----  ------
"A1":                                      0x26c
  .intvec            const    0x00000000   0x26c  startup_ewarm.o [1]
                            - 0x0000026c   0x26c

"P1":                                     0xc6b0
  .rodata            const    0x0000026c  0x7378  cc932.o [1]
  .text              ro code  0x000075e4  0x1d94  ff.o [1]
  .text              ro code  0x00009378   0x728  mmc-ek-lm4f232h5qd.o [1]
  .text              ro code  0x00009aa0    0xe4  cc932.o [1]
  .text              ro code  0x00009b84   0x85c  sd_card.o [1]
  .text              ro code  0x0000a3e0   0x378  uartstdio.o [1]
  .text              ro code  0x0000a758    0x44  strcpy_unaligned.o [7]
  .text              ro code  0x0000a79c    0x36  strlen.o [7]
  .text              ro code  0x0000a7d2    0x2e  copy_init3.o [7]
  .text              ro code  0x0000a800    0x6c  strncpy_unaligned.o [7]
  .text              ro code  0x0000a86c    0x42  strcmp_unaligned.o [7]
  .text              ro code  0x0000a8ae    0x1c  strcat.o [3]
  .text              ro code  0x0000a8ca    0x22  zero_init3.o [7]
  .text              ro code  0x0000a8ec     0x6  uart.o [4]
  .rodata            const    0x0000a8f2     0x2  sd_card.o [1]
  .text              ro code  0x0000a8f4   0x530  nokia128x160.o [1]
  .text              ro code  0x0000ae24    0x7c  context.o [5]
  .text              ro code  0x0000aea0    0xb2  rectangle.o [5]
  .rodata            const    0x0000af52     0x2  sd_card.o [1]
  .text              ro code  0x0000af54   0x4e8  string.o [5]
  .text              ro code  0x0000b43c    0x88  cmdline.o [1]
  .text              ro code  0x0000b4c4    0x5e  ABImemset.o [7]
  .rodata            const    0x0000b524   0x5dc  fontcmss12.o [5]
  .rodata            const    0x0000bb00   0x3c0  fontfixed6x8.o [5]
  .rodata            const    0x0000bec0   0x1e0  cc932.o [1]
  .rodata            const    0x0000c0a0   0x1e0  cc932.o [1]
  .rodata            const    0x0000c280    0x2c  sd_card.o [1]
  .rodata            const    0x0000c2ac    0x2c  sd_card.o [1]
  .rodata            const    0x0000c2d8    0x2c  sd_card.o [1]
  .rodata            const    0x0000c304    0x28  nokia128x160.o [1]
  .text              ro code  0x0000c32c    0x28  data_init.o [7]
  .rodata            const    0x0000c354    0x24  sd_card.o [1]
  .iar.init_table    const    0x0000c378    0x24  - Linker created -
  .rodata            const    0x0000c39c    0x20  sd_card.o [1]
  .rodata            const    0x0000c3bc    0x20  sd_card.o [1]
  .rodata            const    0x0000c3dc    0x20  sd_card.o [1]
  .text              ro code  0x0000c3fc    0x1e  startup_ewarm.o [1]
  .text              ro code  0x0000c41a     0xc  cstartup_M.o [7]
  .text              ro code  0x0000c428    0x1a  fpinit_M.o [6]
  .text              ro code  0x0000c444    0x1a  cmain.o [7]
  .text              ro code  0x0000c45e     0x4  low_level_init.o [3]
  .text              ro code  0x0000c462     0x4  exit.o [3]
  .text              ro code  0x0000c468     0xa  cexit.o [7]
  .text              ro code  0x0000c474    0x14  exit.o [8]
  .rodata            const    0x0000c488    0x1c  sd_card.o [1]
  .rodata            const    0x0000c4a4    0x1c  sd_card.o [1]
  .rodata            const    0x0000c4c0    0x18  sd_card.o [1]
  .rodata            const    0x0000c4d8    0x18  sd_card.o [1]
  .rodata            const    0x0000c4f0    0x18  sd_card.o [1]
  .rodata            const    0x0000c508    0x18  sd_card.o [1]
  .rodata            const    0x0000c520    0x18  sd_card.o [1]
  .rodata            const    0x0000c538    0x14  sd_card.o [1]
  .rodata            const    0x0000c54c    0x14  sd_card.o [1]
  .rodata            const    0x0000c560    0x14  sd_card.o [1]
  .rodata            const    0x0000c574    0x14  sd_card.o [1]
  .rodata            const    0x0000c588    0x14  sd_card.o [1]
  .rodata            const    0x0000c59c    0x14  sd_card.o [1]
  .rodata            const    0x0000c5b0    0x14  sd_card.o [1]
  .rodata            const    0x0000c5c4    0x14  sd_card.o [1]
  .rodata            const    0x0000c5d8    0x14  sd_card.o [1]
  .rodata            const    0x0000c5ec    0x14  sd_card.o [1]
  .rodata            const    0x0000c600    0x14  uartstdio.o [1]
  .rodata            const    0x0000c614    0x10  ff.o [1]
  .rodata            const    0x0000c624    0x10  sd_card.o [1]
  .rodata            const    0x0000c634    0x10  sd_card.o [1]
  .rodata            const    0x0000c644    0x10  sd_card.o [1]
  .rodata            const    0x0000c654    0x10  sd_card.o [1]
  .rodata            const    0x0000c664    0x10  sd_card.o [1]
  .rodata            const    0x0000c674    0x10  sd_card.o [1]
  .rodata            const    0x0000c684    0x10  sd_card.o [1]
  .rodata            const    0x0000c694    0x10  sd_card.o [1]
  .rodata            const    0x0000c6a4    0x10  sd_card.o [1]
  .rodata            const    0x0000c6b4     0xc  ff.o [1]
  .rodata            const    0x0000c6c0     0xc  sd_card.o [1]
  .rodata            const    0x0000c6cc     0xc  sd_card.o [1]
  .rodata            const    0x0000c6d8     0xc  sd_card.o [1]
  .rodata            const    0x0000c6e4     0xc  sd_card.o [1]
  .rodata            const    0x0000c6f0     0xc  sd_card.o [1]
  .rodata            const    0x0000c6fc     0xc  sd_card.o [1]
  .rodata            const    0x0000c708     0xc  sd_card.o [1]
  .rodata            const    0x0000c714     0xc  sd_card.o [1]
  .rodata            const    0x0000c720     0xc  sd_card.o [1]
  .rodata            const    0x0000c72c     0xc  sd_card.o [1]
  .rodata            const    0x0000c738     0xc  sd_card.o [1]
  .rodata            const    0x0000c744     0xc  sd_card.o [1]
  .rodata            const    0x0000c750     0xc  uartstdio.o [1]
  .rodata            const    0x0000c75c     0xc  uartstdio.o [1]
  .rodata            const    0x0000c768     0x8  ff.o [1]
  .rodata            const    0x0000c770     0x8  sd_card.o [1]
  .rodata            const    0x0000c778     0x8  sd_card.o [1]
  .rodata            const    0x0000c780     0x8  sd_card.o [1]
  .rodata            const    0x0000c788     0x8  sd_card.o [1]
  .rodata            const    0x0000c790     0x8  sd_card.o [1]
  .rodata            const    0x0000c798     0x8  uartstdio.o [1]
  .text              ro code  0x0000c7a0     0x8  charmap.o [5]
  .rodata            const    0x0000c7a8     0x4  sd_card.o [1]
  .rodata            const    0x0000c7ac     0x4  sd_card.o [1]
  .rodata            const    0x0000c7b0     0x4  sd_card.o [1]
  .rodata            const    0x0000c7b4     0x4  sd_card.o [1]
  .rodata            const    0x0000c7b8     0x4  uartstdio.o [1]
  .rodata            const    0x0000c7bc     0x0  zero_init3.o [7]
  .rodata            const    0x0000c7bc     0x0  copy_init3.o [7]
  Initializer bytes  ro data  0x0000c7bc   0x160  <for P2 s0>
                            - 0x0000c91c  0xc6b0

"P2", part 1 of 3:                         0x160
  P2 s0                       0x20000000   0x160  <Init block>
    .data            inited   0x20000000    0xa0  sd_card.o [1]
    .data            inited   0x200000a0    0x6c  sd_card.o [1]
    .data            inited   0x2000010c    0x50  sd_card.o [1]
    .data            inited   0x2000015c     0x1  mmc-ek-lm4f232h5qd.o [1]
                            - 0x20000160   0x160

"P2", part 2 of 3:                         0x790
  .bss               zero     0x20000160   0x234  sd_card.o [1]
  .bss               zero     0x20000394   0x224  sd_card.o [1]
  .bss               zero     0x200005b8   0x200  ff.o [1]
  .bss               zero     0x200007b8    0x50  sd_card.o [1]
  .bss               zero     0x20000808    0x40  sd_card.o [1]
  .bss               zero     0x20000848    0x2c  sd_card.o [1]
  .bss               zero     0x20000874    0x24  cmdline.o [1]
  .bss               zero     0x20000898    0x24  sd_card.o [1]
  .bss               zero     0x200008bc    0x20  sd_card.o [1]
  .bss               zero     0x200008dc     0x4  ff.o [1]
  .bss               zero     0x200008e0     0x4  uartstdio.o [1]
  .bss               zero     0x200008e4     0x4  context.o [5]
  .bss               zero     0x200008e8     0x2  ff.o [1]
  .bss               zero     0x200008ea     0x1  mmc-ek-lm4f232h5qd.o [1]
  .bss               zero     0x200008eb     0x1  mmc-ek-lm4f232h5qd.o [1]
  .bss               zero     0x200008ec     0x1  mmc-ek-lm4f232h5qd.o [1]
  .bss               zero     0x200008ed     0x1  mmc-ek-lm4f232h5qd.o [1]
  .bss               zero     0x200008ee     0x1  uartstdio.o [1]
                            - 0x200008ef   0x78f

"P2", part 3 of 3:                         0x400
  .noinit            uninit   0x200008f0   0x400  startup_ewarm.o [1]
                            - 0x20000cf0   0x400


*******************************************************************************
*** INIT TABLE
***

          Address     Size
          -------     ----
Zero (__iar_zero_init3)
    1 destination range, total size 0x78f:
          0x20000160  0x78f

Copy (__iar_copy_init3)
    1 source range, total size 0x160 (100% of destination):
          0x0000c7bc  0x160
    1 destination range, total size 0x15d:
          0x20000000  0x15d



*******************************************************************************
*** MODULE SUMMARY
***

    Module                ro code  ro data  rw data
    ------                -------  -------  -------
D:\TE-TM4C123-DEMO\sd_card\ewarm\Obj: [1]
    cc932.o                   228   30 520
    cmdline.o                 136                36
    ff.o                    7 572       36      518
    mmc-ek-lm4f232h5qd.o    1 832        1        5
    nokia128x160.o          1 328       40
    sd_card.o               2 140    1 336    1 716
    startup_ewarm.o            30      620    1 024
    uartstdio.o               888       56        5
    -----------------------------------------------
    Total:                 14 154   32 609    3 304

command line: [2]
    -----------------------------------------------
    Total:

dl7M_tln.a: [3]
    exit.o                      4
    low_level_init.o            4
    strcat.o                   28
    -----------------------------------------------
    Total:                     36

driverlib.a: [4]
    uart.o                      6
    -----------------------------------------------
    Total:                      6

grlib.a: [5]
    charmap.o                   8
    context.o                 124                 4
    fontcmss12.o                     1 500
    fontfixed6x8.o                     960
    rectangle.o               178
    string.o                1 256
    -----------------------------------------------
    Total:                  1 566    2 460        4

m7M_tlv.a: [6]
    fpinit_M.o                 26
    -----------------------------------------------
    Total:                     26

rt7M_tl.a: [7]
    ABImemset.o                94
    cexit.o                    10
    cmain.o                    26
    copy_init3.o               46
    cstartup_M.o               12
    data_init.o                40
    strcmp_unaligned.o         66
    strcpy_unaligned.o         68
    strlen.o                   54
    strncpy_unaligned.o       108
    zero_init3.o               34
    -----------------------------------------------
    Total:                    558

shb_l.a: [8]
    exit.o                     20
    -----------------------------------------------
    Total:                     20

    Gaps                        8        2
    Linker created                      39
---------------------------------------------------
    Grand Total:           16 374   35 110    3 308


*******************************************************************************
*** ENTRY LIST
***

Entry                      Address    Size  Type      Object
-----                      -------    ----  ----      ------
?main                   0x0000c445          Code  Gb  cmain.o [7]
CardType                0x200008ec     0x1  Data  Lc  mmc-ek-lm4f232h5qd.o [1]
CmdLineProcess          0x0000b43d    0x88  Code  Gb  cmdline.o [1]
Cmd_cat                 0x00009e99    0xb4  Code  Gb  sd_card.o [1]
Cmd_cd                  0x00009d83    0xf8  Code  Gb  sd_card.o [1]
Cmd_help                0x00009f4d    0x36  Code  Gb  sd_card.o [1]
Cmd_ls                  0x00009bbb   0x1c8  Code  Gb  sd_card.o [1]
Cmd_pwd                 0x00009e7b    0x14  Code  Gb  sd_card.o [1]
ConfigureUART           0x00009f83    0x70  Code  Gb  sd_card.o [1]
DESELECT                0x0000938f    0x16  Code  Lc  mmc-ek-lm4f232h5qd.o [1]
FatFs                   0x200008dc     0x4  Data  Lc  ff.o [1]
FaultISR                0x0000c417     0x2  Code  Lc  startup_ewarm.o [1]
Fsid                    0x200008e8     0x2  Data  Lc  ff.o [1]
GrContextFontSet        0x0000b439     0x4  Code  Gb  string.o [5]
GrContextInit           0x0000ae25    0x62  Code  Gb  context.o [5]
GrDefaultStringRenderer
                        0x0000afd5    0xb2  Code  Gb  string.o [5]
GrFontBaselineGet       0x0000b323    0x18  Code  Gb  string.o [5]
GrFontCodepageGet       0x0000b3db    0x1c  Code  Gb  string.o [5]
GrFontGlyphDataGet      0x0000b351    0x8a  Code  Gb  string.o [5]
GrFontGlyphRender       0x0000b0b3   0x238  Code  Gb  string.o [5]
GrFontInfoGet           0x0000b2f9    0x2a  Code  Gb  string.o [5]
GrMapISO8859_1_Unicode  0x0000c7a1     0x8  Code  Gb  charmap.o [5]
GrRectFill              0x0000aea1    0xb2  Code  Gb  rectangle.o [5]
GrStringDraw            0x0000afbf    0x16  Code  Gb  string.o [5]
GrStringNextCharGet     0x0000b087    0x2c  Code  Gb  string.o [5]
GrStringWidthGet        0x0000af55    0x6a  Code  Gb  string.o [5]
IntDefaultHandler       0x0000c419     0x2  Code  Lc  startup_ewarm.o [1]
LfnBuf                  0x200005b8   0x200  Data  Lc  ff.o [1]
LfnOfs                  0x0000c614    0x10  Data  Lc  ff.o [1]
NOKIA128X160ColorTranslate
                        0x0000ac8b    0x18  Code  Lc  nokia128x160.o [1]
NOKIA128X160Flush       0x0000aca3     0x2  Code  Lc  nokia128x160.o [1]
NOKIA128X160Init        0x0000aca5   0x14c  Code  Gb  nokia128x160.o [1]
NOKIA128X160LineDrawH   0x0000ab6d    0x78  Code  Lc  nokia128x160.o [1]
NOKIA128X160LineDrawV   0x0000abe5    0x78  Code  Lc  nokia128x160.o [1]
NOKIA128X160PixelDraw   0x0000a94d    0x6a  Code  Lc  nokia128x160.o [1]
NOKIA128X160PixelDrawMultiple
                        0x0000a9b7   0x1b6  Code  Lc  nokia128x160.o [1]
NOKIA128X160RectFill    0x0000ac5d    0x2e  Code  Lc  nokia128x160.o [1]
NOKIA128X160WriteCommand
                        0x0000a8f5    0x2c  Code  Lc  nokia128x160.o [1]
NOKIA128X160WriteData   0x0000a921    0x2c  Code  Lc  nokia128x160.o [1]
NmiSR                   0x0000c415     0x2  Code  Lc  startup_ewarm.o [1]
PowerFlag               0x200008ed     0x1  Data  Lc  mmc-ek-lm4f232h5qd.o [1]
Region$$Table$$Base     0x0000c378           --   Gb  - Linker created -
Region$$Table$$Limit    0x0000c39c           --   Gb  - Linker created -
ResetISR                0x0000c3fd    0x14  Code  Gb  startup_ewarm.o [1]
SELECT                  0x00009379    0x16  Code  Lc  mmc-ek-lm4f232h5qd.o [1]
Stat                    0x2000015c     0x1  Data  Lc  mmc-ek-lm4f232h5qd.o [1]
StringFromFResult       0x00009b85    0x2e  Code  Gb  sd_card.o [1]
SysTickHandler          0x00009bb3     0x8  Code  Gb  sd_card.o [1]
Timer1                  0x200008ea     0x1  Data  Lc  mmc-ek-lm4f232h5qd.o [1]
Timer2                  0x200008eb     0x1  Data  Lc  mmc-ek-lm4f232h5qd.o [1]
UARTClockSourceSet      0x0000a8ed     0x6  Code  Gb  uart.o [4]
UARTStdioConfig         0x0000a3e1    0x56  Code  Gb  uartstdio.o [1]
UARTgets                0x0000a46f    0x90  Code  Gb  uartstdio.o [1]
UARTprintf              0x0000a741    0x18  Code  Gb  uartstdio.o [1]
UARTvprintf             0x0000a4ff   0x214  Code  Gb  uartstdio.o [1]
UARTwrite               0x0000a437    0x38  Code  Gb  uartstdio.o [1]
UpdateContextCharMapping
                        0x0000b3f7    0x42  Code  Lc  string.o [5]
__cmain                 0x0000c445          Code  Gb  cmain.o [7]
__exit                  0x0000c475    0x14  Code  Gb  exit.o [8]
__iar_Memset_word       0x0000b4c5          Code  Gb  ABImemset.o [7]
__iar_copy_init3        0x0000a7d3    0x2e  Code  Gb  copy_init3.o [7]
__iar_data_init3        0x0000c32d    0x28  Code  Gb  data_init.o [7]
__iar_init_vfp          0x0000c429          Code  Gb  fpinit_M.o [6]
__iar_program_start     0x0000c41b          Code  Gb  cstartup_M.o [7]
__iar_strcmp            0x0000a86d          Code  Gb  strcmp_unaligned.o [7]
__iar_unaligned_strcmp  0x0000a86d          Code  Gb  strcmp_unaligned.o [7]
__iar_unaligned_strcpy  0x0000a759          Code  Gb  strcpy_unaligned.o [7]
__iar_unaligned_strncpy
                        0x0000a801          Code  Gb  strncpy_unaligned.o [7]
__iar_zero_init3        0x0000a8cb    0x22  Code  Gb  zero_init3.o [7]
__low_level_init        0x0000c45f     0x4  Code  Gb  low_level_init.o [3]
__vector_table          0x00000000   0x26c  Data  Gb  startup_ewarm.o [1]
_call_main              0x0000c451          Code  Gb  cmain.o [7]
_exit                   0x0000c469          Code  Gb  cexit.o [7]
_main                   0x0000c45b          Code  Gb  cmain.o [7]
check_fs                0x00008863    0x7a  Code  Lc  ff.o [1]
chk_chr                 0x0000763b    0x14  Code  Lc  ff.o [1]
chk_mounted             0x000088e5   0x446  Code  Lc  ff.o [1]
clust2sect              0x000076df    0x1a  Code  Gb  ff.o [1]
cmp_lfn                 0x00007d37    0x9e  Code  Lc  ff.o [1]
create_chain            0x000079cd    0xdc  Code  Lc  ff.o [1]
create_name             0x0000834d   0x31a  Code  Lc  ff.o [1]
dir_alloc               0x00007c9b    0x5c  Code  Lc  ff.o [1]
dir_find                0x00007fd7   0x10a  Code  Lc  ff.o [1]
dir_next                0x00007b5f   0x13c  Code  Lc  ff.o [1]
dir_read                0x000080e1   0x108  Code  Lc  ff.o [1]
dir_register            0x000081e9   0x164  Code  Lc  ff.o [1]
dir_sdi                 0x00007aa9    0xb6  Code  Lc  ff.o [1]
disk_initialize         0x00009727   0x186  Code  Gb  mmc-ek-lm4f232h5qd.o [1]
disk_read               0x000098c1    0xa6  Code  Gb  mmc-ek-lm4f232h5qd.o [1]
disk_status             0x000098ad    0x14  Code  Gb  mmc-ek-lm4f232h5qd.o [1]
disk_timerproc          0x00009a37    0x26  Code  Gb  mmc-ek-lm4f232h5qd.o [1]
disk_write              0x00009967    0xd0  Code  Gb  mmc-ek-lm4f232h5qd.o [1]
exit                    0x0000c463     0x4  Code  Gb  exit.o [3]
f_getfree               0x00009245   0x122  Code  Gb  ff.o [1]
f_mount                 0x00008d65    0x36  Code  Gb  ff.o [1]
f_open                  0x00008d9b   0x18e  Code  Gb  ff.o [1]
f_opendir               0x00009139    0x92  Code  Gb  ff.o [1]
f_read                  0x00008f35   0x204  Code  Gb  ff.o [1]
f_readdir               0x000091d1    0x74  Code  Gb  ff.o [1]
ff_convert              0x00009aa1    0x9e  Code  Gb  cc932.o [1]
ff_wtoupper             0x00009b3f    0x34  Code  Gb  cc932.o [1]
fit_lfn                 0x00007e4d    0x84  Code  Lc  ff.o [1]
follow_path             0x000087d3    0x90  Code  Lc  ff.o [1]
g_pcCmdBuf              0x20000808    0x40  Data  Lc  sd_card.o [1]
g_pcCwdBuf              0x2000010c    0x50  Data  Lc  sd_card.o [1]
g_pcHex                 0x0000c7b8     0x4  Data  Lc  uartstdio.o [1]
g_pcTmpBuf              0x200007b8    0x50  Data  Lc  sd_card.o [1]
g_ppcArgv               0x20000874    0x24  Data  Lc  cmdline.o [1]
g_psCmdTable            0x200000a0    0x6c  Data  Gb  sd_card.o [1]
g_psDefaultCodePointMapTable
                        0x0000ae90    0x10  Data  Gb  context.o [5]
g_psFResultStrings      0x20000000    0xa0  Data  Gb  sd_card.o [1]
g_psGrLibDefaults       0x200008e4     0x4  Data  Lc  context.o [5]
g_pui8Cmss12Data        0x0000b524   0x514  Data  Lc  fontcmss12.o [5]
g_pui8FontFixed6x8Data  0x0000bb00   0x2f8  Data  Lc  fontfixed6x8.o [5]
g_sContext              0x20000848    0x2c  Data  Gb  sd_card.o [1]
g_sDirObject            0x20000898    0x24  Data  Lc  sd_card.o [1]
g_sFatFs                0x20000160   0x234  Data  Lc  sd_card.o [1]
g_sFileInfo             0x200008bc    0x20  Data  Lc  sd_card.o [1]
g_sFileObject           0x20000394   0x224  Data  Lc  sd_card.o [1]
g_sFontCmss12           0x0000ba38    0xc8  Data  Gb  fontcmss12.o [5]
g_sFontFixed6x8         0x0000bdf8    0xc8  Data  Gb  fontfixed6x8.o [5]
g_sNOKIA128X160         0x0000c304    0x28  Data  Gb  nokia128x160.o [1]
g_ui32Base              0x200008e0     0x4  Data  Lc  uartstdio.o [1]
g_ui32UARTBase          0x0000c750     0xc  Data  Lc  uartstdio.o [1]
g_ui32UARTPeriph        0x0000c75c     0xc  Data  Lc  uartstdio.o [1]
gen_numname             0x00007ed1    0xe8  Code  Gb  ff.o [1]
get_fat                 0x000076f9    0xfe  Code  Gb  ff.o [1]
get_fattime             0x00009a5d     0x4  Code  Gb  mmc-ek-lm4f232h5qd.o [1]
get_fileinfo            0x00008667   0x16c  Code  Lc  ff.o [1]
ld_clust                0x00007cf7    0x28  Code  Lc  ff.o [1]
main                    0x0000a009   0x324  Code  Gb  sd_card.o [1]
mem_cmp                 0x00007617    0x24  Code  Lc  ff.o [1]
mem_cpy                 0x000075e5    0x1c  Code  Lc  ff.o [1]
mem_set                 0x00007601    0x16  Code  Lc  ff.o [1]
move_window             0x000076a9    0x36  Code  Lc  ff.o [1]
pick_lfn                0x00007dd5    0x78  Code  Lc  ff.o [1]
power_off               0x000095a1     0xa  Code  Lc  mmc-ek-lm4f232h5qd.o [1]
power_on                0x00009495    0xaa  Code  Lc  mmc-ek-lm4f232h5qd.o [1]
pui32Stack              0x200008f0   0x400  Data  Lc  startup_ewarm.o [1]
put_fat                 0x000077f7   0x164  Code  Gb  ff.o [1]
rcvr_datablock          0x000095ab    0x50  Code  Lc  mmc-ek-lm4f232h5qd.o [1]
rcvr_spi                0x000093cf    0x28  Code  Lc  mmc-ek-lm4f232h5qd.o [1]
rcvr_spi_m              0x000093f7     0xc  Code  Lc  mmc-ek-lm4f232h5qd.o [1]
remove_chain            0x0000795b    0x72  Code  Lc  ff.o [1]
send_cmd                0x0000965d    0x82  Code  Lc  mmc-ek-lm4f232h5qd.o [1]
send_cmd12              0x000096df    0x48  Code  Lc  mmc-ek-lm4f232h5qd.o [1]
send_initial_clock_train
                        0x0000942d    0x68  Code  Lc  mmc-ek-lm4f232h5qd.o [1]
set_max_speed           0x0000953f    0x62  Code  Lc  mmc-ek-lm4f232h5qd.o [1]
st_clust                0x00007d1f    0x18  Code  Lc  ff.o [1]
strcat                  0x0000a8af    0x1c  Code  Gb  strcat.o [3]
strlen                  0x0000a79d          Code  Gb  strlen.o [7]
sum_sfn                 0x00007fb9    0x1e  Code  Lc  ff.o [1]
sync_window             0x0000764f    0x5a  Code  Lc  ff.o [1]
uni2sjis                0x0000026c  0x7378  Data  Lc  cc932.o [1]
validate                0x00008d2b    0x3a  Code  Lc  ff.o [1]
wait_ready              0x00009403    0x2a  Code  Lc  mmc-ek-lm4f232h5qd.o [1]
xmit_datablock          0x000095fb    0x62  Code  Lc  mmc-ek-lm4f232h5qd.o [1]
xmit_spi                0x000093a5    0x2a  Code  Lc  mmc-ek-lm4f232h5qd.o [1]


[1] = D:\TE-TM4C123-DEMO\sd_card\ewarm\Obj
[2] = command line
[3] = dl7M_tln.a
[4] = driverlib.a
[5] = grlib.a
[6] = m7M_tlv.a
[7] = rt7M_tl.a
[8] = shb_l.a

  16 374 bytes of readonly  code memory
  35 110 bytes of readonly  data memory
   3 308 bytes of readwrite data memory

Errors: none
Warnings: none
