###############################################################################
#                                                                             #
# IAR ELF Linker V6.60.1.5097/W32 for ARM               01/Nov/2013  12:39:09 #
# Copyright 2007-2013 IAR Systems AB.                                         #
#                                                                             #
#    Output file  =  D:\TE-TM4C123-DEMO\blinky\ewarm\Exe\blinky.out           #
#    Map file     =  D:\TE-TM4C123-DEMO\blinky\ewarm\List\blinky.map          #
#    Command line =  D:\TE-TM4C123-DEMO\blinky\ewarm\Obj\blinky.o             #
#                    D:\TE-TM4C123-DEMO\blinky\ewarm\Obj\startup_ewarm.o      #
#                    --redirect _Printf=_PrintfTiny --redirect                #
#                    _Scanf=_ScanfSmall -o D:\TE-TM4C123-DEMO\blinky\ewarm\Ex #
#                    e\blinky.out --map D:\TE-TM4C123-DEMO\blinky\ewarm\List\ #
#                    blinky.map --config D:\TE-TM4C123-DEMO\blinky\blinky.icf #
#                     --semihosting --entry __iar_program_start --vfe         #
#                                                                             #
#                                                                             #
###############################################################################

*******************************************************************************
*** RUNTIME MODEL ATTRIBUTES
***

CppFlavor       = *
__SystemLibrary = DLib


*******************************************************************************
*** PLACEMENT SUMMARY
***

"A1":  place at start of [0x00000000-0x0003ffff] { ro section .intvec };
"P1":  place in [from 0x00000000 to 0x0003ffff] { ro };
"P2":  place in [from 0x20000000 to 0x20007fff] { rw, block HEAP };

  Section  Kind        Address   Size  Object
  -------  ----        -------   ----  ------
"A1":                           0x26c
  .intvec  const    0x00000000  0x26c  startup_ewarm.o [1]
                  - 0x0000026c  0x26c

"P1":                           0x17c
  .text    ro code  0x0000026c   0xf4  blinky.o [1]
  .text    ro code  0x00000360   0x1a  startup_ewarm.o [1]
  .text    ro code  0x0000037a    0xc  cstartup_M.o [5]
  .text    ro code  0x00000388   0x1a  fpinit_M.o [4]
  .text    ro code  0x000003a4   0x1a  cmain.o [5]
  .text    ro code  0x000003be    0x4  low_level_init.o [3]
  .text    ro code  0x000003c2    0x4  exit.o [3]
  .text    ro code  0x000003c8    0xa  cexit.o [5]
  .text    ro code  0x000003d4   0x14  exit.o [6]
                  - 0x000003e8  0x17c

"P2":                           0x100
  .noinit  uninit   0x20000000  0x100  startup_ewarm.o [1]
                  - 0x20000100  0x100



*******************************************************************************
*** MODULE SUMMARY
***

    Module            ro code  ro data  rw data
    ------            -------  -------  -------
D:\TE-TM4C123-DEMO\blinky\ewarm\Obj: [1]
    blinky.o              244
    startup_ewarm.o        26      620      256
    -------------------------------------------
    Total:                270      620      256

command line: [2]
    -------------------------------------------
    Total:

dl7M_tln.a: [3]
    exit.o                  4
    low_level_init.o        4
    -------------------------------------------
    Total:                  8

m7M_tlv.a: [4]
    fpinit_M.o             26
    -------------------------------------------
    Total:                 26

rt7M_tl.a: [5]
    cexit.o                10
    cmain.o                26
    cstartup_M.o           12
    -------------------------------------------
    Total:                 48

shb_l.a: [6]
    exit.o                 20
    -------------------------------------------
    Total:                 20

    Gaps                    8
-----------------------------------------------
    Grand Total:          380      620      256


*******************************************************************************
*** ENTRY LIST
***

Entry                    Address   Size  Type      Object
-----                    -------   ----  ----      ------
?main                 0x000003a5         Code  Gb  cmain.o [5]
FaultISR              0x00000377    0x2  Code  Lc  startup_ewarm.o [1]
IntDefaultHandler     0x00000379    0x2  Code  Lc  startup_ewarm.o [1]
NmiSR                 0x00000375    0x2  Code  Lc  startup_ewarm.o [1]
Region$$Table$$Base   0x00000000          --   Gb  - Linker created -
Region$$Table$$Limit  0x00000000          --   Gb  - Linker created -
ResetISR              0x00000361    0xe  Code  Gb  startup_ewarm.o [1]
__cmain               0x000003a5         Code  Gb  cmain.o [5]
__exit                0x000003d5   0x14  Code  Gb  exit.o [6]
__iar_init_vfp        0x00000389         Code  Gb  fpinit_M.o [4]
__iar_program_start   0x0000037b         Code  Gb  cstartup_M.o [5]
__low_level_init      0x000003bf    0x4  Code  Gb  low_level_init.o [3]
__vector_table        0x00000000  0x26c  Data  Gb  startup_ewarm.o [1]
_call_main            0x000003b1         Code  Gb  cmain.o [5]
_exit                 0x000003c9         Code  Gb  cexit.o [5]
_main                 0x000003bb         Code  Gb  cmain.o [5]
exit                  0x000003c3    0x4  Code  Gb  exit.o [3]
main                  0x0000026d   0xf4  Code  Gb  blinky.o [1]
pui32Stack            0x20000000  0x100  Data  Lc  startup_ewarm.o [1]


[1] = D:\TE-TM4C123-DEMO\blinky\ewarm\Obj
[2] = command line
[3] = dl7M_tln.a
[4] = m7M_tlv.a
[5] = rt7M_tl.a
[6] = shb_l.a

  380 bytes of readonly  code memory
  620 bytes of readonly  data memory
  256 bytes of readwrite data memory

Errors: none
Warnings: none
