Archive member included because of file (symbol)

c:/cad/yagarto/bin/../lib/gcc/arm-none-eabi/4.6.0/thumb/v7m\libgcc.a(_arm_addsubdf3.o)
                              ./main.o (__aeabi_dsub)
c:/cad/yagarto/bin/../lib/gcc/arm-none-eabi/4.6.0/thumb/v7m\libgcc.a(_arm_muldivdf3.o)
                              ./main.o (__aeabi_dmul)
c:/cad/yagarto/bin/../lib/gcc/arm-none-eabi/4.6.0/thumb/v7m\libgcc.a(_arm_truncdfsf2.o)
                              ./main.o (__aeabi_d2f)
c:/cad/yagarto/bin/../lib/gcc/arm-none-eabi/4.6.0/../../../../arm-none-eabi/lib/thumb/v7m\libg.a(lib_a-errno.o)
                              ./system/syscalls.o (__errno)
c:/cad/yagarto/bin/../lib/gcc/arm-none-eabi/4.6.0/../../../../arm-none-eabi/lib/thumb/v7m\libg.a(lib_a-impure.o)
                              c:/cad/yagarto/bin/../lib/gcc/arm-none-eabi/4.6.0/../../../../arm-none-eabi/lib/thumb/v7m\libg.a(lib_a-errno.o) (_impure_ptr)
c:/cad/yagarto/bin/../lib/gcc/arm-none-eabi/4.6.0/../../../../arm-none-eabi/lib/thumb/v7m\libg.a(lib_a-memset.o)
                              ./system/syscalls.o (memset)
c:/cad/yagarto/bin/../lib/gcc/arm-none-eabi/4.6.0/../../../../arm-none-eabi/lib/thumb/v7m\libg.a(lib_a-sprintf.o)
                              ./main.o (sprintf)
c:/cad/yagarto/bin/../lib/gcc/arm-none-eabi/4.6.0/../../../../arm-none-eabi/lib/thumb/v7m\libg.a(lib_a-svfprintf.o)
                              c:/cad/yagarto/bin/../lib/gcc/arm-none-eabi/4.6.0/../../../../arm-none-eabi/lib/thumb/v7m\libg.a(lib_a-sprintf.o) (_svfprintf_r)
c:/cad/yagarto/bin/../lib/gcc/arm-none-eabi/4.6.0/../../../../arm-none-eabi/lib/thumb/v7m\libg.a(lib_a-dtoa.o)
                              c:/cad/yagarto/bin/../lib/gcc/arm-none-eabi/4.6.0/../../../../arm-none-eabi/lib/thumb/v7m\libg.a(lib_a-svfprintf.o) (_dtoa_r)
c:/cad/yagarto/bin/../lib/gcc/arm-none-eabi/4.6.0/../../../../arm-none-eabi/lib/thumb/v7m\libg.a(lib_a-locale.o)
                              c:/cad/yagarto/bin/../lib/gcc/arm-none-eabi/4.6.0/../../../../arm-none-eabi/lib/thumb/v7m\libg.a(lib_a-svfprintf.o) (_localeconv_r)
c:/cad/yagarto/bin/../lib/gcc/arm-none-eabi/4.6.0/../../../../arm-none-eabi/lib/thumb/v7m\libg.a(lib_a-mallocr.o)
                              c:/cad/yagarto/bin/../lib/gcc/arm-none-eabi/4.6.0/../../../../arm-none-eabi/lib/thumb/v7m\libg.a(lib_a-svfprintf.o) (_malloc_r)
c:/cad/yagarto/bin/../lib/gcc/arm-none-eabi/4.6.0/../../../../arm-none-eabi/lib/thumb/v7m\libg.a(lib_a-memchr.o)
                              c:/cad/yagarto/bin/../lib/gcc/arm-none-eabi/4.6.0/../../../../arm-none-eabi/lib/thumb/v7m\libg.a(lib_a-svfprintf.o) (memchr)
c:/cad/yagarto/bin/../lib/gcc/arm-none-eabi/4.6.0/../../../../arm-none-eabi/lib/thumb/v7m\libg.a(lib_a-memcpy.o)
                              c:/cad/yagarto/bin/../lib/gcc/arm-none-eabi/4.6.0/../../../../arm-none-eabi/lib/thumb/v7m\libg.a(lib_a-dtoa.o) (memcpy)
c:/cad/yagarto/bin/../lib/gcc/arm-none-eabi/4.6.0/../../../../arm-none-eabi/lib/thumb/v7m\libg.a(lib_a-mlock.o)
                              c:/cad/yagarto/bin/../lib/gcc/arm-none-eabi/4.6.0/../../../../arm-none-eabi/lib/thumb/v7m\libg.a(lib_a-mallocr.o) (__malloc_lock)
c:/cad/yagarto/bin/../lib/gcc/arm-none-eabi/4.6.0/../../../../arm-none-eabi/lib/thumb/v7m\libg.a(lib_a-mprec.o)
                              c:/cad/yagarto/bin/../lib/gcc/arm-none-eabi/4.6.0/../../../../arm-none-eabi/lib/thumb/v7m\libg.a(lib_a-dtoa.o) (_Balloc)
c:/cad/yagarto/bin/../lib/gcc/arm-none-eabi/4.6.0/../../../../arm-none-eabi/lib/thumb/v7m\libg.a(lib_a-s_fpclassify.o)
                              c:/cad/yagarto/bin/../lib/gcc/arm-none-eabi/4.6.0/../../../../arm-none-eabi/lib/thumb/v7m\libg.a(lib_a-svfprintf.o) (__fpclassifyd)
c:/cad/yagarto/bin/../lib/gcc/arm-none-eabi/4.6.0/../../../../arm-none-eabi/lib/thumb/v7m\libg.a(lib_a-strcmp.o)
                              c:/cad/yagarto/bin/../lib/gcc/arm-none-eabi/4.6.0/../../../../arm-none-eabi/lib/thumb/v7m\libg.a(lib_a-locale.o) (strcmp)
c:/cad/yagarto/bin/../lib/gcc/arm-none-eabi/4.6.0/../../../../arm-none-eabi/lib/thumb/v7m\libg.a(lib_a-strlen.o)
                              c:/cad/yagarto/bin/../lib/gcc/arm-none-eabi/4.6.0/../../../../arm-none-eabi/lib/thumb/v7m\libg.a(lib_a-svfprintf.o) (strlen)
c:/cad/yagarto/bin/../lib/gcc/arm-none-eabi/4.6.0/../../../../arm-none-eabi/lib/thumb/v7m\libg.a(lib_a-svfiprintf.o)
                              c:/cad/yagarto/bin/../lib/gcc/arm-none-eabi/4.6.0/../../../../arm-none-eabi/lib/thumb/v7m\libg.a(lib_a-svfprintf.o) (__ssprint_r)
c:/cad/yagarto/bin/../lib/gcc/arm-none-eabi/4.6.0/../../../../arm-none-eabi/lib/thumb/v7m\libg.a(lib_a-callocr.o)
                              c:/cad/yagarto/bin/../lib/gcc/arm-none-eabi/4.6.0/../../../../arm-none-eabi/lib/thumb/v7m\libg.a(lib_a-mprec.o) (_calloc_r)
c:/cad/yagarto/bin/../lib/gcc/arm-none-eabi/4.6.0/../../../../arm-none-eabi/lib/thumb/v7m\libg.a(lib_a-freer.o)
[...]
Memory Configuration

Name             Origin             Length             Attributes
FLASH            0x08000000         0x00100000         xr
RAM              0x20000000         0x00020000         xrw
MEMORY_B1        0x60000000         0x00000000         xr
*default*        0x00000000         0xffffffff

Linker script and memory map

LOAD ./main.o
LOAD ./system/core_cm3.o
LOAD ./system/startup_stm32f2xx.o
LOAD ./system/syscalls.o
LOAD ./system/system_stm32f2xx.o
LOAD ./sources/TE_STM32F207.o
LOAD ./sources/stm32f2xx_it.o
LOAD ./STM32F2xx_StdPeriph_Driver/src/misc.o
LOAD ./STM32F2xx_StdPeriph_Driver/src/stm32f2xx_adc.o
LOAD ./STM32F2xx_StdPeriph_Driver/src/stm32f2xx_can.o
LOAD ./STM32F2xx_StdPeriph_Driver/src/stm32f2xx_crc.o
LOAD ./STM32F2xx_StdPeriph_Driver/src/stm32f2xx_cryp.o
LOAD ./STM32F2xx_StdPeriph_Driver/src/stm32f2xx_cryp_aes.o
LOAD ./STM32F2xx_StdPeriph_Driver/src/stm32f2xx_cryp_des.o
LOAD ./STM32F2xx_StdPeriph_Driver/src/stm32f2xx_cryp_tdes.o
LOAD ./STM32F2xx_StdPeriph_Driver/src/stm32f2xx_dac.o
LOAD ./STM32F2xx_StdPeriph_Driver/src/stm32f2xx_dbgmcu.o
LOAD ./STM32F2xx_StdPeriph_Driver/src/stm32f2xx_dcmi.o
LOAD ./STM32F2xx_StdPeriph_Driver/src/stm32f2xx_dma.o
LOAD ./STM32F2xx_StdPeriph_Driver/src/stm32f2xx_exti.o
LOAD ./STM32F2xx_StdPeriph_Driver/src/stm32f2xx_flash.o
LOAD ./STM32F2xx_StdPeriph_Driver/src/stm32f2xx_fsmc.o
LOAD ./STM32F2xx_StdPeriph_Driver/src/stm32f2xx_gpio.o
LOAD ./STM32F2xx_StdPeriph_Driver/src/stm32f2xx_hash.o
LOAD ./STM32F2xx_StdPeriph_Driver/src/stm32f2xx_hash_md5.o
LOAD ./STM32F2xx_StdPeriph_Driver/src/stm32f2xx_hash_sha1.o
LOAD ./STM32F2xx_StdPeriph_Driver/src/stm32f2xx_i2c.o
LOAD ./STM32F2xx_StdPeriph_Driver/src/stm32f2xx_iwdg.o
LOAD ./STM32F2xx_StdPeriph_Driver/src/stm32f2xx_pwr.o
LOAD ./STM32F2xx_StdPeriph_Driver/src/stm32f2xx_rcc.o
LOAD ./STM32F2xx_StdPeriph_Driver/src/stm32f2xx_rng.o
LOAD ./STM32F2xx_StdPeriph_Driver/src/stm32f2xx_rtc.o
LOAD ./STM32F2xx_StdPeriph_Driver/src/stm32f2xx_sdio.o
LOAD ./STM32F2xx_StdPeriph_Driver/src/stm32f2xx_spi.o
LOAD ./STM32F2xx_StdPeriph_Driver/src/stm32f2xx_syscfg.o
LOAD ./STM32F2xx_StdPeriph_Driver/src/stm32f2xx_tim.o
LOAD ./STM32F2xx_StdPeriph_Driver/src/stm32f2xx_usart.o
LOAD ./STM32F2xx_StdPeriph_Driver/src/stm32f2xx_wwdg.o
START GROUP
LOAD c:/cad/yagarto/bin/../lib/gcc/arm-none-eabi/4.6.0/thumb/v7m\libgcc.a
LOAD c:/cad/yagarto/bin/../lib/gcc/arm-none-eabi/4.6.0/../../../../arm-none-eabi/lib/thumb/v7m\libg.a
LOAD c:/cad/yagarto/bin/../lib/gcc/arm-none-eabi/4.6.0/../../../../arm-none-eabi/lib/thumb/v7m\libc.a
END GROUP
                0x20020000                _estack = 0x20020000
                0x00000000                _Min_Heap_Size = 0x0
                0x00000200                _Min_Stack_Size = 0x200

.isr_vector     0x08000000      0x184
                0x08000000                . = ALIGN (0x4)
 *(.isr_vector)
 .isr_vector    0x08000000      0x184 ./system/startup_stm32f2xx.o
                0x08000000                g_pfnVectors
                0x08000184                . = ALIGN (0x4)

.text           0x08000188    0x14bfc
                0x08000188                . = ALIGN (0x4)
 *(.text)
 .text          0x08000188      0x378 ./main.o
                0x08000248                main
                0x08000470                NVIC_Config
                0x080004a0                Delay
                0x080004d0                TimingDelay_Decrement
 .text          0x08000500      0x28c ./system/core_cm3.o
                0x08000500                __get_PSP
                0x08000510                __set_PSP
                0x08000518                __get_MSP
                0x08000528                __set_MSP
                0x08000530                __get_BASEPRI
                0x08000550                __set_BASEPRI
                0x08000568                __get_PRIMASK
                0x08000588                __set_PRIMASK
                0x080005a0                __get_FAULTMASK
                0x080005c0                __set_FAULTMASK
                0x080005d8                __get_CONTROL
                0x080005f8                __set_CONTROL
                0x08000610                __REV
                0x08000634                __REV16
                0x08000658                __REVSH
                0x0800067c                __RBIT
                0x080006a0                __LDREXB
                0x080006c4                __LDREXH
                0x080006e8                __LDREXW
                0x0800070c                __STREXB
                0x08000738                __STREXH
                0x08000764                __STREXW
 .text          0x0800078c       0x14 ./system/startup_stm32f2xx.o
 .text          0x080007a0      0x154 ./system/syscalls.o
                0x080007a0                _read_r
                0x080007c8                _lseek_r
                0x080007e8                _write_r
                0x08000804                _close_r
                0x08000820                _sbrk_r
                0x080008a0                _fstat_r
                0x080008d8                _isatty_r
 .text          0x080008f4      0x35c ./system/system_stm32f2xx.o
                0x080008f4                SystemInit
                0x08000988                SystemCoreClockUpdate
 .text          0x08000c50      0x4dc ./sources/TE_STM32F207.o
                0x08000c50                DAC_Ch1_EscalatorConfig
                0x08000cdc                TIM6_Config
                0x08000d4c                ADC1_ChTempSensor_Init
                0x08000eb0                STM_EVAL_LEDInit
                0x08000f1c                STM_EVAL_LEDOn
                0x08000f50                STM_EVAL_LEDOff
                0x08000f84                STM_EVAL_LEDToggle
                0x08000fcc                STM_EVAL_COMInit
 .text          0x0800112c      0x2f0 ./sources/stm32f2xx_it.o
                0x0800112c                NMI_Handler
                0x08001138                HardFault_Handler
                0x08001140                MemManage_Handler
                0x08001148                BusFault_Handler
                0x08001150                UsageFault_Handler
                0x08001158                SVC_Handler
                0x08001164                DebugMon_Handler
                0x08001170                PendSV_Handler
                0x0800117c                SysTick_Handler
                0x08001188                USART3_IRQHandler
                0x080012a8                USART3_buffer_Init
                0x080012f8                USART3_SendChar
                0x08001394                USART3_GetKey
                0x080013e8                USART3_SendString
 .text          0x0800141c      0x1dc ./STM32F2xx_StdPeriph_Driver/src/misc.o
                0x0800141c                NVIC_PriorityGroupConfig
                0x08001444                NVIC_Init
                0x08001528                NVIC_SetVectorTable
                0x08001554                NVIC_SystemLPConfig
                0x080015ac                SysTick_CLKSourceConfig
 .text          0x080015f8      0xba0 ./STM32F2xx_StdPeriph_Driver/src/stm32f2xx_adc.o
                0x080015f8                ADC_DeInit
                0x08001618                ADC_Init
                0x080016d0                ADC_StructInit
                0x0800171c                ADC_CommonInit
                0x08001778                ADC_CommonStructInit
                0x080017ac                ADC_Cmd
                0x080017e4                ADC_AnalogWatchdogCmd
                0x08001820                ADC_AnalogWatchdogThresholdsConfig
                0x08001848                ADC_AnalogWatchdogSingleChannelConfig
                0x08001880                ADC_TempSensorVrefintCmd
                0x080018cc                ADC_VBATCmd
                0x08001918                ADC_RegularChannelConfig
                0x08001ad4                ADC_SoftwareStartConv
                0x08001af4                ADC_GetSoftwareStartConvStatus
                0x08001b2c                ADC_EOCOnEachRegularChannelCmd
                0x08001b64                ADC_ContinuousModeCmd
                0x08001b9c                ADC_DiscModeChannelCountConfig
                0x08001be8                ADC_DiscModeCmd
                0x08001c20                ADC_GetConversionValue
                0x08001c3c                ADC_GetMultiModeConversionValue
                0x08001c54                ADC_DMACmd
                0x08001c8c                ADC_DMARequestAfterLastTransferCmd
                0x08001cc4                ADC_MultiModeDMARequestAfterLastTransferCmd
                0x08001d10                ADC_InjectedChannelConfig
                0x08001e54                ADC_InjectedSequencerLengthConfig
                0x08001ea0                ADC_SetInjectedOffset
                0x08001ed4                ADC_ExternalTrigInjectedConvConfig
                0x08001f0c                ADC_ExternalTrigInjectedConvEdgeConfig
                0x08001f44                ADC_SoftwareStartInjectedConv
                0x08001f64                ADC_GetSoftwareStartInjectedConvCmdStatus
                0x08001f9c                ADC_AutoInjectedConvCmd
                0x08001fd4                ADC_InjectedDiscModeCmd
                0x0800200c                ADC_GetInjectedConversionValue
                0x08002040                ADC_ITConfig
                0x0800209c                ADC_GetFlagStatus
                0x080020d8                ADC_ClearFlag
                0x080020f8                ADC_GetITStatus
                0x08002168                ADC_ClearITPendingBit
 .text          0x08002198     0x1250 ./STM32F2xx_StdPeriph_Driver/src/stm32f2xx_can.o
                0x08002198                CAN_DeInit
                0x080021e8                CAN_Init
                0x080023a8                CAN_FilterInit
                0x080025c8                CAN_StructInit
                0x08002634                CAN_SlaveStartBank
                0x080026c4                CAN_DBGFreeze
                0x080026fc                CAN_TTComModeCmd
                0x08002794                CAN_Transmit
                0x08002978                CAN_TransmitStatus
                0x08002a8c                CAN_CancelTransmit
                0x08002adc                CAN_Receive
                0x08002c84                CAN_FIFORelease
                0x08002cbc                CAN_MessagePending
                0x08002d0c                CAN_OperatingModeRequest
                0x08002e20                CAN_Sleep
                0x08002e60                CAN_WakeUp
                0x08002ebc                CAN_GetLastErrorCode
                0x08002ee4                CAN_GetReceiveErrorCounter
                0x08002f0c                CAN_GetLSBTransmitErrorCounter
                0x08002f38                CAN_ITConfig
                0x08002f78                CAN_GetFlagStatus
                0x0800307c                CAN_ClearFlag
                0x080030f8                CAN_GetITStatus
                0x080032b4                CAN_ClearITPendingBit
 .text          0x080033e8       0xe8 ./STM32F2xx_StdPeriph_Driver/src/stm32f2xx_crc.o
                0x080033e8                CRC_ResetDR
                0x08003400                CRC_CalcCRC
                0x0800342c                CRC_CalcBlockCRC
                0x08003480                CRC_GetCRC
                0x08003498                CRC_SetIDRegister
                0x080034b8                CRC_GetIDRegister
 .text          0x080034d0      0x700 ./STM32F2xx_StdPeriph_Driver/src/stm32f2xx_cryp.o
                0x080034d0                CRYP_DeInit
                0x080034f0                CRYP_Init
                0x080035f4                CRYP_StructInit
                0x08003628                CRYP_KeyInit
                0x080036ac                CRYP_KeyStructInit
                0x08003700                CRYP_IVInit
                0x0800374c                CRYP_IVStructInit
                0x08003780                CRYP_FIFOFlush
                0x080037a4                CRYP_Cmd
                0x080037f0                CRYP_DataIn
                0x08003810                CRYP_DataOut
                0x08003828                CRYP_SaveContext
                0x08003998                CRYP_RestoreContext
                0x08003a78                CRYP_DMACmd
                0x08003ad4                CRYP_ITConfig
                0x08003b30                CRYP_GetITStatus
                0x08003b70                CRYP_GetFlagStatus
 .text          0x08003bd0      0xb08 ./STM32F2xx_StdPeriph_Driver/src/stm32f2xx_cryp_aes.o
                0x08003bd0                CRYP_AES_ECB
                0x08003f54                CRYP_AES_CBC
                0x0800434c                CRYP_AES_CTR
 .text          0x080046d8      0x2f0 ./STM32F2xx_StdPeriph_Driver/src/stm32f2xx_cryp_des.o
                0x080046d8                CRYP_DES_ECB
                0x08004834                CRYP_DES_CBC
 .text          0x080049c8      0x3a0 ./STM32F2xx_StdPeriph_Driver/src/stm32f2xx_cryp_tdes.o
                0x080049c8                CRYP_TDES_ECB
                0x08004b7c                CRYP_TDES_CBC
 .text          0x08004d68      0x530 ./STM32F2xx_StdPeriph_Driver/src/stm32f2xx_dac.o
                0x08004d68                DAC_DeInit
                0x08004d88                DAC_Init
                0x08004dfc                DAC_StructInit
                0x08004e30                DAC_Cmd
                0x08004e98                DAC_SoftwareTriggerCmd
                0x08004f08                DAC_DualSoftwareTriggerCmd
                0x08004f54                DAC_WaveGenerationCmd
                0x08004fb8                DAC_SetChannel1Data
                0x08004ff0                DAC_SetChannel2Data
                0x08005028                DAC_SetDualChannelData
                0x0800508c                DAC_GetDataOutputValue
                0x080050c8                DAC_DMACmd
                0x08005130                DAC_ITConfig
                0x08005194                DAC_GetFlagStatus
                0x080051dc                DAC_ClearFlag
                0x08005204                DAC_GetITStatus
                0x08005270                DAC_ClearITPendingBit
 .text          0x08005298      0x144 ./STM32F2xx_StdPeriph_Driver/src/stm32f2xx_dbgmcu.o
                0x08005298                DBGMCU_GetREVID
                0x080052b4                DBGMCU_GetDEVID
                0x080052d4                DBGMCU_Config
                0x0800532c                DBGMCU_APB1PeriphConfig
                0x08005384                DBGMCU_APB2PeriphConfig
 .text          0x080053dc      0x480 ./STM32F2xx_StdPeriph_Driver/src/stm32f2xx_dcmi.o
                0x080053dc                DCMI_DeInit
                0x08005448                DCMI_Init
                0x080054dc                DCMI_StructInit
                0x08005528                DCMI_CROPConfig
                0x08005570                DCMI_CROPCmd
                0x080055bc                DCMI_SetEmbeddedSynchroCodes
                0x080055fc                DCMI_JPEGCmd
                0x08005648                DCMI_Cmd
                0x08005694                DCMI_CaptureCmd
                0x080056e0                DCMI_ReadData
                0x080056f8                DCMI_ITConfig
                0x08005754                DCMI_GetFlagStatus
                0x080057d0                DCMI_ClearFlag
                0x080057f0                DCMI_GetITStatus
                0x0800583c                DCMI_ClearITPendingBit
 .text          0x0800585c      0x820 ./STM32F2xx_StdPeriph_Driver/src/stm32f2xx_dma.o
                0x0800585c                DMA_DeInit
                0x08005aa0                DMA_Init
                0x08005b50                DMA_StructInit
                0x08005bdc                DMA_Cmd
                0x08005c14                DMA_PeriphIncOffsetSizeConfig
                0x08005c48                DMA_FlowControllerConfig
                0x08005c7c                DMA_SetCurrDataCounter
                0x08005c98                DMA_GetCurrDataCounter
                0x08005cb4                DMA_DoubleBufferModeConfig
                0x08005cf0                DMA_DoubleBufferModeCmd
                0x08005d28                DMA_MemoryTargetConfig
                0x08005d54                DMA_GetCurrentMemoryTarget
                0x08005d8c                DMA_GetCmdStatus
                0x08005dc4                DMA_GetFIFOStatus
                0x08005dec                DMA_GetFlagStatus
                0x08005e74                DMA_ClearFlag
                0x08005ed8                DMA_ITConfig
                0x08005f50                DMA_GetITStatus
                0x08006018                DMA_ClearITPendingBit
 .text          0x0800607c      0x2d4 ./STM32F2xx_StdPeriph_Driver/src/stm32f2xx_exti.o
                0x0800607c                EXTI_DeInit
                0x080060d0                EXTI_Init
                0x08006214                EXTI_StructInit
                0x08006248                EXTI_GenerateSWInterrupt
                0x08006274                EXTI_GetFlagStatus
                0x080062b4                EXTI_ClearFlag
                0x080062d4                EXTI_GetITStatus
                0x08006330                EXTI_ClearITPendingBit
 .text          0x08006350      0xa14 ./STM32F2xx_StdPeriph_Driver/src/stm32f2xx_flash.o
                0x08006350                FLASH_SetLatency
                0x08006370                FLASH_PrefetchBufferCmd
                0x080063bc                FLASH_InstructionCacheCmd
                0x08006408                FLASH_DataCacheCmd
                0x08006454                FLASH_InstructionCacheReset
                0x08006478                FLASH_DataCacheReset
                0x0800649c                FLASH_Unlock
                0x080064d8                FLASH_Lock
                0x080064fc                FLASH_EraseSector
                0x08006618                FLASH_EraseAllSectors
                0x080066fc                FLASH_ProgramDoubleWord
                0x0800679c                FLASH_ProgramWord
                0x08006834                FLASH_ProgramHalfWord
                0x080068d0                FLASH_ProgramByte
                0x08006968                FLASH_OB_Unlock
                0x080069ac                FLASH_OB_Lock
                0x080069d0                FLASH_OB_WRPConfig
                0x08006a44                FLASH_OB_RDPConfig
                0x08006a78                FLASH_OB_UserConfig
                0x08006adc                FLASH_OB_BORConfig
                0x08006b28                FLASH_OB_Launch
                0x08006b64                FLASH_OB_GetUser
                0x08006b80                FLASH_OB_GetWRP
                0x08006b98                FLASH_OB_GetRDP
                0x08006bd0                FLASH_OB_GetBOR
                0x08006bf0                FLASH_ITConfig
                0x08006c48                FLASH_GetFlagStatus
                0x08006c88                FLASH_ClearFlag
                0x08006ca8                FLASH_GetStatus
                0x08006d30                FLASH_WaitForLastOperation
 .text          0x08006d64      0xbcc ./STM32F2xx_StdPeriph_Driver/src/stm32f2xx_fsmc.o
                0x08006d64                FSMC_NORSRAMDeInit
                0x08006dc0                FSMC_NORSRAMInit
                0x08006f10                FSMC_NORSRAMStructInit
                0x08007018                FSMC_NORSRAMCmd
                0x08007070                FSMC_NANDDeInit
                0x080070fc                FSMC_NANDInit
                0x080071fc                FSMC_NANDStructInit
                0x08007298                FSMC_NANDCmd
                0x08007338                FSMC_NANDECCCmd
                0x080073d8                FSMC_GetECC
                0x08007414                FSMC_PCCARDDeInit
                0x08007464                FSMC_PCCARDInit
                0x08007538                FSMC_PCCARDStructInit
                0x080075dc                FSMC_PCCARDCmd
                0x08007630                FSMC_ITConfig
                0x0800771c                FSMC_GetFlagStatus
                0x08007790                FSMC_ClearFlag
                0x08007810                FSMC_GetITStatus
                0x080078a4                FSMC_ClearITPendingBit
 .text          0x08007930      0x550 ./STM32F2xx_StdPeriph_Driver/src/stm32f2xx_gpio.o
                0x08007930                GPIO_DeInit
                0x08007aa8                GPIO_Init
                0x08007bfc                GPIO_StructInit
                0x08007c38                GPIO_PinLockConfig
                0x08007c7c                GPIO_ReadInputDataBit
                0x08007cb8                GPIO_ReadInputData
                0x08007cd4                GPIO_ReadOutputDataBit
                0x08007d10                GPIO_ReadOutputData
                0x08007d2c                GPIO_SetBits
                0x08007d48                GPIO_ResetBits
                0x08007d64                GPIO_WriteBit
                0x08007d94                GPIO_Write
                0x08007db0                GPIO_ToggleBits
                0x08007dd4                GPIO_PinAFConfig
 .text          0x08007e80      0x4f4 ./STM32F2xx_StdPeriph_Driver/src/stm32f2xx_hash.o
                0x08007e80                HASH_DeInit
                0x08007ea0                HASH_Init
                0x08007f48                HASH_StructInit
                0x08007f7c                HASH_Reset
                0x08007fa0                HASH_SetLastWordValidBitsNbr
                0x08007fe8                HASH_DataIn
                0x08008008                HASH_GetInFIFOWordsNbr
                0x08008028                HASH_GetDigest
                0x0800808c                HASH_StartDigest
                0x080080b0                HASH_SaveContext
                0x08008134                HASH_RestoreContext
                0x080081c8                HASH_DMACmd
                0x08008214                HASH_ITConfig
                0x08008270                HASH_GetFlagStatus
                0x080082d0                HASH_ClearFlag
                0x080082f4                HASH_GetITStatus
                0x0800834c                HASH_ClearITPendingBit
 .text          0x08008374      0x388 ./STM32F2xx_StdPeriph_Driver/src/stm32f2xx_hash_md5.o
                0x08008374                HASH_MD5
                0x080084ac                HMAC_MD5
 .text          0x080086fc      0x3b4 ./STM32F2xx_StdPeriph_Driver/src/stm32f2xx_hash_sha1.o
                0x080086fc                HASH_SHA1
                0x0800884c                HMAC_SHA1
 .text          0x08008ab0      0xa10 ./STM32F2xx_StdPeriph_Driver/src/stm32f2xx_i2c.o
                0x08008ab0                I2C_DeInit
                0x08008b38                I2C_Init
                0x08008ce4                I2C_StructInit
                0x08008d28                I2C_Cmd
                0x08008d68                I2C_GenerateSTART
                0x08008da8                I2C_GenerateSTOP
                0x08008de8                I2C_Send7bitAddress
                0x08008e24                I2C_AcknowledgeConfig
                0x08008e64                I2C_OwnAddress2Config
                0x08008ea8                I2C_DualAddressCmd
                0x08008ee8                I2C_GeneralCallCmd
                0x08008f28                I2C_SoftwareResetCmd
                0x08008f70                I2C_StretchClockCmd
                0x08008fb0                I2C_FastModeDutyCycleConfig
                0x08008ff0                I2C_NACKPositionConfig
                0x08009030                I2C_SMBusAlertConfig
                0x08009070                I2C_ARPCmd
                0x080090b0                I2C_SendData
                0x080090d0                I2C_ReceiveData
                0x080090ec                I2C_TransmitPEC
                0x0800912c                I2C_PECPositionConfig
                0x0800916c                I2C_CalculatePEC
                0x080091ac                I2C_GetPEC
                0x080091d0                I2C_DMACmd
                0x08009210                I2C_DMALastTransferCmd
                0x08009250                I2C_ReadRegister
                0x08009280                I2C_ITConfig
                0x080092c8                I2C_CheckEvent
                0x08009338                I2C_GetLastEvent
                0x08009384                I2C_GetFlagStatus
                0x080093fc                I2C_ClearFlag
                0x0800942c                I2C_GetITStatus
                0x08009490                I2C_ClearITPendingBit
 .text          0x080094c0       0xd0 ./STM32F2xx_StdPeriph_Driver/src/stm32f2xx_iwdg.o
                0x080094c0                IWDG_WriteAccessCmd
                0x080094e0                IWDG_SetPrescaler
                0x08009500                IWDG_SetReload
                0x08009520                IWDG_ReloadCounter
                0x08009538                IWDG_Enable
                0x08009550                IWDG_GetFlagStatus
 .text          0x08009590      0x260 ./STM32F2xx_StdPeriph_Driver/src/stm32f2xx_pwr.o
                0x080095a8                PWR_DeInit
                0x080095c8                PWR_BackupAccessCmd
                0x080095e8                PWR_PVDLevelConfig
                0x08009628                PWR_PVDCmd
                0x08009648                PWR_WakeUpPinCmd
                0x08009668                PWR_BackupRegulatorCmd
                0x08009688                PWR_FlashPowerDownCmd
                0x080096a8                PWR_EnterSTOPMode
                0x0800972c                PWR_EnterSTANDBYMode
                0x08009780                PWR_GetFlagStatus
                0x080097c0                PWR_ClearFlag
 .text          0x080097f0      0xdd0 ./STM32F2xx_StdPeriph_Driver/src/stm32f2xx_rcc.o
                0x080097f0                RCC_DeInit
                0x08009874                RCC_HSEConfig
                0x080098a4                RCC_WaitForHSEStartUp
                0x08009908                RCC_AdjustHSICalibrationValue
                0x08009950                RCC_HSICmd
                0x08009970                RCC_LSEConfig
                0x080099d0                RCC_LSICmd
                0x080099f0                RCC_PLLConfig
                0x08009a38                RCC_PLLCmd
                0x08009a58                RCC_PLLI2SConfig
                0x08009a88                RCC_PLLI2SCmd
                0x08009aa8                RCC_ClockSecuritySystemCmd
                0x08009ac8                RCC_MCO1Config
                0x08009b10                RCC_MCO2Config
                0x08009b58                RCC_SYSCLKConfig
                0x08009b98                RCC_GetSYSCLKSource
                0x08009bb8                RCC_HCLKConfig
                0x08009bf8                RCC_PCLK1Config
                0x08009c38                RCC_PCLK2Config
                0x08009c7c                RCC_GetClocksFreq
                0x08009e4c                RCC_RTCCLKConfig
                0x08009ec4                RCC_RTCCLKCmd
                0x08009ee4                RCC_BackupResetCmd
                0x08009f04                RCC_I2SCLKConfig
                0x08009f24                RCC_AHB1PeriphClockCmd
                0x08009f7c                RCC_AHB2PeriphClockCmd
                0x08009fd4                RCC_AHB3PeriphClockCmd
                0x0800a02c                RCC_APB1PeriphClockCmd
                0x0800a084                RCC_APB2PeriphClockCmd
                0x0800a0dc                RCC_AHB1PeriphResetCmd
                0x0800a134                RCC_AHB2PeriphResetCmd
                0x0800a18c                RCC_AHB3PeriphResetCmd
                0x0800a1e4                RCC_APB1PeriphResetCmd
                0x0800a23c                RCC_APB2PeriphResetCmd
                0x0800a294                RCC_AHB1PeriphClockLPModeCmd
                0x0800a2ec                RCC_AHB2PeriphClockLPModeCmd
                0x0800a344                RCC_AHB3PeriphClockLPModeCmd
                0x0800a39c                RCC_APB1PeriphClockLPModeCmd
                0x0800a3f4                RCC_APB2PeriphClockLPModeCmd
                0x0800a44c                RCC_ITConfig
                0x0800a4ac                RCC_GetFlagStatus
                0x0800a53c                RCC_ClearFlag
                0x0800a560                RCC_GetITStatus
                0x0800a5a0                RCC_ClearITPendingBit
 .text          0x0800a5c0      0x1a0 ./STM32F2xx_StdPeriph_Driver/src/stm32f2xx_rng.o
                0x0800a5c0                RNG_DeInit
                0x0800a5e0                RNG_Cmd
                0x0800a62c                RNG_GetRandomNumber
                0x0800a644                RNG_ITConfig
                0x0800a690                RNG_GetFlagStatus
                0x0800a6d0                RNG_ClearFlag
                0x0800a6f8                RNG_GetITStatus
                0x0800a738                RNG_ClearITPendingBit
 .text          0x0800a760     0x1730 ./STM32F2xx_StdPeriph_Driver/src/stm32f2xx_rtc.o
                0x0800a760                RTC_DeInit
                0x0800a8cc                RTC_Init
                0x0800a990                RTC_StructInit
                0x0800a9bc                RTC_WriteProtectionCmd
                0x0800aa04                RTC_EnterInitMode
                0x0800aa98                RTC_ExitInitMode
                0x0800aabc                RTC_WaitForSynchro
                0x0800ab6c                RTC_RefClockCmd
                0x0800ac08                RTC_SetTime
                0x0800ad50                RTC_TimeStructInit
                0x0800ad84                RTC_GetTime
                0x0800ae30                RTC_SetDate
                0x0800af70                RTC_DateStructInit
                0x0800afa4                RTC_GetDate
                0x0800b054                RTC_SetAlarm
                0x0800b1d0                RTC_AlarmStructInit
                0x0800b21c                RTC_GetAlarm
                0x0800b308                RTC_AlarmCmd
                0x0800b3f8                RTC_WakeUpClockConfig
                0x0800b468                RTC_SetWakeUpCounter
                0x0800b4b0                RTC_GetWakeUpCounter
                0x0800b4d0                RTC_WakeUpCmd
                0x0800b5a8                RTC_DayLightSavingConfig
                0x0800b61c                RTC_GetStoreOperation
                0x0800b638                RTC_OutputConfig
                0x0800b6ac                RTC_CoarseCalibConfig
                0x0800b720                RTC_CoarseCalibCmd
                0x0800b7bc                RTC_CalibOutputCmd
                0x0800b834                RTC_TimeStampCmd
                0x0800b8b8                RTC_GetTimeStamp
                0x0800b9ec                RTC_TamperTriggerConfig
                0x0800ba48                RTC_TamperCmd
                0x0800baa0                RTC_WriteBackupRegister
                0x0800bad8                RTC_ReadBackupRegister
                0x0800bb0c                RTC_TamperPinSelection
                0x0800bb50                RTC_TimeStampPinSelection
                0x0800bb94                RTC_OutputTypeConfig
                0x0800bbd8                RTC_ITConfig
                0x0800bca0                RTC_GetFlagStatus
                0x0800bcf0                RTC_ClearFlag
                0x0800bd30                RTC_GetITStatus
                0x0800bdc0                RTC_ClearITPendingBit
 .text          0x0800be90      0x594 ./STM32F2xx_StdPeriph_Driver/src/stm32f2xx_sdio.o
                0x0800be90                SDIO_DeInit
                0x0800beb0                SDIO_Init
                0x0800bf18                SDIO_StructInit
                0x0800bf5c                SDIO_ClockCmd
                0x0800bf7c                SDIO_SetPowerState
                0x0800bfc0                SDIO_GetPowerState
                0x0800bfdc                SDIO_SendCommand
                0x0800c044                SDIO_CmdStructInit
                0x0800c080                SDIO_GetCommandResponse
                0x0800c098                SDIO_GetResponse
                0x0800c0c4                SDIO_DataConfig
                0x0800c134                SDIO_DataStructInit
                0x0800c178                SDIO_GetDataCounter
                0x0800c190                SDIO_ReadData
                0x0800c1a8                SDIO_WriteData
                0x0800c1c8                SDIO_GetFIFOCount
                0x0800c1e0                SDIO_StartSDIOReadWait
                0x0800c200                SDIO_StopSDIOReadWait
                0x0800c220                SDIO_SetSDIOReadWaitMode
                0x0800c240                SDIO_SetSDIOOperation
                0x0800c260                SDIO_SendSDIOSuspendCmd
                0x0800c280                SDIO_CommandCompletionCmd
                0x0800c2a0                SDIO_CEATAITCmd
                0x0800c2cc                SDIO_SendCEATACmd
                0x0800c2ec                SDIO_DMACmd
                0x0800c30c                SDIO_ITConfig
                0x0800c364                SDIO_GetFlagStatus
                0x0800c3a4                SDIO_ClearFlag
                0x0800c3c4                SDIO_GetITStatus
                0x0800c404                SDIO_ClearITPendingBit
 .text          0x0800c424      0x844 ./STM32F2xx_StdPeriph_Driver/src/stm32f2xx_spi.o
                0x0800c424                SPI_I2S_DeInit
                0x0800c4ac                SPI_Init
                0x0800c534                I2S_Init
                0x0800c748                SPI_StructInit
                0x0800c7a4                I2S_StructInit
                0x0800c7e8                SPI_Cmd
                0x0800c828                I2S_Cmd
                0x0800c868                SPI_DataSizeConfig
                0x0800c8a0                SPI_BiDirectionalLineConfig
                0x0800c8e0                SPI_NSSInternalSoftwareConfig
                0x0800c924                SPI_SSOutputCmd
                0x0800c964                SPI_TIModeCmd
                0x0800c9a4                SPI_I2S_ReceiveData
                0x0800c9c0                SPI_I2S_SendData
                0x0800c9dc                SPI_CalculateCRC
                0x0800ca1c                SPI_TransmitCRC
                0x0800ca40                SPI_GetCRC
                0x0800ca74                SPI_GetCRCPolynomial
                0x0800ca90                SPI_I2S_DMACmd
                0x0800cad8                SPI_I2S_ITConfig
                0x0800cb44                SPI_I2S_GetFlagStatus
                0x0800cb84                SPI_I2S_ClearFlag
                0x0800cba8                SPI_I2S_GetITStatus
                0x0800cc30                SPI_I2S_ClearITPendingBit
 .text          0x0800cc68      0x170 ./STM32F2xx_StdPeriph_Driver/src/stm32f2xx_syscfg.o
                0x0800cc68                SYSCFG_DeInit
                0x0800cc88                SYSCFG_MemoryRemapConfig
                0x0800cca8                SYSCFG_EXTILineConfig
                0x0800cd5c                SYSCFG_ETH_MediaInterfaceConfig
                0x0800cd7c                SYSCFG_CompensationCellCmd
                0x0800cd9c                SYSCFG_GetCompensationCellStatus
 .text          0x0800cdd8     0x1d74 ./STM32F2xx_StdPeriph_Driver/src/stm32f2xx_tim.o
                0x0800cdd8                TIM_DeInit
                0x0800d010                TIM_TimeBaseInit
                0x0800d104                TIM_TimeBaseStructInit
                0x0800d140                TIM_PrescalerConfig
                0x0800d168                TIM_CounterModeConfig
                0x0800d1a0                TIM_SetCounter
                0x0800d1bc                TIM_SetAutoreload
                0x0800d1d8                TIM_GetCounter
                0x0800d1f0                TIM_GetPrescaler
                0x0800d20c                TIM_UpdateDisableConfig
                0x0800d24c                TIM_UpdateRequestConfig
                0x0800d28c                TIM_ARRPreloadConfig
                0x0800d2cc                TIM_SelectOnePulseMode
                0x0800d304                TIM_SetClockDivision
                0x0800d33c                TIM_Cmd
                0x0800d37c                TIM_OC1Init
                0x0800d478                TIM_OC2Init
                0x0800d5a0                TIM_OC3Init
                0x0800d6c0                TIM_OC4Init
                0x0800d7a0                TIM_OCStructInit
                0x0800d7f4                TIM_SelectOCxM
                0x0800d8b4                TIM_SetCompare1
                0x0800d8d0                TIM_SetCompare2
                0x0800d8ec                TIM_SetCompare3
                0x0800d908                TIM_SetCompare4
                0x0800d924                TIM_ForcedOC1Config
                0x0800d95c                TIM_ForcedOC2Config
                0x0800d99c                TIM_ForcedOC3Config
                0x0800d9d4                TIM_ForcedOC4Config
                0x0800da14                TIM_OC1PreloadConfig
                0x0800da4c                TIM_OC2PreloadConfig
                0x0800da8c                TIM_OC3PreloadConfig
                0x0800dac4                TIM_OC4PreloadConfig
                0x0800db04                TIM_OC1FastConfig
                0x0800db3c                TIM_OC2FastConfig
                0x0800db7c                TIM_OC3FastConfig
                0x0800dbb4                TIM_OC4FastConfig
                0x0800dbf4                TIM_ClearOC1Ref
                0x0800dc2c                TIM_ClearOC2Ref
                0x0800dc70                TIM_ClearOC3Ref
                0x0800dca8                TIM_ClearOC4Ref
                0x0800dcec                TIM_OC1PolarityConfig
                0x0800dd24                TIM_OC1NPolarityConfig
                0x0800dd5c                TIM_OC2PolarityConfig
                0x0800dd9c                TIM_OC2NPolarityConfig
                0x0800dddc                TIM_OC3PolarityConfig
                0x0800de1c                TIM_OC3NPolarityConfig
                0x0800de5c                TIM_OC4PolarityConfig
                0x0800de9c                TIM_CCxCmd
                0x0800def8                TIM_CCxNCmd
                0x0800df54                TIM_ICInit
                0x0800dffc                TIM_ICStructInit
                0x0800e038                TIM_PWMIConfig
                0x0800e0fc                TIM_GetCapture1
                0x0800e114                TIM_GetCapture2
                0x0800e12c                TIM_GetCapture3
                0x0800e144                TIM_GetCapture4
                0x0800e15c                TIM_SetIC1Prescaler
                0x0800e194                TIM_SetIC2Prescaler
                0x0800e1d0                TIM_SetIC3Prescaler
                0x0800e208                TIM_SetIC4Prescaler
                0x0800e244                TIM_BDTRConfig
                0x0800e294                TIM_BDTRStructInit
                0x0800e2e0                TIM_CtrlPWMOutputs
                0x0800e330                TIM_SelectCOM
                0x0800e370                TIM_CCPreloadControl
                0x0800e3b0                TIM_ITConfig
                0x0800e3f8                TIM_GenerateEvent
                0x0800e414                TIM_GetFlagStatus
                0x0800e454                TIM_ClearFlag
                0x0800e478                TIM_GetITStatus
                0x0800e4d8                TIM_ClearITPendingBit
                0x0800e4fc                TIM_DMAConfig
                0x0800e524                TIM_DMACmd
                0x0800e56c                TIM_SelectCCDMA
                0x0800e5ac                TIM_InternalClockConfig
                0x0800e5d0                TIM_ITRxExternalClockConfig
                0x0800e600                TIM_TIxExternalClockConfig
                0x0800e658                TIM_ETRClockMode1Config
                0x0800e6ac                TIM_ETRClockMode2Config
                0x0800e6e0                TIM_SelectInputTrigger
                0x0800e718                TIM_SelectOutputTrigger
                0x0800e750                TIM_SelectSlaveMode
                0x0800e788                TIM_SelectMasterSlaveMode
                0x0800e7c0                TIM_ETRConfig
                0x0800e80c                TIM_EncoderInterfaceConfig
                0x0800e8a0                TIM_SelectHallSensor
                0x0800e8e0                TIM_RemapConfig
 .text          0x0800eb4c      0x9dc ./STM32F2xx_StdPeriph_Driver/src/stm32f2xx_usart.o
                0x0800eb4c                USART_DeInit
                0x0800ec4c                USART_Init
                0x0800edf8                USART_StructInit
                0x0800ee3c                USART_ClockInit
                0x0800ee90                USART_ClockStructInit
                0x0800eec4                USART_Cmd
                0x0800ef04                USART_SetPrescaler
                0x0800ef3c                USART_OverSampling8Cmd
                0x0800ef84                USART_OneBitMethodCmd
                0x0800efc4                USART_SendData
                0x0800efec                USART_ReceiveData
                0x0800f010                USART_SetAddress
                0x0800f048                USART_ReceiverWakeUpCmd
                0x0800f088                USART_WakeUpConfig
                0x0800f0c0                USART_LINBreakDetectLengthConfig
                0x0800f0f8                USART_LINCmd
                0x0800f138                USART_SendBreak
                0x0800f15c                USART_HalfDuplexCmd
                0x0800f19c                USART_SetGuardTime
                0x0800f1d8                USART_SmartCardCmd
                0x0800f218                USART_SmartCardNACKCmd
                0x0800f258                USART_IrDAConfig
                0x0800f290                USART_IrDACmd
                0x0800f2d0                USART_DMACmd
                0x0800f318                USART_ITConfig
                0x0800f3bc                USART_GetFlagStatus
                0x0800f3fc                USART_ClearFlag
                0x0800f420                USART_GetITStatus
                0x0800f4e4                USART_ClearITPendingBit
 .text          0x0800f528      0x154 ./STM32F2xx_StdPeriph_Driver/src/stm32f2xx_wwdg.o
                0x0800f528                WWDG_DeInit
                0x0800f548                WWDG_SetPrescaler
                0x0800f584                WWDG_SetWindowValue
                0x0800f5c8                WWDG_EnableIT
                0x0800f5e0                WWDG_SetCounter
                0x0800f604                WWDG_Enable
                0x0800f62c                WWDG_GetFlagStatus
                0x0800f664                WWDG_ClearFlag
 .text          0x0800f67c      0x370 c:/cad/yagarto/bin/../lib/gcc/arm-none-eabi/4.6.0/thumb/v7m\libgcc.a(_arm_addsubdf3.o)
                0x0800f67c                __aeabi_drsub
                0x0800f684                __aeabi_dsub
                0x0800f684                __subdf3
                0x0800f688                __aeabi_dadd
                0x0800f688                __adddf3
                0x0800f900                __floatunsidf
                0x0800f900                __aeabi_ui2d
                0x0800f920                __floatsidf
                0x0800f920                __aeabi_i2d
                0x0800f944                __aeabi_f2d
                0x0800f944                __extendsfdf2
                0x0800f980                __floatundidf
                0x0800f980                __aeabi_ul2d
                0x0800f990                __floatdidf
                0x0800f990                __aeabi_l2d
 .text          0x0800f9ec      0x424 c:/cad/yagarto/bin/../lib/gcc/arm-none-eabi/4.6.0/thumb/v7m\libgcc.a(_arm_muldivdf3.o)
                0x0800f9ec                __aeabi_dmul
                0x0800f9ec                __muldf3
                0x0800fc40                __divdf3
                0x0800fc40                __aeabi_ddiv
 .text          0x0800fe10       0xa0 c:/cad/yagarto/bin/../lib/gcc/arm-none-eabi/4.6.0/thumb/v7m\libgcc.a(_arm_truncdfsf2.o)
                0x0800fe10                __truncdfsf2
                0x0800fe10                __aeabi_d2f
 .text          0x0800feb0        0xc c:/cad/yagarto/bin/../lib/gcc/arm-none-eabi/4.6.0/../../../../arm-none-eabi/lib/thumb/v7m\libg.a(lib_a-errno.o)
                0x0800feb0                __errno
 .text          0x0800febc        0x0 c:/cad/yagarto/bin/../lib/gcc/arm-none-eabi/4.6.0/../../../../arm-none-eabi/lib/thumb/v7m\libg.a(lib_a-impure.o)
 .text          0x0800febc       0x94 c:/cad/yagarto/bin/../lib/gcc/arm-none-eabi/4.6.0/../../../../arm-none-eabi/lib/thumb/v7m\libg.a(lib_a-memset.o)
                0x0800febc                memset
 .text          0x0800ff50       0x94 c:/cad/yagarto/bin/../lib/gcc/arm-none-eabi/4.6.0/../../../../arm-none-eabi/lib/thumb/v7m\libg.a(lib_a-sprintf.o)
                0x0800ff50                _sprintf_r
                0x0800ff94                sprintf
 .text          0x0800ffe4     0x1318 c:/cad/yagarto/bin/../lib/gcc/arm-none-eabi/4.6.0/../../../../arm-none-eabi/lib/thumb/v7m\libg.a(lib_a-svfprintf.o)
                0x0800ffe4                _svfprintf_r
 *fill*         0x080112fc        0x4 00
 .text          0x08011300     0x1040 c:/cad/yagarto/bin/../lib/gcc/arm-none-eabi/4.6.0/../../../../arm-none-eabi/lib/thumb/v7m\libg.a(lib_a-dtoa.o)
                0x08011444                _dtoa_r
 .text          0x08012340       0x88 c:/cad/yagarto/bin/../lib/gcc/arm-none-eabi/4.6.0/../../../../arm-none-eabi/lib/thumb/v7m\libg.a(lib_a-locale.o)
                0x08012340                _setlocale_r
                0x08012384                __locale_charset
                0x08012390                __locale_mb_cur_max
                0x0801239c                __locale_msgcharset
                0x080123a4                __locale_cjk_lang
                0x080123a8                _localeconv_r
                0x080123b0                setlocale
                0x080123c0                localeconv
 .text          0x080123c8      0x564 c:/cad/yagarto/bin/../lib/gcc/arm-none-eabi/4.6.0/../../../../arm-none-eabi/lib/thumb/v7m\libg.a(lib_a-mallocr.o)
                0x080123c8                _malloc_r
 .text          0x0801292c       0x88 c:/cad/yagarto/bin/../lib/gcc/arm-none-eabi/4.6.0/../../../../arm-none-eabi/lib/thumb/v7m\libg.a(lib_a-memchr.o)
                0x0801292c                memchr
 .text          0x080129b4       0x84 c:/cad/yagarto/bin/../lib/gcc/arm-none-eabi/4.6.0/../../../../arm-none-eabi/lib/thumb/v7m\libg.a(lib_a-memcpy.o)
                0x080129b4                memcpy
 .text          0x08012a38        0x8 c:/cad/yagarto/bin/../lib/gcc/arm-none-eabi/4.6.0/../../../../arm-none-eabi/lib/thumb/v7m\libg.a(lib_a-mlock.o)
                0x08012a38                __malloc_lock
                0x08012a3c                __malloc_unlock
 .text          0x08012a40      0x8c8 c:/cad/yagarto/bin/../lib/gcc/arm-none-eabi/4.6.0/../../../../arm-none-eabi/lib/thumb/v7m\libg.a(lib_a-mprec.o)
                0x08012a40                _Balloc
                0x08012a8c                _Bfree
                0x08012aa0                __multadd
                0x08012b24                __s2b
                0x08012bb8                __hi0bits
                0x08012bf4                __lo0bits
                0x08012c50                __i2b
                0x08012c64                __multiply
                0x08012d9c                __pow5mult
                0x08012e34                __lshift
                0x08012ef4                __mcmp
                0x08012f34                __mdiff
                0x08013018                __ulp
                0x0801305c                __b2d
                0x08013108                __d2b
                0x080131d0                __ratio
                0x0801322c                _mprec_log10
                0x08013260                __copybits
                0x080132a8                __any_on
 .text          0x08013308       0x90 c:/cad/yagarto/bin/../lib/gcc/arm-none-eabi/4.6.0/../../../../arm-none-eabi/lib/thumb/v7m\libg.a(lib_a-s_fpclassify.o)
                0x08013308                __fpclassifyd
 .text          0x08013398      0x1dc c:/cad/yagarto/bin/../lib/gcc/arm-none-eabi/4.6.0/../../../../arm-none-eabi/lib/thumb/v7m\libg.a(lib_a-strcmp.o)
                0x08013398                strcmp
 .text          0x08013574       0x60 c:/cad/yagarto/bin/../lib/gcc/arm-none-eabi/4.6.0/../../../../arm-none-eabi/lib/thumb/v7m\libg.a(lib_a-strlen.o)
                0x08013574                strlen
 .text          0x080135d4      0xa00 c:/cad/yagarto/bin/../lib/gcc/arm-none-eabi/4.6.0/../../../../arm-none-eabi/lib/thumb/v7m\libg.a(lib_a-svfiprintf.o)
                0x080135d4                __ssprint_r
                0x080136ec                _svfiprintf_r
 .text          0x08013fd4       0x60 c:/cad/yagarto/bin/../lib/gcc/arm-none-eabi/4.6.0/../../../../arm-none-eabi/lib/thumb/v7m\libg.a(lib_a-callocr.o)
                0x08013fd4                _calloc_r
 .text          0x08014034      0x224 c:/cad/yagarto/bin/../lib/gcc/arm-none-eabi/4.6.0/../../../../arm-none-eabi/lib/thumb/v7m\libg.a(lib_a-freer.o)
                0x08014034                _malloc_trim_r
                0x080140d4                _free_r
 .text          0x08014258       0xc8 c:/cad/yagarto/bin/../lib/gcc/arm-none-eabi/4.6.0/../../../../arm-none-eabi/lib/thumb/v7m\libg.a(lib_a-memmove.o)
                0x08014258                memmove
 .text          0x08014320      0x410 c:/cad/yagarto/bin/../lib/gcc/arm-none-eabi/4.6.0/../../../../arm-none-eabi/lib/thumb/v7m\libg.a(lib_a-reallocr.o)
                0x08014320                _realloc_r
 .text          0x08014730      0x278 c:/cad/yagarto/bin/../lib/gcc/arm-none-eabi/4.6.0/thumb/v7m\libgcc.a(_udivsi3.o)
                0x08014730                __aeabi_uidiv
                0x08014730                __udivsi3
                0x0801498c                __aeabi_uidivmod
 .text          0x080149a8        0x4 c:/cad/yagarto/bin/../lib/gcc/arm-none-eabi/4.6.0/thumb/v7m\libgcc.a(_dvmd_tls.o)
                0x080149a8                __aeabi_idiv0
                0x080149a8                __aeabi_ldiv0
 .text          0x080149ac      0x110 c:/cad/yagarto/bin/../lib/gcc/arm-none-eabi/4.6.0/thumb/v7m\libgcc.a(_arm_cmpdf2.o)
                0x080149ac                __gtdf2
                0x080149ac                __gedf2
                0x080149b4                __ltdf2
                0x080149b4                __ledf2
                0x080149bc                __nedf2
                0x080149bc                __eqdf2
                0x080149bc                __cmpdf2
                0x08014a38                __aeabi_cdrcmple
                0x08014a48                __aeabi_cdcmpeq
                0x08014a48                __aeabi_cdcmple
                0x08014a58                __aeabi_dcmpeq
                0x08014a6c                __aeabi_dcmplt
                0x08014a80                __aeabi_dcmple
                0x08014a94                __aeabi_dcmpge
                0x08014aa8                __aeabi_dcmpgt
 .text          0x08014abc       0x50 c:/cad/yagarto/bin/../lib/gcc/arm-none-eabi/4.6.0/thumb/v7m\libgcc.a(_arm_fixdfsi.o)
                0x08014abc                __aeabi_d2iz
                0x08014abc                __fixdfsi
 *(.text*)
 .text.Reset_Handler
                0x08014b0c       0x44 ./system/startup_stm32f2xx.o
                0x08014b0c                Reset_Handler
 .text.Default_Handler
                0x08014b50        0x2 ./system/startup_stm32f2xx.o
                0x08014b50                RTC_Alarm_IRQHandler
                0x08014b50                HASH_RNG_IRQHandler
                0x08014b50                EXTI2_IRQHandler
                0x08014b50                TIM8_CC_IRQHandler
                0x08014b50                TIM1_CC_IRQHandler
                0x08014b50                DMA2_Stream5_IRQHandler
                0x08014b50                DMA1_Stream5_IRQHandler
                0x08014b50                PVD_IRQHandler
                0x08014b50                SDIO_IRQHandler
                0x08014b50                TAMP_STAMP_IRQHandler
                0x08014b50                CAN2_RX1_IRQHandler
                0x08014b50                EXTI3_IRQHandler
                0x08014b50                TIM8_TRG_COM_TIM14_IRQHandler
                0x08014b50                TIM1_UP_TIM10_IRQHandler
                0x08014b50                TIM8_UP_TIM13_IRQHandler
                0x08014b50                I2C3_ER_IRQHandler
                0x08014b50                EXTI0_IRQHandler
                0x08014b50                I2C2_EV_IRQHandler
                0x08014b50                DMA1_Stream2_IRQHandler
                0x08014b50                CAN1_RX0_IRQHandler
                0x08014b50                OTG_HS_WKUP_IRQHandler
                0x08014b50                CAN2_SCE_IRQHandler
                0x08014b50                DMA2_Stream2_IRQHandler
                0x08014b50                SPI1_IRQHandler
                0x08014b50                TIM6_DAC_IRQHandler
                0x08014b50                TIM1_BRK_TIM9_IRQHandler
                0x08014b50                DCMI_IRQHandler
                0x08014b50                CAN2_RX0_IRQHandler
                0x08014b50                DMA2_Stream3_IRQHandler
                0x08014b50                USART6_IRQHandler
                0x08014b50                CRYP_IRQHandler
                0x08014b50                CAN1_RX1_IRQHandler
                0x08014b50                UART5_IRQHandler
                0x08014b50                DMA2_Stream0_IRQHandler
                0x08014b50                TIM4_IRQHandler
                0x08014b50                I2C1_EV_IRQHandler
                0x08014b50                DMA1_Stream6_IRQHandler
                0x08014b50                DMA1_Stream1_IRQHandler
                0x08014b50                UART4_IRQHandler
                0x08014b50                TIM3_IRQHandler
                0x08014b50                RCC_IRQHandler
                0x08014b50                TIM8_BRK_TIM12_IRQHandler
                0x08014b50                Default_Handler
                0x08014b50                EXTI15_10_IRQHandler
                0x08014b50                ADC_IRQHandler
                0x08014b50                DMA1_Stream7_IRQHandler
                0x08014b50                TIM7_IRQHandler
                0x08014b50                CAN2_TX_IRQHandler
                0x08014b50                TIM5_IRQHandler
                0x08014b50                DMA2_Stream7_IRQHandler
                0x08014b50                I2C3_EV_IRQHandler
                0x08014b50                EXTI9_5_IRQHandler
                0x08014b50                RTC_WKUP_IRQHandler
                0x08014b50                ETH_WKUP_IRQHandler
                0x08014b50                SPI2_IRQHandler
                0x08014b50                OTG_HS_EP1_IN_IRQHandler
                0x08014b50                DMA1_Stream0_IRQHandler
                0x08014b50                CAN1_TX_IRQHandler
                0x08014b50                EXTI4_IRQHandler
                0x08014b50                FSMC_IRQHandler
                0x08014b50                ETH_IRQHandler
                0x08014b50                OTG_HS_EP1_OUT_IRQHandler
                0x08014b50                WWDG_IRQHandler
                0x08014b50                TIM2_IRQHandler
                0x08014b50                OTG_FS_WKUP_IRQHandler
                0x08014b50                TIM1_TRG_COM_TIM11_IRQHandler
                0x08014b50                OTG_HS_IRQHandler
                0x08014b50                EXTI1_IRQHandler
                0x08014b50                USART2_IRQHandler
                0x08014b50                I2C2_ER_IRQHandler
                0x08014b50                DMA2_Stream1_IRQHandler
                0x08014b50                CAN1_SCE_IRQHandler
                0x08014b50                FLASH_IRQHandler
                0x08014b50                DMA2_Stream4_IRQHandler
                0x08014b50                USART1_IRQHandler
                0x08014b50                OTG_FS_IRQHandler
                0x08014b50                SPI3_IRQHandler
                0x08014b50                DMA1_Stream4_IRQHandler
                0x08014b50                I2C1_ER_IRQHandler
                0x08014b50                DMA2_Stream6_IRQHandler
                0x08014b50                DMA1_Stream3_IRQHandler
 *(.rodata)
 *fill*         0x08014b52        0x2 00
 .rodata        0x08014b54       0x28 ./main.o
 .rodata        0x08014b7c       0x34 ./sources/TE_STM32F207.o
                0x08014b7c                GPIO_PIN
                0x08014b80                GPIO_CLK
                0x08014b84                COM_USART_CLK
                0x08014b88                COM_TX_PORT_CLK
                0x08014b8c                COM_RX_PORT_CLK
                0x08014b90                COM_TX_PIN
                0x08014b94                COM_RX_PIN
                0x08014b98                COM_TX_PIN_SOURCE
                0x08014b9c                COM_RX_PIN_SOURCE
                0x08014ba0                COM_TX_AF
                0x08014ba4                COM_RX_AF
                0x08014ba8                Escalator8bit
 .rodata        0x08014bb0        0x4 c:/cad/yagarto/bin/../lib/gcc/arm-none-eabi/4.6.0/../../../../arm-none-eabi/lib/thumb/v7m\libg.a(lib_a-impure.o)
                0x08014bb0                _global_impure_ptr
 .rodata        0x08014bb4       0x20 c:/cad/yagarto/bin/../lib/gcc/arm-none-eabi/4.6.0/../../../../arm-none-eabi/lib/thumb/v7m\libg.a(lib_a-svfprintf.o)
 *fill*         0x08014bd4        0x4 00
 .rodata        0x08014bd8      0x128 c:/cad/yagarto/bin/../lib/gcc/arm-none-eabi/4.6.0/../../../../arm-none-eabi/lib/thumb/v7m\libg.a(lib_a-mprec.o)
                0x08014be8                __mprec_tens
                0x08014cb0                __mprec_tinytens
                0x08014cd8                __mprec_bigtens
 .rodata        0x08014d00       0x20 c:/cad/yagarto/bin/../lib/gcc/arm-none-eabi/4.6.0/../../../../arm-none-eabi/lib/thumb/v7m\libg.a(lib_a-svfiprintf.o)
 *(.rodata*)
 .rodata.str1.4
                0x08014d20        0x2 c:/cad/yagarto/bin/../lib/gcc/arm-none-eabi/4.6.0/../../../../arm-none-eabi/lib/thumb/v7m\libg.a(lib_a-impure.o)
                                  0x4 (size before relaxing)
 *fill*         0x08014d22        0x2 00
 .rodata.str1.4
                0x08014d24       0x42 c:/cad/yagarto/bin/../lib/gcc/arm-none-eabi/4.6.0/../../../../arm-none-eabi/lib/thumb/v7m\libg.a(lib_a-svfprintf.o)
                                 0x44 (size before relaxing)
 *fill*         0x08014d66        0x2 00
 .rodata.str1.4
                0x08014d68       0x10 c:/cad/yagarto/bin/../lib/gcc/arm-none-eabi/4.6.0/../../../../arm-none-eabi/lib/thumb/v7m\libg.a(lib_a-dtoa.o)
                                 0x14 (size before relaxing)
 .rodata.str1.4
                0x08014d78        0xc c:/cad/yagarto/bin/../lib/gcc/arm-none-eabi/4.6.0/../../../../arm-none-eabi/lib/thumb/v7m\libg.a(lib_a-locale.o)
                                 0x14 (size before relaxing)
 .rodata.str1.4
                0x00000000       0x30 c:/cad/yagarto/bin/../lib/gcc/arm-none-eabi/4.6.0/../../../../arm-none-eabi/lib/thumb/v7m\libg.a(lib_a-svfiprintf.o)
 *(.glue_7)
 .glue_7        0x00000000        0x0 linker stubs
 *(.glue_7t)
 .glue_7t       0x00000000        0x0 linker stubs
 *(.eh_frame)
 *(.init)
 *(.fini)
                0x08014d84                . = ALIGN (0x4)
                0x08014d84                _etext = .

.vfp11_veneer   0x08014d84        0x0
 .vfp11_veneer  0x00000000        0x0 linker stubs

.v4_bx          0x08014d84        0x0
 .v4_bx         0x00000000        0x0 linker stubs

.ARM.extab
 *(.ARM.extab* .gnu.linkonce.armextab.*)

.ARM            0x08014d84        0x0
                0x08014d84                __exidx_start = .
 *(.ARM.exidx*)
                0x08014d84                __exidx_end = .

.preinit_array  0x08014d84        0x0
                0x08014d84                PROVIDE (__preinit_array_start, .)
 *(.preinit_array*)
                0x08014d84                PROVIDE (__preinit_array_end, .)

.init_array     0x08014d84        0x0
                0x08014d84                PROVIDE (__init_array_start, .)
 *(SORT(.init_array.*))
 *(.init_array*)
                0x08014d84                PROVIDE (__init_array_end, .)

.fini_array     0x08014d84        0x0
                0x08014d84                PROVIDE (__fini_array_start, .)
 *(.fini_array*)
 *(SORT(.fini_array.*))
                0x08014d84                PROVIDE (__fini_array_end, .)
                0x08014d84                _sidata = .

.data           0x20000000      0x8f4 load address 0x08014d84
                0x20000000                . = ALIGN (0x4)
                0x20000000                _sdata = .
 *(.data)
 .data          0x20000000        0x0 ./main.o
 .data          0x20000000        0x0 ./system/core_cm3.o
 .data          0x20000000        0x0 ./system/startup_stm32f2xx.o
 .data          0x20000000        0x0 ./system/syscalls.o
 .data          0x20000000       0x14 ./system/system_stm32f2xx.o
                0x20000000                SystemCoreClock
                0x20000004                AHBPrescTable
 .data          0x20000014       0x10 ./sources/TE_STM32F207.o
                0x20000014                GPIO_PORT
                0x20000018                COM_USART
                0x2000001c                COM_TX_PORT
                0x20000020                COM_RX_PORT
 .data          0x20000024        0x4 ./sources/stm32f2xx_it.o
 .data          0x20000028        0x0 ./STM32F2xx_StdPeriph_Driver/src/misc.o
 .data          0x20000028        0x0 ./STM32F2xx_StdPeriph_Driver/src/stm32f2xx_adc.o
 .data          0x20000028        0x0 ./STM32F2xx_StdPeriph_Driver/src/stm32f2xx_can.o
 .data          0x20000028        0x0 ./STM32F2xx_StdPeriph_Driver/src/stm32f2xx_crc.o
 .data          0x20000028        0x0 ./STM32F2xx_StdPeriph_Driver/src/stm32f2xx_cryp.o
 .data          0x20000028        0x0 ./STM32F2xx_StdPeriph_Driver/src/stm32f2xx_cryp_aes.o
 .data          0x20000028        0x0 ./STM32F2xx_StdPeriph_Driver/src/stm32f2xx_cryp_des.o
 .data          0x20000028        0x0 ./STM32F2xx_StdPeriph_Driver/src/stm32f2xx_cryp_tdes.o
 .data          0x20000028        0x0 ./STM32F2xx_StdPeriph_Driver/src/stm32f2xx_dac.o
 .data          0x20000028        0x0 ./STM32F2xx_StdPeriph_Driver/src/stm32f2xx_dbgmcu.o
 .data          0x20000028        0x0 ./STM32F2xx_StdPeriph_Driver/src/stm32f2xx_dcmi.o
 .data          0x20000028        0x0 ./STM32F2xx_StdPeriph_Driver/src/stm32f2xx_dma.o
 .data          0x20000028        0x0 ./STM32F2xx_StdPeriph_Driver/src/stm32f2xx_exti.o
 .data          0x20000028        0x0 ./STM32F2xx_StdPeriph_Driver/src/stm32f2xx_flash.o
 .data          0x20000028        0x0 ./STM32F2xx_StdPeriph_Driver/src/stm32f2xx_fsmc.o
 .data          0x20000028        0x0 ./STM32F2xx_StdPeriph_Driver/src/stm32f2xx_gpio.o
 .data          0x20000028        0x0 ./STM32F2xx_StdPeriph_Driver/src/stm32f2xx_hash.o
 .data          0x20000028        0x0 ./STM32F2xx_StdPeriph_Driver/src/stm32f2xx_hash_md5.o
 .data          0x20000028        0x0 ./STM32F2xx_StdPeriph_Driver/src/stm32f2xx_hash_sha1.o
 .data          0x20000028        0x0 ./STM32F2xx_StdPeriph_Driver/src/stm32f2xx_i2c.o
 .data          0x20000028        0x0 ./STM32F2xx_StdPeriph_Driver/src/stm32f2xx_iwdg.o
 .data          0x20000028        0x0 ./STM32F2xx_StdPeriph_Driver/src/stm32f2xx_pwr.o
 .data          0x20000028       0x10 ./STM32F2xx_StdPeriph_Driver/src/stm32f2xx_rcc.o
 .data          0x20000038        0x0 ./STM32F2xx_StdPeriph_Driver/src/stm32f2xx_rng.o
 .data          0x20000038        0x0 ./STM32F2xx_StdPeriph_Driver/src/stm32f2xx_rtc.o
 .data          0x20000038        0x0 ./STM32F2xx_StdPeriph_Driver/src/stm32f2xx_sdio.o
 .data          0x20000038        0x0 ./STM32F2xx_StdPeriph_Driver/src/stm32f2xx_spi.o
 .data          0x20000038        0x0 ./STM32F2xx_StdPeriph_Driver/src/stm32f2xx_syscfg.o
 .data          0x20000038        0x0 ./STM32F2xx_StdPeriph_Driver/src/stm32f2xx_tim.o
 .data          0x20000038        0x0 ./STM32F2xx_StdPeriph_Driver/src/stm32f2xx_usart.o
 .data          0x20000038        0x0 ./STM32F2xx_StdPeriph_Driver/src/stm32f2xx_wwdg.o
 .data          0x20000038        0x0 c:/cad/yagarto/bin/../lib/gcc/arm-none-eabi/4.6.0/thumb/v7m\libgcc.a(_arm_addsubdf3.o)
 .data          0x20000038        0x0 c:/cad/yagarto/bin/../lib/gcc/arm-none-eabi/4.6.0/thumb/v7m\libgcc.a(_arm_muldivdf3.o)
 .data          0x20000038        0x0 c:/cad/yagarto/bin/../lib/gcc/arm-none-eabi/4.6.0/thumb/v7m\libgcc.a(_arm_truncdfsf2.o)
 .data          0x20000038        0x0 c:/cad/yagarto/bin/../lib/gcc/arm-none-eabi/4.6.0/../../../../arm-none-eabi/lib/thumb/v7m\libg.a(lib_a-errno.o)
 .data          0x20000038      0x430 c:/cad/yagarto/bin/../lib/gcc/arm-none-eabi/4.6.0/../../../../arm-none-eabi/lib/thumb/v7m\libg.a(lib_a-impure.o)
                0x20000038                _impure_ptr
 .data          0x20000468        0x0 c:/cad/yagarto/bin/../lib/gcc/arm-none-eabi/4.6.0/../../../../arm-none-eabi/lib/thumb/v7m\libg.a(lib_a-memset.o)
 .data          0x20000468        0x0 c:/cad/yagarto/bin/../lib/gcc/arm-none-eabi/4.6.0/../../../../arm-none-eabi/lib/thumb/v7m\libg.a(lib_a-sprintf.o)
 .data          0x20000468        0x0 c:/cad/yagarto/bin/../lib/gcc/arm-none-eabi/4.6.0/../../../../arm-none-eabi/lib/thumb/v7m\libg.a(lib_a-svfprintf.o)
 .data          0x20000468        0x0 c:/cad/yagarto/bin/../lib/gcc/arm-none-eabi/4.6.0/../../../../arm-none-eabi/lib/thumb/v7m\libg.a(lib_a-dtoa.o)
 .data          0x20000468       0x7c c:/cad/yagarto/bin/../lib/gcc/arm-none-eabi/4.6.0/../../../../arm-none-eabi/lib/thumb/v7m\libg.a(lib_a-locale.o)
                0x20000488                __mb_cur_max
 .data          0x200004e4      0x410 c:/cad/yagarto/bin/../lib/gcc/arm-none-eabi/4.6.0/../../../../arm-none-eabi/lib/thumb/v7m\libg.a(lib_a-mallocr.o)
                0x200004e4                __malloc_av_
                0x200008ec                __malloc_sbrk_base
                0x200008f0                __malloc_trim_threshold
 .data          0x200008f4        0x0 c:/cad/yagarto/bin/../lib/gcc/arm-none-eabi/4.6.0/../../../../arm-none-eabi/lib/thumb/v7m\libg.a(lib_a-memchr.o)
 .data          0x200008f4        0x0 c:/cad/yagarto/bin/../lib/gcc/arm-none-eabi/4.6.0/../../../../arm-none-eabi/lib/thumb/v7m\libg.a(lib_a-memcpy.o)
 .data          0x200008f4        0x0 c:/cad/yagarto/bin/../lib/gcc/arm-none-eabi/4.6.0/../../../../arm-none-eabi/lib/thumb/v7m\libg.a(lib_a-mlock.o)
 .data          0x200008f4        0x0 c:/cad/yagarto/bin/../lib/gcc/arm-none-eabi/4.6.0/../../../../arm-none-eabi/lib/thumb/v7m\libg.a(lib_a-mprec.o)
 .data          0x200008f4        0x0 c:/cad/yagarto/bin/../lib/gcc/arm-none-eabi/4.6.0/../../../../arm-none-eabi/lib/thumb/v7m\libg.a(lib_a-s_fpclassify.o)
 .data          0x200008f4        0x0 c:/cad/yagarto/bin/../lib/gcc/arm-none-eabi/4.6.0/../../../../arm-none-eabi/lib/thumb/v7m\libg.a(lib_a-strcmp.o)
 .data          0x200008f4        0x0 c:/cad/yagarto/bin/../lib/gcc/arm-none-eabi/4.6.0/../../../../arm-none-eabi/lib/thumb/v7m\libg.a(lib_a-strlen.o)
 .data          0x200008f4        0x0 c:/cad/yagarto/bin/../lib/gcc/arm-none-eabi/4.6.0/../../../../arm-none-eabi/lib/thumb/v7m\libg.a(lib_a-svfiprintf.o)
 .data          0x200008f4        0x0 c:/cad/yagarto/bin/../lib/gcc/arm-none-eabi/4.6.0/../../../../arm-none-eabi/lib/thumb/v7m\libg.a(lib_a-callocr.o)
 .data          0x200008f4        0x0 c:/cad/yagarto/bin/../lib/gcc/arm-none-eabi/4.6.0/../../../../arm-none-eabi/lib/thumb/v7m\libg.a(lib_a-freer.o)
 .data          0x200008f4        0x0 c:/cad/yagarto/bin/../lib/gcc/arm-none-eabi/4.6.0/../../../../arm-none-eabi/lib/thumb/v7m\libg.a(lib_a-memmove.o)
 .data          0x200008f4        0x0 c:/cad/yagarto/bin/../lib/gcc/arm-none-eabi/4.6.0/../../../../arm-none-eabi/lib/thumb/v7m\libg.a(lib_a-reallocr.o)
 .data          0x200008f4        0x0 c:/cad/yagarto/bin/../lib/gcc/arm-none-eabi/4.6.0/thumb/v7m\libgcc.a(_udivsi3.o)
 .data          0x200008f4        0x0 c:/cad/yagarto/bin/../lib/gcc/arm-none-eabi/4.6.0/thumb/v7m\libgcc.a(_dvmd_tls.o)
 .data          0x200008f4        0x0 c:/cad/yagarto/bin/../lib/gcc/arm-none-eabi/4.6.0/thumb/v7m\libgcc.a(_arm_cmpdf2.o)
 .data          0x200008f4        0x0 c:/cad/yagarto/bin/../lib/gcc/arm-none-eabi/4.6.0/thumb/v7m\libgcc.a(_arm_fixdfsi.o)
 *(.data*)
                0x200008f4                . = ALIGN (0x4)
                0x200008f4                _edata = .
                0x200008f4                . = ALIGN (0x4)

.bss            0x200008f4      0x3ac load address 0x08015678
                0x200008f4                _sbss = .
                0x200008f4                __bss_start__ = _sbss
 *(.bss)
 .bss           0x200008f4        0x4 ./main.o
 .bss           0x200008f8        0x0 ./system/core_cm3.o
 .bss           0x200008f8        0x0 ./system/startup_stm32f2xx.o
 .bss           0x200008f8        0x4 ./system/syscalls.o
 .bss           0x200008fc        0x0 ./system/system_stm32f2xx.o
 .bss           0x200008fc        0x0 ./sources/TE_STM32F207.o
 .bss           0x200008fc      0x210 ./sources/stm32f2xx_it.o
 .bss           0x20000b0c        0x0 ./STM32F2xx_StdPeriph_Driver/src/misc.o
 .bss           0x20000b0c        0x0 ./STM32F2xx_StdPeriph_Driver/src/stm32f2xx_adc.o
 .bss           0x20000b0c        0x0 ./STM32F2xx_StdPeriph_Driver/src/stm32f2xx_can.o
 .bss           0x20000b0c        0x0 ./STM32F2xx_StdPeriph_Driver/src/stm32f2xx_crc.o
 .bss           0x20000b0c        0x0 ./STM32F2xx_StdPeriph_Driver/src/stm32f2xx_cryp.o
 .bss           0x20000b0c        0x0 ./STM32F2xx_StdPeriph_Driver/src/stm32f2xx_cryp_aes.o
 .bss           0x20000b0c        0x0 ./STM32F2xx_StdPeriph_Driver/src/stm32f2xx_cryp_des.o
 .bss           0x20000b0c        0x0 ./STM32F2xx_StdPeriph_Driver/src/stm32f2xx_cryp_tdes.o
 .bss           0x20000b0c        0x0 ./STM32F2xx_StdPeriph_Driver/src/stm32f2xx_dac.o
 .bss           0x20000b0c        0x0 ./STM32F2xx_StdPeriph_Driver/src/stm32f2xx_dbgmcu.o
 .bss           0x20000b0c        0x0 ./STM32F2xx_StdPeriph_Driver/src/stm32f2xx_dcmi.o
 .bss           0x20000b0c        0x0 ./STM32F2xx_StdPeriph_Driver/src/stm32f2xx_dma.o
 .bss           0x20000b0c        0x0 ./STM32F2xx_StdPeriph_Driver/src/stm32f2xx_exti.o
 .bss           0x20000b0c        0x0 ./STM32F2xx_StdPeriph_Driver/src/stm32f2xx_flash.o
 .bss           0x20000b0c        0x0 ./STM32F2xx_StdPeriph_Driver/src/stm32f2xx_fsmc.o
 .bss           0x20000b0c        0x0 ./STM32F2xx_StdPeriph_Driver/src/stm32f2xx_gpio.o
 .bss           0x20000b0c        0x0 ./STM32F2xx_StdPeriph_Driver/src/stm32f2xx_hash.o
 .bss           0x20000b0c        0x0 ./STM32F2xx_StdPeriph_Driver/src/stm32f2xx_hash_md5.o
 .bss           0x20000b0c        0x0 ./STM32F2xx_StdPeriph_Driver/src/stm32f2xx_hash_sha1.o
 .bss           0x20000b0c        0x0 ./STM32F2xx_StdPeriph_Driver/src/stm32f2xx_i2c.o
 .bss           0x20000b0c        0x0 ./STM32F2xx_StdPeriph_Driver/src/stm32f2xx_iwdg.o
 .bss           0x20000b0c        0x0 ./STM32F2xx_StdPeriph_Driver/src/stm32f2xx_pwr.o
 .bss           0x20000b0c        0x0 ./STM32F2xx_StdPeriph_Driver/src/stm32f2xx_rcc.o
 .bss           0x20000b0c        0x0 ./STM32F2xx_StdPeriph_Driver/src/stm32f2xx_rng.o
 .bss           0x20000b0c        0x0 ./STM32F2xx_StdPeriph_Driver/src/stm32f2xx_rtc.o
 .bss           0x20000b0c        0x0 ./STM32F2xx_StdPeriph_Driver/src/stm32f2xx_sdio.o
 .bss           0x20000b0c        0x0 ./STM32F2xx_StdPeriph_Driver/src/stm32f2xx_spi.o
 .bss           0x20000b0c        0x0 ./STM32F2xx_StdPeriph_Driver/src/stm32f2xx_syscfg.o
 .bss           0x20000b0c        0x0 ./STM32F2xx_StdPeriph_Driver/src/stm32f2xx_tim.o
 .bss           0x20000b0c        0x0 ./STM32F2xx_StdPeriph_Driver/src/stm32f2xx_usart.o
 .bss           0x20000b0c        0x0 ./STM32F2xx_StdPeriph_Driver/src/stm32f2xx_wwdg.o
 .bss           0x20000b0c        0x0 c:/cad/yagarto/bin/../lib/gcc/arm-none-eabi/4.6.0/thumb/v7m\libgcc.a(_arm_addsubdf3.o)
 .bss           0x20000b0c        0x0 c:/cad/yagarto/bin/../lib/gcc/arm-none-eabi/4.6.0/thumb/v7m\libgcc.a(_arm_muldivdf3.o)
 .bss           0x20000b0c        0x0 c:/cad/yagarto/bin/../lib/gcc/arm-none-eabi/4.6.0/thumb/v7m\libgcc.a(_arm_truncdfsf2.o)
 .bss           0x20000b0c        0x0 c:/cad/yagarto/bin/../lib/gcc/arm-none-eabi/4.6.0/../../../../arm-none-eabi/lib/thumb/v7m\libg.a(lib_a-errno.o)
 .bss           0x20000b0c        0x0 c:/cad/yagarto/bin/../lib/gcc/arm-none-eabi/4.6.0/../../../../arm-none-eabi/lib/thumb/v7m\libg.a(lib_a-impure.o)
 .bss           0x20000b0c        0x0 c:/cad/yagarto/bin/../lib/gcc/arm-none-eabi/4.6.0/../../../../arm-none-eabi/lib/thumb/v7m\libg.a(lib_a-memset.o)
 .bss           0x20000b0c        0x0 c:/cad/yagarto/bin/../lib/gcc/arm-none-eabi/4.6.0/../../../../arm-none-eabi/lib/thumb/v7m\libg.a(lib_a-sprintf.o)
 .bss           0x20000b0c        0x0 c:/cad/yagarto/bin/../lib/gcc/arm-none-eabi/4.6.0/../../../../arm-none-eabi/lib/thumb/v7m\libg.a(lib_a-svfprintf.o)
 .bss           0x20000b0c        0x0 c:/cad/yagarto/bin/../lib/gcc/arm-none-eabi/4.6.0/../../../../arm-none-eabi/lib/thumb/v7m\libg.a(lib_a-dtoa.o)
 .bss           0x20000b0c        0xc c:/cad/yagarto/bin/../lib/gcc/arm-none-eabi/4.6.0/../../../../arm-none-eabi/lib/thumb/v7m\libg.a(lib_a-locale.o)
                0x20000b0c                _PathLocale
                0x20000b10                __mlocale_changed
                0x20000b14                __nlocale_changed
 .bss           0x20000b18       0x34 c:/cad/yagarto/bin/../lib/gcc/arm-none-eabi/4.6.0/../../../../arm-none-eabi/lib/thumb/v7m\libg.a(lib_a-mallocr.o)
                0x20000b18                __malloc_top_pad
                0x20000b1c                __malloc_current_mallinfo
                0x20000b44                __malloc_max_sbrked_mem
                0x20000b48                __malloc_max_total_mem
 .bss           0x20000b4c        0x0 c:/cad/yagarto/bin/../lib/gcc/arm-none-eabi/4.6.0/../../../../arm-none-eabi/lib/thumb/v7m\libg.a(lib_a-memchr.o)
 .bss           0x20000b4c        0x0 c:/cad/yagarto/bin/../lib/gcc/arm-none-eabi/4.6.0/../../../../arm-none-eabi/lib/thumb/v7m\libg.a(lib_a-memcpy.o)
 .bss           0x20000b4c        0x0 c:/cad/yagarto/bin/../lib/gcc/arm-none-eabi/4.6.0/../../../../arm-none-eabi/lib/thumb/v7m\libg.a(lib_a-mlock.o)
 .bss           0x20000b4c        0x0 c:/cad/yagarto/bin/../lib/gcc/arm-none-eabi/4.6.0/../../../../arm-none-eabi/lib/thumb/v7m\libg.a(lib_a-mprec.o)
 .bss           0x20000b4c        0x0 c:/cad/yagarto/bin/../lib/gcc/arm-none-eabi/4.6.0/../../../../arm-none-eabi/lib/thumb/v7m\libg.a(lib_a-s_fpclassify.o)
 .bss           0x20000b4c        0x0 c:/cad/yagarto/bin/../lib/gcc/arm-none-eabi/4.6.0/../../../../arm-none-eabi/lib/thumb/v7m\libg.a(lib_a-strcmp.o)
 .bss           0x20000b4c        0x0 c:/cad/yagarto/bin/../lib/gcc/arm-none-eabi/4.6.0/../../../../arm-none-eabi/lib/thumb/v7m\libg.a(lib_a-strlen.o)
 .bss           0x20000b4c        0x0 c:/cad/yagarto/bin/../lib/gcc/arm-none-eabi/4.6.0/../../../../arm-none-eabi/lib/thumb/v7m\libg.a(lib_a-svfiprintf.o)
 .bss           0x20000b4c        0x0 c:/cad/yagarto/bin/../lib/gcc/arm-none-eabi/4.6.0/../../../../arm-none-eabi/lib/thumb/v7m\libg.a(lib_a-callocr.o)
 .bss           0x20000b4c        0x0 c:/cad/yagarto/bin/../lib/gcc/arm-none-eabi/4.6.0/../../../../arm-none-eabi/lib/thumb/v7m\libg.a(lib_a-freer.o)
 .bss           0x20000b4c        0x0 c:/cad/yagarto/bin/../lib/gcc/arm-none-eabi/4.6.0/../../../../arm-none-eabi/lib/thumb/v7m\libg.a(lib_a-memmove.o)
 .bss           0x20000b4c        0x0 c:/cad/yagarto/bin/../lib/gcc/arm-none-eabi/4.6.0/../../../../arm-none-eabi/lib/thumb/v7m\libg.a(lib_a-reallocr.o)
 .bss           0x20000b4c        0x0 c:/cad/yagarto/bin/../lib/gcc/arm-none-eabi/4.6.0/thumb/v7m\libgcc.a(_udivsi3.o)
 .bss           0x20000b4c        0x0 c:/cad/yagarto/bin/../lib/gcc/arm-none-eabi/4.6.0/thumb/v7m\libgcc.a(_dvmd_tls.o)
 .bss           0x20000b4c        0x0 c:/cad/yagarto/bin/../lib/gcc/arm-none-eabi/4.6.0/thumb/v7m\libgcc.a(_arm_cmpdf2.o)
 .bss           0x20000b4c        0x0 c:/cad/yagarto/bin/../lib/gcc/arm-none-eabi/4.6.0/thumb/v7m\libgcc.a(_arm_fixdfsi.o)
 *(.bss*)
 *(COMMON)
 COMMON         0x20000b4c      0x114 ./main.o
                0x20000b4c                ADCConvertedValue
                0x20000b50                Message
                0x20000c50                USART_InitStructure
 COMMON         0x20000c60       0x40 ./sources/TE_STM32F207.o
                0x20000c60                sEEDMA_InitStructure
                0x20000c9c                NVIC_InitStructure
                0x20000ca0                . = ALIGN (0x4)
                0x20000ca0                _ebss = .
                0x20000ca0                __bss_end__ = _ebss
                0x20000ca0                PROVIDE (end, _ebss)
                0x20000ca0                PROVIDE (_end, _ebss)

._user_heap_stack
                0x20000ca0      0x200 load address 0x08015a24
                0x20000ca0                . = ALIGN (0x4)
                0x20000ca0                . = (. + _Min_Heap_Size)
                0x20000ea0                . = (. + _Min_Stack_Size)
 *fill*         0x20000ca0      0x200 00
                0x20000ea0                . = ALIGN (0x4)

.memory_b1_text
 *(.mb1text)
 *(.mb1text*)
 *(.mb1rodata)
 *(.mb1rodata*)

/DISCARD/
 libc.a(*)
 libm.a(*)
 libgcc.a(*)

.ARM.attributes
                0x00000000       0x2f
 *(.ARM.attributes)
 .ARM.attributes
                0x00000000       0x31 ./main.o
 .ARM.attributes
                0x00000031       0x31 ./system/core_cm3.o
 .ARM.attributes
                0x00000062       0x21 ./system/startup_stm32f2xx.o
 .ARM.attributes
                0x00000083       0x31 ./system/syscalls.o
 .ARM.attributes
                0x000000b4       0x31 ./system/system_stm32f2xx.o
 .ARM.attributes
                0x000000e5       0x31 ./sources/TE_STM32F207.o
 .ARM.attributes
                0x00000116       0x31 ./sources/stm32f2xx_it.o
 .ARM.attributes
                0x00000147       0x31 ./STM32F2xx_StdPeriph_Driver/src/misc.o
 .ARM.attributes
                0x00000178       0x31 ./STM32F2xx_StdPeriph_Driver/src/stm32f2xx_adc.o
 .ARM.attributes
                0x000001a9       0x31 ./STM32F2xx_StdPeriph_Driver/src/stm32f2xx_can.o
 .ARM.attributes
                0x000001da       0x31 ./STM32F2xx_StdPeriph_Driver/src/stm32f2xx_crc.o
 .ARM.attributes
                0x0000020b       0x31 ./STM32F2xx_StdPeriph_Driver/src/stm32f2xx_cryp.o
 .ARM.attributes
                0x0000023c       0x31 ./STM32F2xx_StdPeriph_Driver/src/stm32f2xx_cryp_aes.o
 .ARM.attributes
                0x0000026d       0x31 ./STM32F2xx_StdPeriph_Driver/src/stm32f2xx_cryp_des.o
 .ARM.attributes
                0x0000029e       0x31 ./STM32F2xx_StdPeriph_Driver/src/stm32f2xx_cryp_tdes.o
 .ARM.attributes
                0x000002cf       0x31 ./STM32F2xx_StdPeriph_Driver/src/stm32f2xx_dac.o
 .ARM.attributes
                0x00000300       0x31 ./STM32F2xx_StdPeriph_Driver/src/stm32f2xx_dbgmcu.o
 .ARM.attributes
                0x00000331       0x31 ./STM32F2xx_StdPeriph_Driver/src/stm32f2xx_dcmi.o
 .ARM.attributes
                0x00000362       0x31 ./STM32F2xx_StdPeriph_Driver/src/stm32f2xx_dma.o
 .ARM.attributes
                0x00000393       0x31 ./STM32F2xx_StdPeriph_Driver/src/stm32f2xx_exti.o
 .ARM.attributes
                0x000003c4       0x31 ./STM32F2xx_StdPeriph_Driver/src/stm32f2xx_flash.o
 .ARM.attributes
                0x000003f5       0x31 ./STM32F2xx_StdPeriph_Driver/src/stm32f2xx_fsmc.o
 .ARM.attributes
                0x00000426       0x31 ./STM32F2xx_StdPeriph_Driver/src/stm32f2xx_gpio.o
 .ARM.attributes
                0x00000457       0x31 ./STM32F2xx_StdPeriph_Driver/src/stm32f2xx_hash.o
 .ARM.attributes
                0x00000488       0x31 ./STM32F2xx_StdPeriph_Driver/src/stm32f2xx_hash_md5.o
 .ARM.attributes
                0x000004b9       0x31 ./STM32F2xx_StdPeriph_Driver/src/stm32f2xx_hash_sha1.o
 .ARM.attributes
                0x000004ea       0x31 ./STM32F2xx_StdPeriph_Driver/src/stm32f2xx_i2c.o
 .ARM.attributes
                0x0000051b       0x31 ./STM32F2xx_StdPeriph_Driver/src/stm32f2xx_iwdg.o
 .ARM.attributes
                0x0000054c       0x31 ./STM32F2xx_StdPeriph_Driver/src/stm32f2xx_pwr.o
 .ARM.attributes
                0x0000057d       0x31 ./STM32F2xx_StdPeriph_Driver/src/stm32f2xx_rcc.o
 .ARM.attributes
                0x000005ae       0x31 ./STM32F2xx_StdPeriph_Driver/src/stm32f2xx_rng.o
 .ARM.attributes
                0x000005df       0x31 ./STM32F2xx_StdPeriph_Driver/src/stm32f2xx_rtc.o
 .ARM.attributes
                0x00000610       0x31 ./STM32F2xx_StdPeriph_Driver/src/stm32f2xx_sdio.o
 .ARM.attributes
                0x00000641       0x31 ./STM32F2xx_StdPeriph_Driver/src/stm32f2xx_spi.o
 .ARM.attributes
                0x00000672       0x31 ./STM32F2xx_StdPeriph_Driver/src/stm32f2xx_syscfg.o
 .ARM.attributes
                0x000006a3       0x31 ./STM32F2xx_StdPeriph_Driver/src/stm32f2xx_tim.o
 .ARM.attributes
                0x000006d4       0x31 ./STM32F2xx_StdPeriph_Driver/src/stm32f2xx_usart.o
 .ARM.attributes
                0x00000705       0x31 ./STM32F2xx_StdPeriph_Driver/src/stm32f2xx_wwdg.o
 .ARM.attributes
                0x00000736       0x1d c:/cad/yagarto/bin/../lib/gcc/arm-none-eabi/4.6.0/thumb/v7m\libgcc.a(_arm_addsubdf3.o)
 .ARM.attributes
                0x00000753       0x1d c:/cad/yagarto/bin/../lib/gcc/arm-none-eabi/4.6.0/thumb/v7m\libgcc.a(_arm_muldivdf3.o)
 .ARM.attributes
                0x00000770       0x1d c:/cad/yagarto/bin/../lib/gcc/arm-none-eabi/4.6.0/thumb/v7m\libgcc.a(_arm_truncdfsf2.o)
 .ARM.attributes
                0x0000078d       0x2b c:/cad/yagarto/bin/../lib/gcc/arm-none-eabi/4.6.0/../../../../arm-none-eabi/lib/thumb/v7m\libg.a(lib_a-errno.o)
 .ARM.attributes
                0x000007b8       0x2b c:/cad/yagarto/bin/../lib/gcc/arm-none-eabi/4.6.0/../../../../arm-none-eabi/lib/thumb/v7m\libg.a(lib_a-impure.o)
 .ARM.attributes
                0x000007e3       0x2b c:/cad/yagarto/bin/../lib/gcc/arm-none-eabi/4.6.0/../../../../arm-none-eabi/lib/thumb/v7m\libg.a(lib_a-memset.o)
 .ARM.attributes
                0x0000080e       0x2b c:/cad/yagarto/bin/../lib/gcc/arm-none-eabi/4.6.0/../../../../arm-none-eabi/lib/thumb/v7m\libg.a(lib_a-sprintf.o)
 .ARM.attributes
                0x00000839       0x2b c:/cad/yagarto/bin/../lib/gcc/arm-none-eabi/4.6.0/../../../../arm-none-eabi/lib/thumb/v7m\libg.a(lib_a-svfprintf.o)
 .ARM.attributes
                0x00000864       0x2b c:/cad/yagarto/bin/../lib/gcc/arm-none-eabi/4.6.0/../../../../arm-none-eabi/lib/thumb/v7m\libg.a(lib_a-dtoa.o)
 .ARM.attributes
                0x0000088f       0x2b c:/cad/yagarto/bin/../lib/gcc/arm-none-eabi/4.6.0/../../../../arm-none-eabi/lib/thumb/v7m\libg.a(lib_a-locale.o)
 .ARM.attributes
                0x000008ba       0x2b c:/cad/yagarto/bin/../lib/gcc/arm-none-eabi/4.6.0/../../../../arm-none-eabi/lib/thumb/v7m\libg.a(lib_a-mallocr.o)
 .ARM.attributes
                0x000008e5       0x2b c:/cad/yagarto/bin/../lib/gcc/arm-none-eabi/4.6.0/../../../../arm-none-eabi/lib/thumb/v7m\libg.a(lib_a-memchr.o)
 .ARM.attributes
                0x00000910       0x2b c:/cad/yagarto/bin/../lib/gcc/arm-none-eabi/4.6.0/../../../../arm-none-eabi/lib/thumb/v7m\libg.a(lib_a-memcpy.o)
 .ARM.attributes
                0x0000093b       0x2b c:/cad/yagarto/bin/../lib/gcc/arm-none-eabi/4.6.0/../../../../arm-none-eabi/lib/thumb/v7m\libg.a(lib_a-mlock.o)
 .ARM.attributes
                0x00000966       0x2b c:/cad/yagarto/bin/../lib/gcc/arm-none-eabi/4.6.0/../../../../arm-none-eabi/lib/thumb/v7m\libg.a(lib_a-mprec.o)
 .ARM.attributes
                0x00000991       0x2b c:/cad/yagarto/bin/../lib/gcc/arm-none-eabi/4.6.0/../../../../arm-none-eabi/lib/thumb/v7m\libg.a(lib_a-s_fpclassify.o)
 .ARM.attributes
                0x000009bc       0x2b c:/cad/yagarto/bin/../lib/gcc/arm-none-eabi/4.6.0/../../../../arm-none-eabi/lib/thumb/v7m\libg.a(lib_a-strcmp.o)
 .ARM.attributes
                0x000009e7       0x2b c:/cad/yagarto/bin/../lib/gcc/arm-none-eabi/4.6.0/../../../../arm-none-eabi/lib/thumb/v7m\libg.a(lib_a-strlen.o)
 .ARM.attributes
                0x00000a12       0x2b c:/cad/yagarto/bin/../lib/gcc/arm-none-eabi/4.6.0/../../../../arm-none-eabi/lib/thumb/v7m\libg.a(lib_a-svfiprintf.o)
 .ARM.attributes
                0x00000a3d       0x2b c:/cad/yagarto/bin/../lib/gcc/arm-none-eabi/4.6.0/../../../../arm-none-eabi/lib/thumb/v7m\libg.a(lib_a-callocr.o)
 .ARM.attributes
                0x00000a68       0x2b c:/cad/yagarto/bin/../lib/gcc/arm-none-eabi/4.6.0/../../../../arm-none-eabi/lib/thumb/v7m\libg.a(lib_a-freer.o)
 .ARM.attributes
                0x00000a93       0x2b c:/cad/yagarto/bin/../lib/gcc/arm-none-eabi/4.6.0/../../../../arm-none-eabi/lib/thumb/v7m\libg.a(lib_a-memmove.o)
 .ARM.attributes
                0x00000abe       0x2b c:/cad/yagarto/bin/../lib/gcc/arm-none-eabi/4.6.0/../../../../arm-none-eabi/lib/thumb/v7m\libg.a(lib_a-reallocr.o)
 .ARM.attributes
                0x00000ae9       0x1d c:/cad/yagarto/bin/../lib/gcc/arm-none-eabi/4.6.0/thumb/v7m\libgcc.a(_udivsi3.o)
 .ARM.attributes
                0x00000b06       0x1d c:/cad/yagarto/bin/../lib/gcc/arm-none-eabi/4.6.0/thumb/v7m\libgcc.a(_dvmd_tls.o)
 .ARM.attributes
                0x00000b23       0x1d c:/cad/yagarto/bin/../lib/gcc/arm-none-eabi/4.6.0/thumb/v7m\libgcc.a(_arm_cmpdf2.o)
 .ARM.attributes
                0x00000b40       0x1d c:/cad/yagarto/bin/../lib/gcc/arm-none-eabi/4.6.0/thumb/v7m\libgcc.a(_arm_fixdfsi.o)
OUTPUT(te_stm32f207_simple.elf elf32-littlearm)

.debug_info     0x00000000    0x1cc8d
 .debug_info    0x00000000      0xcc4 ./main.o
 .debug_info    0x00000cc4      0x54c ./system/core_cm3.o
 .debug_info    0x00001210       0x67 ./system/startup_stm32f2xx.o
 .debug_info    0x00001277      0xd12 ./system/syscalls.o
 .debug_info    0x00001f89      0x5af ./system/system_stm32f2xx.o
 .debug_info    0x00002538      0xf3c ./sources/TE_STM32F207.o
 .debug_info    0x00003474      0x3d5 ./sources/stm32f2xx_it.o
 .debug_info    0x00003849      0x54a ./STM32F2xx_StdPeriph_Driver/src/misc.o
 .debug_info    0x00003d93      0xcee ./STM32F2xx_StdPeriph_Driver/src/stm32f2xx_adc.o
 .debug_info    0x00004a81      0xc5b ./STM32F2xx_StdPeriph_Driver/src/stm32f2xx_can.o
 .debug_info    0x000056dc      0x204 ./STM32F2xx_StdPeriph_Driver/src/stm32f2xx_crc.o
 .debug_info    0x000058e0      0x797 ./STM32F2xx_StdPeriph_Driver/src/stm32f2xx_cryp.o
 .debug_info    0x00006077      0x57f ./STM32F2xx_StdPeriph_Driver/src/stm32f2xx_cryp_aes.o
 .debug_info    0x000065f6      0x41e ./STM32F2xx_StdPeriph_Driver/src/stm32f2xx_cryp_des.o
 .debug_info    0x00006a14      0x41e ./STM32F2xx_StdPeriph_Driver/src/stm32f2xx_cryp_tdes.o
 .debug_info    0x00006e32      0x67c ./STM32F2xx_StdPeriph_Driver/src/stm32f2xx_dac.o
 .debug_info    0x000074ae      0x1e8 ./STM32F2xx_StdPeriph_Driver/src/stm32f2xx_dbgmcu.o
 .debug_info    0x00007696      0x596 ./STM32F2xx_StdPeriph_Driver/src/stm32f2xx_dcmi.o
 .debug_info    0x00007c2c      0x79c ./STM32F2xx_StdPeriph_Driver/src/stm32f2xx_dma.o
 .debug_info    0x000083c8      0x36b ./STM32F2xx_StdPeriph_Driver/src/stm32f2xx_exti.o
 .debug_info    0x00008733      0x76d ./STM32F2xx_StdPeriph_Driver/src/stm32f2xx_flash.o
 .debug_info    0x00008ea0      0x99e ./STM32F2xx_StdPeriph_Driver/src/stm32f2xx_fsmc.o
 .debug_info    0x0000983e      0x632 ./STM32F2xx_StdPeriph_Driver/src/stm32f2xx_gpio.o
 .debug_info    0x00009e70      0x57f ./STM32F2xx_StdPeriph_Driver/src/stm32f2xx_hash.o
 .debug_info    0x0000a3ef      0x346 ./STM32F2xx_StdPeriph_Driver/src/stm32f2xx_hash_md5.o
 .debug_info    0x0000a735      0x346 ./STM32F2xx_StdPeriph_Driver/src/stm32f2xx_hash_sha1.o
 .debug_info    0x0000aa7b      0xb8a ./STM32F2xx_StdPeriph_Driver/src/stm32f2xx_i2c.o
 .debug_info    0x0000b605      0x204 ./STM32F2xx_StdPeriph_Driver/src/stm32f2xx_iwdg.o
 .debug_info    0x0000b809      0x4b8 ./STM32F2xx_StdPeriph_Driver/src/stm32f2xx_pwr.o
 .debug_info    0x0000bcc1      0xd1d ./STM32F2xx_StdPeriph_Driver/src/stm32f2xx_rcc.o
 .debug_info    0x0000c9de      0x28a ./STM32F2xx_StdPeriph_Driver/src/stm32f2xx_rng.o
 .debug_info    0x0000cc68      0xf55 ./STM32F2xx_StdPeriph_Driver/src/stm32f2xx_rtc.o
 .debug_info    0x0000dbbd      0x89d ./STM32F2xx_StdPeriph_Driver/src/stm32f2xx_sdio.o
 .debug_info    0x0000e45a      0xb6a ./STM32F2xx_StdPeriph_Driver/src/stm32f2xx_spi.o
 .debug_info    0x0000efc4      0x273 ./STM32F2xx_StdPeriph_Driver/src/stm32f2xx_syscfg.o
 .debug_info    0x0000f237     0x1e21 ./STM32F2xx_StdPeriph_Driver/src/stm32f2xx_tim.o
 .debug_info    0x00011058      0xa48 ./STM32F2xx_StdPeriph_Driver/src/stm32f2xx_usart.o
 .debug_info    0x00011aa0      0x24f ./STM32F2xx_StdPeriph_Driver/src/stm32f2xx_wwdg.o
 .debug_info    0x00011cef       0xa7 c:/cad/yagarto/bin/../lib/gcc/arm-none-eabi/4.6.0/thumb/v7m\libgcc.a(_arm_addsubdf3.o)
 .debug_info    0x00011d96       0xa7 c:/cad/yagarto/bin/../lib/gcc/arm-none-eabi/4.6.0/thumb/v7m\libgcc.a(_arm_muldivdf3.o)
 .debug_info    0x00011e3d       0xa7 c:/cad/yagarto/bin/../lib/gcc/arm-none-eabi/4.6.0/thumb/v7m\libgcc.a(_arm_truncdfsf2.o)
 .debug_info    0x00011ee4      0x964 c:/cad/yagarto/bin/../lib/gcc/arm-none-eabi/4.6.0/../../../../arm-none-eabi/lib/thumb/v7m\libg.a(lib_a-errno.o)
 .debug_info    0x00012848      0x966 c:/cad/yagarto/bin/../lib/gcc/arm-none-eabi/4.6.0/../../../../arm-none-eabi/lib/thumb/v7m\libg.a(lib_a-impure.o)
 .debug_info    0x000131ae      0x116 c:/cad/yagarto/bin/../lib/gcc/arm-none-eabi/4.6.0/../../../../arm-none-eabi/lib/thumb/v7m\libg.a(lib_a-memset.o)
 .debug_info    0x000132c4      0xa62 c:/cad/yagarto/bin/../lib/gcc/arm-none-eabi/4.6.0/../../../../arm-none-eabi/lib/thumb/v7m\libg.a(lib_a-sprintf.o)
 .debug_info    0x00013d26     0x1015 c:/cad/yagarto/bin/../lib/gcc/arm-none-eabi/4.6.0/../../../../arm-none-eabi/lib/thumb/v7m\libg.a(lib_a-svfprintf.o)
 .debug_info    0x00014d3b      0xdce c:/cad/yagarto/bin/../lib/gcc/arm-none-eabi/4.6.0/../../../../arm-none-eabi/lib/thumb/v7m\libg.a(lib_a-dtoa.o)
 .debug_info    0x00015b09      0xc96 c:/cad/yagarto/bin/../lib/gcc/arm-none-eabi/4.6.0/../../../../arm-none-eabi/lib/thumb/v7m\libg.a(lib_a-locale.o)
 .debug_info    0x0001679f      0xd6b c:/cad/yagarto/bin/../lib/gcc/arm-none-eabi/4.6.0/../../../../arm-none-eabi/lib/thumb/v7m\libg.a(lib_a-mallocr.o)
 .debug_info    0x0001750a      0x122 c:/cad/yagarto/bin/../lib/gcc/arm-none-eabi/4.6.0/../../../../arm-none-eabi/lib/thumb/v7m\libg.a(lib_a-memchr.o)
 .debug_info    0x0001762c      0x130 c:/cad/yagarto/bin/../lib/gcc/arm-none-eabi/4.6.0/../../../../arm-none-eabi/lib/thumb/v7m\libg.a(lib_a-memcpy.o)
 .debug_info    0x0001775c      0x980 c:/cad/yagarto/bin/../lib/gcc/arm-none-eabi/4.6.0/../../../../arm-none-eabi/lib/thumb/v7m\libg.a(lib_a-mlock.o)
 .debug_info    0x000180dc     0x14d9 c:/cad/yagarto/bin/../lib/gcc/arm-none-eabi/4.6.0/../../../../arm-none-eabi/lib/thumb/v7m\libg.a(lib_a-mprec.o)
 .debug_info    0x000195b5      0x143 c:/cad/yagarto/bin/../lib/gcc/arm-none-eabi/4.6.0/../../../../arm-none-eabi/lib/thumb/v7m\libg.a(lib_a-s_fpclassify.o)
 .debug_info    0x000196f8       0xe7 c:/cad/yagarto/bin/../lib/gcc/arm-none-eabi/4.6.0/../../../../arm-none-eabi/lib/thumb/v7m\libg.a(lib_a-strcmp.o)
 .debug_info    0x000197df       0xb1 c:/cad/yagarto/bin/../lib/gcc/arm-none-eabi/4.6.0/../../../../arm-none-eabi/lib/thumb/v7m\libg.a(lib_a-strlen.o)
 .debug_info    0x00019890      0xd97 c:/cad/yagarto/bin/../lib/gcc/arm-none-eabi/4.6.0/../../../../arm-none-eabi/lib/thumb/v7m\libg.a(lib_a-svfiprintf.o)
 .debug_info    0x0001a627      0xa4e c:/cad/yagarto/bin/../lib/gcc/arm-none-eabi/4.6.0/../../../../arm-none-eabi/lib/thumb/v7m\libg.a(lib_a-callocr.o)
 .debug_info    0x0001b075      0xc40 c:/cad/yagarto/bin/../lib/gcc/arm-none-eabi/4.6.0/../../../../arm-none-eabi/lib/thumb/v7m\libg.a(lib_a-freer.o)
 .debug_info    0x0001bcb5      0x12e c:/cad/yagarto/bin/../lib/gcc/arm-none-eabi/4.6.0/../../../../arm-none-eabi/lib/thumb/v7m\libg.a(lib_a-memmove.o)
 .debug_info    0x0001bde3      0xc0c c:/cad/yagarto/bin/../lib/gcc/arm-none-eabi/4.6.0/../../../../arm-none-eabi/lib/thumb/v7m\libg.a(lib_a-reallocr.o)
 .debug_info    0x0001c9ef       0xa8 c:/cad/yagarto/bin/../lib/gcc/arm-none-eabi/4.6.0/thumb/v7m\libgcc.a(_udivsi3.o)
 .debug_info    0x0001ca97       0xa8 c:/cad/yagarto/bin/../lib/gcc/arm-none-eabi/4.6.0/thumb/v7m\libgcc.a(_dvmd_tls.o)
 .debug_info    0x0001cb3f       0xa7 c:/cad/yagarto/bin/../lib/gcc/arm-none-eabi/4.6.0/thumb/v7m\libgcc.a(_arm_cmpdf2.o)
 .debug_info    0x0001cbe6       0xa7 c:/cad/yagarto/bin/../lib/gcc/arm-none-eabi/4.6.0/thumb/v7m\libgcc.a(_arm_fixdfsi.o)

.debug_abbrev   0x00000000     0x516a
 .debug_abbrev  0x00000000      0x1d5 ./main.o
 .debug_abbrev  0x000001d5       0xd7 ./system/core_cm3.o
 .debug_abbrev  0x000002ac       0x12 ./system/startup_stm32f2xx.o
 .debug_abbrev  0x000002be      0x1c4 ./system/syscalls.o
 .debug_abbrev  0x00000482      0x16d ./system/system_stm32f2xx.o
 .debug_abbrev  0x000005ef      0x161 ./sources/TE_STM32F207.o