Archive member included because of file (symbol)

c:/cad/yagarto/bin/../lib/gcc/arm-none-eabi/4.5.2/../../../../arm-none-eabi/lib/thumb/v7m\libg.a(lib_a-errno.o)
                              ./system/syscalls.o (__errno)
c:/cad/yagarto/bin/../lib/gcc/arm-none-eabi/4.5.2/../../../../arm-none-eabi/lib/thumb/v7m\libg.a(lib_a-impure.o)
                              c:/cad/yagarto/bin/../lib/gcc/arm-none-eabi/4.5.2/../../../../arm-none-eabi/lib/thumb/v7m\libg.a(lib_a-errno.o) (_impure_ptr)
c:/cad/yagarto/bin/../lib/gcc/arm-none-eabi/4.5.2/../../../../arm-none-eabi/lib/thumb/v7m\libg.a(lib_a-memset.o)
                              ./system/syscalls.o (memset)

Allocating common symbols
Common symbol       size              file

sEEDMA_InitStructure
                    0x3c              ./sources/TE_STM32F207.o
ADCConvertedValue   0x4               ./main.o
test_page           0x42              ./main.o
read_page           0x42              ./main.o
pDf                 0x24              ./main.o
NVIC_InitStructure  0x4               ./sources/TE_STM32F207.o

Memory Configuration

Name             Origin             Length             Attributes
FLASH            0x08000000         0x00100000         xr
RAM              0x20000000         0x00020000         xrw
MEMORY_B1        0x60000000         0x00000000         xr
*default*        0x00000000         0xffffffff

Linker script and memory map

LOAD ./main.o
LOAD ./system/core_cm3.o
LOAD ./system/startup_stm32f2xx.o
LOAD ./system/syscalls.o
LOAD ./system/system_stm32f2xx.o
LOAD ./system/udiv.o
LOAD ./sources/TE_STM32F207.o
LOAD ./sources/dataflash.o
LOAD ./sources/stm32f2xx_it.o
LOAD ./STM32F2xx_StdPeriph_Driver/src/misc.o
LOAD ./STM32F2xx_StdPeriph_Driver/src/stm32f2xx_adc.o
LOAD ./STM32F2xx_StdPeriph_Driver/src/stm32f2xx_can.o
LOAD ./STM32F2xx_StdPeriph_Driver/src/stm32f2xx_crc.o
LOAD ./STM32F2xx_StdPeriph_Driver/src/stm32f2xx_cryp.o
LOAD ./STM32F2xx_StdPeriph_Driver/src/stm32f2xx_cryp_aes.o
LOAD ./STM32F2xx_StdPeriph_Driver/src/stm32f2xx_cryp_des.o
LOAD ./STM32F2xx_StdPeriph_Driver/src/stm32f2xx_cryp_tdes.o
LOAD ./STM32F2xx_StdPeriph_Driver/src/stm32f2xx_dac.o
LOAD ./STM32F2xx_StdPeriph_Driver/src/stm32f2xx_dbgmcu.o
LOAD ./STM32F2xx_StdPeriph_Driver/src/stm32f2xx_dcmi.o
LOAD ./STM32F2xx_StdPeriph_Driver/src/stm32f2xx_dma.o
LOAD ./STM32F2xx_StdPeriph_Driver/src/stm32f2xx_exti.o
LOAD ./STM32F2xx_StdPeriph_Driver/src/stm32f2xx_flash.o
LOAD ./STM32F2xx_StdPeriph_Driver/src/stm32f2xx_fsmc.o
LOAD ./STM32F2xx_StdPeriph_Driver/src/stm32f2xx_gpio.o
LOAD ./STM32F2xx_StdPeriph_Driver/src/stm32f2xx_hash.o
LOAD ./STM32F2xx_StdPeriph_Driver/src/stm32f2xx_hash_md5.o
LOAD ./STM32F2xx_StdPeriph_Driver/src/stm32f2xx_hash_sha1.o
LOAD ./STM32F2xx_StdPeriph_Driver/src/stm32f2xx_i2c.o
LOAD ./STM32F2xx_StdPeriph_Driver/src/stm32f2xx_iwdg.o
LOAD ./STM32F2xx_StdPeriph_Driver/src/stm32f2xx_pwr.o
LOAD ./STM32F2xx_StdPeriph_Driver/src/stm32f2xx_rcc.o
LOAD ./STM32F2xx_StdPeriph_Driver/src/stm32f2xx_rng.o
LOAD ./STM32F2xx_StdPeriph_Driver/src/stm32f2xx_rtc.o
LOAD ./STM32F2xx_StdPeriph_Driver/src/stm32f2xx_sdio.o
LOAD ./STM32F2xx_StdPeriph_Driver/src/stm32f2xx_spi.o
LOAD ./STM32F2xx_StdPeriph_Driver/src/stm32f2xx_syscfg.o
LOAD ./STM32F2xx_StdPeriph_Driver/src/stm32f2xx_tim.o
LOAD ./STM32F2xx_StdPeriph_Driver/src/stm32f2xx_usart.o
LOAD ./STM32F2xx_StdPeriph_Driver/src/stm32f2xx_wwdg.o
START GROUP
LOAD c:/cad/yagarto/bin/../lib/gcc/arm-none-eabi/4.5.2/thumb/v7m\libgcc.a
LOAD c:/cad/yagarto/bin/../lib/gcc/arm-none-eabi/4.5.2/../../../../arm-none-eabi/lib/thumb/v7m\libg.a
LOAD c:/cad/yagarto/bin/../lib/gcc/arm-none-eabi/4.5.2/../../../../arm-none-eabi/lib/thumb/v7m\libc.a
END GROUP
                0x20020000                _estack = 0x20020000
                0x00000000                _Min_Heap_Size = 0x0
                0x00000200                _Min_Stack_Size = 0x200

.isr_vector     0x08000000      0x184
                0x08000000                . = ALIGN (0x4)
 *(.isr_vector)
 .isr_vector    0x08000000      0x184 ./system/startup_stm32f2xx.o
                0x08000000                g_pfnVectors
                0x08000184                . = ALIGN (0x4)

.text           0x08000184     0xff00
                0x08000184                . = ALIGN (0x4)
 *(.text)
 .text          0x08000184      0x2bc ./main.o
                0x08000244                main
                0x080003e0                Delay
                0x08000410                TimingDelay_Decrement
 .text          0x08000440      0x28c ./system/core_cm3.o
                0x08000440                __get_PSP
                0x08000450                __set_PSP
                0x08000458                __get_MSP
                0x08000468                __set_MSP
                0x08000470                __get_BASEPRI
                0x08000490                __set_BASEPRI
                0x080004a8                __get_PRIMASK
                0x080004c8                __set_PRIMASK
                0x080004e0                __get_FAULTMASK
                0x08000500                __set_FAULTMASK
                0x08000518                __get_CONTROL
                0x08000538                __set_CONTROL
                0x08000550                __REV
                0x08000574                __REV16
                0x08000598                __REVSH
                0x080005bc                __RBIT
                0x080005e0                __LDREXB
                0x08000604                __LDREXH
                0x08000628                __LDREXW
                0x0800064c                __STREXB
                0x08000678                __STREXH
                0x080006a4                __STREXW
 .text          0x080006cc       0x14 ./system/startup_stm32f2xx.o
 .text          0x080006e0      0x14c ./system/syscalls.o
                0x080006e0                _read_r
                0x08000708                _lseek_r
                0x08000728                _write_r
                0x08000744                _close_r
                0x08000760                _sbrk_r
                0x080007e0                _fstat_r
                0x08000810                _isatty_r
 .text          0x0800082c      0x35c ./system/system_stm32f2xx.o
                0x0800082c                SystemInit
                0x080008c0                SystemCoreClockUpdate
 .text          0x08000b88       0xa4 ./system/udiv.o
                0x08000b88                udiv
 .text          0x08000c2c      0x6e4 ./sources/TE_STM32F207.o
                0x08000c2c                DAC_Ch1_EscalatorConfig
                0x08000cb8                TIM6_Config
                0x08000d28                ADC1_ChTempSensor_Init
                0x08000e8c                STM_EVAL_LEDInit
                0x08000ef8                STM_EVAL_LEDOn
                0x08000f2c                STM_EVAL_LEDOff
                0x08000f60                STM_EVAL_LEDToggle
                0x08000fa8                STM_EVAL_COMInit
                0x08001108                sFLASH_Init
                0x08001184                sFLASH_LowLevel_Init
                0x0800127c                sFLASH_LowLevel_DeInit
 .text          0x08001310      0x3f0 ./sources/dataflash.o
                0x08001310                sFLASH_SendByte
                0x08001378                df_send_command
                0x08001658                df_init
 .text          0x08001700      0x2f8 ./sources/stm32f2xx_it.o
                0x08001700                NMI_Handler
                0x0800170c                HardFault_Handler
                0x08001714                MemManage_Handler
                0x0800171c                BusFault_Handler
                0x08001724                UsageFault_Handler
                0x0800172c                SVC_Handler
                0x08001738                DebugMon_Handler
                0x08001744                PendSV_Handler
                0x08001750                SysTick_Handler
                0x0800175c                USART3_IRQHandler
                0x08001880                USART3_buffer_Init
                0x080018d0                USART3_SendChar
                0x08001970                USART3_GetKey
                0x080019c4                USART3_SendString
 .text          0x080019f8      0x1e4 ./STM32F2xx_StdPeriph_Driver/src/misc.o
                0x080019f8                NVIC_PriorityGroupConfig
                0x08001a20                NVIC_Init
                0x08001b08                NVIC_SetVectorTable
                0x08001b38                NVIC_SystemLPConfig
                0x08001b90                SysTick_CLKSourceConfig
 .text          0x08001bdc      0xbdc ./STM32F2xx_StdPeriph_Driver/src/stm32f2xx_adc.o
                0x08001bdc                ADC_DeInit
                0x08001bfc                ADC_Init
                0x08001cc4                ADC_StructInit
                0x08001d10                ADC_CommonInit
                0x08001d74                ADC_CommonStructInit
                0x08001da8                ADC_Cmd
                0x08001de0                ADC_AnalogWatchdogCmd
                0x08001e1c                ADC_AnalogWatchdogThresholdsConfig
                0x08001e44                ADC_AnalogWatchdogSingleChannelConfig
                0x08001e80                ADC_TempSensorVrefintCmd
                0x08001ecc                ADC_VBATCmd
                0x08001f18                ADC_RegularChannelConfig
                0x080020e8                ADC_SoftwareStartConv
                0x08002108                ADC_GetSoftwareStartConvStatus
                0x08002140                ADC_EOCOnEachRegularChannelCmd
                0x08002178                ADC_ContinuousModeCmd
                0x080021b0                ADC_DiscModeChannelCountConfig
                0x080021fc                ADC_DiscModeCmd
                0x08002234                ADC_GetConversionValue
                0x08002250                ADC_GetMultiModeConversionValue
                0x08002268                ADC_DMACmd
                0x080022a0                ADC_DMARequestAfterLastTransferCmd
                0x080022d8                ADC_MultiModeDMARequestAfterLastTransferCmd
                0x08002324                ADC_InjectedChannelConfig
                0x08002474                ADC_InjectedSequencerLengthConfig
                0x080024c0                ADC_SetInjectedOffset
                0x080024f4                ADC_ExternalTrigInjectedConvConfig
                0x0800252c                ADC_ExternalTrigInjectedConvEdgeConfig
                0x08002564                ADC_SoftwareStartInjectedConv
                0x08002584                ADC_GetSoftwareStartInjectedConvCmdStatus
                0x080025bc                ADC_AutoInjectedConvCmd
                0x080025f4                ADC_InjectedDiscModeCmd
                0x0800262c                ADC_GetInjectedConversionValue
                0x08002660                ADC_ITConfig
                0x080026bc                ADC_GetFlagStatus
                0x080026f8                ADC_ClearFlag
                0x08002718                ADC_GetITStatus
                0x08002788                ADC_ClearITPendingBit
 .text          0x080027b8     0x1288 ./STM32F2xx_StdPeriph_Driver/src/stm32f2xx_can.o
                0x080027b8                CAN_DeInit
                0x08002808                CAN_Init
                0x080029d0                CAN_FilterInit
                0x08002bf8                CAN_StructInit
                0x08002c64                CAN_SlaveStartBank
                0x08002cf4                CAN_DBGFreeze
                0x08002d2c                CAN_TTComModeCmd
                0x08002dc4                CAN_Transmit
                0x08002fc8                CAN_TransmitStatus
                0x080030dc                CAN_CancelTransmit
                0x08003130                CAN_Receive
                0x080032e0                CAN_FIFORelease
                0x08003318                CAN_MessagePending
                0x08003368                CAN_OperatingModeRequest
                0x0800347c                CAN_Sleep
                0x080034bc                CAN_WakeUp
                0x08003518                CAN_GetLastErrorCode
                0x08003540                CAN_GetReceiveErrorCounter
                0x08003568                CAN_GetLSBTransmitErrorCounter
                0x08003594                CAN_ITConfig
                0x080035d4                CAN_GetFlagStatus
                0x080036d8                CAN_ClearFlag
                0x08003754                CAN_GetITStatus
                0x08003910                CAN_ClearITPendingBit
 .text          0x08003a40       0xe8 ./STM32F2xx_StdPeriph_Driver/src/stm32f2xx_crc.o
                0x08003a40                CRC_ResetDR
                0x08003a58                CRC_CalcCRC
                0x08003a84                CRC_CalcBlockCRC
                0x08003ad8                CRC_GetCRC
                0x08003af0                CRC_SetIDRegister
                0x08003b10                CRC_GetIDRegister
 .text          0x08003b28      0x6fc ./STM32F2xx_StdPeriph_Driver/src/stm32f2xx_cryp.o
                0x08003b28                CRYP_DeInit
                0x08003b48                CRYP_Init
                0x08003c4c                CRYP_StructInit
                0x08003c80                CRYP_KeyInit
                0x08003d04                CRYP_KeyStructInit
                0x08003d58                CRYP_IVInit
                0x08003da4                CRYP_IVStructInit
                0x08003dd8                CRYP_FIFOFlush
                0x08003dfc                CRYP_Cmd
                0x08003e48                CRYP_DataIn
                0x08003e68                CRYP_DataOut
                0x08003e80                CRYP_SaveContext
                0x08003fe8                CRYP_RestoreContext
                0x080040c8                CRYP_DMACmd
                0x08004124                CRYP_ITConfig
                0x08004180                CRYP_GetITStatus
                0x080041c0                CRYP_GetFlagStatus
 .text          0x08004224      0xb08 ./STM32F2xx_StdPeriph_Driver/src/stm32f2xx_cryp_aes.o
                0x08004224                CRYP_AES_ECB
                0x080045a8                CRYP_AES_CBC
                0x080049a0                CRYP_AES_CTR
 .text          0x08004d2c      0x2f0 ./STM32F2xx_StdPeriph_Driver/src/stm32f2xx_cryp_des.o
                0x08004d2c                CRYP_DES_ECB
                0x08004e88                CRYP_DES_CBC
 .text          0x0800501c      0x3a0 ./STM32F2xx_StdPeriph_Driver/src/stm32f2xx_cryp_tdes.o
                0x0800501c                CRYP_TDES_ECB
                0x080051d0                CRYP_TDES_CBC
 .text          0x080053bc      0x53c ./STM32F2xx_StdPeriph_Driver/src/stm32f2xx_dac.o
                0x080053bc                DAC_DeInit
                0x080053dc                DAC_Init
                0x08005458                DAC_StructInit
                0x0800548c                DAC_Cmd
                0x080054f4                DAC_SoftwareTriggerCmd
                0x08005564                DAC_DualSoftwareTriggerCmd
                0x080055b0                DAC_WaveGenerationCmd
                0x08005614                DAC_SetChannel1Data
                0x0800564c                DAC_SetChannel2Data
                0x08005684                DAC_SetDualChannelData
                0x080056ec                DAC_GetDataOutputValue
                0x08005728                DAC_DMACmd
                0x08005790                DAC_ITConfig
                0x080057f4                DAC_GetFlagStatus
                0x0800583c                DAC_ClearFlag
                0x08005864                DAC_GetITStatus
                0x080058d0                DAC_ClearITPendingBit
 .text          0x080058f8      0x144 ./STM32F2xx_StdPeriph_Driver/src/stm32f2xx_dbgmcu.o
                0x080058f8                DBGMCU_GetREVID
                0x08005914                DBGMCU_GetDEVID
                0x08005934                DBGMCU_Config
                0x0800598c                DBGMCU_APB1PeriphConfig
                0x080059e4                DBGMCU_APB2PeriphConfig
 .text          0x08005a3c      0x498 ./STM32F2xx_StdPeriph_Driver/src/stm32f2xx_dcmi.o
                0x08005a3c                DCMI_DeInit
                0x08005aa8                DCMI_Init
                0x08005b48                DCMI_StructInit
                0x08005b94                DCMI_CROPConfig
                0x08005be0                DCMI_CROPCmd
                0x08005c2c                DCMI_SetEmbeddedSynchroCodes
                0x08005c74                DCMI_JPEGCmd
                0x08005cc0                DCMI_Cmd
                0x08005d0c                DCMI_CaptureCmd
                0x08005d58                DCMI_ReadData
                0x08005d70                DCMI_ITConfig
                0x08005dcc                DCMI_GetFlagStatus
                0x08005e48                DCMI_ClearFlag
                0x08005e68                DCMI_GetITStatus
                0x08005eb4                DCMI_ClearITPendingBit
 .text          0x08005ed4      0x84c ./STM32F2xx_StdPeriph_Driver/src/stm32f2xx_dma.o
                0x08005ed4                DMA_DeInit
                0x08006118                DMA_Init
                0x080061e4                DMA_StructInit
                0x08006270                DMA_Cmd
                0x080062a8                DMA_PeriphIncOffsetSizeConfig
                0x080062dc                DMA_FlowControllerConfig
                0x08006310                DMA_SetCurrDataCounter
                0x0800632c                DMA_GetCurrDataCounter
                0x08006348                DMA_DoubleBufferModeConfig
                0x08006384                DMA_DoubleBufferModeCmd
                0x080063bc                DMA_MemoryTargetConfig
                0x080063e8                DMA_GetCurrentMemoryTarget
                0x08006420                DMA_GetCmdStatus
                0x08006458                DMA_GetFIFOStatus
                0x08006480                DMA_GetFlagStatus
                0x0800650c                DMA_ClearFlag
                0x08006574                DMA_ITConfig
                0x080065ec                DMA_GetITStatus
                0x080066b8                DMA_ClearITPendingBit
 .text          0x08006720      0x2dc ./STM32F2xx_StdPeriph_Driver/src/stm32f2xx_exti.o
                0x08006720                EXTI_DeInit
                0x08006774                EXTI_Init
                0x080068c0                EXTI_StructInit
                0x080068f4                EXTI_GenerateSWInterrupt
                0x08006920                EXTI_GetFlagStatus
                0x08006960                EXTI_ClearFlag
                0x08006980                EXTI_GetITStatus
                0x080069dc                EXTI_ClearITPendingBit
 .text          0x080069fc      0xa24 ./STM32F2xx_StdPeriph_Driver/src/stm32f2xx_flash.o
                0x080069fc                FLASH_SetLatency
                0x08006a1c                FLASH_PrefetchBufferCmd
                0x08006a68                FLASH_InstructionCacheCmd
                0x08006ab4                FLASH_DataCacheCmd
                0x08006b00                FLASH_InstructionCacheReset
                0x08006b24                FLASH_DataCacheReset
                0x08006b48                FLASH_Unlock
                0x08006b84                FLASH_Lock
                0x08006ba8                FLASH_EraseSector
                0x08006cc4                FLASH_EraseAllSectors
                0x08006da8                FLASH_ProgramDoubleWord
                0x08006e48                FLASH_ProgramWord
                0x08006ee0                FLASH_ProgramHalfWord
                0x08006f7c                FLASH_ProgramByte
                0x08007014                FLASH_OB_Unlock
                0x08007058                FLASH_OB_Lock
                0x0800707c                FLASH_OB_WRPConfig
                0x080070f4                FLASH_OB_RDPConfig
                0x08007128                FLASH_OB_UserConfig
                0x08007194                FLASH_OB_BORConfig
                0x080071e4                FLASH_OB_Launch
                0x08007220                FLASH_OB_GetUser
                0x0800723c                FLASH_OB_GetWRP
                0x08007254                FLASH_OB_GetRDP
                0x0800728c                FLASH_OB_GetBOR
                0x080072ac                FLASH_ITConfig
                0x08007304                FLASH_GetFlagStatus
                0x08007344                FLASH_ClearFlag
                0x08007364                FLASH_GetStatus
                0x080073ec                FLASH_WaitForLastOperation
 .text          0x08007420      0xc28 ./STM32F2xx_StdPeriph_Driver/src/stm32f2xx_fsmc.o
                0x08007420                FSMC_NORSRAMDeInit
                0x0800747c                FSMC_NORSRAMInit
                0x080075f8                FSMC_NORSRAMStructInit
                0x08007700                FSMC_NORSRAMCmd
                0x08007758                FSMC_NANDDeInit
                0x080077e4                FSMC_NANDInit
                0x080078f8                FSMC_NANDStructInit
                0x08007994                FSMC_NANDCmd
                0x08007a34                FSMC_NANDECCCmd
                0x08007ad4                FSMC_GetECC
                0x08007b10                FSMC_PCCARDDeInit
                0x08007b60                FSMC_PCCARDInit
                0x08007c4c                FSMC_PCCARDStructInit
                0x08007cf0                FSMC_PCCARDCmd
                0x08007d44                FSMC_ITConfig
                0x08007e30                FSMC_GetFlagStatus
                0x08007ea4                FSMC_ClearFlag
                0x08007f24                FSMC_GetITStatus
                0x08007fbc                FSMC_ClearITPendingBit
 .text          0x08008048      0x554 ./STM32F2xx_StdPeriph_Driver/src/stm32f2xx_gpio.o
                0x08008048                GPIO_DeInit
                0x080081c0                GPIO_Init
                0x08008318                GPIO_StructInit
                0x08008354                GPIO_PinLockConfig
                0x08008398                GPIO_ReadInputDataBit
                0x080083d4                GPIO_ReadInputData
                0x080083f0                GPIO_ReadOutputDataBit
                0x0800842c                GPIO_ReadOutputData
                0x08008448                GPIO_SetBits
                0x08008464                GPIO_ResetBits
                0x08008480                GPIO_WriteBit
                0x080084b0                GPIO_Write
                0x080084cc                GPIO_ToggleBits
                0x080084f0                GPIO_PinAFConfig
 .text          0x0800859c      0x4e8 ./STM32F2xx_StdPeriph_Driver/src/stm32f2xx_hash.o
                0x0800859c                HASH_DeInit
                0x080085bc                HASH_Init
                0x08008668                HASH_StructInit
                0x0800869c                HASH_Reset
                0x080086c0                HASH_SetLastWordValidBitsNbr
                0x08008708                HASH_DataIn
                0x08008728                HASH_GetInFIFOWordsNbr
                0x08008748                HASH_GetDigest
                0x080087a0                HASH_StartDigest
                0x080087c4                HASH_SaveContext
                0x08008840                HASH_RestoreContext
                0x080088d4                HASH_DMACmd
                0x08008920                HASH_ITConfig
                0x0800897c                HASH_GetFlagStatus
                0x080089e0                HASH_ClearFlag
                0x08008a04                HASH_GetITStatus
                0x08008a5c                HASH_ClearITPendingBit
 .text          0x08008a84      0x388 ./STM32F2xx_StdPeriph_Driver/src/stm32f2xx_hash_md5.o
                0x08008a84                HASH_MD5
                0x08008bbc                HMAC_MD5
 .text          0x08008e0c      0x3b4 ./STM32F2xx_StdPeriph_Driver/src/stm32f2xx_hash_sha1.o
                0x08008e0c                HASH_SHA1
                0x08008f5c                HMAC_SHA1
 .text          0x080091c0      0xa34 ./STM32F2xx_StdPeriph_Driver/src/stm32f2xx_i2c.o
                0x080091c0                I2C_DeInit
                0x08009248                I2C_Init
                0x08009404                I2C_StructInit
                0x08009448                I2C_Cmd
                0x08009488                I2C_GenerateSTART
                0x080094c8                I2C_GenerateSTOP
                0x08009508                I2C_Send7bitAddress
                0x08009544                I2C_AcknowledgeConfig
                0x08009584                I2C_OwnAddress2Config
                0x080095c8                I2C_DualAddressCmd
                0x08009608                I2C_GeneralCallCmd
                0x08009648                I2C_SoftwareResetCmd
                0x08009690                I2C_StretchClockCmd
                0x080096d0                I2C_FastModeDutyCycleConfig
                0x08009710                I2C_NACKPositionConfig
                0x08009750                I2C_SMBusAlertConfig
                0x08009790                I2C_ARPCmd
                0x080097d0                I2C_SendData
                0x080097f0                I2C_ReceiveData
                0x0800980c                I2C_TransmitPEC
                0x0800984c                I2C_PECPositionConfig
                0x0800988c                I2C_CalculatePEC
                0x080098cc                I2C_GetPEC
                0x080098f0                I2C_DMACmd
                0x08009930                I2C_DMALastTransferCmd
                0x08009970                I2C_ReadRegister
                0x080099a0                I2C_ITConfig
                0x080099ec                I2C_CheckEvent
                0x08009a60                I2C_GetLastEvent
                0x08009ab0                I2C_GetFlagStatus
                0x08009b2c                I2C_ClearFlag
                0x08009b5c                I2C_GetITStatus
                0x08009bc4                I2C_ClearITPendingBit
 .text          0x08009bf4       0xd0 ./STM32F2xx_StdPeriph_Driver/src/stm32f2xx_iwdg.o
                0x08009bf4                IWDG_WriteAccessCmd
                0x08009c14                IWDG_SetPrescaler
                0x08009c34                IWDG_SetReload
                0x08009c54                IWDG_ReloadCounter
                0x08009c6c                IWDG_Enable
                0x08009c84                IWDG_GetFlagStatus
 .text          0x08009cc4      0x264 ./STM32F2xx_StdPeriph_Driver/src/stm32f2xx_pwr.o
                0x08009cdc                PWR_DeInit
                0x08009cfc                PWR_BackupAccessCmd
                0x08009d1c                PWR_PVDLevelConfig
                0x08009d60                PWR_PVDCmd
                0x08009d80                PWR_WakeUpPinCmd
                0x08009da0                PWR_BackupRegulatorCmd
                0x08009dc0                PWR_FlashPowerDownCmd
                0x08009de0                PWR_EnterSTOPMode
                0x08009e64                PWR_EnterSTANDBYMode
                0x08009eb8                PWR_GetFlagStatus
                0x08009ef8                PWR_ClearFlag
 .text          0x08009f28      0xdf0 ./STM32F2xx_StdPeriph_Driver/src/stm32f2xx_rcc.o
                0x08009f28                RCC_DeInit
                0x08009fac                RCC_HSEConfig
                0x08009fdc                RCC_WaitForHSEStartUp
                0x0800a040                RCC_AdjustHSICalibrationValue
                0x0800a088                RCC_HSICmd
                0x0800a0a8                RCC_LSEConfig
                0x0800a104                RCC_LSICmd
                0x0800a124                RCC_PLLConfig
                0x0800a174                RCC_PLLCmd
                0x0800a194                RCC_PLLI2SConfig
                0x0800a1c4                RCC_PLLI2SCmd
                0x0800a1e4                RCC_ClockSecuritySystemCmd
                0x0800a204                RCC_MCO1Config
                0x0800a250                RCC_MCO2Config
                0x0800a29c                RCC_SYSCLKConfig
                0x0800a2e0                RCC_GetSYSCLKSource
                0x0800a300                RCC_HCLKConfig
                0x0800a344                RCC_PCLK1Config
                0x0800a388                RCC_PCLK2Config
                0x0800a3d0                RCC_GetClocksFreq
                0x0800a5a0                RCC_RTCCLKConfig
                0x0800a618                RCC_RTCCLKCmd
                0x0800a638                RCC_BackupResetCmd
                0x0800a658                RCC_I2SCLKConfig
                0x0800a678                RCC_AHB1PeriphClockCmd
                0x0800a6d0                RCC_AHB2PeriphClockCmd
                0x0800a728                RCC_AHB3PeriphClockCmd
                0x0800a780                RCC_APB1PeriphClockCmd
                0x0800a7d8                RCC_APB2PeriphClockCmd
                0x0800a830                RCC_AHB1PeriphResetCmd
                0x0800a888                RCC_AHB2PeriphResetCmd
                0x0800a8e0                RCC_AHB3PeriphResetCmd
                0x0800a938                RCC_APB1PeriphResetCmd
                0x0800a990                RCC_APB2PeriphResetCmd
                0x0800a9e8                RCC_AHB1PeriphClockLPModeCmd
                0x0800aa40                RCC_AHB2PeriphClockLPModeCmd
                0x0800aa98                RCC_AHB3PeriphClockLPModeCmd
                0x0800aaf0                RCC_APB1PeriphClockLPModeCmd
                0x0800ab48                RCC_APB2PeriphClockLPModeCmd
                0x0800aba0                RCC_ITConfig
                0x0800ac04                RCC_GetFlagStatus
                0x0800ac94                RCC_ClearFlag
                0x0800acb8                RCC_GetITStatus
                0x0800acf8                RCC_ClearITPendingBit
 .text          0x0800ad18      0x1a0 ./STM32F2xx_StdPeriph_Driver/src/stm32f2xx_rng.o
                0x0800ad18                RNG_DeInit
                0x0800ad38                RNG_Cmd
                0x0800ad84                RNG_GetRandomNumber
                0x0800ad9c                RNG_ITConfig
                0x0800ade8                RNG_GetFlagStatus
                0x0800ae28                RNG_ClearFlag
                0x0800ae50                RNG_GetITStatus
                0x0800ae90                RNG_ClearITPendingBit
 .text          0x0800aeb8     0x176c ./STM32F2xx_StdPeriph_Driver/src/stm32f2xx_rtc.o
                0x0800aeb8                RTC_DeInit
                0x0800b024                RTC_Init
                0x0800b0e8                RTC_StructInit
                0x0800b114                RTC_WriteProtectionCmd
                0x0800b15c                RTC_EnterInitMode
                0x0800b1f0                RTC_ExitInitMode
                0x0800b214                RTC_WaitForSynchro
                0x0800b2c4                RTC_RefClockCmd
                0x0800b360                RTC_SetTime
                0x0800b4b4                RTC_TimeStructInit
                0x0800b4e8                RTC_GetTime
                0x0800b594                RTC_SetDate
                0x0800b6e0                RTC_DateStructInit
                0x0800b714                RTC_GetDate
                0x0800b7c4                RTC_SetAlarm
                0x0800b950                RTC_AlarmStructInit
                0x0800b99c                RTC_GetAlarm
                0x0800ba88                RTC_AlarmCmd
                0x0800bb78                RTC_WakeUpClockConfig
                0x0800bbe8                RTC_SetWakeUpCounter
                0x0800bc30                RTC_GetWakeUpCounter
                0x0800bc50                RTC_WakeUpCmd
                0x0800bd28                RTC_DayLightSavingConfig
                0x0800bda0                RTC_GetStoreOperation
                0x0800bdbc                RTC_OutputConfig
                0x0800be34                RTC_CoarseCalibConfig
                0x0800bea8                RTC_CoarseCalibCmd
                0x0800bf44                RTC_CalibOutputCmd
                0x0800bfbc                RTC_TimeStampCmd
                0x0800c044                RTC_GetTimeStamp
                0x0800c178                RTC_TamperTriggerConfig
                0x0800c1d4                RTC_TamperCmd
                0x0800c22c                RTC_WriteBackupRegister
                0x0800c264                RTC_ReadBackupRegister
                0x0800c298                RTC_TamperPinSelection
                0x0800c2dc                RTC_TimeStampPinSelection
                0x0800c320                RTC_OutputTypeConfig
                0x0800c364                RTC_ITConfig
                0x0800c42c                RTC_GetFlagStatus
                0x0800c47c                RTC_ClearFlag
                0x0800c4bc                RTC_GetITStatus
                0x0800c550                RTC_ClearITPendingBit
 .text          0x0800c624      0x5b0 ./STM32F2xx_StdPeriph_Driver/src/stm32f2xx_sdio.o
                0x0800c624                SDIO_DeInit
                0x0800c644                SDIO_Init
                0x0800c6b8                SDIO_StructInit
                0x0800c6fc                SDIO_ClockCmd
                0x0800c71c                SDIO_SetPowerState
                0x0800c760                SDIO_GetPowerState
                0x0800c77c                SDIO_SendCommand
                0x0800c7ec                SDIO_CmdStructInit
                0x0800c828                SDIO_GetCommandResponse
                0x0800c840                SDIO_GetResponse
                0x0800c86c                SDIO_DataConfig
                0x0800c8e4                SDIO_DataStructInit
                0x0800c928                SDIO_GetDataCounter
                0x0800c940                SDIO_ReadData
                0x0800c958                SDIO_WriteData
                0x0800c978                SDIO_GetFIFOCount
                0x0800c990                SDIO_StartSDIOReadWait
                0x0800c9b0                SDIO_StopSDIOReadWait
                0x0800c9d0                SDIO_SetSDIOReadWaitMode
                0x0800c9f0                SDIO_SetSDIOOperation
                0x0800ca10                SDIO_SendSDIOSuspendCmd
                0x0800ca30                SDIO_CommandCompletionCmd
                0x0800ca50                SDIO_CEATAITCmd
                0x0800ca7c                SDIO_SendCEATACmd
                0x0800ca9c                SDIO_DMACmd
                0x0800cabc                SDIO_ITConfig
                0x0800cb14                SDIO_GetFlagStatus
                0x0800cb54                SDIO_ClearFlag
                0x0800cb74                SDIO_GetITStatus
                0x0800cbb4                SDIO_ClearITPendingBit
 .text          0x0800cbd4      0x870 ./STM32F2xx_StdPeriph_Driver/src/stm32f2xx_spi.o
                0x0800cbd4                SPI_I2S_DeInit
                0x0800cc5c                SPI_Init
                0x0800ccf4                I2S_Init
                0x0800cf18                SPI_StructInit
                0x0800cf74                I2S_StructInit
                0x0800cfb8                SPI_Cmd
                0x0800cff8                I2S_Cmd
                0x0800d038                SPI_DataSizeConfig
                0x0800d070                SPI_BiDirectionalLineConfig
                0x0800d0b0                SPI_NSSInternalSoftwareConfig
                0x0800d0f4                SPI_SSOutputCmd
                0x0800d134                SPI_TIModeCmd
                0x0800d174                SPI_I2S_ReceiveData
                0x0800d190                SPI_I2S_SendData
                0x0800d1ac                SPI_CalculateCRC
                0x0800d1ec                SPI_TransmitCRC
                0x0800d210                SPI_GetCRC
                0x0800d244                SPI_GetCRCPolynomial
                0x0800d260                SPI_I2S_DMACmd
                0x0800d2ac                SPI_I2S_ITConfig
                0x0800d31c                SPI_I2S_GetFlagStatus
                0x0800d35c                SPI_I2S_ClearFlag
                0x0800d380                SPI_I2S_GetITStatus
                0x0800d40c                SPI_I2S_ClearITPendingBit
 .text          0x0800d444      0x174 ./STM32F2xx_StdPeriph_Driver/src/stm32f2xx_syscfg.o
                0x0800d444                SYSCFG_DeInit
                0x0800d464                SYSCFG_MemoryRemapConfig
                0x0800d484                SYSCFG_EXTILineConfig
                0x0800d53c                SYSCFG_ETH_MediaInterfaceConfig
                0x0800d55c                SYSCFG_CompensationCellCmd
                0x0800d57c                SYSCFG_GetCompensationCellStatus
 .text          0x0800d5b8     0x1e38 ./STM32F2xx_StdPeriph_Driver/src/stm32f2xx_tim.o
                0x0800d5b8                TIM_DeInit
                0x0800d7f0                TIM_TimeBaseInit
                0x0800d8e8                TIM_TimeBaseStructInit
                0x0800d924                TIM_PrescalerConfig
                0x0800d94c                TIM_CounterModeConfig
                0x0800d988                TIM_SetCounter
                0x0800d9a4                TIM_SetAutoreload
                0x0800d9c0                TIM_GetCounter
                0x0800d9d8                TIM_GetPrescaler
                0x0800d9f4                TIM_UpdateDisableConfig
                0x0800da34                TIM_UpdateRequestConfig
                0x0800da74                TIM_ARRPreloadConfig
                0x0800dab4                TIM_SelectOnePulseMode
                0x0800daec                TIM_SetClockDivision
                0x0800db24                TIM_Cmd
                0x0800db64                TIM_OC1Init
                0x0800dc70                TIM_OC2Init
                0x0800dda4                TIM_OC3Init
                0x0800ded4                TIM_OC4Init
                0x0800dfbc                TIM_OCStructInit
                0x0800e010                TIM_SelectOCxM
                0x0800e0d8                TIM_SetCompare1
                0x0800e0f4                TIM_SetCompare2
                0x0800e110                TIM_SetCompare3
                0x0800e12c                TIM_SetCompare4
                0x0800e148                TIM_ForcedOC1Config
                0x0800e184                TIM_ForcedOC2Config
                0x0800e1c4                TIM_ForcedOC3Config
                0x0800e200                TIM_ForcedOC4Config
                0x0800e240                TIM_OC1PreloadConfig
                0x0800e27c                TIM_OC2PreloadConfig
                0x0800e2bc                TIM_OC3PreloadConfig
                0x0800e2f8                TIM_OC4PreloadConfig
                0x0800e338                TIM_OC1FastConfig
                0x0800e374                TIM_OC2FastConfig
                0x0800e3b4                TIM_OC3FastConfig
                0x0800e3f0                TIM_OC4FastConfig
                0x0800e430                TIM_ClearOC1Ref
                0x0800e46c                TIM_ClearOC2Ref
                0x0800e4b0                TIM_ClearOC3Ref
                0x0800e4ec                TIM_ClearOC4Ref
                0x0800e530                TIM_OC1PolarityConfig
                0x0800e56c                TIM_OC1NPolarityConfig
                0x0800e5a8                TIM_OC2PolarityConfig
                0x0800e5e8                TIM_OC2NPolarityConfig
                0x0800e628                TIM_OC3PolarityConfig
                0x0800e668                TIM_OC3NPolarityConfig
                0x0800e6a8                TIM_OC4PolarityConfig
                0x0800e6e8                TIM_CCxCmd
                0x0800e748                TIM_CCxNCmd
                0x0800e7a8                TIM_ICInit
                0x0800e850                TIM_ICStructInit
                0x0800e88c                TIM_PWMIConfig
                0x0800e950                TIM_GetCapture1
                0x0800e968                TIM_GetCapture2
                0x0800e980                TIM_GetCapture3
                0x0800e998                TIM_GetCapture4
                0x0800e9b0                TIM_SetIC1Prescaler
                0x0800e9e8                TIM_SetIC2Prescaler
                0x0800ea28                TIM_SetIC3Prescaler
                0x0800ea60                TIM_SetIC4Prescaler
                0x0800eaa0                TIM_BDTRConfig
                0x0800eafc                TIM_BDTRStructInit
                0x0800eb48                TIM_CtrlPWMOutputs
                0x0800eb98                TIM_SelectCOM
                0x0800ebd8                TIM_CCPreloadControl
                0x0800ec18                TIM_ITConfig
                0x0800ec64                TIM_GenerateEvent
                0x0800ec80                TIM_GetFlagStatus
                0x0800ecc0                TIM_ClearFlag
                0x0800ece4                TIM_GetITStatus
                0x0800ed48                TIM_ClearITPendingBit
                0x0800ed6c                TIM_DMAConfig
                0x0800ed98                TIM_DMACmd
                0x0800ede4                TIM_SelectCCDMA
                0x0800ee24                TIM_InternalClockConfig
                0x0800ee48                TIM_ITRxExternalClockConfig
                0x0800ee78                TIM_TIxExternalClockConfig
                0x0800eed0                TIM_ETRClockMode1Config
                0x0800ef24                TIM_ETRClockMode2Config
                0x0800ef58                TIM_SelectInputTrigger
                0x0800ef94                TIM_SelectOutputTrigger
                0x0800efcc                TIM_SelectSlaveMode
                0x0800f004                TIM_SelectMasterSlaveMode
                0x0800f03c                TIM_ETRConfig
                0x0800f090                TIM_EncoderInterfaceConfig
                0x0800f128                TIM_SelectHallSensor
                0x0800f168                TIM_RemapConfig
 .text          0x0800f3f0      0xa10 ./STM32F2xx_StdPeriph_Driver/src/stm32f2xx_usart.o
                0x0800f3f0                USART_DeInit
                0x0800f4f0                USART_Init
                0x0800f6ac                USART_StructInit
                0x0800f6f0                USART_ClockInit
                0x0800f74c                USART_ClockStructInit
                0x0800f780                USART_Cmd
                0x0800f7c0                USART_SetPrescaler
                0x0800f7fc                USART_OverSampling8Cmd
                0x0800f844                USART_OneBitMethodCmd
                0x0800f884                USART_SendData
                0x0800f8ac                USART_ReceiveData
                0x0800f8d0                USART_SetAddress
                0x0800f90c                USART_ReceiverWakeUpCmd
                0x0800f94c                USART_WakeUpConfig
                0x0800f984                USART_LINBreakDetectLengthConfig
                0x0800f9bc                USART_LINCmd
                0x0800f9fc                USART_SendBreak
                0x0800fa20                USART_HalfDuplexCmd
                0x0800fa60                USART_SetGuardTime
                0x0800faa0                USART_SmartCardCmd
                0x0800fae0                USART_SmartCardNACKCmd
                0x0800fb20                USART_IrDAConfig
                0x0800fb58                USART_IrDACmd
                0x0800fb98                USART_DMACmd
                0x0800fbe4                USART_ITConfig
                0x0800fc8c                USART_GetFlagStatus
                0x0800fccc                USART_ClearFlag
                0x0800fcf0                USART_GetITStatus
                0x0800fdbc                USART_ClearITPendingBit
 .text          0x0800fe00      0x158 ./STM32F2xx_StdPeriph_Driver/src/stm32f2xx_wwdg.o
                0x0800fe00                WWDG_DeInit
                0x0800fe20                WWDG_SetPrescaler
                0x0800fe60                WWDG_SetWindowValue
                0x0800fea4                WWDG_EnableIT
                0x0800febc                WWDG_SetCounter
                0x0800fee0                WWDG_Enable
                0x0800ff08                WWDG_GetFlagStatus
                0x0800ff40                WWDG_ClearFlag
 .text          0x0800ff58        0xc c:/cad/yagarto/bin/../lib/gcc/arm-none-eabi/4.5.2/../../../../arm-none-eabi/lib/thumb/v7m\libg.a(lib_a-errno.o)
                0x0800ff58                __errno
 .text          0x0800ff64        0x0 c:/cad/yagarto/bin/../lib/gcc/arm-none-eabi/4.5.2/../../../../arm-none-eabi/lib/thumb/v7m\libg.a(lib_a-impure.o)
 .text          0x0800ff64       0x9c c:/cad/yagarto/bin/../lib/gcc/arm-none-eabi/4.5.2/../../../../arm-none-eabi/lib/thumb/v7m\libg.a(lib_a-memset.o)
                0x0800ff64                memset
 *(.text*)
 .text.Reset_Handler
                0x08010000       0x44 ./system/startup_stm32f2xx.o
                0x08010000                Reset_Handler
 .text.Default_Handler
                0x08010044        0x2 ./system/startup_stm32f2xx.o
                0x08010044                RTC_Alarm_IRQHandler
                0x08010044                HASH_RNG_IRQHandler
                0x08010044                EXTI2_IRQHandler
                0x08010044                TIM8_CC_IRQHandler
                0x08010044                TIM1_CC_IRQHandler
                0x08010044                DMA2_Stream5_IRQHandler
                0x08010044                DMA1_Stream5_IRQHandler
                0x08010044                PVD_IRQHandler
                0x08010044                SDIO_IRQHandler
                0x08010044                TAMP_STAMP_IRQHandler
                0x08010044                CAN2_RX1_IRQHandler
                0x08010044                EXTI3_IRQHandler
                0x08010044                TIM8_TRG_COM_TIM14_IRQHandler
                0x08010044                TIM1_UP_TIM10_IRQHandler
                0x08010044                TIM8_UP_TIM13_IRQHandler
                0x08010044                I2C3_ER_IRQHandler
                0x08010044                EXTI0_IRQHandler
                0x08010044                I2C2_EV_IRQHandler
                0x08010044                DMA1_Stream2_IRQHandler
                0x08010044                CAN1_RX0_IRQHandler
                0x08010044                OTG_HS_WKUP_IRQHandler
                0x08010044                CAN2_SCE_IRQHandler
                0x08010044                DMA2_Stream2_IRQHandler
                0x08010044                SPI1_IRQHandler
                0x08010044                TIM6_DAC_IRQHandler
                0x08010044                TIM1_BRK_TIM9_IRQHandler
                0x08010044                DCMI_IRQHandler
                0x08010044                CAN2_RX0_IRQHandler
                0x08010044                DMA2_Stream3_IRQHandler
                0x08010044                USART6_IRQHandler
                0x08010044                CRYP_IRQHandler
                0x08010044                CAN1_RX1_IRQHandler
                0x08010044                UART5_IRQHandler
                0x08010044                DMA2_Stream0_IRQHandler
                0x08010044                TIM4_IRQHandler
                0x08010044                I2C1_EV_IRQHandler
                0x08010044                DMA1_Stream6_IRQHandler
                0x08010044                DMA1_Stream1_IRQHandler
                0x08010044                UART4_IRQHandler
                0x08010044                TIM3_IRQHandler
                0x08010044                RCC_IRQHandler
                0x08010044                TIM8_BRK_TIM12_IRQHandler
                0x08010044                Default_Handler
                0x08010044                EXTI15_10_IRQHandler
                0x08010044                ADC_IRQHandler
                0x08010044                DMA1_Stream7_IRQHandler
                0x08010044                TIM7_IRQHandler
                0x08010044                CAN2_TX_IRQHandler
                0x08010044                TIM5_IRQHandler
                0x08010044                DMA2_Stream7_IRQHandler
                0x08010044                I2C3_EV_IRQHandler
                0x08010044                EXTI9_5_IRQHandler
                0x08010044                RTC_WKUP_IRQHandler
                0x08010044                ETH_WKUP_IRQHandler
                0x08010044                SPI2_IRQHandler
                0x08010044                OTG_HS_EP1_IN_IRQHandler
                0x08010044                DMA1_Stream0_IRQHandler
                0x08010044                CAN1_TX_IRQHandler
                0x08010044                EXTI4_IRQHandler
                0x08010044                FSMC_IRQHandler
                0x08010044                ETH_IRQHandler
                0x08010044                OTG_HS_EP1_OUT_IRQHandler
                0x08010044                WWDG_IRQHandler
                0x08010044                TIM2_IRQHandler
                0x08010044                OTG_FS_WKUP_IRQHandler
                0x08010044                TIM1_TRG_COM_TIM11_IRQHandler
                0x08010044                OTG_HS_IRQHandler
                0x08010044                EXTI1_IRQHandler
                0x08010044                USART2_IRQHandler
                0x08010044                I2C2_ER_IRQHandler
                0x08010044                DMA2_Stream1_IRQHandler
                0x08010044                CAN1_SCE_IRQHandler
                0x08010044                FLASH_IRQHandler
                0x08010044                DMA2_Stream4_IRQHandler
                0x08010044                USART1_IRQHandler
                0x08010044                OTG_FS_IRQHandler
                0x08010044                SPI3_IRQHandler
                0x08010044                DMA1_Stream4_IRQHandler
                0x08010044                I2C1_ER_IRQHandler
                0x08010044                DMA2_Stream6_IRQHandler
                0x08010044                DMA1_Stream3_IRQHandler
 *(.rodata)
 *fill*         0x08010046        0x2 00
 .rodata        0x08010048       0x34 ./sources/TE_STM32F207.o
                0x08010048                GPIO_PIN
                0x0801004c                GPIO_CLK
                0x08010050                COM_USART_CLK
                0x08010054                COM_TX_PORT_CLK
                0x08010058                COM_RX_PORT_CLK
                0x0801005c                COM_TX_PIN
                0x08010060                COM_RX_PIN
                0x08010064                COM_TX_PIN_SOURCE
                0x08010068                COM_RX_PIN_SOURCE
                0x0801006c                COM_TX_AF
                0x08010070                COM_RX_AF
                0x08010074                Escalator8bit
 .rodata        0x0801007c        0x4 c:/cad/yagarto/bin/../lib/gcc/arm-none-eabi/4.5.2/../../../../arm-none-eabi/lib/thumb/v7m\libg.a(lib_a-impure.o)
                0x0801007c                _global_impure_ptr
 *(.rodata*)
 .rodata.str1.4
                0x08010080        0x4 c:/cad/yagarto/bin/../lib/gcc/arm-none-eabi/4.5.2/../../../../arm-none-eabi/lib/thumb/v7m\libg.a(lib_a-impure.o)
 *(.glue_7)
 .glue_7        0x00000000        0x0 linker stubs
 *(.glue_7t)
 .glue_7t       0x00000000        0x0 linker stubs
 *(.eh_frame)
 *(.init)
 *(.fini)
                0x08010084                . = ALIGN (0x4)
                0x08010084                _etext = .

.vfp11_veneer   0x08010084        0x0
 .vfp11_veneer  0x00000000        0x0 linker stubs

.v4_bx          0x08010084        0x0
 .v4_bx         0x00000000        0x0 linker stubs

.ARM.extab
 *(.ARM.extab* .gnu.linkonce.armextab.*)

.ARM            0x08010084        0x0
                0x08010084                __exidx_start = .
 *(.ARM.exidx*)
                0x08010084                __exidx_end = .

.preinit_array  0x08010084        0x0
                0x08010084                PROVIDE (__preinit_array_start, .)
 *(.preinit_array*)
                0x08010084                PROVIDE (__preinit_array_end, .)

.init_array     0x08010084        0x0
                0x08010084                PROVIDE (__init_array_start, .)
 *(SORT(.init_array.*))
 *(.init_array*)
                0x08010084                PROVIDE (__init_array_end, .)

.fini_array     0x08010084        0x0
                0x08010084                PROVIDE (__fini_array_start, .)
 *(.fini_array*)
 *(SORT(.fini_array.*))
                0x08010084                PROVIDE (__fini_array_end, .)
                0x08010084                _sidata = .

.data           0x20000000      0x468 load address 0x08010084
                0x20000000                . = ALIGN (0x4)
                0x20000000                _sdata = .
 *(.data)
 .data          0x20000000        0x0 ./main.o
 .data          0x20000000        0x0 ./system/core_cm3.o
 .data          0x20000000        0x0 ./system/startup_stm32f2xx.o
 .data          0x20000000        0x0 ./system/syscalls.o
 .data          0x20000000       0x14 ./system/system_stm32f2xx.o
                0x20000000                SystemCoreClock
                0x20000004                AHBPrescTable
 .data          0x20000014        0x0 ./system/udiv.o
 .data          0x20000014       0x10 ./sources/TE_STM32F207.o
                0x20000014                GPIO_PORT
                0x20000018                COM_USART
                0x2000001c                COM_TX_PORT
                0x20000020                COM_RX_PORT
 .data          0x20000024        0x0 ./sources/dataflash.o
 .data          0x20000024        0x4 ./sources/stm32f2xx_it.o
 .data          0x20000028        0x0 ./STM32F2xx_StdPeriph_Driver/src/misc.o
 .data          0x20000028        0x0 ./STM32F2xx_StdPeriph_Driver/src/stm32f2xx_adc.o
 .data          0x20000028        0x0 ./STM32F2xx_StdPeriph_Driver/src/stm32f2xx_can.o
 .data          0x20000028        0x0 ./STM32F2xx_StdPeriph_Driver/src/stm32f2xx_crc.o
 .data          0x20000028        0x0 ./STM32F2xx_StdPeriph_Driver/src/stm32f2xx_cryp.o
 .data          0x20000028        0x0 ./STM32F2xx_StdPeriph_Driver/src/stm32f2xx_cryp_aes.o
 .data          0x20000028        0x0 ./STM32F2xx_StdPeriph_Driver/src/stm32f2xx_cryp_des.o
 .data          0x20000028        0x0 ./STM32F2xx_StdPeriph_Driver/src/stm32f2xx_cryp_tdes.o
 .data          0x20000028        0x0 ./STM32F2xx_StdPeriph_Driver/src/stm32f2xx_dac.o
 .data          0x20000028        0x0 ./STM32F2xx_StdPeriph_Driver/src/stm32f2xx_dbgmcu.o
 .data          0x20000028        0x0 ./STM32F2xx_StdPeriph_Driver/src/stm32f2xx_dcmi.o
 .data          0x20000028        0x0 ./STM32F2xx_StdPeriph_Driver/src/stm32f2xx_dma.o
 .data          0x20000028        0x0 ./STM32F2xx_StdPeriph_Driver/src/stm32f2xx_exti.o
 .data          0x20000028        0x0 ./STM32F2xx_StdPeriph_Driver/src/stm32f2xx_flash.o
 .data          0x20000028        0x0 ./STM32F2xx_StdPeriph_Driver/src/stm32f2xx_fsmc.o
 .data          0x20000028        0x0 ./STM32F2xx_StdPeriph_Driver/src/stm32f2xx_gpio.o
 .data          0x20000028        0x0 ./STM32F2xx_StdPeriph_Driver/src/stm32f2xx_hash.o
 .data          0x20000028        0x0 ./STM32F2xx_StdPeriph_Driver/src/stm32f2xx_hash_md5.o
 .data          0x20000028        0x0 ./STM32F2xx_StdPeriph_Driver/src/stm32f2xx_hash_sha1.o
 .data          0x20000028        0x0 ./STM32F2xx_StdPeriph_Driver/src/stm32f2xx_i2c.o
 .data          0x20000028        0x0 ./STM32F2xx_StdPeriph_Driver/src/stm32f2xx_iwdg.o
 .data          0x20000028        0x0 ./STM32F2xx_StdPeriph_Driver/src/stm32f2xx_pwr.o
 .data          0x20000028       0x10 ./STM32F2xx_StdPeriph_Driver/src/stm32f2xx_rcc.o
 .data          0x20000038        0x0 ./STM32F2xx_StdPeriph_Driver/src/stm32f2xx_rng.o
 .data          0x20000038        0x0 ./STM32F2xx_StdPeriph_Driver/src/stm32f2xx_rtc.o
 .data          0x20000038        0x0 ./STM32F2xx_StdPeriph_Driver/src/stm32f2xx_sdio.o
 .data          0x20000038        0x0 ./STM32F2xx_StdPeriph_Driver/src/stm32f2xx_spi.o
 .data          0x20000038        0x0 ./STM32F2xx_StdPeriph_Driver/src/stm32f2xx_syscfg.o
 .data          0x20000038        0x0 ./STM32F2xx_StdPeriph_Driver/src/stm32f2xx_tim.o
 .data          0x20000038        0x0 ./STM32F2xx_StdPeriph_Driver/src/stm32f2xx_usart.o
 .data          0x20000038        0x0 ./STM32F2xx_StdPeriph_Driver/src/stm32f2xx_wwdg.o
 .data          0x20000038        0x0 c:/cad/yagarto/bin/../lib/gcc/arm-none-eabi/4.5.2/../../../../arm-none-eabi/lib/thumb/v7m\libg.a(lib_a-errno.o)
 .data          0x20000038      0x430 c:/cad/yagarto/bin/../lib/gcc/arm-none-eabi/4.5.2/../../../../arm-none-eabi/lib/thumb/v7m\libg.a(lib_a-impure.o)
                0x20000038                _impure_ptr
 .data          0x20000468        0x0 c:/cad/yagarto/bin/../lib/gcc/arm-none-eabi/4.5.2/../../../../arm-none-eabi/lib/thumb/v7m\libg.a(lib_a-memset.o)
 *(.data*)
                0x20000468                . = ALIGN (0x4)
                0x20000468                _edata = .
                0x20000468                . = ALIGN (0x4)

.bss            0x20000468      0x308 load address 0x080104ec
                0x20000468                _sbss = .
                0x20000468                __bss_start__ = _sbss
 *(.bss)
 .bss           0x20000468        0x4 ./main.o
 .bss           0x2000046c        0x0 ./system/core_cm3.o
 .bss           0x2000046c        0x0 ./system/startup_stm32f2xx.o
 .bss           0x2000046c        0x4 ./system/syscalls.o
 .bss           0x20000470        0x0 ./system/system_stm32f2xx.o
 .bss           0x20000470        0x0 ./system/udiv.o
 .bss           0x20000470        0x0 ./sources/TE_STM32F207.o
 .bss           0x20000470        0x0 ./sources/dataflash.o
 .bss           0x20000470      0x210 ./sources/stm32f2xx_it.o
 .bss           0x20000680        0x0 ./STM32F2xx_StdPeriph_Driver/src/misc.o
 .bss           0x20000680        0x0 ./STM32F2xx_StdPeriph_Driver/src/stm32f2xx_adc.o
 .bss           0x20000680        0x0 ./STM32F2xx_StdPeriph_Driver/src/stm32f2xx_can.o
 .bss           0x20000680        0x0 ./STM32F2xx_StdPeriph_Driver/src/stm32f2xx_crc.o
 .bss           0x20000680        0x0 ./STM32F2xx_StdPeriph_Driver/src/stm32f2xx_cryp.o
 .bss           0x20000680        0x0 ./STM32F2xx_StdPeriph_Driver/src/stm32f2xx_cryp_aes.o
 .bss           0x20000680        0x0 ./STM32F2xx_StdPeriph_Driver/src/stm32f2xx_cryp_des.o
 .bss           0x20000680        0x0 ./STM32F2xx_StdPeriph_Driver/src/stm32f2xx_cryp_tdes.o
 .bss           0x20000680        0x0 ./STM32F2xx_StdPeriph_Driver/src/stm32f2xx_dac.o
 .bss           0x20000680        0x0 ./STM32F2xx_StdPeriph_Driver/src/stm32f2xx_dbgmcu.o
 .bss           0x20000680        0x0 ./STM32F2xx_StdPeriph_Driver/src/stm32f2xx_dcmi.o
 .bss           0x20000680        0x0 ./STM32F2xx_StdPeriph_Driver/src/stm32f2xx_dma.o
 .bss           0x20000680        0x0 ./STM32F2xx_StdPeriph_Driver/src/stm32f2xx_exti.o
 .bss           0x20000680        0x0 ./STM32F2xx_StdPeriph_Driver/src/stm32f2xx_flash.o
 .bss           0x20000680        0x0 ./STM32F2xx_StdPeriph_Driver/src/stm32f2xx_fsmc.o
 .bss           0x20000680        0x0 ./STM32F2xx_StdPeriph_Driver/src/stm32f2xx_gpio.o
 .bss           0x20000680        0x0 ./STM32F2xx_StdPeriph_Driver/src/stm32f2xx_hash.o
 .bss           0x20000680        0x0 ./STM32F2xx_StdPeriph_Driver/src/stm32f2xx_hash_md5.o
 .bss           0x20000680        0x0 ./STM32F2xx_StdPeriph_Driver/src/stm32f2xx_hash_sha1.o
 .bss           0x20000680        0x0 ./STM32F2xx_StdPeriph_Driver/src/stm32f2xx_i2c.o
 .bss           0x20000680        0x0 ./STM32F2xx_StdPeriph_Driver/src/stm32f2xx_iwdg.o
 .bss           0x20000680        0x0 ./STM32F2xx_StdPeriph_Driver/src/stm32f2xx_pwr.o
 .bss           0x20000680        0x0 ./STM32F2xx_StdPeriph_Driver/src/stm32f2xx_rcc.o
 .bss           0x20000680        0x0 ./STM32F2xx_StdPeriph_Driver/src/stm32f2xx_rng.o
 .bss           0x20000680        0x0 ./STM32F2xx_StdPeriph_Driver/src/stm32f2xx_rtc.o
 .bss           0x20000680        0x0 ./STM32F2xx_StdPeriph_Driver/src/stm32f2xx_sdio.o
 .bss           0x20000680        0x0 ./STM32F2xx_StdPeriph_Driver/src/stm32f2xx_spi.o
 .bss           0x20000680        0x0 ./STM32F2xx_StdPeriph_Driver/src/stm32f2xx_syscfg.o
 .bss           0x20000680        0x0 ./STM32F2xx_StdPeriph_Driver/src/stm32f2xx_tim.o
 .bss           0x20000680        0x0 ./STM32F2xx_StdPeriph_Driver/src/stm32f2xx_usart.o
 .bss           0x20000680        0x0 ./STM32F2xx_StdPeriph_Driver/src/stm32f2xx_wwdg.o
 .bss           0x20000680        0x0 c:/cad/yagarto/bin/../lib/gcc/arm-none-eabi/4.5.2/../../../../arm-none-eabi/lib/thumb/v7m\libg.a(lib_a-errno.o)
 .bss           0x20000680        0x0 c:/cad/yagarto/bin/../lib/gcc/arm-none-eabi/4.5.2/../../../../arm-none-eabi/lib/thumb/v7m\libg.a(lib_a-impure.o)
 .bss           0x20000680        0x0 c:/cad/yagarto/bin/../lib/gcc/arm-none-eabi/4.5.2/../../../../arm-none-eabi/lib/thumb/v7m\libg.a(lib_a-memset.o)
 *(.bss*)
 *(COMMON)
 COMMON         0x20000680       0xb0 ./main.o
                0x20000680                ADCConvertedValue
                0x20000684                test_page
                0x200006c8                read_page
                0x2000070c                pDf
 COMMON         0x20000730       0x40 ./sources/TE_STM32F207.o
                0x20000730                sEEDMA_InitStructure
                0x2000076c                NVIC_InitStructure
                0x20000770                . = ALIGN (0x4)
                0x20000770                _ebss = .
                0x20000770                __bss_end__ = _ebss
                0x20000770                PROVIDE (end, _ebss)
                0x20000770                PROVIDE (_end, _ebss)

._user_heap_stack
                0x20000770      0x200 load address 0x080107f4
                0x20000770                . = ALIGN (0x4)
                0x20000770                . = (. + _Min_Heap_Size)
                0x20000970                . = (. + _Min_Stack_Size)
 *fill*         0x20000770      0x200 00
                0x20000970                . = ALIGN (0x4)

.memory_b1_text
 *(.mb1text)
 *(.mb1text*)
 *(.mb1rodata)
 *(.mb1rodata*)

/DISCARD/
 libc.a(*)
 libm.a(*)
 libgcc.a(*)

.ARM.attributes
                0x00000000       0x2f
 *(.ARM.attributes)
 .ARM.attributes
                0x00000000       0x31 ./main.o
 .ARM.attributes
                0x00000031       0x31 ./system/core_cm3.o
 .ARM.attributes
                0x00000062       0x21 ./system/startup_stm32f2xx.o
 .ARM.attributes
                0x00000083       0x31 ./system/syscalls.o
 .ARM.attributes
                0x000000b4       0x31 ./system/system_stm32f2xx.o
 .ARM.attributes
                0x000000e5       0x31 ./system/udiv.o
 .ARM.attributes
                0x00000116       0x31 ./sources/TE_STM32F207.o
 .ARM.attributes
                0x00000147       0x31 ./sources/dataflash.o
 .ARM.attributes
                0x00000178       0x31 ./sources/stm32f2xx_it.o
 .ARM.attributes
                0x000001a9       0x31 ./STM32F2xx_StdPeriph_Driver/src/misc.o
 .ARM.attributes
                0x000001da       0x31 ./STM32F2xx_StdPeriph_Driver/src/stm32f2xx_adc.o
 .ARM.attributes
                0x0000020b       0x31 ./STM32F2xx_StdPeriph_Driver/src/stm32f2xx_can.o
 .ARM.attributes
                0x0000023c       0x31 ./STM32F2xx_StdPeriph_Driver/src/stm32f2xx_crc.o
 .ARM.attributes
                0x0000026d       0x31 ./STM32F2xx_StdPeriph_Driver/src/stm32f2xx_cryp.o
 .ARM.attributes
                0x0000029e       0x31 ./STM32F2xx_StdPeriph_Driver/src/stm32f2xx_cryp_aes.o
 .ARM.attributes
                0x000002cf       0x31 ./STM32F2xx_StdPeriph_Driver/src/stm32f2xx_cryp_des.o
 .ARM.attributes
                0x00000300       0x31 ./STM32F2xx_StdPeriph_Driver/src/stm32f2xx_cryp_tdes.o
 .ARM.attributes
                0x00000331       0x31 ./STM32F2xx_StdPeriph_Driver/src/stm32f2xx_dac.o
 .ARM.attributes
                0x00000362       0x31 ./STM32F2xx_StdPeriph_Driver/src/stm32f2xx_dbgmcu.o
 .ARM.attributes
                0x00000393       0x31 ./STM32F2xx_StdPeriph_Driver/src/stm32f2xx_dcmi.o
 .ARM.attributes
                0x000003c4       0x31 ./STM32F2xx_StdPeriph_Driver/src/stm32f2xx_dma.o
 .ARM.attributes
                0x000003f5       0x31 ./STM32F2xx_StdPeriph_Driver/src/stm32f2xx_exti.o
 .ARM.attributes
                0x00000426       0x31 ./STM32F2xx_StdPeriph_Driver/src/stm32f2xx_flash.o
 .ARM.attributes
                0x00000457       0x31 ./STM32F2xx_StdPeriph_Driver/src/stm32f2xx_fsmc.o
 .ARM.attributes
                0x00000488       0x31 ./STM32F2xx_StdPeriph_Driver/src/stm32f2xx_gpio.o
 .ARM.attributes
                0x000004b9       0x31 ./STM32F2xx_StdPeriph_Driver/src/stm32f2xx_hash.o
 .ARM.attributes
                0x000004ea       0x31 ./STM32F2xx_StdPeriph_Driver/src/stm32f2xx_hash_md5.o
 .ARM.attributes
                0x0000051b       0x31 ./STM32F2xx_StdPeriph_Driver/src/stm32f2xx_hash_sha1.o
 .ARM.attributes
                0x0000054c       0x31 ./STM32F2xx_StdPeriph_Driver/src/stm32f2xx_i2c.o
 .ARM.attributes
                0x0000057d       0x31 ./STM32F2xx_StdPeriph_Driver/src/stm32f2xx_iwdg.o
 .ARM.attributes
                0x000005ae       0x31 ./STM32F2xx_StdPeriph_Driver/src/stm32f2xx_pwr.o
 .ARM.attributes
                0x000005df       0x31 ./STM32F2xx_StdPeriph_Driver/src/stm32f2xx_rcc.o
 .ARM.attributes
                0x00000610       0x31 ./STM32F2xx_StdPeriph_Driver/src/stm32f2xx_rng.o
 .ARM.attributes
                0x00000641       0x31 ./STM32F2xx_StdPeriph_Driver/src/stm32f2xx_rtc.o
 .ARM.attributes
                0x00000672       0x31 ./STM32F2xx_StdPeriph_Driver/src/stm32f2xx_sdio.o
 .ARM.attributes
                0x000006a3       0x31 ./STM32F2xx_StdPeriph_Driver/src/stm32f2xx_spi.o
 .ARM.attributes
                0x000006d4       0x31 ./STM32F2xx_StdPeriph_Driver/src/stm32f2xx_syscfg.o
 .ARM.attributes
                0x00000705       0x31 ./STM32F2xx_StdPeriph_Driver/src/stm32f2xx_tim.o
 .ARM.attributes
                0x00000736       0x31 ./STM32F2xx_StdPeriph_Driver/src/stm32f2xx_usart.o
 .ARM.attributes
                0x00000767       0x31 ./STM32F2xx_StdPeriph_Driver/src/stm32f2xx_wwdg.o
 .ARM.attributes
                0x00000798       0x27 c:/cad/yagarto/bin/../lib/gcc/arm-none-eabi/4.5.2/../../../../arm-none-eabi/lib/thumb/v7m\libg.a(lib_a-errno.o)
 .ARM.attributes
                0x000007bf       0x27 c:/cad/yagarto/bin/../lib/gcc/arm-none-eabi/4.5.2/../../../../arm-none-eabi/lib/thumb/v7m\libg.a(lib_a-impure.o)
 .ARM.attributes
                0x000007e6       0x27 c:/cad/yagarto/bin/../lib/gcc/arm-none-eabi/4.5.2/../../../../arm-none-eabi/lib/thumb/v7m\libg.a(lib_a-memset.o)
OUTPUT(te_stm32f207_dataflash.elf elf32-littlearm)

.debug_abbrev   0x00000000     0x3814
 .debug_abbrev  0x00000000      0x1f9 ./main.o
 .debug_abbrev  0x000001f9       0xd7 ./system/core_cm3.o
 .debug_abbrev  0x000002d0       0x12 ./system/startup_stm32f2xx.o
 .debug_abbrev  0x000002e2      0x1c4 ./system/syscalls.o
 .debug_abbrev  0x000004a6      0x16d ./system/system_stm32f2xx.o
 .debug_abbrev  0x00000613       0xa8 ./system/udiv.o
 .debug_abbrev  0x000006bb      0x187 ./sources/TE_STM32F207.o
 .debug_abbrev  0x00000842      0x1c8 ./sources/dataflash.o
 .debug_abbrev  0x00000a0a      0x16b ./sources/stm32f2xx_it.o
 .debug_abbrev  0x00000b75      0x137 ./STM32F2xx_StdPeriph_Driver/src/misc.o
 .debug_abbrev  0x00000cac      0x18b ./STM32F2xx_StdPeriph_Driver/src/stm32f2xx_adc.o
 .debug_abbrev  0x00000e37      0x1ae ./STM32F2xx_StdPeriph_Driver/src/stm32f2xx_can.o
 .debug_abbrev  0x00000fe5      0x10c ./STM32F2xx_StdPeriph_Driver/src/stm32f2xx_crc.o
 .debug_abbrev  0x000010f1      0x182 ./STM32F2xx_StdPeriph_Driver/src/stm32f2xx_cryp.o
 .debug_abbrev  0x00001273      0x14c ./STM32F2xx_StdPeriph_Driver/src/stm32f2xx_cryp_aes.o
 .debug_abbrev  0x000013bf       0xf7 ./STM32F2xx_StdPeriph_Driver/src/stm32f2xx_cryp_des.o
 .debug_abbrev  0x000014b6       0xf7 ./STM32F2xx_StdPeriph_Driver/src/stm32f2xx_cryp_tdes.o
 .debug_abbrev  0x000015ad      0x174 ./STM32F2xx_StdPeriph_Driver/src/stm32f2xx_dac.o
 .debug_abbrev  0x00001721       0xdc ./STM32F2xx_StdPeriph_Driver/src/stm32f2xx_dbgmcu.o
 .debug_abbrev  0x000017fd      0x17c ./STM32F2xx_StdPeriph_Driver/src/stm32f2xx_dcmi.o
 .debug_abbrev  0x00001979      0x150 ./STM32F2xx_StdPeriph_Driver/src/stm32f2xx_dma.o
 .debug_abbrev  0x00001ac9      0x19a ./STM32F2xx_StdPeriph_Driver/src/stm32f2xx_exti.o
 .debug_abbrev  0x00001c63      0x16a ./STM32F2xx_StdPeriph_Driver/src/stm32f2xx_flash.o
 .debug_abbrev  0x00001dcd      0x168 ./STM32F2xx_StdPeriph_Driver/src/stm32f2xx_fsmc.o
 .debug_abbrev  0x00001f35      0x184 ./STM32F2xx_StdPeriph_Driver/src/stm32f2xx_gpio.o
 .debug_abbrev  0x000020b9      0x1a3 ./STM32F2xx_StdPeriph_Driver/src/stm32f2xx_hash.o
 .debug_abbrev  0x0000225c      0x109 ./STM32F2xx_StdPeriph_Driver/src/stm32f2xx_hash_md5.o
 .debug_abbrev  0x00002365      0x109 ./STM32F2xx_StdPeriph_Driver/src/stm32f2xx_hash_sha1.o
 .debug_abbrev  0x0000246e      0x15f ./STM32F2xx_StdPeriph_Driver/src/stm32f2xx_i2c.o
 .debug_abbrev  0x000025cd       0xfc ./STM32F2xx_StdPeriph_Driver/src/stm32f2xx_iwdg.o
 .debug_abbrev  0x000026c9      0x19b ./STM32F2xx_StdPeriph_Driver/src/stm32f2xx_pwr.o
 .debug_abbrev  0x00002864      0x1b9 ./STM32F2xx_StdPeriph_Driver/src/stm32f2xx_rcc.o
 .debug_abbrev  0x00002a1d      0x139 ./STM32F2xx_StdPeriph_Driver/src/stm32f2xx_rng.o
 .debug_abbrev  0x00002b56      0x16d ./STM32F2xx_StdPeriph_Driver/src/stm32f2xx_rtc.o
 .debug_abbrev  0x00002cc3      0x16f ./STM32F2xx_StdPeriph_Driver/src/stm32f2xx_sdio.o
 .debug_abbrev  0x00002e32      0x171 ./STM32F2xx_StdPeriph_Driver/src/stm32f2xx_spi.o
 .debug_abbrev  0x00002fa3      0x12c ./STM32F2xx_StdPeriph_Driver/src/stm32f2xx_syscfg.o
 .debug_abbrev  0x000030cf      0x165 ./STM32F2xx_StdPeriph_Driver/src/stm32f2xx_tim.o
 .debug_abbrev  0x00003234      0x150 ./STM32F2xx_StdPeriph_Driver/src/stm32f2xx_usart.o
 .debug_abbrev  0x00003384      0x120 ./STM32F2xx_StdPeriph_Driver/src/stm32f2xx_wwdg.o
 .debug_abbrev  0x000034a4      0x16e c:/cad/yagarto/bin/../lib/gcc/arm-none-eabi/4.5.2/../../../../arm-none-eabi/lib/thumb/v7m\libg.a(lib_a-errno.o)
 .debug_abbrev  0x00003612      0x166 c:/cad/yagarto/bin/../lib/gcc/arm-none-eabi/4.5.2/../../../../arm-none-eabi/lib/thumb/v7m\libg.a(lib_a-impure.o)
 .debug_abbrev  0x00003778       0x9c c:/cad/yagarto/bin/../lib/gcc/arm-none-eabi/4.5.2/../../../../arm-none-eabi/lib/thumb/v7m\libg.a(lib_a-memset.o)

.debug_info     0x00000000    0x13692
 .debug_info    0x00000000      0x8c5 ./main.o
 .debug_info    0x000008c5      0x54c ./system/core_cm3.o
 .debug_info    0x00000e11       0x70 ./system/startup_stm32f2xx.o
 .debug_info    0x00000e81      0xd12 ./system/syscalls.o
 .debug_info    0x00001b93      0x5af ./system/system_stm32f2xx.o
 .debug_info    0x00002142      0x12f ./system/udiv.o
 .debug_info    0x00002271     0x116e ./sources/TE_STM32F207.o
 .debug_info    0x000033df      0x65a ./sources/dataflash.o
 .debug_info    0x00003a39      0x3d5 ./sources/stm32f2xx_it.o
 .debug_info    0x00003e0e      0x54a ./STM32F2xx_StdPeriph_Driver/src/misc.o
 .debug_info    0x00004358      0xcee ./STM32F2xx_StdPeriph_Driver/src/stm32f2xx_adc.o
 .debug_info    0x00005046      0xc5b ./STM32F2xx_StdPeriph_Driver/src/stm32f2xx_can.o
 .debug_info    0x00005ca1      0x204 ./STM32F2xx_StdPeriph_Driver/src/stm32f2xx_crc.o
 .debug_info    0x00005ea5      0x797 ./STM32F2xx_StdPeriph_Driver/src/stm32f2xx_cryp.o
 .debug_info    0x0000663c      0x57f ./STM32F2xx_StdPeriph_Driver/src/stm32f2xx_cryp_aes.o
 .debug_info    0x00006bbb      0x41e ./STM32F2xx_StdPeriph_Driver/src/stm32f2xx_cryp_des.o
 .debug_info    0x00006fd9      0x41e ./STM32F2xx_StdPeriph_Driver/src/stm32f2xx_cryp_tdes.o
 .debug_info    0x000073f7      0x67c ./STM32F2xx_StdPeriph_Driver/src/stm32f2xx_dac.o
 .debug_info    0x00007a73      0x1e8 ./STM32F2xx_StdPeriph_Driver/src/stm32f2xx_dbgmcu.o
 .debug_info    0x00007c5b      0x596 ./STM32F2xx_StdPeriph_Driver/src/stm32f2xx_dcmi.o
 .debug_info    0x000081f1      0x79c ./STM32F2xx_StdPeriph_Driver/src/stm32f2xx_dma.o
 .debug_info    0x0000898d      0x36b ./STM32F2xx_StdPeriph_Driver/src/stm32f2xx_exti.o
 .debug_info    0x00008cf8      0x76d ./STM32F2xx_StdPeriph_Driver/src/stm32f2xx_flash.o
 .debug_info    0x00009465      0x99e ./STM32F2xx_StdPeriph_Driver/src/stm32f2xx_fsmc.o
 .debug_info    0x00009e03      0x632 ./STM32F2xx_StdPeriph_Driver/src/stm32f2xx_gpio.o
 .debug_info    0x0000a435      0x57f ./STM32F2xx_StdPeriph_Driver/src/stm32f2xx_hash.o
 .debug_info    0x0000a9b4      0x346 ./STM32F2xx_StdPeriph_Driver/src/stm32f2xx_hash_md5.o
 .debug_info    0x0000acfa      0x346 ./STM32F2xx_StdPeriph_Driver/src/stm32f2xx_hash_sha1.o
 .debug_info    0x0000b040      0xb8a ./STM32F2xx_StdPeriph_Driver/src/stm32f2xx_i2c.o
 .debug_info    0x0000bbca      0x204 ./STM32F2xx_StdPeriph_Driver/src/stm32f2xx_iwdg.o
 .debug_info    0x0000bdce      0x4b8 ./STM32F2xx_StdPeriph_Driver/src/stm32f2xx_pwr.o
 .debug_info    0x0000c286      0xd1d ./STM32F2xx_StdPeriph_Driver/src/stm32f2xx_rcc.o
 .debug_info    0x0000cfa3      0x28a ./STM32F2xx_StdPeriph_Driver/src/stm32f2xx_rng.o
 .debug_info    0x0000d22d      0xf55 ./STM32F2xx_StdPeriph_Driver/src/stm32f2xx_rtc.o
 .debug_info    0x0000e182      0x89d ./STM32F2xx_StdPeriph_Driver/src/stm32f2xx_sdio.o
 .debug_info    0x0000ea1f      0xb6a ./STM32F2xx_StdPeriph_Driver/src/stm32f2xx_spi.o
 .debug_info    0x0000f589      0x273 ./STM32F2xx_StdPeriph_Driver/src/stm32f2xx_syscfg.o
 .debug_info    0x0000f7fc     0x1e21 ./STM32F2xx_StdPeriph_Driver/src/stm32f2xx_tim.o
 .debug_info    0x0001161d      0xa48 ./STM32F2xx_StdPeriph_Driver/src/stm32f2xx_usart.o
 .debug_info    0x00012065      0x24f ./STM32F2xx_StdPeriph_Driver/src/stm32f2xx_wwdg.o
 .debug_info    0x000122b4      0x964 c:/cad/yagarto/bin/../lib/gcc/arm-none-eabi/4.5.2/../../../../arm-none-eabi/lib/thumb/v7m\libg.a(lib_a-errno.o)
 .debug_info    0x00012c18      0x966 c:/cad/yagarto/bin/../lib/gcc/arm-none-eabi/4.5.2/../../../../arm-none-eabi/lib/thumb/v7m\libg.a(lib_a-impure.o)
 .debug_info    0x0001357e      0x114 c:/cad/yagarto/bin/../lib/gcc/arm-none-eabi/4.5.2/../../../../arm-none-eabi/lib/thumb/v7m\libg.a(lib_a-memset.o)

.debug_line     0x00000000     0xb653
 .debug_line    0x00000000      0x5f4 ./main.o
 .debug_line    0x000005f4      0x159 ./system/core_cm3.o
 .debug_line    0x0000074d       0x72 ./system/startup_stm32f2xx.o
 .debug_line    0x000007bf      0x261 ./system/syscalls.o
 .debug_line    0x00000a20      0x418 ./system/system_stm32f2xx.o
 .debug_line    0x00000e38      0x247 ./system/udiv.o
 .debug_line    0x0000107f      0x47d ./sources/TE_STM32F207.o
 .debug_line    0x000014fc      0x5b0 ./sources/dataflash.o
 .debug_line    0x00001aac      0x5f3 ./sources/stm32f2xx_it.o
 .debug_line    0x0000209f      0x3e8 ./STM32F2xx_StdPeriph_Driver/src/misc.o
 .debug_line    0x00002487      0x53a ./STM32F2xx_StdPeriph_Driver/src/stm32f2xx_adc.o
 .debug_line    0x000029c1      0x601 ./STM32F2xx_StdPeriph_Driver/src/stm32f2xx_can.o
 .debug_line    0x00002fc2      0x3ef ./STM32F2xx_StdPeriph_Driver/src/stm32f2xx_crc.o
 .debug_line    0x000033b1      0x490 ./STM32F2xx_StdPeriph_Driver/src/stm32f2xx_cryp.o
 .debug_line    0x00003841      0x569 ./STM32F2xx_StdPeriph_Driver/src/stm32f2xx_cryp_aes.o
 .debug_line    0x00003daa      0x45c ./STM32F2xx_StdPeriph_Driver/src/stm32f2xx_cryp_des.o
 .debug_line    0x00004206      0x46d ./STM32F2xx_StdPeriph_Driver/src/stm32f2xx_cryp_tdes.o
 .debug_line    0x00004673      0x460 ./STM32F2xx_StdPeriph_Driver/src/stm32f2xx_dac.o
 .debug_line    0x00004ad3      0x3e5 ./STM32F2xx_StdPeriph_Driver/src/stm32f2xx_dbgmcu.o
 .debug_line    0x00004eb8      0x454 ./STM32F2xx_StdPeriph_Driver/src/stm32f2xx_dcmi.o
 .debug_line    0x0000530c      0x4c3 ./STM32F2xx_StdPeriph_Driver/src/stm32f2xx_dma.o
 .debug_line    0x000057cf      0x417 ./STM32F2xx_StdPeriph_Driver/src/stm32f2xx_exti.o
 .debug_line    0x00005be6      0x4da ./STM32F2xx_StdPeriph_Driver/src/stm32f2xx_flash.o
 .debug_line    0x000060c0      0x53c ./STM32F2xx_StdPeriph_Driver/src/stm32f2xx_fsmc.o
 .debug_line    0x000065fc      0x45e ./STM32F2xx_StdPeriph_Driver/src/stm32f2xx_gpio.o
 .debug_line    0x00006a5a      0x467 ./STM32F2xx_StdPeriph_Driver/src/stm32f2xx_hash.o
 .debug_line    0x00006ec1      0x4b0 ./STM32F2xx_StdPeriph_Driver/src/stm32f2xx_hash_md5.o
 .debug_line    0x00007371      0x4b5 ./STM32F2xx_StdPeriph_Driver/src/stm32f2xx_hash_sha1.o
 .debug_line    0x00007826      0x4f2 ./STM32F2xx_StdPeriph_Driver/src/stm32f2xx_i2c.o
 .debug_line    0x00007d18      0x3e9 ./STM32F2xx_StdPeriph_Driver/src/stm32f2xx_iwdg.o
 .debug_line    0x00008101      0x41e ./STM32F2xx_StdPeriph_Driver/src/stm32f2xx_pwr.o
 .debug_line    0x0000851f      0x540 ./STM32F2xx_StdPeriph_Driver/src/stm32f2xx_rcc.o
 .debug_line    0x00008a5f      0x3fc ./STM32F2xx_StdPeriph_Driver/src/stm32f2xx_rng.o
 .debug_line    0x00008e5b      0x674 ./STM32F2xx_StdPeriph_Driver/src/stm32f2xx_rtc.o
 .debug_line    0x000094cf      0x48f ./STM32F2xx_StdPeriph_Driver/src/stm32f2xx_sdio.o
 .debug_line    0x0000995e      0x4c3 ./STM32F2xx_StdPeriph_Driver/src/stm32f2xx_spi.o
 .debug_line    0x00009e21      0x3f0 ./STM32F2xx_StdPeriph_Driver/src/stm32f2xx_syscfg.o
 .debug_line    0x0000a211      0x7a0 ./STM32F2xx_StdPeriph_Driver/src/stm32f2xx_tim.o
 .debug_line    0x0000a9b1      0x4f3 ./STM32F2xx_StdPeriph_Driver/src/stm32f2xx_usart.o
 .debug_line    0x0000aea4      0x3f8 ./STM32F2xx_StdPeriph_Driver/src/stm32f2xx_wwdg.o
 .debug_line    0x0000b29c      0x132 c:/cad/yagarto/bin/../lib/gcc/arm-none-eabi/4.5.2/../../../../arm-none-eabi/lib/thumb/v7m\libg.a(lib_a-errno.o)
 .debug_line    0x0000b3ce      0x116 c:/cad/yagarto/bin/../lib/gcc/arm-none-eabi/4.5.2/../../../../arm-none-eabi/lib/thumb/v7m\libg.a(lib_a-impure.o)
 .debug_line    0x0000b4e4      0x16f c:/cad/yagarto/bin/../lib/gcc/arm-none-eabi/4.5.2/../../../../arm-none-eabi/lib/thumb/v7m\libg.a(lib_a-memset.o)

.debug_macinfo  0x00000000   0xc38054
 .debug_macinfo
                0x00000000    0x5a146 ./main.o
 .debug_macinfo
                0x0005a146     0x1e91 ./system/core_cm3.o
 .debug_macinfo
                0x0005bfd7     0x43b5 ./system/syscalls.o
 .debug_macinfo
                0x0006038c    0x56419 ./system/system_stm32f2xx.o
 .debug_macinfo
                0x000b67a5     0x4099 ./system/udiv.o
 .debug_macinfo
                0x000ba83e    0x568b2 ./sources/TE_STM32F207.o
 .debug_macinfo
                0x001110f0    0x594dd ./sources/dataflash.o
 .debug_macinfo
[...]
 .debug_pubtypes
                0x00001180       0x70 ./STM32F2xx_StdPeriph_Driver/src/stm32f2xx_hash_md5.o
 .debug_pubtypes
                0x000011f0       0x70 ./STM32F2xx_StdPeriph_Driver/src/stm32f2xx_hash_sha1.o
 .debug_pubtypes
                0x00001260       0xb2 ./STM32F2xx_StdPeriph_Driver/src/stm32f2xx_i2c.o
 .debug_pubtypes
                0x00001312       0x58 ./STM32F2xx_StdPeriph_Driver/src/stm32f2xx_iwdg.o
 .debug_pubtypes
                0x0000136a       0x78 ./STM32F2xx_StdPeriph_Driver/src/stm32f2xx_pwr.o
 .debug_pubtypes
                0x000013e2       0x9e ./STM32F2xx_StdPeriph_Driver/src/stm32f2xx_rcc.o
 .debug_pubtypes
                0x00001480       0x6b ./STM32F2xx_StdPeriph_Driver/src/stm32f2xx_rng.o
 .debug_pubtypes
                0x000014eb       0xcc ./STM32F2xx_StdPeriph_Driver/src/stm32f2xx_rtc.o
 .debug_pubtypes
                0x000015b7       0xb2 ./STM32F2xx_StdPeriph_Driver/src/stm32f2xx_sdio.o
 .debug_pubtypes
                0x00001669       0xb0 ./STM32F2xx_StdPeriph_Driver/src/stm32f2xx_spi.o
 .debug_pubtypes
                0x00001719       0x61 ./STM32F2xx_StdPeriph_Driver/src/stm32f2xx_syscfg.o
 .debug_pubtypes
                0x0000177a       0xd8 ./STM32F2xx_StdPeriph_Driver/src/stm32f2xx_tim.o
 .debug_pubtypes
                0x00001852       0xc1 ./STM32F2xx_StdPeriph_Driver/src/stm32f2xx_usart.o
 .debug_pubtypes
                0x00001913       0x4b ./STM32F2xx_StdPeriph_Driver/src/stm32f2xx_wwdg.o
 .debug_pubtypes
                0x0000195e       0xdd c:/cad/yagarto/bin/../lib/gcc/arm-none-eabi/4.5.2/../../../../arm-none-eabi/lib/thumb/v7m\libg.a(lib_a-errno.o)
 .debug_pubtypes
                0x00001a3b       0xdd c:/cad/yagarto/bin/../lib/gcc/arm-none-eabi/4.5.2/../../../../arm-none-eabi/lib/thumb/v7m\libg.a(lib_a-impure.o)
 .debug_pubtypes
                0x00001b18       0x1d c:/cad/yagarto/bin/../lib/gcc/arm-none-eabi/4.5.2/../../../../arm-none-eabi/lib/thumb/v7m\libg.a(lib_a-memset.o)

.debug_aranges  0x00000000      0x548
 .debug_aranges
                0x00000000       0x20 ./main.o
 .debug_aranges
                0x00000020       0x20 ./system/core_cm3.o
 .debug_aranges
                0x00000040       0x28 ./system/startup_stm32f2xx.o
 .debug_aranges
                0x00000068       0x20 ./system/syscalls.o
 .debug_aranges
                0x00000088       0x20 ./system/system_stm32f2xx.o
 .debug_aranges
                0x000000a8       0x20 ./system/udiv.o
 .debug_aranges
                0x000000c8       0x20 ./sources/TE_STM32F207.o
 .debug_aranges
                0x000000e8       0x20 ./sources/dataflash.o
 .debug_aranges
                0x00000108       0x20 ./sources/stm32f2xx_it.o
 .debug_aranges
                0x00000128       0x20 ./STM32F2xx_StdPeriph_Driver/src/misc.o
 .debug_aranges
                0x00000148       0x20 ./STM32F2xx_StdPeriph_Driver/src/stm32f2xx_adc.o
 .debug_aranges
                0x00000168       0x20 ./STM32F2xx_StdPeriph_Driver/src/stm32f2xx_can.o
 .debug_aranges
                0x00000188       0x20 ./STM32F2xx_StdPeriph_Driver/src/stm32f2xx_crc.o
 .debug_aranges
                0x000001a8       0x20 ./STM32F2xx_StdPeriph_Driver/src/stm32f2xx_cryp.o
 .debug_aranges
                0x000001c8       0x20 ./STM32F2xx_StdPeriph_Driver/src/stm32f2xx_cryp_aes.o
 .debug_aranges
                0x000001e8       0x20 ./STM32F2xx_StdPeriph_Driver/src/stm32f2xx_cryp_des.o
 .debug_aranges
                0x00000208       0x20 ./STM32F2xx_StdPeriph_Driver/src/stm32f2xx_cryp_tdes.o
 .debug_aranges
                0x00000228       0x20 ./STM32F2xx_StdPeriph_Driver/src/stm32f2xx_dac.o
 .debug_aranges
                0x00000248       0x20 ./STM32F2xx_StdPeriph_Driver/src/stm32f2xx_dbgmcu.o
 .debug_aranges
                0x00000268       0x20 ./STM32F2xx_StdPeriph_Driver/src/stm32f2xx_dcmi.o
 .debug_aranges
                0x00000288       0x20 ./STM32F2xx_StdPeriph_Driver/src/stm32f2xx_dma.o
 .debug_aranges
                0x000002a8       0x20 ./STM32F2xx_StdPeriph_Driver/src/stm32f2xx_exti.o
 .debug_aranges
                0x000002c8       0x20 ./STM32F2xx_StdPeriph_Driver/src/stm32f2xx_flash.o
 .debug_aranges
                0x000002e8       0x20 ./STM32F2xx_StdPeriph_Driver/src/stm32f2xx_fsmc.o
 .debug_aranges
                0x00000308       0x20 ./STM32F2xx_StdPeriph_Driver/src/stm32f2xx_gpio.o
 .debug_aranges
                0x00000328       0x20 ./STM32F2xx_StdPeriph_Driver/src/stm32f2xx_hash.o
 .debug_aranges
                0x00000348       0x20 ./STM32F2xx_StdPeriph_Driver/src/stm32f2xx_hash_md5.o
 .debug_aranges
                0x00000368       0x20 ./STM32F2xx_StdPeriph_Driver/src/stm32f2xx_hash_sha1.o
 .debug_aranges
                0x00000388       0x20 ./STM32F2xx_StdPeriph_Driver/src/stm32f2xx_i2c.o
 .debug_aranges
                0x000003a8       0x20 ./STM32F2xx_StdPeriph_Driver/src/stm32f2xx_iwdg.o
 .debug_aranges
                0x000003c8       0x20 ./STM32F2xx_StdPeriph_Driver/src/stm32f2xx_pwr.o
 .debug_aranges
                0x000003e8       0x20 ./STM32F2xx_StdPeriph_Driver/src/stm32f2xx_rcc.o
 .debug_aranges
                0x00000408       0x20 ./STM32F2xx_StdPeriph_Driver/src/stm32f2xx_rng.o
 .debug_aranges
                0x00000428       0x20 ./STM32F2xx_StdPeriph_Driver/src/stm32f2xx_rtc.o
 .debug_aranges
                0x00000448       0x20 ./STM32F2xx_StdPeriph_Driver/src/stm32f2xx_sdio.o
 .debug_aranges
                0x00000468       0x20 ./STM32F2xx_StdPeriph_Driver/src/stm32f2xx_spi.o
 .debug_aranges
                0x00000488       0x20 ./STM32F2xx_StdPeriph_Driver/src/stm32f2xx_syscfg.o
 .debug_aranges
                0x000004a8       0x20 ./STM32F2xx_StdPeriph_Driver/src/stm32f2xx_tim.o
 .debug_aranges
                0x000004c8       0x20 ./STM32F2xx_StdPeriph_Driver/src/stm32f2xx_usart.o
 .debug_aranges
                0x000004e8       0x20 ./STM32F2xx_StdPeriph_Driver/src/stm32f2xx_wwdg.o
 .debug_aranges
                0x00000508       0x20 c:/cad/yagarto/bin/../lib/gcc/arm-none-eabi/4.5.2/../../../../arm-none-eabi/lib/thumb/v7m\libg.a(lib_a-errno.o)
 .debug_aranges
                0x00000528       0x20 c:/cad/yagarto/bin/../lib/gcc/arm-none-eabi/4.5.2/../../../../arm-none-eabi/lib/thumb/v7m\libg.a(lib_a-memset.o)

.debug_str      0x00000000     0x6fc5
 .debug_str     0x00000000      0x7e5 ./main.o
                                0x870 (size before relaxing)
 .debug_str     0x000007e5      0x145 ./system/core_cm3.o
                                0x236 (size before relaxing)
 .debug_str     0x0000092a      0x4d1 ./system/syscalls.o
                                0x5ea (size before relaxing)
 .debug_str     0x00000dfb      0x16f ./system/system_stm32f2xx.o
                                0x2f2 (size before relaxing)
 .debug_str     0x00000f6a       0x45 ./system/udiv.o
                                0x10f (size before relaxing)
 .debug_str     0x00000faf      0x985 ./sources/TE_STM32F207.o
                                0xaeb (size before relaxing)
 .debug_str     0x00001934       0xf5 ./sources/dataflash.o
                                0x3aa (size before relaxing)
 .debug_str     0x00001a29      0x11b ./sources/stm32f2xx_it.o
                                0x272 (size before relaxing)
 .debug_str     0x00001b44       0xfe ./STM32F2xx_StdPeriph_Driver/src/misc.o
                                0x33f (size before relaxing)
 .debug_str     0x00001c42      0x4dc ./STM32F2xx_StdPeriph_Driver/src/stm32f2xx_adc.o
                                0x770 (size before relaxing)
 .debug_str     0x0000211e      0x505 ./STM32F2xx_StdPeriph_Driver/src/stm32f2xx_can.o
                                0x6aa (size before relaxing)
 .debug_str     0x00002623       0xb9 ./STM32F2xx_StdPeriph_Driver/src/stm32f2xx_crc.o
                                0x1b7 (size before relaxing)
 .debug_str     0x000026dc      0x3a4 ./STM32F2xx_StdPeriph_Driver/src/stm32f2xx_cryp.o
                                0x529 (size before relaxing)
 .debug_str     0x00002a80       0xf9 ./STM32F2xx_StdPeriph_Driver/src/stm32f2xx_cryp_aes.o
                                0x340 (size before relaxing)
 .debug_str     0x00002b79       0x51 ./STM32F2xx_StdPeriph_Driver/src/stm32f2xx_cryp_des.o
                                0x32b (size before relaxing)
 .debug_str     0x00002bca       0xa1 ./STM32F2xx_StdPeriph_Driver/src/stm32f2xx_cryp_tdes.o
                                0x331 (size before relaxing)
 .debug_str     0x00002c6b      0x206 ./STM32F2xx_StdPeriph_Driver/src/stm32f2xx_dac.o
                                0x3bf (size before relaxing)
 .debug_str     0x00002e71       0xc5 ./STM32F2xx_StdPeriph_Driver/src/stm32f2xx_dbgmcu.o
                                0x1c1 (size before relaxing)
 .debug_str     0x00002f36      0x2f9 ./STM32F2xx_StdPeriph_Driver/src/stm32f2xx_dcmi.o
                                0x445 (size before relaxing)
 .debug_str     0x0000322f      0x24a ./STM32F2xx_StdPeriph_Driver/src/stm32f2xx_dma.o
                                0x4b8 (size before relaxing)
 .debug_str     0x00003479      0x1b6 ./STM32F2xx_StdPeriph_Driver/src/stm32f2xx_exti.o
                                0x2da (size before relaxing)
 .debug_str     0x0000362f      0x396 ./STM32F2xx_StdPeriph_Driver/src/stm32f2xx_flash.o
                                0x4f3 (size before relaxing)
 .debug_str     0x000039c5      0x5c4 ./STM32F2xx_StdPeriph_Driver/src/stm32f2xx_fsmc.o
                                0x700 (size before relaxing)
 .debug_str     0x00003f89      0x181 ./STM32F2xx_StdPeriph_Driver/src/stm32f2xx_gpio.o
                                0x40f (size before relaxing)
 .debug_str     0x0000410a      0x259 ./STM32F2xx_StdPeriph_Driver/src/stm32f2xx_hash.o
                                0x39e (size before relaxing)
 .debug_str     0x00004363       0x9d ./STM32F2xx_StdPeriph_Driver/src/stm32f2xx_hash_md5.o
                                0x24b (size before relaxing)
 .debug_str     0x00004400       0x77 ./STM32F2xx_StdPeriph_Driver/src/stm32f2xx_hash_sha1.o
                                0x250 (size before relaxing)
 .debug_str     0x00004477      0x3ab ./STM32F2xx_StdPeriph_Driver/src/stm32f2xx_i2c.o
                                0x5d1 (size before relaxing)
 .debug_str     0x00004822       0xd1 ./STM32F2xx_StdPeriph_Driver/src/stm32f2xx_iwdg.o
                                0x1d8 (size before relaxing)
 .debug_str     0x000048f3      0x13e ./STM32F2xx_StdPeriph_Driver/src/stm32f2xx_pwr.o
                                0x2bb (size before relaxing)
 .debug_str     0x00004a31      0x4db ./STM32F2xx_StdPeriph_Driver/src/stm32f2xx_rcc.o
                                0x7bc (size before relaxing)
 .debug_str     0x00004f0c       0xc8 ./STM32F2xx_StdPeriph_Driver/src/stm32f2xx_rng.o
                                0x1f0 (size before relaxing)
 .debug_str     0x00004fd4      0x6e6 ./STM32F2xx_StdPeriph_Driver/src/stm32f2xx_rtc.o
                                0x894 (size before relaxing)
 .debug_str     0x000056ba      0x46a ./STM32F2xx_StdPeriph_Driver/src/stm32f2xx_sdio.o
                                0x5b7 (size before relaxing)
 .debug_str     0x00005b24      0x2bc ./STM32F2xx_StdPeriph_Driver/src/stm32f2xx_spi.o
                                0x5d9 (size before relaxing)
 .debug_str     0x00005de0      0x143 ./STM32F2xx_StdPeriph_Driver/src/stm32f2xx_syscfg.o
                                0x26b (size before relaxing)
 .debug_str     0x00005f23      0xa66 ./STM32F2xx_StdPeriph_Driver/src/stm32f2xx_tim.o
                                0xd3c (size before relaxing)
 .debug_str     0x00006989      0x382 ./STM32F2xx_StdPeriph_Driver/src/stm32f2xx_usart.o
                                0x5fb (size before relaxing)
 .debug_str     0x00006d0b       0xcd ./STM32F2xx_StdPeriph_Driver/src/stm32f2xx_wwdg.o
                                0x1ee (size before relaxing)
 .debug_str     0x00006dd8       0x95 c:/cad/yagarto/bin/../lib/gcc/arm-none-eabi/4.5.2/../../../../arm-none-eabi/lib/thumb/v7m\libg.a(lib_a-errno.o)
                                0x4e5 (size before relaxing)
 .debug_str     0x00006e6d       0xad c:/cad/yagarto/bin/../lib/gcc/arm-none-eabi/4.5.2/../../../../arm-none-eabi/lib/thumb/v7m\libg.a(lib_a-impure.o)
                                0x4fd (size before relaxing)
 .debug_str     0x00006f1a       0xab c:/cad/yagarto/bin/../lib/gcc/arm-none-eabi/4.5.2/../../../../arm-none-eabi/lib/thumb/v7m\libg.a(lib_a-memset.o)
                                0x147 (size before relaxing)

.comment        0x00000000       0x11
 .comment       0x00000000       0x11 ./main.o
                                 0x12 (size before relaxing)
 .comment       0x00000000       0x12 ./system/core_cm3.o
 .comment       0x00000000       0x12 ./system/syscalls.o
 .comment       0x00000000       0x12 ./system/system_stm32f2xx.o
 .comment       0x00000000       0x12 ./system/udiv.o
 .comment       0x00000000       0x12 ./sources/TE_STM32F207.o
 .comment       0x00000000       0x12 ./sources/dataflash.o
 .comment       0x00000000       0x12 ./sources/stm32f2xx_it.o
 .comment       0x00000000       0x12 ./STM32F2xx_StdPeriph_Driver/src/misc.o
 .comment       0x00000000       0x12 ./STM32F2xx_StdPeriph_Driver/src/stm32f2xx_adc.o
 .comment       0x00000000       0x12 ./STM32F2xx_StdPeriph_Driver/src/stm32f2xx_can.o
 .comment       0x00000000       0x12 ./STM32F2xx_StdPeriph_Driver/src/stm32f2xx_crc.o
 .comment       0x00000000       0x12 ./STM32F2xx_StdPeriph_Driver/src/stm32f2xx_cryp.o
 .comment       0x00000000       0x12 ./STM32F2xx_StdPeriph_Driver/src/stm32f2xx_cryp_aes.o
 .comment       0x00000000       0x12 ./STM32F2xx_StdPeriph_Driver/src/stm32f2xx_cryp_des.o
 .comment       0x00000000       0x12 ./STM32F2xx_StdPeriph_Driver/src/stm32f2xx_cryp_tdes.o
 .comment       0x00000000       0x12 ./STM32F2xx_StdPeriph_Driver/src/stm32f2xx_dac.o
 .comment       0x00000000       0x12 ./STM32F2xx_StdPeriph_Driver/src/stm32f2xx_dbgmcu.o
 .comment       0x00000000       0x12 ./STM32F2xx_StdPeriph_Driver/src/stm32f2xx_dcmi.o
 .comment       0x00000000       0x12 ./STM32F2xx_StdPeriph_Driver/src/stm32f2xx_dma.o
 .comment       0x00000000       0x12 ./STM32F2xx_StdPeriph_Driver/src/stm32f2xx_exti.o
 .comment       0x00000000       0x12 ./STM32F2xx_StdPeriph_Driver/src/stm32f2xx_flash.o
 .comment       0x00000000       0x12 ./STM32F2xx_StdPeriph_Driver/src/stm32f2xx_fsmc.o
 .comment       0x00000000       0x12 ./STM32F2xx_StdPeriph_Driver/src/stm32f2xx_gpio.o
 .comment       0x00000000       0x12 ./STM32F2xx_StdPeriph_Driver/src/stm32f2xx_hash.o
 .comment       0x00000000       0x12 ./STM32F2xx_StdPeriph_Driver/src/stm32f2xx_hash_md5.o
 .comment       0x00000000       0x12 ./STM32F2xx_StdPeriph_Driver/src/stm32f2xx_hash_sha1.o
 .comment       0x00000000       0x12 ./STM32F2xx_StdPeriph_Driver/src/stm32f2xx_i2c.o
 .comment       0x00000000       0x12 ./STM32F2xx_StdPeriph_Driver/src/stm32f2xx_iwdg.o
 .comment       0x00000000       0x12 ./STM32F2xx_StdPeriph_Driver/src/stm32f2xx_pwr.o
 .comment       0x00000000       0x12 ./STM32F2xx_StdPeriph_Driver/src/stm32f2xx_rcc.o
 .comment       0x00000000       0x12 ./STM32F2xx_StdPeriph_Driver/src/stm32f2xx_rng.o
 .comment       0x00000000       0x12 ./STM32F2xx_StdPeriph_Driver/src/stm32f2xx_rtc.o
 .comment       0x00000000       0x12 ./STM32F2xx_StdPeriph_Driver/src/stm32f2xx_sdio.o
 .comment       0x00000000       0x12 ./STM32F2xx_StdPeriph_Driver/src/stm32f2xx_spi.o
 .comment       0x00000000       0x12 ./STM32F2xx_StdPeriph_Driver/src/stm32f2xx_syscfg.o
 .comment       0x00000000       0x12 ./STM32F2xx_StdPeriph_Driver/src/stm32f2xx_tim.o
 .comment       0x00000000       0x12 ./STM32F2xx_StdPeriph_Driver/src/stm32f2xx_usart.o
 .comment       0x00000000       0x12 ./STM32F2xx_StdPeriph_Driver/src/stm32f2xx_wwdg.o
 .comment       0x00000000       0x12 c:/cad/yagarto/bin/../lib/gcc/arm-none-eabi/4.5.2/../../../../arm-none-eabi/lib/thumb/v7m\libg.a(lib_a-errno.o)
 .comment       0x00000000       0x12 c:/cad/yagarto/bin/../lib/gcc/arm-none-eabi/4.5.2/../../../../arm-none-eabi/lib/thumb/v7m\libg.a(lib_a-impure.o)
 .comment       0x00000000       0x12 c:/cad/yagarto/bin/../lib/gcc/arm-none-eabi/4.5.2/../../../../arm-none-eabi/lib/thumb/v7m\libg.a(lib_a-memset.o)

.debug_frame    0x00000000     0x4b84
 .debug_frame   0x00000000       0xa4 ./main.o
 .debug_frame   0x000000a4      0x280 ./system/core_cm3.o
 .debug_frame   0x00000324       0xe0 ./system/syscalls.o
 .debug_frame   0x00000404       0x64 ./system/system_stm32f2xx.o
 .debug_frame   0x00000468       0x2c ./system/udiv.o
 .debug_frame   0x00000494      0x164 ./sources/TE_STM32F207.o
 .debug_frame   0x000005f8       0xf0 ./sources/dataflash.o
 .debug_frame   0x000006e8      0x19c ./sources/stm32f2xx_it.o
 .debug_frame   0x00000884       0x9c ./STM32F2xx_StdPeriph_Driver/src/misc.o
 .debug_frame   0x00000920      0x438 ./STM32F2xx_StdPeriph_Driver/src/stm32f2xx_adc.o
 .debug_frame   0x00000d58      0x2d4 ./STM32F2xx_StdPeriph_Driver/src/stm32f2xx_can.o
 .debug_frame   0x0000102c       0xb8 ./STM32F2xx_StdPeriph_Driver/src/stm32f2xx_crc.o
 .debug_frame   0x000010e4      0x1ec ./STM32F2xx_StdPeriph_Driver/src/stm32f2xx_cryp.o
 .debug_frame   0x000012d0       0x7c ./STM32F2xx_StdPeriph_Driver/src/stm32f2xx_cryp_aes.o
 .debug_frame   0x0000134c       0x58 ./STM32F2xx_StdPeriph_Driver/src/stm32f2xx_cryp_des.o
 .debug_frame   0x000013a4       0x58 ./STM32F2xx_StdPeriph_Driver/src/stm32f2xx_cryp_tdes.o
 .debug_frame   0x000013fc      0x1ec ./STM32F2xx_StdPeriph_Driver/src/stm32f2xx_dac.o
 .debug_frame   0x000015e8       0x9c ./STM32F2xx_StdPeriph_Driver/src/stm32f2xx_dbgmcu.o
 .debug_frame   0x00001684      0x1b4 ./STM32F2xx_StdPeriph_Driver/src/stm32f2xx_dcmi.o
 .debug_frame   0x00001838      0x224 ./STM32F2xx_StdPeriph_Driver/src/stm32f2xx_dma.o
 .debug_frame   0x00001a5c       0xf0 ./STM32F2xx_StdPeriph_Driver/src/stm32f2xx_exti.o
 .debug_frame   0x00001b4c      0x384 ./STM32F2xx_StdPeriph_Driver/src/stm32f2xx_flash.o
 .debug_frame   0x00001ed0      0x224 ./STM32F2xx_StdPeriph_Driver/src/stm32f2xx_fsmc.o
 .debug_frame   0x000020f4      0x19c ./STM32F2xx_StdPeriph_Driver/src/stm32f2xx_gpio.o
 .debug_frame   0x00002290      0x1ec ./STM32F2xx_StdPeriph_Driver/src/stm32f2xx_hash.o
 .debug_frame   0x0000247c       0x58 ./STM32F2xx_StdPeriph_Driver/src/stm32f2xx_hash_md5.o
 .debug_frame   0x000024d4       0x58 ./STM32F2xx_StdPeriph_Driver/src/stm32f2xx_hash_sha1.o
 .debug_frame   0x0000252c      0x3b4 ./STM32F2xx_StdPeriph_Driver/src/stm32f2xx_i2c.o
 .debug_frame   0x000028e0       0xb8 ./STM32F2xx_StdPeriph_Driver/src/stm32f2xx_iwdg.o
 .debug_frame   0x00002998      0x180 ./STM32F2xx_StdPeriph_Driver/src/stm32f2xx_pwr.o
 .debug_frame   0x00002b18      0x4e4 ./STM32F2xx_StdPeriph_Driver/src/stm32f2xx_rcc.o
 .debug_frame   0x00002ffc       0xf0 ./STM32F2xx_StdPeriph_Driver/src/stm32f2xx_rng.o
 .debug_frame   0x000030ec      0x51c ./STM32F2xx_StdPeriph_Driver/src/stm32f2xx_rtc.o
 .debug_frame   0x00003608      0x358 ./STM32F2xx_StdPeriph_Driver/src/stm32f2xx_sdio.o
 .debug_frame   0x00003960      0x2b4 ./STM32F2xx_StdPeriph_Driver/src/stm32f2xx_spi.o
 .debug_frame   0x00003c14       0xb8 ./STM32F2xx_StdPeriph_Driver/src/stm32f2xx_syscfg.o
 .debug_frame   0x00003ccc      0xa3c ./STM32F2xx_StdPeriph_Driver/src/stm32f2xx_tim.o
 .debug_frame   0x00004708      0x344 ./STM32F2xx_StdPeriph_Driver/src/stm32f2xx_usart.o
 .debug_frame   0x00004a4c       0xf0 ./STM32F2xx_StdPeriph_Driver/src/stm32f2xx_wwdg.o
 .debug_frame   0x00004b3c       0x20 c:/cad/yagarto/bin/../lib/gcc/arm-none-eabi/4.5.2/../../../../arm-none-eabi/lib/thumb/v7m\libg.a(lib_a-errno.o)
 .debug_frame   0x00004b5c       0x28 c:/cad/yagarto/bin/../lib/gcc/arm-none-eabi/4.5.2/../../../../arm-none-eabi/lib/thumb/v7m\libg.a(lib_a-memset.o)

.debug_ranges   0x00000000       0x20
 .debug_ranges  0x00000000       0x20 ./system/startup_stm32f2xx.o
